objc[41942]: Class ANGLESwapCGLLayer is implemented in both /Applications/AhoiBrowser.app/Contents/Frameworks/libblink_modules.dylib (0x141fcca50) and /Applications/AhoiBrowser.app/Contents/Frameworks/libgl_init.dylib (0x1270a4a50). This may cause spurious casting failures and mysterious crashes. One of the duplicates must be removed or renamed.
objc[41942]: Class CrashpadHTTPBodyStreamTransport is implemented in both /Applications/AhoiBrowser.app/Contents/Frameworks/libbrowser_ui_views.dylib (0x1101b0188) and /Applications/AhoiBrowser.app/Contents/Frameworks/libchrome_dll.dylib (0x116c8e430). This may cause spurious casting failures and mysterious crashes. One of the duplicates must be removed or renamed.
[41942:7115150:0928/185651.384201:ERROR:chrome/browser/mac/code_sign_clone_manager.mm:98] error removing quarantine attribute "/var/folders/zn/wn74lz2s2bsfp734gbqytmpr0000gn/X/"
[41942:7115150:0928/185651.403607:ERROR:chrome/browser/mac/code_sign_clone_manager.mm:98] error removing quarantine attribute "/var/folders/zn/wn74lz2s2bsfp734gbqytmpr0000gn/X/"

DevTools listening on ws://127.0.0.1:9391/devtools/browser/51262aac-5307-41ee-83f3-28e50a880904
[41942:7114824:0928/185652.016714:ERROR:ahoi/browser/updater/sparkle_runtime_mac.mm:148] Ahoi updater disabled (fail closed): missing-feed-url
objc[42026]: Class ANGLESwapCGLLayer is implemented in both /Applications/AhoiBrowser.app/Contents/Frameworks/libblink_modules.dylib (0x1425e8a50) and /Applications/AhoiBrowser.app/Contents/Frameworks/libgl_init.dylib (0x1276c0a50). This may cause spurious casting failures and mysterious crashes. One of the duplicates must be removed or renamed.
objc[42026]: Class CrashpadHTTPBodyStreamTransport is implemented in both /Applications/AhoiBrowser.app/Contents/Frameworks/libbrowser_ui_views.dylib (0x11e680188) and /Applications/AhoiBrowser.app/Contents/Frameworks/libchrome_dll.dylib (0x1172aa430). This may cause spurious casting failures and mysterious crashes. One of the duplicates must be removed or renamed.
objc[42025]: Class ANGLESwapCGLLayer is implemented in both /Applications/AhoiBrowser.app/Contents/Frameworks/libblink_modules.dylib (0x1404e0a50) and /Applications/AhoiBrowser.app/Contents/Frameworks/libgl_init.dylib (0x1255b8a50). This may cause spurious casting failures and mysterious crashes. One of the duplicates must be removed or renamed.
objc[42025]: Class CrashpadHTTPBodyStreamTransport is implemented in both /Applications/AhoiBrowser.app/Contents/Frameworks/libbrowser_ui_views.dylib (0x11c578188) and /Applications/AhoiBrowser.app/Contents/Frameworks/libchrome_dll.dylib (0x1151a2430). This may cause spurious casting failures and mysterious crashes. One of the duplicates must be removed or renamed.
objc[42029]: Class ANGLESwapCGLLayer is implemented in both /Applications/AhoiBrowser.app/Contents/Frameworks/libblink_modules.dylib (0x1406d0a50) and /Applications/AhoiBrowser.app/Contents/Frameworks/libgl_init.dylib (0x1257a8a50). This may cause spurious casting failures and mysterious crashes. One of the duplicates must be removed or renamed.
objc[42029]: Class CrashpadHTTPBodyStreamTransport is implemented in both /Applications/AhoiBrowser.app/Contents/Frameworks/libbrowser_ui_views.dylib (0x10e85c188) and /Applications/AhoiBrowser.app/Contents/Frameworks/libchrome_dll.dylib (0x115392430). This may cause spurious casting failures and mysterious crashes. One of the duplicates must be removed or renamed.
objc[42028]: Class ANGLESwapCGLLayer is implemented in both /Applications/AhoiBrowser.app/Contents/Frameworks/libblink_modules.dylib (0x1405b8a50) and /Applications/AhoiBrowser.app/Contents/Frameworks/libgl_init.dylib (0x125690a50). This may cause spurious casting failures and mysterious crashes. One of the duplicates must be removed or renamed.
objc[42028]: Class CrashpadHTTPBodyStreamTransport is implemented in both /Applications/AhoiBrowser.app/Contents/Frameworks/libbrowser_ui_views.dylib (0x10e744188) and /Applications/AhoiBrowser.app/Contents/Frameworks/libchrome_dll.dylib (0x11527a430). This may cause spurious casting failures and mysterious crashes. One of the duplicates must be removed or renamed.
objc[42045]: Class ANGLESwapCGLLayer is implemented in both /Applications/AhoiBrowser.app/Contents/Frameworks/libblink_modules.dylib (0x144100a50) and /Applications/AhoiBrowser.app/Contents/Frameworks/libgl_init.dylib (0x1291d8a50). This may cause spurious casting failures and mysterious crashes. One of the duplicates must be removed or renamed.
objc[42045]: Class CrashpadHTTPBodyStreamTransport is implemented in both /Applications/AhoiBrowser.app/Contents/Frameworks/libbrowser_ui_views.dylib (0x1122a8188) and /Applications/AhoiBrowser.app/Contents/Frameworks/libchrome_dll.dylib (0x118dc2430). This may cause spurious casting failures and mysterious crashes. One of the duplicates must be removed or renamed.
objc[42078]: Class ANGLESwapCGLLayer is implemented in both /Applications/AhoiBrowser.app/Contents/Frameworks/libblink_modules.dylib (0x140754a50) and /Applications/AhoiBrowser.app/Contents/Frameworks/libgl_init.dylib (0x12582ca50). This may cause spurious casting failures and mysterious crashes. One of the duplicates must be removed or renamed.
objc[42078]: Class CrashpadHTTPBodyStreamTransport is implemented in both /Applications/AhoiBrowser.app/Contents/Frameworks/libbrowser_ui_views.dylib (0x10e938188) and /Applications/AhoiBrowser.app/Contents/Frameworks/libchrome_dll.dylib (0x115416430). This may cause spurious casting failures and mysterious crashes. One of the duplicates must be removed or renamed.
objc[42083]: Class ANGLESwapCGLLayer is implemented in both /Applications/AhoiBrowser.app/Contents/Frameworks/libblink_modules.dylib (0x144370a50) and /Applications/AhoiBrowser.app/Contents/Frameworks/libgl_init.dylib (0x129448a50). This may cause spurious casting failures and mysterious crashes. One of the duplicates must be removed or renamed.
objc[42083]: Class CrashpadHTTPBodyStreamTransport is implemented in both /Applications/AhoiBrowser.app/Contents/Frameworks/libbrowser_ui_views.dylib (0x1125ec188) and /Applications/AhoiBrowser.app/Contents/Frameworks/libchrome_dll.dylib (0x119032430). This may cause spurious casting failures and mysterious crashes. One of the duplicates must be removed or renamed.
objc[43236]: Class ANGLESwapCGLLayer is implemented in both /Applications/AhoiBrowser.app/Contents/Frameworks/libblink_modules.dylib (0x141fe4a50) and /Applications/AhoiBrowser.app/Contents/Frameworks/libgl_init.dylib (0x1270bca50). This may cause spurious casting failures and mysterious crashes. One of the duplicates must be removed or renamed.
objc[43236]: Class CrashpadHTTPBodyStreamTransport is implemented in both /Applications/AhoiBrowser.app/Contents/Frameworks/libbrowser_ui_views.dylib (0x11e150188) and /Applications/AhoiBrowser.app/Contents/Frameworks/libchrome_dll.dylib (0x116ca6430). This may cause spurious casting failures and mysterious crashes. One of the duplicates must be removed or renamed.
[41942:7114824:0928/185705.972809:ERROR:ui/events/cocoa/events_mac.mm:88] Not implemented reached in EventType ui::EventTypeFromNative(const PlatformEvent &). 21
[41942:7114824:0928/185705.972852:ERROR:ui/events/cocoa/events_mac.mm:88] Not implemented reached in EventType ui::EventTypeFromNative(const PlatformEvent &). 21
[41942:7114824:0928/185705.972926:ERROR:ui/events/cocoa/events_mac.mm:88] Not implemented reached in EventType ui::EventTypeFromNative(const PlatformEvent &). 21
objc[43264]: Class ANGLESwapCGLLayer is implemented in both /Applications/AhoiBrowser.app/Contents/Frameworks/libblink_modules.dylib (0x1400dca50) and /Applications/AhoiBrowser.app/Contents/Frameworks/libgl_init.dylib (0x1251b4a50). This may cause spurious casting failures and mysterious crashes. One of the duplicates must be removed or renamed.
objc[43264]: Class CrashpadHTTPBodyStreamTransport is implemented in both /Applications/AhoiBrowser.app/Contents/Frameworks/libbrowser_ui_views.dylib (0x11c838188) and /Applications/AhoiBrowser.app/Contents/Frameworks/libchrome_dll.dylib (0x114d9e430). This may cause spurious casting failures and mysterious crashes. One of the duplicates must be removed or renamed.
[42025:7115642:0928/185714.605162:ERROR:components/viz/service/surfaces/surface_manager.cc:479] Old/orphaned temporary reference to SurfaceId(FrameSinkId[DelegatedFrameHost](6, 3), LocalSurfaceId(2, 2, 112B...))
[42025:7115642:0928/185724.606262:ERROR:components/viz/service/surfaces/surface_manager.cc:479] Old/orphaned temporary reference to SurfaceId(FrameSinkId[DelegatedFrameHost](6, 13), LocalSurfaceId(2, 2, A36F...))
[41942:7114824:0928/185730.699098:ERROR:ui/events/cocoa/events_mac.mm:88] Not implemented reached in EventType ui::EventTypeFromNative(const PlatformEvent &). 21
[41942:7114824:0928/185730.699145:ERROR:ui/events/cocoa/events_mac.mm:88] Not implemented reached in EventType ui::EventTypeFromNative(const PlatformEvent &). 21
[41942:7114824:0928/185730.699158:ERROR:ui/events/cocoa/events_mac.mm:88] Not implemented reached in EventType ui::EventTypeFromNative(const PlatformEvent &). 21
[41942:7114824:0928/185750.922382:ERROR:base/process/kill_posix.cc:33] waitpid(42026): No child processes (10)
