objc[15566]: Class ANGLESwapCGLLayer is implemented in both /Applications/AhoiBrowser.app/Contents/Frameworks/libblink_modules.dylib (0x1423e8a50) and /Applications/AhoiBrowser.app/Contents/Frameworks/libgl_init.dylib (0x1274c0a50). This may cause spurious casting failures and mysterious crashes. One of the duplicates must be removed or renamed.
objc[15566]: Class CrashpadHTTPBodyStreamTransport is implemented in both /Applications/AhoiBrowser.app/Contents/Frameworks/libbrowser_ui_views.dylib (0x1104dc188) and /Applications/AhoiBrowser.app/Contents/Frameworks/libchrome_dll.dylib (0x1170ba430). This may cause spurious casting failures and mysterious crashes. One of the duplicates must be removed or renamed.
[15566:30127751:0926/004859.685061:ERROR:chrome/browser/mac/code_sign_clone_manager.mm:98] error removing quarantine attribute "/var/folders/zn/wn74lz2s2bsfp734gbqytmpr0000gn/X/"
[15566:30127751:0926/004859.711037:ERROR:chrome/browser/mac/code_sign_clone_manager.mm:98] error removing quarantine attribute "/var/folders/zn/wn74lz2s2bsfp734gbqytmpr0000gn/X/"

DevTools listening on ws://127.0.0.1:9379/devtools/browser/ab785c62-10fc-451f-9184-bc201b006643
[15566:30127573:0926/004900.542664:ERROR:ahoi/browser/updater/sparkle_runtime_mac.mm:148] Ahoi updater disabled (fail closed): missing-feed-url
objc[15616]: Class ANGLESwapCGLLayer is implemented in both /Applications/AhoiBrowser.app/Contents/Frameworks/libblink_modules.dylib (0x14444ca50) and /Applications/AhoiBrowser.app/Contents/Frameworks/libgl_init.dylib (0x129524a50). This may cause spurious casting failures and mysterious crashes. One of the duplicates must be removed or renamed.
objc[15616]: Class CrashpadHTTPBodyStreamTransport is implemented in both /Applications/AhoiBrowser.app/Contents/Frameworks/libbrowser_ui_views.dylib (0x1204e4188) and /Applications/AhoiBrowser.app/Contents/Frameworks/libchrome_dll.dylib (0x11911e430). This may cause spurious casting failures and mysterious crashes. One of the duplicates must be removed or renamed.
objc[15617]: Class ANGLESwapCGLLayer is implemented in both /Applications/AhoiBrowser.app/Contents/Frameworks/libblink_modules.dylib (0x13f84ca50) and /Applications/AhoiBrowser.app/Contents/Frameworks/libgl_init.dylib (0x124924a50). This may cause spurious casting failures and mysterious crashes. One of the duplicates must be removed or renamed.
objc[15617]: Class CrashpadHTTPBodyStreamTransport is implemented in both /Applications/AhoiBrowser.app/Contents/Frameworks/libbrowser_ui_views.dylib (0x11b564188) and /Applications/AhoiBrowser.app/Contents/Frameworks/libchrome_dll.dylib (0x11451e430). This may cause spurious casting failures and mysterious crashes. One of the duplicates must be removed or renamed.
objc[15618]: Class ANGLESwapCGLLayer is implemented in both /Applications/AhoiBrowser.app/Contents/Frameworks/libblink_modules.dylib (0x13f99ca50) and /Applications/AhoiBrowser.app/Contents/Frameworks/libgl_init.dylib (0x124a74a50). This may cause spurious casting failures and mysterious crashes. One of the duplicates must be removed or renamed.
objc[15618]: Class CrashpadHTTPBodyStreamTransport is implemented in both /Applications/AhoiBrowser.app/Contents/Frameworks/libbrowser_ui_views.dylib (0x11ba34188) and /Applications/AhoiBrowser.app/Contents/Frameworks/libchrome_dll.dylib (0x11466e430). This may cause spurious casting failures and mysterious crashes. One of the duplicates must be removed or renamed.
objc[15619]: Class ANGLESwapCGLLayer is implemented in both /Applications/AhoiBrowser.app/Contents/Frameworks/libblink_modules.dylib (0x1420fca50) and /Applications/AhoiBrowser.app/Contents/Frameworks/libgl_init.dylib (0x1271d4a50). This may cause spurious casting failures and mysterious crashes. One of the duplicates must be removed or renamed.
objc[15619]: Class CrashpadHTTPBodyStreamTransport is implemented in both /Applications/AhoiBrowser.app/Contents/Frameworks/libbrowser_ui_views.dylib (0x1102b8188) and /Applications/AhoiBrowser.app/Contents/Frameworks/libchrome_dll.dylib (0x116dce430). This may cause spurious casting failures and mysterious crashes. One of the duplicates must be removed or renamed.
objc[15621]: Class ANGLESwapCGLLayer is implemented in both /Applications/AhoiBrowser.app/Contents/Frameworks/libblink_modules.dylib (0x13fc40a50) and /Applications/AhoiBrowser.app/Contents/Frameworks/libgl_init.dylib (0x124d18a50). This may cause spurious casting failures and mysterious crashes. One of the duplicates must be removed or renamed.
objc[15621]: Class CrashpadHTTPBodyStreamTransport is implemented in both /Applications/AhoiBrowser.app/Contents/Frameworks/libbrowser_ui_views.dylib (0x10ddfc188) and /Applications/AhoiBrowser.app/Contents/Frameworks/libchrome_dll.dylib (0x114912430). This may cause spurious casting failures and mysterious crashes. One of the duplicates must be removed or renamed.
objc[15624]: Class ANGLESwapCGLLayer is implemented in both /Applications/AhoiBrowser.app/Contents/Frameworks/libblink_modules.dylib (0x13fcc8a50) and /Applications/AhoiBrowser.app/Contents/Frameworks/libgl_init.dylib (0x124da0a50). This may cause spurious casting failures and mysterious crashes. One of the duplicates must be removed or renamed.
objc[15623]: Class ANGLESwapCGLLayer is implemented in both /Applications/AhoiBrowser.app/Contents/Frameworks/libblink_modules.dylib (0x142418a50) and /Applications/AhoiBrowser.app/Contents/Frameworks/libgl_init.dylib (0x1274f0a50). This may cause spurious casting failures and mysterious crashes. One of the duplicates must be removed or renamed.
objc[15623]: Class CrashpadHTTPBodyStreamTransport is implemented in both /Applications/AhoiBrowser.app/Contents/Frameworks/libbrowser_ui_views.dylib (0x11eaec188) and /Applications/AhoiBrowser.app/Contents/Frameworks/libchrome_dll.dylib (0x1170ea430). This may cause spurious casting failures and mysterious crashes. One of the duplicates must be removed or renamed.
objc[15624]: Class CrashpadHTTPBodyStreamTransport is implemented in both /Applications/AhoiBrowser.app/Contents/Frameworks/libbrowser_ui_views.dylib (0x10df24188) and /Applications/AhoiBrowser.app/Contents/Frameworks/libchrome_dll.dylib (0x11499a430). This may cause spurious casting failures and mysterious crashes. One of the duplicates must be removed or renamed.
[15566:30127573:0926/004906.852912:ERROR:chrome/browser/ui/webui/ntp/new_tab_ui.cc:54] Requested load of chrome://newtab/ for incorrect profile type.
objc[15662]: Class ANGLESwapCGLLayer is implemented in both /Applications/AhoiBrowser.app/Contents/Frameworks/libblink_modules.dylib (0x141e90a50) and /Applications/AhoiBrowser.app/Contents/Frameworks/libgl_init.dylib (0x126f68a50). This may cause spurious casting failures and mysterious crashes. One of the duplicates must be removed or renamed.
objc[15662]: Class CrashpadHTTPBodyStreamTransport is implemented in both /Applications/AhoiBrowser.app/Contents/Frameworks/libbrowser_ui_views.dylib (0x11005c188) and /Applications/AhoiBrowser.app/Contents/Frameworks/libchrome_dll.dylib (0x116b62430). This may cause spurious casting failures and mysterious crashes. One of the duplicates must be removed or renamed.
objc[15664]: Class ANGLESwapCGLLayer is implemented in both /Applications/AhoiBrowser.app/Contents/Frameworks/libblink_modules.dylib (0x1405b4a50) and /Applications/AhoiBrowser.app/Contents/Frameworks/libgl_init.dylib (0x12568ca50). This may cause spurious casting failures and mysterious crashes. One of the duplicates must be removed or renamed.
objc[15664]: Class CrashpadHTTPBodyStreamTransport is implemented in both /Applications/AhoiBrowser.app/Contents/Frameworks/libbrowser_ui_views.dylib (0x10e780188) and /Applications/AhoiBrowser.app/Contents/Frameworks/libchrome_dll.dylib (0x115286430). This may cause spurious casting failures and mysterious crashes. One of the duplicates must be removed or renamed.
objc[15788]: Class ANGLESwapCGLLayer is implemented in both /Applications/AhoiBrowser.app/Contents/Frameworks/libblink_modules.dylib (0x1440cca50) and /Applications/AhoiBrowser.app/Contents/Frameworks/libgl_init.dylib (0x1291a4a50). This may cause spurious casting failures and mysterious crashes. One of the duplicates must be removed or renamed.
objc[15788]: Class CrashpadHTTPBodyStreamTransport is implemented in both /Applications/AhoiBrowser.app/Contents/Frameworks/libbrowser_ui_views.dylib (0x112288188) and /Applications/AhoiBrowser.app/Contents/Frameworks/libchrome_dll.dylib (0x118d9e430). This may cause spurious casting failures and mysterious crashes. One of the duplicates must be removed or renamed.
[15616:30127946:0926/004922.414610:ERROR:components/viz/service/surfaces/surface_manager.cc:479] Old/orphaned temporary reference to SurfaceId(FrameSinkId[DelegatedFrameHost](6, 6), LocalSurfaceId(2, 3, B280...))
[15616:30127946:0926/004922.415020:ERROR:components/viz/service/surfaces/surface_manager.cc:479] Old/orphaned temporary reference to SurfaceId(FrameSinkId[DelegatedFrameHost](6, 3), LocalSurfaceId(2, 2, E1BA...))
[15616:30127946:0926/004922.415034:ERROR:components/viz/service/surfaces/surface_manager.cc:479] Old/orphaned temporary reference to SurfaceId(FrameSinkId[DelegatedFrameHost](6, 3), LocalSurfaceId(2, 3, E1BA...))
[15616:30127946:0926/004922.415044:ERROR:components/viz/service/surfaces/surface_manager.cc:479] Old/orphaned temporary reference to SurfaceId(FrameSinkId[DelegatedFrameHost](6, 6), LocalSurfaceId(2, 2, B280...))
[15566:30127573:0926/004940.609416:ERROR:base/process/kill_posix.cc:33] waitpid(15617): No child processes (10)
