objc[86974]: Class ANGLESwapCGLLayer is implemented in both /Applications/AhoiBrowser.app/Contents/Frameworks/libblink_modules.dylib (0x140364a50) and /Applications/AhoiBrowser.app/Contents/Frameworks/libgl_init.dylib (0x12543ca50). This may cause spurious casting failures and mysterious crashes. One of the duplicates must be removed or renamed.
objc[86974]: Class CrashpadHTTPBodyStreamTransport is implemented in both /Applications/AhoiBrowser.app/Contents/Frameworks/libbrowser_ui_views.dylib (0x10e4c0188) and /Applications/AhoiBrowser.app/Contents/Frameworks/libchrome_dll.dylib (0x11502e430). This may cause spurious casting failures and mysterious crashes. One of the duplicates must be removed or renamed.
[86974:34263466:0926/103807.342867:ERROR:chrome/browser/mac/code_sign_clone_manager.mm:98] error removing quarantine attribute "/var/folders/zn/wn74lz2s2bsfp734gbqytmpr0000gn/X/"
[86974:34263466:0926/103807.365271:ERROR:chrome/browser/mac/code_sign_clone_manager.mm:98] error removing quarantine attribute "/var/folders/zn/wn74lz2s2bsfp734gbqytmpr0000gn/X/"

DevTools listening on ws://127.0.0.1:9366/devtools/browser/b2f99aa7-3cdd-40f9-a1a5-46ffc1783ed1
[86974:34259569:0926/103808.231726:ERROR:ahoi/browser/updater/sparkle_runtime_mac.mm:148] Ahoi updater disabled (fail closed): missing-feed-url
objc[88966]: Class ANGLESwapCGLLayer is implemented in both /Applications/AhoiBrowser.app/Contents/Frameworks/libblink_modules.dylib (0x13fe60a50) and /Applications/AhoiBrowser.app/Contents/Frameworks/libgl_init.dylib (0x124f38a50). This may cause spurious casting failures and mysterious crashes. One of the duplicates must be removed or renamed.
objc[88966]: Class CrashpadHTTPBodyStreamTransport is implemented in both /Applications/AhoiBrowser.app/Contents/Frameworks/libbrowser_ui_views.dylib (0x11c534188) and /Applications/AhoiBrowser.app/Contents/Frameworks/libchrome_dll.dylib (0x114b2a430). This may cause spurious casting failures and mysterious crashes. One of the duplicates must be removed or renamed.
objc[88967]: Class ANGLESwapCGLLayer is implemented in both /Applications/AhoiBrowser.app/Contents/Frameworks/libblink_modules.dylib (0x143ccca50) and /Applications/AhoiBrowser.app/Contents/Frameworks/libgl_init.dylib (0x128da4a50). This may cause spurious casting failures and mysterious crashes. One of the duplicates must be removed or renamed.
objc[88967]: Class CrashpadHTTPBodyStreamTransport is implemented in both /Applications/AhoiBrowser.app/Contents/Frameworks/libbrowser_ui_views.dylib (0x111e78188) and /Applications/AhoiBrowser.app/Contents/Frameworks/libchrome_dll.dylib (0x118996430). This may cause spurious casting failures and mysterious crashes. One of the duplicates must be removed or renamed.
objc[88997]: Class ANGLESwapCGLLayer is implemented in both /Applications/AhoiBrowser.app/Contents/Frameworks/libblink_modules.dylib (0x1445c8a50) and /Applications/AhoiBrowser.app/Contents/Frameworks/libgl_init.dylib (0x1296a0a50). This may cause spurious casting failures and mysterious crashes. One of the duplicates must be removed or renamed.
objc[88997]: Class CrashpadHTTPBodyStreamTransport is implemented in both /Applications/AhoiBrowser.app/Contents/Frameworks/libbrowser_ui_views.dylib (0x120c9c188) and /Applications/AhoiBrowser.app/Contents/Frameworks/libchrome_dll.dylib (0x119292430). This may cause spurious casting failures and mysterious crashes. One of the duplicates must be removed or renamed.
objc[88996]: Class ANGLESwapCGLLayer is implemented in both /Applications/AhoiBrowser.app/Contents/Frameworks/libblink_modules.dylib (0x14241ca50) and /Applications/AhoiBrowser.app/Contents/Frameworks/libgl_init.dylib (0x1274f4a50). This may cause spurious casting failures and mysterious crashes. One of the duplicates must be removed or renamed.
objc[88996]: Class CrashpadHTTPBodyStreamTransport is implemented in both /Applications/AhoiBrowser.app/Contents/Frameworks/libbrowser_ui_views.dylib (0x11eaf0188) and /Applications/AhoiBrowser.app/Contents/Frameworks/libchrome_dll.dylib (0x1170e6430). This may cause spurious casting failures and mysterious crashes. One of the duplicates must be removed or renamed.
objc[88976]: Class ANGLESwapCGLLayer is implemented in both /Applications/AhoiBrowser.app/Contents/Frameworks/libblink_modules.dylib (0x14202ca50) and /Applications/AhoiBrowser.app/Contents/Frameworks/libgl_init.dylib (0x127104a50). This may cause spurious casting failures and mysterious crashes. One of the duplicates must be removed or renamed.
objc[88976]: Class CrashpadHTTPBodyStreamTransport is implemented in both /Applications/AhoiBrowser.app/Contents/Frameworks/libbrowser_ui_views.dylib (0x110308188) and /Applications/AhoiBrowser.app/Contents/Frameworks/libchrome_dll.dylib (0x116cf6430). This may cause spurious casting failures and mysterious crashes. One of the duplicates must be removed or renamed.
objc[88975]: Class ANGLESwapCGLLayer is implemented in both /Applications/AhoiBrowser.app/Contents/Frameworks/libblink_modules.dylib (0x1427dca50) and /Applications/AhoiBrowser.app/Contents/Frameworks/libgl_init.dylib (0x1278b4a50). This may cause spurious casting failures and mysterious crashes. One of the duplicates must be removed or renamed.
objc[88975]: Class CrashpadHTTPBodyStreamTransport is implemented in both /Applications/AhoiBrowser.app/Contents/Frameworks/libbrowser_ui_views.dylib (0x110a78188) and /Applications/AhoiBrowser.app/Contents/Frameworks/libchrome_dll.dylib (0x1174a6430). This may cause spurious casting failures and mysterious crashes. One of the duplicates must be removed or renamed.
objc[88990]: Class ANGLESwapCGLLayer is implemented in both /Applications/AhoiBrowser.app/Contents/Frameworks/libblink_modules.dylib (0x1424cca50) and /Applications/AhoiBrowser.app/Contents/Frameworks/libgl_init.dylib (0x1275a4a50). This may cause spurious casting failures and mysterious crashes. One of the duplicates must be removed or renamed.
objc[88990]: Class CrashpadHTTPBodyStreamTransport is implemented in both /Applications/AhoiBrowser.app/Contents/Frameworks/libbrowser_ui_views.dylib (0x110768188) and /Applications/AhoiBrowser.app/Contents/Frameworks/libchrome_dll.dylib (0x117196430). This may cause spurious casting failures and mysterious crashes. One of the duplicates must be removed or renamed.
objc[89868]: Class ANGLESwapCGLLayer is implemented in both /Applications/AhoiBrowser.app/Contents/Frameworks/libblink_modules.dylib (0x141c08a50) and /Applications/AhoiBrowser.app/Contents/Frameworks/libgl_init.dylib (0x126ce0a50). This may cause spurious casting failures and mysterious crashes. One of the duplicates must be removed or renamed.
objc[89868]: Class CrashpadHTTPBodyStreamTransport is implemented in both /Applications/AhoiBrowser.app/Contents/Frameworks/libbrowser_ui_views.dylib (0x11dca0188) and /Applications/AhoiBrowser.app/Contents/Frameworks/libchrome_dll.dylib (0x1168d2430). This may cause spurious casting failures and mysterious crashes. One of the duplicates must be removed or renamed.
objc[91426]: Class ANGLESwapCGLLayer is implemented in both /Applications/AhoiBrowser.app/Contents/Frameworks/libblink_modules.dylib (0x141e74a50) and /Applications/AhoiBrowser.app/Contents/Frameworks/libgl_init.dylib (0x126f4ca50). This may cause spurious casting failures and mysterious crashes. One of the duplicates must be removed or renamed.
objc[91426]: Class CrashpadHTTPBodyStreamTransport is implemented in both /Applications/AhoiBrowser.app/Contents/Frameworks/libbrowser_ui_views.dylib (0x11db5c188) and /Applications/AhoiBrowser.app/Contents/Frameworks/libchrome_dll.dylib (0x116b3e430). This may cause spurious casting failures and mysterious crashes. One of the duplicates must be removed or renamed.
objc[91520]: Class ANGLESwapCGLLayer is implemented in both /Applications/AhoiBrowser.app/Contents/Frameworks/libblink_modules.dylib (0x141e0ca50) and /Applications/AhoiBrowser.app/Contents/Frameworks/libgl_init.dylib (0x126ee4a50). This may cause spurious casting failures and mysterious crashes. One of the duplicates must be removed or renamed.
objc[91520]: Class CrashpadHTTPBodyStreamTransport is implemented in both /Applications/AhoiBrowser.app/Contents/Frameworks/libbrowser_ui_views.dylib (0x10ff34188) and /Applications/AhoiBrowser.app/Contents/Frameworks/libchrome_dll.dylib (0x116ad6430). This may cause spurious casting failures and mysterious crashes. One of the duplicates must be removed or renamed.
objc[92179]: Class ANGLESwapCGLLayer is implemented in both /Applications/AhoiBrowser.app/Contents/Frameworks/libblink_modules.dylib (0x141b6ca50) and /Applications/AhoiBrowser.app/Contents/Frameworks/libgl_init.dylib (0x126c44a50). This may cause spurious casting failures and mysterious crashes. One of the duplicates must be removed or renamed.
objc[92179]: Class CrashpadHTTPBodyStreamTransport is implemented in both /Applications/AhoiBrowser.app/Contents/Frameworks/libbrowser_ui_views.dylib (0x10fcc4188) and /Applications/AhoiBrowser.app/Contents/Frameworks/libchrome_dll.dylib (0x116836430). This may cause spurious casting failures and mysterious crashes. One of the duplicates must be removed or renamed.
[88966:34269933:0926/103935.412063:ERROR:components/viz/service/surfaces/surface_manager.cc:479] Old/orphaned temporary reference to SurfaceId(FrameSinkId[DelegatedFrameHost](6, 3), LocalSurfaceId(2, 2, C8E7...))
objc[92499]: Class ANGLESwapCGLLayer is implemented in both /Applications/AhoiBrowser.app/Contents/Frameworks/libblink_modules.dylib (0x143a28a50) and /Applications/AhoiBrowser.app/Contents/Frameworks/libgl_init.dylib (0x128b00a50). This may cause spurious casting failures and mysterious crashes. One of the duplicates must be removed or renamed.
objc[92499]: Class CrashpadHTTPBodyStreamTransport is implemented in both /Applications/AhoiBrowser.app/Contents/Frameworks/libbrowser_ui_views.dylib (0x111bd4188) and /Applications/AhoiBrowser.app/Contents/Frameworks/libchrome_dll.dylib (0x1186f2430). This may cause spurious casting failures and mysterious crashes. One of the duplicates must be removed or renamed.
objc[93995]: Class ANGLESwapCGLLayer is implemented in both /Applications/AhoiBrowser.app/Contents/Frameworks/libblink_modules.dylib (0x143b20a50) and /Applications/AhoiBrowser.app/Contents/Frameworks/libgl_init.dylib (0x128bf8a50). This may cause spurious casting failures and mysterious crashes. One of the duplicates must be removed or renamed.
objc[93995]: Class CrashpadHTTPBodyStreamTransport is implemented in both /Applications/AhoiBrowser.app/Contents/Frameworks/libbrowser_ui_views.dylib (0x111c48188) and /Applications/AhoiBrowser.app/Contents/Frameworks/libchrome_dll.dylib (0x1187ea430). This may cause spurious casting failures and mysterious crashes. One of the duplicates must be removed or renamed.
objc[95417]: Class ANGLESwapCGLLayer is implemented in both /Applications/AhoiBrowser.app/Contents/Frameworks/libblink_modules.dylib (0x1428dca50) and /Applications/AhoiBrowser.app/Contents/Frameworks/libgl_init.dylib (0x1279b4a50). This may cause spurious casting failures and mysterious crashes. One of the duplicates must be removed or renamed.
objc[95417]: Class CrashpadHTTPBodyStreamTransport is implemented in both /Applications/AhoiBrowser.app/Contents/Frameworks/libbrowser_ui_views.dylib (0x110a04188) and /Applications/AhoiBrowser.app/Contents/Frameworks/libchrome_dll.dylib (0x1175a6430). This may cause spurious casting failures and mysterious crashes. One of the duplicates must be removed or renamed.
objc[95742]: Class ANGLESwapCGLLayer is implemented in both /Applications/AhoiBrowser.app/Contents/Frameworks/libblink_modules.dylib (0x13ffe4a50) and /Applications/AhoiBrowser.app/Contents/Frameworks/libgl_init.dylib (0x1250bca50). This may cause spurious casting failures and mysterious crashes. One of the duplicates must be removed or renamed.
objc[95742]: Class CrashpadHTTPBodyStreamTransport is implemented in both /Applications/AhoiBrowser.app/Contents/Frameworks/libbrowser_ui_views.dylib (0x11bd84188) and /Applications/AhoiBrowser.app/Contents/Frameworks/libchrome_dll.dylib (0x114cae430). This may cause spurious casting failures and mysterious crashes. One of the duplicates must be removed or renamed.
objc[97245]: Class ANGLESwapCGLLayer is implemented in both /Applications/AhoiBrowser.app/Contents/Frameworks/libblink_modules.dylib (0x141f24a50) and /Applications/AhoiBrowser.app/Contents/Frameworks/libgl_init.dylib (0x126ffca50). This may cause spurious casting failures and mysterious crashes. One of the duplicates must be removed or renamed.
objc[97245]: Class CrashpadHTTPBodyStreamTransport is implemented in both /Applications/AhoiBrowser.app/Contents/Frameworks/libbrowser_ui_views.dylib (0x11dc3c188) and /Applications/AhoiBrowser.app/Contents/Frameworks/libchrome_dll.dylib (0x116bee430). This may cause spurious casting failures and mysterious crashes. One of the duplicates must be removed or renamed.
objc[97823]: Class ANGLESwapCGLLayer is implemented in both /Applications/AhoiBrowser.app/Contents/Frameworks/libblink_modules.dylib (0x144988a50) and /Applications/AhoiBrowser.app/Contents/Frameworks/libgl_init.dylib (0x129a60a50). This may cause spurious casting failures and mysterious crashes. One of the duplicates must be removed or renamed.
objc[97823]: Class CrashpadHTTPBodyStreamTransport is implemented in both /Applications/AhoiBrowser.app/Contents/Frameworks/libbrowser_ui_views.dylib (0x112afc188) and /Applications/AhoiBrowser.app/Contents/Frameworks/libchrome_dll.dylib (0x119652430). This may cause spurious casting failures and mysterious crashes. One of the duplicates must be removed or renamed.
objc[98876]: Class ANGLESwapCGLLayer is implemented in both /Applications/AhoiBrowser.app/Contents/Frameworks/libblink_modules.dylib (0x1449aca50) and /Applications/AhoiBrowser.app/Contents/Frameworks/libgl_init.dylib (0x129a84a50). This may cause spurious casting failures and mysterious crashes. One of the duplicates must be removed or renamed.
objc[98876]: Class CrashpadHTTPBodyStreamTransport is implemented in both /Applications/AhoiBrowser.app/Contents/Frameworks/libbrowser_ui_views.dylib (0x112b48188) and /Applications/AhoiBrowser.app/Contents/Frameworks/libchrome_dll.dylib (0x119676430). This may cause spurious casting failures and mysterious crashes. One of the duplicates must be removed or renamed.
objc[99319]: Class ANGLESwapCGLLayer is implemented in both /Applications/AhoiBrowser.app/Contents/Frameworks/libblink_modules.dylib (0x144830a50) and /Applications/AhoiBrowser.app/Contents/Frameworks/libgl_init.dylib (0x129908a50). This may cause spurious casting failures and mysterious crashes. One of the duplicates must be removed or renamed.
objc[99319]: Class CrashpadHTTPBodyStreamTransport is implemented in both /Applications/AhoiBrowser.app/Contents/Frameworks/libbrowser_ui_views.dylib (0x1129f8188) and /Applications/AhoiBrowser.app/Contents/Frameworks/libchrome_dll.dylib (0x1194fa430). This may cause spurious casting failures and mysterious crashes. One of the duplicates must be removed or renamed.
objc[99528]: Class ANGLESwapCGLLayer is implemented in both /Applications/AhoiBrowser.app/Contents/Frameworks/libblink_modules.dylib (0x143fd4a50) and /Applications/AhoiBrowser.app/Contents/Frameworks/libgl_init.dylib (0x1290aca50). This may cause spurious casting failures and mysterious crashes. One of the duplicates must be removed or renamed.
objc[99528]: Class CrashpadHTTPBodyStreamTransport is implemented in both /Applications/AhoiBrowser.app/Contents/Frameworks/libbrowser_ui_views.dylib (0x120730188) and /Applications/AhoiBrowser.app/Contents/Frameworks/libchrome_dll.dylib (0x118c9e430). This may cause spurious casting failures and mysterious crashes. One of the duplicates must be removed or renamed.
objc[1467]: Class ANGLESwapCGLLayer is implemented in both /Applications/AhoiBrowser.app/Contents/Frameworks/libblink_modules.dylib (0x143f20a50) and /Applications/AhoiBrowser.app/Contents/Frameworks/libgl_init.dylib (0x128ff8a50). This may cause spurious casting failures and mysterious crashes. One of the duplicates must be removed or renamed.
objc[1467]: Class CrashpadHTTPBodyStreamTransport is implemented in both /Applications/AhoiBrowser.app/Contents/Frameworks/libbrowser_ui_views.dylib (0x112068188) and /Applications/AhoiBrowser.app/Contents/Frameworks/libchrome_dll.dylib (0x118bea430). This may cause spurious casting failures and mysterious crashes. One of the duplicates must be removed or renamed.
objc[2676]: Class ANGLESwapCGLLayer is implemented in both /Applications/AhoiBrowser.app/Contents/Frameworks/libblink_modules.dylib (0x13f7e4a50) and /Applications/AhoiBrowser.app/Contents/Frameworks/libgl_init.dylib (0x1248bca50). This may cause spurious casting failures and mysterious crashes. One of the duplicates must be removed or renamed.
objc[2676]: Class CrashpadHTTPBodyStreamTransport is implemented in both /Applications/AhoiBrowser.app/Contents/Frameworks/libbrowser_ui_views.dylib (0x11b584188) and /Applications/AhoiBrowser.app/Contents/Frameworks/libchrome_dll.dylib (0x1144ae430). This may cause spurious casting failures and mysterious crashes. One of the duplicates must be removed or renamed.
objc[4903]: Class ANGLESwapCGLLayer is implemented in both /Applications/AhoiBrowser.app/Contents/Frameworks/libblink_modules.dylib (0x13ff54a50) and /Applications/AhoiBrowser.app/Contents/Frameworks/libgl_init.dylib (0x12502ca50). This may cause spurious casting failures and mysterious crashes. One of the duplicates must be removed or renamed.
objc[4903]: Class CrashpadHTTPBodyStreamTransport is implemented in both /Applications/AhoiBrowser.app/Contents/Frameworks/libbrowser_ui_views.dylib (0x11bcf4188) and /Applications/AhoiBrowser.app/Contents/Frameworks/libchrome_dll.dylib (0x114c1e430). This may cause spurious casting failures and mysterious crashes. One of the duplicates must be removed or renamed.
objc[6382]: Class ANGLESwapCGLLayer is implemented in both /Applications/AhoiBrowser.app/Contents/Frameworks/libblink_modules.dylib (0x1442e4a50) and /Applications/AhoiBrowser.app/Contents/Frameworks/libgl_init.dylib (0x1293bca50). This may cause spurious casting failures and mysterious crashes. One of the duplicates must be removed or renamed.
objc[6382]: Class CrashpadHTTPBodyStreamTransport is implemented in both /Applications/AhoiBrowser.app/Contents/Frameworks/libbrowser_ui_views.dylib (0x112480188) and /Applications/AhoiBrowser.app/Contents/Frameworks/libchrome_dll.dylib (0x118fae430). This may cause spurious casting failures and mysterious crashes. One of the duplicates must be removed or renamed.
objc[7966]: Class ANGLESwapCGLLayer is implemented in both /Applications/AhoiBrowser.app/Contents/Frameworks/libblink_modules.dylib (0x1417e8a50) and /Applications/AhoiBrowser.app/Contents/Frameworks/libgl_init.dylib (0x1268c0a50). This may cause spurious casting failures and mysterious crashes. One of the duplicates must be removed or renamed.
objc[7966]: Class CrashpadHTTPBodyStreamTransport is implemented in both /Applications/AhoiBrowser.app/Contents/Frameworks/libbrowser_ui_views.dylib (0x11d484188) and /Applications/AhoiBrowser.app/Contents/Frameworks/libchrome_dll.dylib (0x1164b2430). This may cause spurious casting failures and mysterious crashes. One of the duplicates must be removed or renamed.
objc[8026]: Class ANGLESwapCGLLayer is implemented in both /Applications/AhoiBrowser.app/Contents/Frameworks/libblink_modules.dylib (0x140160a50) and /Applications/AhoiBrowser.app/Contents/Frameworks/libgl_init.dylib (0x125238a50). This may cause spurious casting failures and mysterious crashes. One of the duplicates must be removed or renamed.
objc[8026]: Class CrashpadHTTPBodyStreamTransport is implemented in both /Applications/AhoiBrowser.app/Contents/Frameworks/libbrowser_ui_views.dylib (0x11c8bc188) and /Applications/AhoiBrowser.app/Contents/Frameworks/libchrome_dll.dylib (0x114e2a430). This may cause spurious casting failures and mysterious crashes. One of the duplicates must be removed or renamed.
objc[8429]: Class ANGLESwapCGLLayer is implemented in both /Applications/AhoiBrowser.app/Contents/Frameworks/libblink_modules.dylib (0x14394ca50) and /Applications/AhoiBrowser.app/Contents/Frameworks/libgl_init.dylib (0x128a24a50). This may cause spurious casting failures and mysterious crashes. One of the duplicates must be removed or renamed.
objc[8429]: Class CrashpadHTTPBodyStreamTransport is implemented in both /Applications/AhoiBrowser.app/Contents/Frameworks/libbrowser_ui_views.dylib (0x11f59c188) and /Applications/AhoiBrowser.app/Contents/Frameworks/libchrome_dll.dylib (0x118616430). This may cause spurious casting failures and mysterious crashes. One of the duplicates must be removed or renamed.
objc[15969]: Class ANGLESwapCGLLayer is implemented in both /Applications/AhoiBrowser.app/Contents/Frameworks/libblink_modules.dylib (0x142598a50) and /Applications/AhoiBrowser.app/Contents/Frameworks/libgl_init.dylib (0x127670a50). This may cause spurious casting failures and mysterious crashes. One of the duplicates must be removed or renamed.
objc[15969]: Class CrashpadHTTPBodyStreamTransport is implemented in both /Applications/AhoiBrowser.app/Contents/Frameworks/libbrowser_ui_views.dylib (0x1106a8188) and /Applications/AhoiBrowser.app/Contents/Frameworks/libchrome_dll.dylib (0x117262430). This may cause spurious casting failures and mysterious crashes. One of the duplicates must be removed or renamed.
objc[16302]: Class ANGLESwapCGLLayer is implemented in both /Applications/AhoiBrowser.app/Contents/Frameworks/libblink_modules.dylib (0x13fd08a50) and /Applications/AhoiBrowser.app/Contents/Frameworks/libgl_init.dylib (0x124de0a50). This may cause spurious casting failures and mysterious crashes. One of the duplicates must be removed or renamed.
objc[16302]: Class CrashpadHTTPBodyStreamTransport is implemented in both /Applications/AhoiBrowser.app/Contents/Frameworks/libbrowser_ui_views.dylib (0x10df44188) and /Applications/AhoiBrowser.app/Contents/Frameworks/libchrome_dll.dylib (0x1149d2430). This may cause spurious casting failures and mysterious crashes. One of the duplicates must be removed or renamed.
Received signal 11 SEGV_ACCERR 3d6368c8b87a640f
0   libbase.dylib                       0x00000001016579a8 base::debug::CollectStackTrace(base::span<void const*, 18446744073709551615ul, void const**>) + 24
1   libbase.dylib                       0x00000001016393a0 base::debug::StackTrace::StackTrace(unsigned long) + 224
2   libbase.dylib                       0x0000000101657894 base::debug::(anonymous namespace)::StackDumpSignalHandler(int, __siginfo*, void*) + 924
3   libsystem_platform.dylib            0x0000000195848144 _sigtramp + 56
4   libui_views.dylib                   0x000000011c5523c4 views::Widget::HandleWidgetDestroying() + 208
5   libui_views.dylib                   0x000000011c551d9c views::Widget::~Widget() + 500
6   libui_views.dylib                   0x000000011c4181fc views::(anonymous namespace)::BubbleWidget::~BubbleWidget() + 12
7   libchrome_dll.dylib                 0x00000001110eeb30 _ZN4base8internal7InvokerINS0_13FunctorTraitsIOZN4ahoi7sidebar22BrowserSidebarHostView23OnWorkspaceDialogClosedEvE3$_0JONSt4__Cr10unique_ptrIN5views6WidgetENS8_14default_deleteISB_EEEEONS9_INSA_20BubbleDialogDelegateENSC_ISG_EEEEEEENS0_9BindStateILb0ELb0ELb0ES6_JSE_SI_EEEFvvEE7RunOnceEPNS0_13BindStateBaseE + 52
8   libbase.dylib                       0x00000001014c65d0 base::OnceCallback<void ()>::Run() && + 108
9   libbase.dylib                       0x0000000101598654 base::TaskAnnotator::RunTaskImpl(base::PendingTask&) + 276
10  libbase.dylib                       0x00000001015cc50c base::sequence_manager::internal::ThreadControllerWithMessagePumpImpl::DoWorkImpl(base::LazyNow*) + 1664
11  libbase.dylib                       0x00000001015cbc58 base::sequence_manager::internal::ThreadControllerWithMessagePumpImpl::DoWork() + 96
12  libbase.dylib                       0x000000010166cc00 base::MessagePumpCFRunLoopBase::RunWork() + 156
13  libbase.dylib                       0x0000000101663a84 base::apple::CallWithEHFrame(void () block_pointer) + 16
14  libbase.dylib                       0x000000010166c3d0 base::MessagePumpCFRunLoopBase::RunWorkSource(void*) + 60
15  CoreFoundation                      0x00000001958fe944 __CFRUNLOOP_IS_CALLING_OUT_TO_A_SOURCE0_PERFORM_FUNCTION__ + 28
16  CoreFoundation                      0x00000001958fe8d8 __CFRunLoopDoSource0 + 224
17  CoreFoundation                      0x00000001958fe610 __CFRunLoopDoSources0 + 232
18  CoreFoundation                      0x00000001958fd1e0 __CFRunLoopRun + 832
19  CoreFoundation                      0x00000001959d782c _CFRunLoopRunSpecificWithOptions + 536
20  HIToolbox                           0x00000001a2d30590 RunCurrentEventLoopInMode + 320
21  HIToolbox                           0x00000001a2d3391c ReceiveNextEventCommon + 492
22  HIToolbox                           0x00000001a2eb6380 _BlockUntilNextEventMatchingListInMode + 48
23  AppKit                              0x000000019a1f729c _DPSBlockUntilNextEventMatchingListInMode + 292
24  AppKit                              0x0000000199eb44fc _DPSNextEvent + 580
25  AppKit                              0x000000019a72c748 -[NSApplication(NSEventRouting) _nextEventMatchingEventMask:untilDate:inMode:dequeue:] + 780
26  AppKit                              0x000000019a72c26c -[NSApplication(NSEventRouting) nextEventMatchingMask:untilDate:inMode:dequeue:] + 292
27  libcomponents_remote_cocoa_app_shim 0x000000011cdc15dc __64-[CrApplication nextEventMatchingMask:untilDate:inMode:dequeue:]_block_invoke + 64
28  libbase.dylib                       0x0000000101663a84 base::apple::CallWithEHFrame(void () block_pointer) + 16
29  libcomponents_remote_cocoa_app_shim 0x000000011cdc150c -[CrApplication nextEventMatchingMask:untilDate:inMode:dequeue:] + 176
30  AppKit                              0x0000000199ea790c -[NSApplication run] + 396
31  libbase.dylib                       0x000000010166d5a0 base::MessagePumpNSApplication::DoRun(base::MessagePump::Delegate*) + 316
32  libbase.dylib                       0x000000010166bd14 base::MessagePumpCFRunLoopBase::Run(base::MessagePump::Delegate*) + 120
33  libbase.dylib                       0x00000001015ccfa8 base::sequence_manager::internal::ThreadControllerWithMessagePumpImpl::Run(bool, base::TimeDelta) + 684
34  libbase.dylib                       0x000000010155c2bc base::RunLoop::Run(base::Location const&) + 436
35  libcontent.dylib                    0x000000012013c974 content::BrowserMainLoop::RunMainMessageLoop() + 232
36  libcontent.dylib                    0x000000012013ee04 content::BrowserMainRunnerImpl::Run() + 140
37  libcontent.dylib                    0x0000000120139e78 content::BrowserMain(content::MainFunctionParams) + 132
38  libcontent.dylib                    0x000000012114d0a0 content::RunBrowserProcessMain(content::MainFunctionParams, content::ContentMainDelegate*) + 136
39  libcontent.dylib                    0x000000012114e840 content::ContentMainRunnerImpl::RunBrowser(content::MainFunctionParams, bool) + 1356
40  libcontent.dylib                    0x000000012114e290 content::ContentMainRunnerImpl::Run() + 792
41  libcontent.dylib                    0x000000012114c72c content::RunContentProcess(content::ContentMainParams, content::ContentMainRunner*) + 1012
42  libcontent.dylib                    0x000000012114c8f0 content::ContentMain(content::ContentMainParams) + 112
43  libchrome_dll.dylib                 0x000000010e69b184 ChromeMain + 388
44  AhoiBrowser                         0x00000001009386dc main + 292
45  dyld                                0x0000000195467e80 start + 6688
[end of stack trace]
[0926/104302.085205:WARNING:third_party/crashpad/crashpad/util/process/process_memory_mac.cc:94] mach_vm_read(0x16f4c4000, 0x8000): (os/kern) invalid address (1)
[0926/104303.417580:WARNING:third_party/crashpad/crashpad/util/numeric/in_range_cast.h:38] value -634136515 out of range
