objc[8658]: Class ANGLESwapCGLLayer is implemented in both /Applications/AhoiBrowser.app/Contents/Frameworks/libblink_modules.dylib (0x1425aca50) and /Applications/AhoiBrowser.app/Contents/Frameworks/libgl_init.dylib (0x127684a50). This may cause spurious casting failures and mysterious crashes. One of the duplicates must be removed or renamed.
objc[8658]: Class CrashpadHTTPBodyStreamTransport is implemented in both /Applications/AhoiBrowser.app/Contents/Frameworks/libbrowser_ui_views.dylib (0x110768188) and /Applications/AhoiBrowser.app/Contents/Frameworks/libchrome_dll.dylib (0x11727e430). This may cause spurious casting failures and mysterious crashes. One of the duplicates must be removed or renamed.
[8658:30098471:0926/004215.945208:ERROR:chrome/browser/mac/code_sign_clone_manager.mm:98] error removing quarantine attribute "/var/folders/zn/wn74lz2s2bsfp734gbqytmpr0000gn/X/"
[8658:30098471:0926/004215.974196:ERROR:chrome/browser/mac/code_sign_clone_manager.mm:98] error removing quarantine attribute "/var/folders/zn/wn74lz2s2bsfp734gbqytmpr0000gn/X/"

DevTools listening on ws://127.0.0.1:9379/devtools/browser/3401a948-8852-4824-9a55-f22ed58c6258
[8658:30098297:0926/004216.544173:ERROR:ahoi/browser/updater/sparkle_runtime_mac.mm:148] Ahoi updater disabled (fail closed): missing-feed-url
objc[8689]: Class ANGLESwapCGLLayer is implemented in both /Applications/AhoiBrowser.app/Contents/Frameworks/libblink_modules.dylib (0x141b50a50) and /Applications/AhoiBrowser.app/Contents/Frameworks/libgl_init.dylib (0x126c28a50). This may cause spurious casting failures and mysterious crashes. One of the duplicates must be removed or renamed.
objc[8689]: Class CrashpadHTTPBodyStreamTransport is implemented in both /Applications/AhoiBrowser.app/Contents/Frameworks/libbrowser_ui_views.dylib (0x10fe0c188) and /Applications/AhoiBrowser.app/Contents/Frameworks/libchrome_dll.dylib (0x116822430). This may cause spurious casting failures and mysterious crashes. One of the duplicates must be removed or renamed.
objc[8688]: Class ANGLESwapCGLLayer is implemented in both /Applications/AhoiBrowser.app/Contents/Frameworks/libblink_modules.dylib (0x142194a50) and /Applications/AhoiBrowser.app/Contents/Frameworks/libgl_init.dylib (0x12726ca50). This may cause spurious casting failures and mysterious crashes. One of the duplicates must be removed or renamed.
objc[8688]: Class CrashpadHTTPBodyStreamTransport is implemented in both /Applications/AhoiBrowser.app/Contents/Frameworks/libbrowser_ui_views.dylib (0x1102fc188) and /Applications/AhoiBrowser.app/Contents/Frameworks/libchrome_dll.dylib (0x116e66430). This may cause spurious casting failures and mysterious crashes. One of the duplicates must be removed or renamed.
objc[8694]: Class ANGLESwapCGLLayer is implemented in both /Applications/AhoiBrowser.app/Contents/Frameworks/libblink_modules.dylib (0x1437b0a50) and /Applications/AhoiBrowser.app/Contents/Frameworks/libgl_init.dylib (0x128888a50). This may cause spurious casting failures and mysterious crashes. One of the duplicates must be removed or renamed.
objc[8694]: Class CrashpadHTTPBodyStreamTransport is implemented in both /Applications/AhoiBrowser.app/Contents/Frameworks/libbrowser_ui_views.dylib (0x11f498188) and /Applications/AhoiBrowser.app/Contents/Frameworks/libchrome_dll.dylib (0x118482430). This may cause spurious casting failures and mysterious crashes. One of the duplicates must be removed or renamed.
objc[8693]: Class ANGLESwapCGLLayer is implemented in both /Applications/AhoiBrowser.app/Contents/Frameworks/libblink_modules.dylib (0x141c58a50) and /Applications/AhoiBrowser.app/Contents/Frameworks/libgl_init.dylib (0x126d30a50). This may cause spurious casting failures and mysterious crashes. One of the duplicates must be removed or renamed.
objc[8693]: Class CrashpadHTTPBodyStreamTransport is implemented in both /Applications/AhoiBrowser.app/Contents/Frameworks/libbrowser_ui_views.dylib (0x11d8a8188) and /Applications/AhoiBrowser.app/Contents/Frameworks/libchrome_dll.dylib (0x11692a430). This may cause spurious casting failures and mysterious crashes. One of the duplicates must be removed or renamed.
objc[8698]: Class ANGLESwapCGLLayer is implemented in both /Applications/AhoiBrowser.app/Contents/Frameworks/libblink_modules.dylib (0x14075ca50) and /Applications/AhoiBrowser.app/Contents/Frameworks/libgl_init.dylib (0x125834a50). This may cause spurious casting failures and mysterious crashes. One of the duplicates must be removed or renamed.
objc[8698]: Class CrashpadHTTPBodyStreamTransport is implemented in both /Applications/AhoiBrowser.app/Contents/Frameworks/libbrowser_ui_views.dylib (0x10e9ac188) and /Applications/AhoiBrowser.app/Contents/Frameworks/libchrome_dll.dylib (0x11542e430). This may cause spurious casting failures and mysterious crashes. One of the duplicates must be removed or renamed.
objc[8700]: Class ANGLESwapCGLLayer is implemented in both /Applications/AhoiBrowser.app/Contents/Frameworks/libblink_modules.dylib (0x142484a50) and /Applications/AhoiBrowser.app/Contents/Frameworks/libgl_init.dylib (0x12755ca50). This may cause spurious casting failures and mysterious crashes. One of the duplicates must be removed or renamed.
objc[8700]: Class CrashpadHTTPBodyStreamTransport is implemented in both /Applications/AhoiBrowser.app/Contents/Frameworks/libbrowser_ui_views.dylib (0x11e0d4188) and /Applications/AhoiBrowser.app/Contents/Frameworks/libchrome_dll.dylib (0x117156430). This may cause spurious casting failures and mysterious crashes. One of the duplicates must be removed or renamed.
objc[8701]: Class ANGLESwapCGLLayer is implemented in both /Applications/AhoiBrowser.app/Contents/Frameworks/libblink_modules.dylib (0x1405bca50) and /Applications/AhoiBrowser.app/Contents/Frameworks/libgl_init.dylib (0x125694a50). This may cause spurious casting failures and mysterious crashes. One of the duplicates must be removed or renamed.
objc[8701]: Class CrashpadHTTPBodyStreamTransport is implemented in both /Applications/AhoiBrowser.app/Contents/Frameworks/libbrowser_ui_views.dylib (0x10e80c188) and /Applications/AhoiBrowser.app/Contents/Frameworks/libchrome_dll.dylib (0x11528e430). This may cause spurious casting failures and mysterious crashes. One of the duplicates must be removed or renamed.
[8658:30098297:0926/004223.237664:ERROR:chrome/browser/ui/webui/ntp/new_tab_ui.cc:54] Requested load of chrome://newtab/ for incorrect profile type.
objc[8753]: Class ANGLESwapCGLLayer is implemented in both /Applications/AhoiBrowser.app/Contents/Frameworks/libblink_modules.dylib (0x13fc9ca50) and /Applications/AhoiBrowser.app/Contents/Frameworks/libgl_init.dylib (0x124d74a50). This may cause spurious casting failures and mysterious crashes. One of the duplicates must be removed or renamed.
objc[8753]: Class CrashpadHTTPBodyStreamTransport is implemented in both /Applications/AhoiBrowser.app/Contents/Frameworks/libbrowser_ui_views.dylib (0x11b984188) and /Applications/AhoiBrowser.app/Contents/Frameworks/libchrome_dll.dylib (0x11496e430). This may cause spurious casting failures and mysterious crashes. One of the duplicates must be removed or renamed.
objc[8756]: Class ANGLESwapCGLLayer is implemented in both /Applications/AhoiBrowser.app/Contents/Frameworks/libblink_modules.dylib (0x13fc4ca50) and /Applications/AhoiBrowser.app/Contents/Frameworks/libgl_init.dylib (0x124d24a50). This may cause spurious casting failures and mysterious crashes. One of the duplicates must be removed or renamed.
objc[8756]: Class CrashpadHTTPBodyStreamTransport is implemented in both /Applications/AhoiBrowser.app/Contents/Frameworks/libbrowser_ui_views.dylib (0x10de08188) and /Applications/AhoiBrowser.app/Contents/Frameworks/libchrome_dll.dylib (0x11491e430). This may cause spurious casting failures and mysterious crashes. One of the duplicates must be removed or renamed.
objc[8841]: Class ANGLESwapCGLLayer is implemented in both /Applications/AhoiBrowser.app/Contents/Frameworks/libblink_modules.dylib (0x13fbf0a50) and /Applications/AhoiBrowser.app/Contents/Frameworks/libgl_init.dylib (0x124cc8a50). This may cause spurious casting failures and mysterious crashes. One of the duplicates must be removed or renamed.
objc[8841]: Class CrashpadHTTPBodyStreamTransport is implemented in both /Applications/AhoiBrowser.app/Contents/Frameworks/libbrowser_ui_views.dylib (0x11b990188) and /Applications/AhoiBrowser.app/Contents/Frameworks/libchrome_dll.dylib (0x1148c2430). This may cause spurious casting failures and mysterious crashes. One of the duplicates must be removed or renamed.
[8688:30098678:0926/004238.156483:ERROR:components/viz/service/surfaces/surface_manager.cc:479] Old/orphaned temporary reference to SurfaceId(FrameSinkId[DelegatedFrameHost](6, 6), LocalSurfaceId(2, 3, C41B...))
[8688:30098678:0926/004238.159568:ERROR:components/viz/service/surfaces/surface_manager.cc:479] Old/orphaned temporary reference to SurfaceId(FrameSinkId[DelegatedFrameHost](6, 3), LocalSurfaceId(2, 3, D371...))
[8688:30098678:0926/004238.159649:ERROR:components/viz/service/surfaces/surface_manager.cc:479] Old/orphaned temporary reference to SurfaceId(FrameSinkId[DelegatedFrameHost](6, 6), LocalSurfaceId(2, 2, C41B...))
[8688:30098678:0926/004238.159697:ERROR:components/viz/service/surfaces/surface_manager.cc:479] Old/orphaned temporary reference to SurfaceId(FrameSinkId[DelegatedFrameHost](6, 3), LocalSurfaceId(2, 2, D371...))
[8658:30098297:0926/004253.935561:ERROR:base/process/kill_posix.cc:33] waitpid(8689): No child processes (10)
