objc[44535]: Class ANGLESwapCGLLayer is implemented in both /Applications/AhoiBrowser.app/Contents/Frameworks/libblink_modules.dylib (0x144924a50) and /Applications/AhoiBrowser.app/Contents/Frameworks/libgl_init.dylib (0x1299fca50). This may cause spurious casting failures and mysterious crashes. One of the duplicates must be removed or renamed.
objc[44535]: Class CrashpadHTTPBodyStreamTransport is implemented in both /Applications/AhoiBrowser.app/Contents/Frameworks/libbrowser_ui_views.dylib (0x112a88188) and /Applications/AhoiBrowser.app/Contents/Frameworks/libchrome_dll.dylib (0x1195ee430). This may cause spurious casting failures and mysterious crashes. One of the duplicates must be removed or renamed.
[44535:30756643:0926/015740.819775:ERROR:chrome/browser/mac/code_sign_clone_manager.mm:98] error removing quarantine attribute "/var/folders/zn/wn74lz2s2bsfp734gbqytmpr0000gn/X/"
[44535:30756643:0926/015740.853486:ERROR:chrome/browser/mac/code_sign_clone_manager.mm:98] error removing quarantine attribute "/var/folders/zn/wn74lz2s2bsfp734gbqytmpr0000gn/X/"

DevTools listening on ws://127.0.0.1:9379/devtools/browser/0f6f16e6-5ff5-4181-87e7-3823236825ff
[44535:30755938:0926/015741.642555:ERROR:ahoi/browser/updater/sparkle_runtime_mac.mm:148] Ahoi updater disabled (fail closed): missing-feed-url
objc[44695]: Class ANGLESwapCGLLayer is implemented in both /Applications/AhoiBrowser.app/Contents/Frameworks/libblink_modules.dylib (0x13fcc4a50) and /Applications/AhoiBrowser.app/Contents/Frameworks/libgl_init.dylib (0x124d9ca50). This may cause spurious casting failures and mysterious crashes. One of the duplicates must be removed or renamed.
objc[44695]: Class CrashpadHTTPBodyStreamTransport is implemented in both /Applications/AhoiBrowser.app/Contents/Frameworks/libbrowser_ui_views.dylib (0x10de94188) and /Applications/AhoiBrowser.app/Contents/Frameworks/libchrome_dll.dylib (0x11498e430). This may cause spurious casting failures and mysterious crashes. One of the duplicates must be removed or renamed.
objc[44694]: Class ANGLESwapCGLLayer is implemented in both /Applications/AhoiBrowser.app/Contents/Frameworks/libblink_modules.dylib (0x1444d0a50) and /Applications/AhoiBrowser.app/Contents/Frameworks/libgl_init.dylib (0x1295a8a50). This may cause spurious casting failures and mysterious crashes. One of the duplicates must be removed or renamed.
objc[44694]: Class CrashpadHTTPBodyStreamTransport is implemented in both /Applications/AhoiBrowser.app/Contents/Frameworks/libbrowser_ui_views.dylib (0x120c2c188) and /Applications/AhoiBrowser.app/Contents/Frameworks/libchrome_dll.dylib (0x11919a430). This may cause spurious casting failures and mysterious crashes. One of the duplicates must be removed or renamed.
objc[44696]: Class ANGLESwapCGLLayer is implemented in both /Applications/AhoiBrowser.app/Contents/Frameworks/libblink_modules.dylib (0x141e24a50) and /Applications/AhoiBrowser.app/Contents/Frameworks/libgl_init.dylib (0x126efca50). This may cause spurious casting failures and mysterious crashes. One of the duplicates must be removed or renamed.
objc[44696]: Class CrashpadHTTPBodyStreamTransport is implemented in both /Applications/AhoiBrowser.app/Contents/Frameworks/libbrowser_ui_views.dylib (0x11e580188) and /Applications/AhoiBrowser.app/Contents/Frameworks/libchrome_dll.dylib (0x116aee430). This may cause spurious casting failures and mysterious crashes. One of the duplicates must be removed or renamed.
objc[44697]: Class ANGLESwapCGLLayer is implemented in both /Applications/AhoiBrowser.app/Contents/Frameworks/libblink_modules.dylib (0x1400c8a50) and /Applications/AhoiBrowser.app/Contents/Frameworks/libgl_init.dylib (0x1251a0a50). This may cause spurious casting failures and mysterious crashes. One of the duplicates must be removed or renamed.
objc[44697]: Class CrashpadHTTPBodyStreamTransport is implemented in both /Applications/AhoiBrowser.app/Contents/Frameworks/libbrowser_ui_views.dylib (0x11bd64188) and /Applications/AhoiBrowser.app/Contents/Frameworks/libchrome_dll.dylib (0x114d92430). This may cause spurious casting failures and mysterious crashes. One of the duplicates must be removed or renamed.
objc[44701]: Class ANGLESwapCGLLayer is implemented in both /Applications/AhoiBrowser.app/Contents/Frameworks/libblink_modules.dylib (0x14254ca50) and /Applications/AhoiBrowser.app/Contents/Frameworks/libgl_init.dylib (0x127624a50). This may cause spurious casting failures and mysterious crashes. One of the duplicates must be removed or renamed.
objc[44701]: Class CrashpadHTTPBodyStreamTransport is implemented in both /Applications/AhoiBrowser.app/Contents/Frameworks/libbrowser_ui_views.dylib (0x1107f0188) and /Applications/AhoiBrowser.app/Contents/Frameworks/libchrome_dll.dylib (0x117216430). This may cause spurious casting failures and mysterious crashes. One of the duplicates must be removed or renamed.
objc[44704]: Class ANGLESwapCGLLayer is implemented in both /Applications/AhoiBrowser.app/Contents/Frameworks/libblink_modules.dylib (0x142a08a50) and /Applications/AhoiBrowser.app/Contents/Frameworks/libgl_init.dylib (0x127ae0a50). This may cause spurious casting failures and mysterious crashes. One of the duplicates must be removed or renamed.
objc[44704]: Class CrashpadHTTPBodyStreamTransport is implemented in both /Applications/AhoiBrowser.app/Contents/Frameworks/libbrowser_ui_views.dylib (0x110b38188) and /Applications/AhoiBrowser.app/Contents/Frameworks/libchrome_dll.dylib (0x1176d2430). This may cause spurious casting failures and mysterious crashes. One of the duplicates must be removed or renamed.
objc[44703]: Class ANGLESwapCGLLayer is implemented in both /Applications/AhoiBrowser.app/Contents/Frameworks/libblink_modules.dylib (0x143a64a50) and /Applications/AhoiBrowser.app/Contents/Frameworks/libgl_init.dylib (0x128b3ca50). This may cause spurious casting failures and mysterious crashes. One of the duplicates must be removed or renamed.
objc[44703]: Class CrashpadHTTPBodyStreamTransport is implemented in both /Applications/AhoiBrowser.app/Contents/Frameworks/libbrowser_ui_views.dylib (0x111bb4188) and /Applications/AhoiBrowser.app/Contents/Frameworks/libchrome_dll.dylib (0x11872e430). This may cause spurious casting failures and mysterious crashes. One of the duplicates must be removed or renamed.
objc[44896]: Class ANGLESwapCGLLayer is implemented in both /Applications/AhoiBrowser.app/Contents/Frameworks/libblink_modules.dylib (0x142084a50) and /Applications/AhoiBrowser.app/Contents/Frameworks/libgl_init.dylib (0x12715ca50). This may cause spurious casting failures and mysterious crashes. One of the duplicates must be removed or renamed.
objc[44896]: Class CrashpadHTTPBodyStreamTransport is implemented in both /Applications/AhoiBrowser.app/Contents/Frameworks/libbrowser_ui_views.dylib (0x11de24188) and /Applications/AhoiBrowser.app/Contents/Frameworks/libchrome_dll.dylib (0x116d4e430). This may cause spurious casting failures and mysterious crashes. One of the duplicates must be removed or renamed.
objc[44925]: Class ANGLESwapCGLLayer is implemented in both /Applications/AhoiBrowser.app/Contents/Frameworks/libblink_modules.dylib (0x13fcdca50) and /Applications/AhoiBrowser.app/Contents/Frameworks/libgl_init.dylib (0x124db4a50). This may cause spurious casting failures and mysterious crashes. One of the duplicates must be removed or renamed.
objc[44925]: Class CrashpadHTTPBodyStreamTransport is implemented in both /Applications/AhoiBrowser.app/Contents/Frameworks/libbrowser_ui_views.dylib (0x11b9c4188) and /Applications/AhoiBrowser.app/Contents/Frameworks/libchrome_dll.dylib (0x1149a6430). This may cause spurious casting failures and mysterious crashes. One of the duplicates must be removed or renamed.
objc[45009]: Class ANGLESwapCGLLayer is implemented in both /Applications/AhoiBrowser.app/Contents/Frameworks/libblink_modules.dylib (0x1427f8a50) and /Applications/AhoiBrowser.app/Contents/Frameworks/libgl_init.dylib (0x1278d0a50). This may cause spurious casting failures and mysterious crashes. One of the duplicates must be removed or renamed.
objc[45009]: Class CrashpadHTTPBodyStreamTransport is implemented in both /Applications/AhoiBrowser.app/Contents/Frameworks/libbrowser_ui_views.dylib (0x110a04188) and /Applications/AhoiBrowser.app/Contents/Frameworks/libchrome_dll.dylib (0x1174c2430). This may cause spurious casting failures and mysterious crashes. One of the duplicates must be removed or renamed.
objc[45119]: Class ANGLESwapCGLLayer is implemented in both /Applications/AhoiBrowser.app/Contents/Frameworks/libblink_modules.dylib (0x143980a50) and /Applications/AhoiBrowser.app/Contents/Frameworks/libgl_init.dylib (0x128a58a50). This may cause spurious casting failures and mysterious crashes. One of the duplicates must be removed or renamed.
objc[45119]: Class CrashpadHTTPBodyStreamTransport is implemented in both /Applications/AhoiBrowser.app/Contents/Frameworks/libbrowser_ui_views.dylib (0x11f668188) and /Applications/AhoiBrowser.app/Contents/Frameworks/libchrome_dll.dylib (0x11864a430). This may cause spurious casting failures and mysterious crashes. One of the duplicates must be removed or renamed.
[44694:30757156:0926/015806.104102:ERROR:components/viz/service/surfaces/surface_manager.cc:479] Old/orphaned temporary reference to SurfaceId(FrameSinkId[DelegatedFrameHost](6, 6), LocalSurfaceId(2, 3, 7B47...))
[44694:30757156:0926/015806.104390:ERROR:components/viz/service/surfaces/surface_manager.cc:479] Old/orphaned temporary reference to SurfaceId(FrameSinkId[DelegatedFrameHost](6, 6), LocalSurfaceId(2, 2, 7B47...))
[44694:30757156:0926/015806.104404:ERROR:components/viz/service/surfaces/surface_manager.cc:479] Old/orphaned temporary reference to SurfaceId(FrameSinkId[DelegatedFrameHost](6, 3), LocalSurfaceId(2, 3, 68F9...))
[44694:30757156:0926/015806.104412:ERROR:components/viz/service/surfaces/surface_manager.cc:479] Old/orphaned temporary reference to SurfaceId(FrameSinkId[DelegatedFrameHost](6, 3), LocalSurfaceId(2, 2, 68F9...))
[44694:30757156:0926/015816.104373:ERROR:components/viz/service/surfaces/surface_manager.cc:479] Old/orphaned temporary reference to SurfaceId(FrameSinkId[DelegatedFrameHost](6, 6), LocalSurfaceId(3, 4, 7B47...))
[44694:30757156:0926/015816.104414:ERROR:components/viz/service/surfaces/surface_manager.cc:479] Old/orphaned temporary reference to SurfaceId(FrameSinkId[DelegatedFrameHost](6, 6), LocalSurfaceId(3, 3, 7B47...))
[44694:30757156:0926/015816.104423:ERROR:components/viz/service/surfaces/surface_manager.cc:479] Old/orphaned temporary reference to SurfaceId(FrameSinkId[DelegatedFrameHost](6, 3), LocalSurfaceId(3, 5, 68F9...))
[44694:30757156:0926/015816.104430:ERROR:components/viz/service/surfaces/surface_manager.cc:479] Old/orphaned temporary reference to SurfaceId(FrameSinkId[DelegatedFrameHost](6, 3), LocalSurfaceId(3, 4, 68F9...))
[44535:30755938:0926/015829.314999:ERROR:base/process/kill_posix.cc:33] waitpid(44695): No child processes (10)
