objc[23452]: Class ANGLESwapCGLLayer is implemented in both /Applications/AhoiBrowser.app/Contents/Frameworks/libblink_modules.dylib (0x13fabca50) and /Applications/AhoiBrowser.app/Contents/Frameworks/libgl_init.dylib (0x124b94a50). This may cause spurious casting failures and mysterious crashes. One of the duplicates must be removed or renamed.
objc[23452]: Class CrashpadHTTPBodyStreamTransport is implemented in both /Applications/AhoiBrowser.app/Contents/Frameworks/libbrowser_ui_views.dylib (0x10dbb0188) and /Applications/AhoiBrowser.app/Contents/Frameworks/libchrome_dll.dylib (0x11478e430). This may cause spurious casting failures and mysterious crashes. One of the duplicates must be removed or renamed.
[23452:30167688:0926/005721.337354:ERROR:chrome/browser/mac/code_sign_clone_manager.mm:98] error removing quarantine attribute "/var/folders/zn/wn74lz2s2bsfp734gbqytmpr0000gn/X/"
[23452:30167688:0926/005721.361087:ERROR:chrome/browser/mac/code_sign_clone_manager.mm:98] error removing quarantine attribute "/var/folders/zn/wn74lz2s2bsfp734gbqytmpr0000gn/X/"
[23452:30166833:0926/005721.488144:WARNING:chrome/browser/signin/account_consistency_mode_manager.cc:74] Desktop Identity Consistency cannot be enabled as no OAuth client ID and client secret have been configured.

DevTools listening on ws://127.0.0.1:9345/devtools/browser/8e740f6b-2e6c-4bad-8d23-e8b7d5c9ef06
[23452:30166833:0926/005721.950569:VERBOSE1:ahoi/browser/navigation/keyboard_shortcut_registration.cc:57] Ahoi shortcut registered: alt+9
[23452:30166833:0926/005721.950608:VERBOSE1:ahoi/browser/navigation/keyboard_shortcut_registration.cc:57] Ahoi shortcut registered: cmd+alt+37
[23452:30166833:0926/005721.950617:VERBOSE1:ahoi/browser/navigation/keyboard_shortcut_registration.cc:57] Ahoi shortcut registered: cmd+alt+39
[23452:30166833:0926/005721.950623:VERBOSE1:ahoi/browser/navigation/keyboard_shortcut_registration.cc:57] Ahoi shortcut registered: ctrl+49
[23452:30166833:0926/005721.950629:VERBOSE1:ahoi/browser/navigation/keyboard_shortcut_registration.cc:57] Ahoi shortcut registered: ctrl+50
[23452:30166833:0926/005721.950634:VERBOSE1:ahoi/browser/navigation/keyboard_shortcut_registration.cc:57] Ahoi shortcut registered: ctrl+51
[23452:30166833:0926/005721.950639:VERBOSE1:ahoi/browser/navigation/keyboard_shortcut_registration.cc:57] Ahoi shortcut registered: ctrl+52
[23452:30166833:0926/005721.950645:VERBOSE1:ahoi/browser/navigation/keyboard_shortcut_registration.cc:57] Ahoi shortcut registered: ctrl+53
[23452:30166833:0926/005721.950650:VERBOSE1:ahoi/browser/navigation/keyboard_shortcut_registration.cc:57] Ahoi shortcut registered: ctrl+54
[23452:30166833:0926/005721.950655:VERBOSE1:ahoi/browser/navigation/keyboard_shortcut_registration.cc:57] Ahoi shortcut registered: ctrl+55
[23452:30166833:0926/005721.950660:VERBOSE1:ahoi/browser/navigation/keyboard_shortcut_registration.cc:57] Ahoi shortcut registered: ctrl+56
[23452:30166833:0926/005721.950665:VERBOSE1:ahoi/browser/navigation/keyboard_shortcut_registration.cc:57] Ahoi shortcut registered: ctrl+57
[23452:30166833:0926/005721.950670:VERBOSE1:ahoi/browser/navigation/keyboard_shortcut_registration.cc:57] Ahoi shortcut registered: cmd+shift+83
[23452:30166833:0926/005721.950676:VERBOSE1:ahoi/browser/navigation/keyboard_shortcut_registration.cc:57] Ahoi shortcut registered: cmd+shift+72
[23452:30166833:0926/005721.950681:VERBOSE1:ahoi/browser/navigation/keyboard_shortcut_registration.cc:57] Ahoi shortcut registered: cmd+shift+70
[23452:30166833:0926/005721.950685:VERBOSE1:ahoi/browser/navigation/keyboard_shortcut_registration.cc:57] Ahoi shortcut registered: cmd+ctrl+49
[23452:30166833:0926/005721.950690:VERBOSE1:ahoi/browser/navigation/keyboard_shortcut_registration.cc:57] Ahoi shortcut registered: cmd+ctrl+50
[23452:30166833:0926/005721.950695:VERBOSE1:ahoi/browser/navigation/keyboard_shortcut_registration.cc:57] Ahoi shortcut registered: cmd+ctrl+51
[23452:30166833:0926/005721.950701:VERBOSE1:ahoi/browser/navigation/keyboard_shortcut_registration.cc:57] Ahoi shortcut registered: cmd+ctrl+52
[23452:30166833:0926/005721.950706:VERBOSE1:ahoi/browser/navigation/keyboard_shortcut_registration.cc:57] Ahoi shortcut registered: cmd+ctrl+shift+37
[23452:30166833:0926/005721.950720:VERBOSE1:ahoi/browser/navigation/keyboard_shortcut_registration.cc:57] Ahoi shortcut registered: cmd+ctrl+shift+39
[23452:30166833:0926/005721.950725:VERBOSE1:ahoi/browser/navigation/keyboard_shortcut_registration.cc:57] Ahoi shortcut registered: cmd+ctrl+37
[23452:30166833:0926/005721.950729:VERBOSE1:ahoi/browser/navigation/keyboard_shortcut_registration.cc:57] Ahoi shortcut registered: cmd+ctrl+39
[23452:30166833:0926/005721.950734:VERBOSE1:ahoi/browser/navigation/keyboard_shortcut_registration.cc:57] Ahoi shortcut registered: cmd+ctrl+76
[23452:30166833:0926/005721.950738:VERBOSE1:ahoi/browser/navigation/keyboard_shortcut_registration.cc:57] Ahoi shortcut registered: cmd+ctrl+48
[23452:30166833:0926/005721.950743:VERBOSE1:ahoi/browser/navigation/keyboard_shortcut_registration.cc:57] Ahoi shortcut registered: cmd+ctrl+87
[23452:30166833:0926/005722.111591:ERROR:ahoi/browser/updater/sparkle_runtime_mac.mm:148] Ahoi updater disabled (fail closed): missing-feed-url
objc[23602]: Class ANGLESwapCGLLayer is implemented in both /Applications/AhoiBrowser.app/Contents/Frameworks/libblink_modules.dylib (0x1449b4a50) and /Applications/AhoiBrowser.app/Contents/Frameworks/libgl_init.dylib (0x129a8ca50). This may cause spurious casting failures and mysterious crashes. One of the duplicates must be removed or renamed.
objc[23602]: Class CrashpadHTTPBodyStreamTransport is implemented in both /Applications/AhoiBrowser.app/Contents/Frameworks/libbrowser_ui_views.dylib (0x112afc188) and /Applications/AhoiBrowser.app/Contents/Frameworks/libchrome_dll.dylib (0x119686430). This may cause spurious casting failures and mysterious crashes. One of the duplicates must be removed or renamed.
objc[23605]: Class ANGLESwapCGLLayer is implemented in both /Applications/AhoiBrowser.app/Contents/Frameworks/libblink_modules.dylib (0x141d20a50) and /Applications/AhoiBrowser.app/Contents/Frameworks/libgl_init.dylib (0x126df8a50). This may cause spurious casting failures and mysterious crashes. One of the duplicates must be removed or renamed.
objc[23605]: Class CrashpadHTTPBodyStreamTransport is implemented in both /Applications/AhoiBrowser.app/Contents/Frameworks/libbrowser_ui_views.dylib (0x11e3f4188) and /Applications/AhoiBrowser.app/Contents/Frameworks/libchrome_dll.dylib (0x1169f2430). This may cause spurious casting failures and mysterious crashes. One of the duplicates must be removed or renamed.
objc[23592]: Class ANGLESwapCGLLayer is implemented in both /Applications/AhoiBrowser.app/Contents/Frameworks/libblink_modules.dylib (0x141fb8a50) and /Applications/AhoiBrowser.app/Contents/Frameworks/libgl_init.dylib (0x127090a50). This may cause spurious casting failures and mysterious crashes. One of the duplicates must be removed or renamed.
objc[23592]: Class CrashpadHTTPBodyStreamTransport is implemented in both /Applications/AhoiBrowser.app/Contents/Frameworks/libbrowser_ui_views.dylib (0x11e050188) and /Applications/AhoiBrowser.app/Contents/Frameworks/libchrome_dll.dylib (0x116c8a430). This may cause spurious casting failures and mysterious crashes. One of the duplicates must be removed or renamed.
objc[23588]: Class ANGLESwapCGLLayer is implemented in both /Applications/AhoiBrowser.app/Contents/Frameworks/libblink_modules.dylib (0x141a38a50) and /Applications/AhoiBrowser.app/Contents/Frameworks/libgl_init.dylib (0x126b10a50). This may cause spurious casting failures and mysterious crashes. One of the duplicates must be removed or renamed.
objc[23588]: Class CrashpadHTTPBodyStreamTransport is implemented in both /Applications/AhoiBrowser.app/Contents/Frameworks/libbrowser_ui_views.dylib (0x11d720188) and /Applications/AhoiBrowser.app/Contents/Frameworks/libchrome_dll.dylib (0x11670a430). This may cause spurious casting failures and mysterious crashes. One of the duplicates must be removed or renamed.
objc[23603]: Class ANGLESwapCGLLayer is implemented in both /Applications/AhoiBrowser.app/Contents/Frameworks/libblink_modules.dylib (0x1424a8a50) and /Applications/AhoiBrowser.app/Contents/Frameworks/libgl_init.dylib (0x127580a50). This may cause spurious casting failures and mysterious crashes. One of the duplicates must be removed or renamed.
objc[23603]: Class CrashpadHTTPBodyStreamTransport is implemented in both /Applications/AhoiBrowser.app/Contents/Frameworks/libbrowser_ui_views.dylib (0x11e144188) and /Applications/AhoiBrowser.app/Contents/Frameworks/libchrome_dll.dylib (0x11717a430). This may cause spurious casting failures and mysterious crashes. One of the duplicates must be removed or renamed.
objc[23614]: Class ANGLESwapCGLLayer is implemented in both /Applications/AhoiBrowser.app/Contents/Frameworks/libblink_modules.dylib (0x13fa68a50) and /Applications/AhoiBrowser.app/Contents/Frameworks/libgl_init.dylib (0x124b40a50). This may cause spurious casting failures and mysterious crashes. One of the duplicates must be removed or renamed.
objc[23614]: Class CrashpadHTTPBodyStreamTransport is implemented in both /Applications/AhoiBrowser.app/Contents/Frameworks/libbrowser_ui_views.dylib (0x10dd24188) and /Applications/AhoiBrowser.app/Contents/Frameworks/libchrome_dll.dylib (0x11473a430). This may cause spurious casting failures and mysterious crashes. One of the duplicates must be removed or renamed.
objc[23613]: Class ANGLESwapCGLLayer is implemented in both /Applications/AhoiBrowser.app/Contents/Frameworks/libblink_modules.dylib (0x142450a50) and /Applications/AhoiBrowser.app/Contents/Frameworks/libgl_init.dylib (0x127528a50). This may cause spurious casting failures and mysterious crashes. One of the duplicates must be removed or renamed.
objc[23613]: Class CrashpadHTTPBodyStreamTransport is implemented in both /Applications/AhoiBrowser.app/Contents/Frameworks/libbrowser_ui_views.dylib (0x11e0ec188) and /Applications/AhoiBrowser.app/Contents/Frameworks/libchrome_dll.dylib (0x117122430). This may cause spurious casting failures and mysterious crashes. One of the duplicates must be removed or renamed.
objc[23814]: Class ANGLESwapCGLLayer is implemented in both /Applications/AhoiBrowser.app/Contents/Frameworks/libblink_modules.dylib (0x1406c8a50) and /Applications/AhoiBrowser.app/Contents/Frameworks/libgl_init.dylib (0x1257a0a50). This may cause spurious casting failures and mysterious crashes. One of the duplicates must be removed or renamed.
objc[23814]: Class CrashpadHTTPBodyStreamTransport is implemented in both /Applications/AhoiBrowser.app/Contents/Frameworks/libbrowser_ui_views.dylib (0x10e984188) and /Applications/AhoiBrowser.app/Contents/Frameworks/libchrome_dll.dylib (0x11539a430). This may cause spurious casting failures and mysterious crashes. One of the duplicates must be removed or renamed.
objc[26445]: Class ANGLESwapCGLLayer is implemented in both /Applications/AhoiBrowser.app/Contents/Frameworks/libblink_modules.dylib (0x14041ca50) and /Applications/AhoiBrowser.app/Contents/Frameworks/libgl_init.dylib (0x1254f4a50). This may cause spurious casting failures and mysterious crashes. One of the duplicates must be removed or renamed.
objc[26445]: Class CrashpadHTTPBodyStreamTransport is implemented in both /Applications/AhoiBrowser.app/Contents/Frameworks/libbrowser_ui_views.dylib (0x11c0b8188) and /Applications/AhoiBrowser.app/Contents/Frameworks/libchrome_dll.dylib (0x1150ee430). This may cause spurious casting failures and mysterious crashes. One of the duplicates must be removed or renamed.
objc[26998]: Class ANGLESwapCGLLayer is implemented in both /Applications/AhoiBrowser.app/Contents/Frameworks/libblink_modules.dylib (0x143890a50) and /Applications/AhoiBrowser.app/Contents/Frameworks/libgl_init.dylib (0x128968a50). This may cause spurious casting failures and mysterious crashes. One of the duplicates must be removed or renamed.
objc[26998]: Class CrashpadHTTPBodyStreamTransport is implemented in both /Applications/AhoiBrowser.app/Contents/Frameworks/libbrowser_ui_views.dylib (0x11f4e0188) and /Applications/AhoiBrowser.app/Contents/Frameworks/libchrome_dll.dylib (0x118562430). This may cause spurious casting failures and mysterious crashes. One of the duplicates must be removed or renamed.
objc[27705]: Class ANGLESwapCGLLayer is implemented in both /Applications/AhoiBrowser.app/Contents/Frameworks/libblink_modules.dylib (0x142524a50) and /Applications/AhoiBrowser.app/Contents/Frameworks/libgl_init.dylib (0x1275fca50). This may cause spurious casting failures and mysterious crashes. One of the duplicates must be removed or renamed.
objc[27705]: Class CrashpadHTTPBodyStreamTransport is implemented in both /Applications/AhoiBrowser.app/Contents/Frameworks/libbrowser_ui_views.dylib (0x11ebf8188) and /Applications/AhoiBrowser.app/Contents/Frameworks/libchrome_dll.dylib (0x1171f6430). This may cause spurious casting failures and mysterious crashes. One of the duplicates must be removed or renamed.
objc[27933]: Class ANGLESwapCGLLayer is implemented in both /Applications/AhoiBrowser.app/Contents/Frameworks/libblink_modules.dylib (0x1440c0a50) and /Applications/AhoiBrowser.app/Contents/Frameworks/libgl_init.dylib (0x129198a50). This may cause spurious casting failures and mysterious crashes. One of the duplicates must be removed or renamed.
objc[27933]: Class CrashpadHTTPBodyStreamTransport is implemented in both /Applications/AhoiBrowser.app/Contents/Frameworks/libbrowser_ui_views.dylib (0x120794188) and /Applications/AhoiBrowser.app/Contents/Frameworks/libchrome_dll.dylib (0x118d92430). This may cause spurious casting failures and mysterious crashes. One of the duplicates must be removed or renamed.
objc[27955]: Class ANGLESwapCGLLayer is implemented in both /Applications/AhoiBrowser.app/Contents/Frameworks/libblink_modules.dylib (0x13fdbca50) and /Applications/AhoiBrowser.app/Contents/Frameworks/libgl_init.dylib (0x124e94a50). This may cause spurious casting failures and mysterious crashes. One of the duplicates must be removed or renamed.
objc[27955]: Class CrashpadHTTPBodyStreamTransport is implemented in both /Applications/AhoiBrowser.app/Contents/Frameworks/libbrowser_ui_views.dylib (0x11bedc188) and /Applications/AhoiBrowser.app/Contents/Frameworks/libchrome_dll.dylib (0x114a8e430). This may cause spurious casting failures and mysterious crashes. One of the duplicates must be removed or renamed.
objc[27984]: Class ANGLESwapCGLLayer is implemented in both /Applications/AhoiBrowser.app/Contents/Frameworks/libblink_modules.dylib (0x1445f4a50) and /Applications/AhoiBrowser.app/Contents/Frameworks/libgl_init.dylib (0x1296cca50). This may cause spurious casting failures and mysterious crashes. One of the duplicates must be removed or renamed.
objc[27984]: Class CrashpadHTTPBodyStreamTransport is implemented in both /Applications/AhoiBrowser.app/Contents/Frameworks/libbrowser_ui_views.dylib (0x1202dc188) and /Applications/AhoiBrowser.app/Contents/Frameworks/libchrome_dll.dylib (0x1192c6430). This may cause spurious casting failures and mysterious crashes. One of the duplicates must be removed or renamed.
objc[27989]: Class ANGLESwapCGLLayer is implemented in both /Applications/AhoiBrowser.app/Contents/Frameworks/libblink_modules.dylib (0x1426b8a50) and /Applications/AhoiBrowser.app/Contents/Frameworks/libgl_init.dylib (0x127790a50). This may cause spurious casting failures and mysterious crashes. One of the duplicates must be removed or renamed.
objc[27989]: Class CrashpadHTTPBodyStreamTransport is implemented in both /Applications/AhoiBrowser.app/Contents/Frameworks/libbrowser_ui_views.dylib (0x11e354188) and /Applications/AhoiBrowser.app/Contents/Frameworks/libchrome_dll.dylib (0x11738a430). This may cause spurious casting failures and mysterious crashes. One of the duplicates must be removed or renamed.
[23452:30166833:0926/005835.440058:VERBOSE1:ahoi/browser/navigation/keyboard_shortcut_registration.cc:51] Ahoi shortcut unregistered: alt+9
[23452:30166833:0926/005835.440142:VERBOSE1:ahoi/browser/navigation/keyboard_shortcut_registration.cc:57] Ahoi shortcut registered: cmd+alt+75
[23452:30166833:0926/005845.696328:VERBOSE1:ahoi/browser/session/session_bridge_session.cc:468] Ahoi last-used tab: index 0 tracked=1 same_model=1 workspace=83699047-edf8-580d-948d-9c37acc35cb6 active=83699047-edf8-580d-948d-9c37acc35cb6
[23452:30166833:0926/005845.696373:VERBOSE1:ahoi/browser/session/session_bridge_session.cc:468] Ahoi last-used tab: index 1 tracked=1 same_model=1 workspace=83699047-edf8-580d-948d-9c37acc35cb6 active=83699047-edf8-580d-948d-9c37acc35cb6
[23452:30166833:0926/005845.696380:VERBOSE1:ahoi/browser/session/session_bridge_session.cc:468] Ahoi last-used tab: index 2 tracked=1 same_model=1 workspace=83699047-edf8-580d-948d-9c37acc35cb6 active=83699047-edf8-580d-948d-9c37acc35cb6
[23452:30166833:0926/005845.696384:VERBOSE1:ahoi/browser/session/session_bridge_session.cc:468] Ahoi last-used tab: index 3 tracked=1 same_model=1 workspace=83699047-edf8-580d-948d-9c37acc35cb6 active=83699047-edf8-580d-948d-9c37acc35cb6
[23452:30166833:0926/005845.696388:VERBOSE1:ahoi/browser/session/session_bridge_session.cc:468] Ahoi last-used tab: index 4 tracked=1 same_model=1 workspace=5891dd36-baaa-43f3-bafd-284f5d7b9348 active=83699047-edf8-580d-948d-9c37acc35cb6
[23452:30166833:0926/005845.696392:VERBOSE1:ahoi/browser/session/session_bridge_session.cc:468] Ahoi last-used tab: index 5 tracked=1 same_model=1 workspace=83699047-edf8-580d-948d-9c37acc35cb6 active=83699047-edf8-580d-948d-9c37acc35cb6
[23452:30166833:0926/005845.696397:VERBOSE1:ahoi/browser/session/session_bridge_session.cc:488] Ahoi last-used tab: mru=6 eligible=5 target=1
[23452:30166833:0926/005845.702992:VERBOSE1:chrome/browser/ui/views/frame/browser_view.cc:6121] Ahoi shortcut tab.last-used handled
objc[28142]: Class ANGLESwapCGLLayer is implemented in both /Applications/AhoiBrowser.app/Contents/Frameworks/libblink_modules.dylib (0x141cb0a50) and /Applications/AhoiBrowser.app/Contents/Frameworks/libgl_init.dylib (0x126d88a50). This may cause spurious casting failures and mysterious crashes. One of the duplicates must be removed or renamed.
objc[28142]: Class CrashpadHTTPBodyStreamTransport is implemented in both /Applications/AhoiBrowser.app/Contents/Frameworks/libbrowser_ui_views.dylib (0x11d878188) and /Applications/AhoiBrowser.app/Contents/Frameworks/libchrome_dll.dylib (0x116982430). This may cause spurious casting failures and mysterious crashes. One of the duplicates must be removed or renamed.
[23452:30166833:0926/005849.106866:ERROR:base/process/kill_posix.cc:33] waitpid(23592): No child processes (10)
objc[28885]: Class ANGLESwapCGLLayer is implemented in both /Applications/AhoiBrowser.app/Contents/Frameworks/libblink_modules.dylib (0x14025ca50) and /Applications/AhoiBrowser.app/Contents/Frameworks/libgl_init.dylib (0x125334a50). This may cause spurious casting failures and mysterious crashes. One of the duplicates must be removed or renamed.
objc[28885]: Class CrashpadHTTPBodyStreamTransport is implemented in both /Applications/AhoiBrowser.app/Contents/Frameworks/libbrowser_ui_views.dylib (0x10e3d8188) and /Applications/AhoiBrowser.app/Contents/Frameworks/libchrome_dll.dylib (0x114f2e430). This may cause spurious casting failures and mysterious crashes. One of the duplicates must be removed or renamed.
[28885:30184351:0926/005851.906964:ERROR:chrome/browser/mac/code_sign_clone_manager.mm:98] error removing quarantine attribute "/var/folders/zn/wn74lz2s2bsfp734gbqytmpr0000gn/X/"
[28885:30184351:0926/005851.936184:ERROR:chrome/browser/mac/code_sign_clone_manager.mm:98] error removing quarantine attribute "/var/folders/zn/wn74lz2s2bsfp734gbqytmpr0000gn/X/"
[28885:30184239:0926/005851.953158:WARNING:chrome/browser/signin/account_consistency_mode_manager.cc:74] Desktop Identity Consistency cannot be enabled as no OAuth client ID and client secret have been configured.

DevTools listening on ws://127.0.0.1:9345/devtools/browser/cbbab031-07d1-442d-8eeb-46af2d22f024
[28885:30184239:0926/005852.114317:VERBOSE1:ahoi/browser/navigation/keyboard_shortcut_registration.cc:57] Ahoi shortcut registered: cmd+alt+75
[28885:30184239:0926/005852.114349:VERBOSE1:ahoi/browser/navigation/keyboard_shortcut_registration.cc:57] Ahoi shortcut registered: cmd+alt+37
[28885:30184239:0926/005852.114359:VERBOSE1:ahoi/browser/navigation/keyboard_shortcut_registration.cc:57] Ahoi shortcut registered: cmd+alt+39
[28885:30184239:0926/005852.114376:VERBOSE1:ahoi/browser/navigation/keyboard_shortcut_registration.cc:57] Ahoi shortcut registered: ctrl+49
[28885:30184239:0926/005852.114381:VERBOSE1:ahoi/browser/navigation/keyboard_shortcut_registration.cc:57] Ahoi shortcut registered: ctrl+50
[28885:30184239:0926/005852.114388:VERBOSE1:ahoi/browser/navigation/keyboard_shortcut_registration.cc:57] Ahoi shortcut registered: ctrl+51
[28885:30184239:0926/005852.114393:VERBOSE1:ahoi/browser/navigation/keyboard_shortcut_registration.cc:57] Ahoi shortcut registered: ctrl+52
[28885:30184239:0926/005852.114398:VERBOSE1:ahoi/browser/navigation/keyboard_shortcut_registration.cc:57] Ahoi shortcut registered: ctrl+53
[28885:30184239:0926/005852.114402:VERBOSE1:ahoi/browser/navigation/keyboard_shortcut_registration.cc:57] Ahoi shortcut registered: ctrl+54
[28885:30184239:0926/005852.114406:VERBOSE1:ahoi/browser/navigation/keyboard_shortcut_registration.cc:57] Ahoi shortcut registered: ctrl+55
[28885:30184239:0926/005852.114409:VERBOSE1:ahoi/browser/navigation/keyboard_shortcut_registration.cc:57] Ahoi shortcut registered: ctrl+56
[28885:30184239:0926/005852.114413:VERBOSE1:ahoi/browser/navigation/keyboard_shortcut_registration.cc:57] Ahoi shortcut registered: ctrl+57
[28885:30184239:0926/005852.114417:VERBOSE1:ahoi/browser/navigation/keyboard_shortcut_registration.cc:57] Ahoi shortcut registered: cmd+shift+83
[28885:30184239:0926/005852.114421:VERBOSE1:ahoi/browser/navigation/keyboard_shortcut_registration.cc:57] Ahoi shortcut registered: cmd+shift+72
[28885:30184239:0926/005852.114424:VERBOSE1:ahoi/browser/navigation/keyboard_shortcut_registration.cc:57] Ahoi shortcut registered: cmd+shift+70
[28885:30184239:0926/005852.114428:VERBOSE1:ahoi/browser/navigation/keyboard_shortcut_registration.cc:57] Ahoi shortcut registered: cmd+ctrl+49
[28885:30184239:0926/005852.114431:VERBOSE1:ahoi/browser/navigation/keyboard_shortcut_registration.cc:57] Ahoi shortcut registered: cmd+ctrl+50
[28885:30184239:0926/005852.114435:VERBOSE1:ahoi/browser/navigation/keyboard_shortcut_registration.cc:57] Ahoi shortcut registered: cmd+ctrl+51
[28885:30184239:0926/005852.114439:VERBOSE1:ahoi/browser/navigation/keyboard_shortcut_registration.cc:57] Ahoi shortcut registered: cmd+ctrl+52
[28885:30184239:0926/005852.114442:VERBOSE1:ahoi/browser/navigation/keyboard_shortcut_registration.cc:57] Ahoi shortcut registered: cmd+ctrl+shift+37
[28885:30184239:0926/005852.114446:VERBOSE1:ahoi/browser/navigation/keyboard_shortcut_registration.cc:57] Ahoi shortcut registered: cmd+ctrl+shift+39
[28885:30184239:0926/005852.114450:VERBOSE1:ahoi/browser/navigation/keyboard_shortcut_registration.cc:57] Ahoi shortcut registered: cmd+ctrl+37
[28885:30184239:0926/005852.114453:VERBOSE1:ahoi/browser/navigation/keyboard_shortcut_registration.cc:57] Ahoi shortcut registered: cmd+ctrl+39
[28885:30184239:0926/005852.114457:VERBOSE1:ahoi/browser/navigation/keyboard_shortcut_registration.cc:57] Ahoi shortcut registered: cmd+ctrl+76
[28885:30184239:0926/005852.114460:VERBOSE1:ahoi/browser/navigation/keyboard_shortcut_registration.cc:57] Ahoi shortcut registered: cmd+ctrl+48
[28885:30184239:0926/005852.114464:VERBOSE1:ahoi/browser/navigation/keyboard_shortcut_registration.cc:57] Ahoi shortcut registered: cmd+ctrl+87
[28885:30184239:0926/005852.224277:ERROR:ahoi/browser/updater/sparkle_runtime_mac.mm:148] Ahoi updater disabled (fail closed): missing-feed-url
objc[28901]: Class ANGLESwapCGLLayer is implemented in both /Applications/AhoiBrowser.app/Contents/Frameworks/libblink_modules.dylib (0x142008a50) and /Applications/AhoiBrowser.app/Contents/Frameworks/libgl_init.dylib (0x1270e0a50). This may cause spurious casting failures and mysterious crashes. One of the duplicates must be removed or renamed.
objc[28901]: Class CrashpadHTTPBodyStreamTransport is implemented in both /Applications/AhoiBrowser.app/Contents/Frameworks/libbrowser_ui_views.dylib (0x110170188) and /Applications/AhoiBrowser.app/Contents/Frameworks/libchrome_dll.dylib (0x116cda430). This may cause spurious casting failures and mysterious crashes. One of the duplicates must be removed or renamed.
objc[28903]: Class ANGLESwapCGLLayer is implemented in both /Applications/AhoiBrowser.app/Contents/Frameworks/libblink_modules.dylib (0x1407d4a50) and /Applications/AhoiBrowser.app/Contents/Frameworks/libgl_init.dylib (0x1258aca50). This may cause spurious casting failures and mysterious crashes. One of the duplicates must be removed or renamed.
objc[28902]: Class ANGLESwapCGLLayer is implemented in both /Applications/AhoiBrowser.app/Contents/Frameworks/libblink_modules.dylib (0x14229ca50) and /Applications/AhoiBrowser.app/Contents/Frameworks/libgl_init.dylib (0x127374a50). This may cause spurious casting failures and mysterious crashes. One of the duplicates must be removed or renamed.
objc[28903]: Class CrashpadHTTPBodyStreamTransport is implemented in both /Applications/AhoiBrowser.app/Contents/Frameworks/libbrowser_ui_views.dylib (0x11cea8188) and /Applications/AhoiBrowser.app/Contents/Frameworks/libchrome_dll.dylib (0x1154a6430). This may cause spurious casting failures and mysterious crashes. One of the duplicates must be removed or renamed.
objc[28902]: Class CrashpadHTTPBodyStreamTransport is implemented in both /Applications/AhoiBrowser.app/Contents/Frameworks/libbrowser_ui_views.dylib (0x11df38188) and /Applications/AhoiBrowser.app/Contents/Frameworks/libchrome_dll.dylib (0x116f6e430). This may cause spurious casting failures and mysterious crashes. One of the duplicates must be removed or renamed.
objc[28904]: Class ANGLESwapCGLLayer is implemented in both /Applications/AhoiBrowser.app/Contents/Frameworks/libblink_modules.dylib (0x14246ca50) and /Applications/AhoiBrowser.app/Contents/Frameworks/libgl_init.dylib (0x127544a50). This may cause spurious casting failures and mysterious crashes. One of the duplicates must be removed or renamed.
objc[28904]: Class CrashpadHTTPBodyStreamTransport is implemented in both /Applications/AhoiBrowser.app/Contents/Frameworks/libbrowser_ui_views.dylib (0x11e108188) and /Applications/AhoiBrowser.app/Contents/Frameworks/libchrome_dll.dylib (0x11713e430). This may cause spurious casting failures and mysterious crashes. One of the duplicates must be removed or renamed.
objc[28906]: Class ANGLESwapCGLLayer is implemented in both /Applications/AhoiBrowser.app/Contents/Frameworks/libblink_modules.dylib (0x1439e4a50) and /Applications/AhoiBrowser.app/Contents/Frameworks/libgl_init.dylib (0x128abca50). This may cause spurious casting failures and mysterious crashes. One of the duplicates must be removed or renamed.
objc[28906]: Class CrashpadHTTPBodyStreamTransport is implemented in both /Applications/AhoiBrowser.app/Contents/Frameworks/libbrowser_ui_views.dylib (0x1200b8188) and /Applications/AhoiBrowser.app/Contents/Frameworks/libchrome_dll.dylib (0x1186b6430). This may cause spurious casting failures and mysterious crashes. One of the duplicates must be removed or renamed.
objc[28908]: Class ANGLESwapCGLLayer is implemented in both /Applications/AhoiBrowser.app/Contents/Frameworks/libblink_modules.dylib (0x14065ca50) and /Applications/AhoiBrowser.app/Contents/Frameworks/libgl_init.dylib (0x125734a50). This may cause spurious casting failures and mysterious crashes. One of the duplicates must be removed or renamed.
objc[28908]: Class CrashpadHTTPBodyStreamTransport is implemented in both /Applications/AhoiBrowser.app/Contents/Frameworks/libbrowser_ui_views.dylib (0x11c6f4188) and /Applications/AhoiBrowser.app/Contents/Frameworks/libchrome_dll.dylib (0x11532e430). This may cause spurious casting failures and mysterious crashes. One of the duplicates must be removed or renamed.
objc[28909]: Class ANGLESwapCGLLayer is implemented in both /Applications/AhoiBrowser.app/Contents/Frameworks/libblink_modules.dylib (0x14407ca50) and /Applications/AhoiBrowser.app/Contents/Frameworks/libgl_init.dylib (0x129154a50). This may cause spurious casting failures and mysterious crashes. One of the duplicates must be removed or renamed.
objc[28909]: Class CrashpadHTTPBodyStreamTransport is implemented in both /Applications/AhoiBrowser.app/Contents/Frameworks/libbrowser_ui_views.dylib (0x112240188) and /Applications/AhoiBrowser.app/Contents/Frameworks/libchrome_dll.dylib (0x118d4e430). This may cause spurious casting failures and mysterious crashes. One of the duplicates must be removed or renamed.
objc[29110]: Class ANGLESwapCGLLayer is implemented in both /Applications/AhoiBrowser.app/Contents/Frameworks/libblink_modules.dylib (0x13fe24a50) and /Applications/AhoiBrowser.app/Contents/Frameworks/libgl_init.dylib (0x124efca50). This may cause spurious casting failures and mysterious crashes. One of the duplicates must be removed or renamed.
objc[29110]: Class CrashpadHTTPBodyStreamTransport is implemented in both /Applications/AhoiBrowser.app/Contents/Frameworks/libbrowser_ui_views.dylib (0x10e0c4188) and /Applications/AhoiBrowser.app/Contents/Frameworks/libchrome_dll.dylib (0x114af6430). This may cause spurious casting failures and mysterious crashes. One of the duplicates must be removed or renamed.
objc[29154]: Class ANGLESwapCGLLayer is implemented in both /Applications/AhoiBrowser.app/Contents/Frameworks/libblink_modules.dylib (0x144130a50) and /Applications/AhoiBrowser.app/Contents/Frameworks/libgl_init.dylib (0x129208a50). This may cause spurious casting failures and mysterious crashes. One of the duplicates must be removed or renamed.
objc[29154]: Class CrashpadHTTPBodyStreamTransport is implemented in both /Applications/AhoiBrowser.app/Contents/Frameworks/libbrowser_ui_views.dylib (0x112380188) and /Applications/AhoiBrowser.app/Contents/Frameworks/libchrome_dll.dylib (0x118e02430). This may cause spurious casting failures and mysterious crashes. One of the duplicates must be removed or renamed.
[28885:30184239:0926/005906.507663:VERBOSE1:ahoi/browser/navigation/keyboard_shortcut_registration.cc:51] Ahoi shortcut unregistered: cmd+alt+75
[28885:30184239:0926/005906.507710:VERBOSE1:ahoi/browser/navigation/keyboard_shortcut_registration.cc:57] Ahoi shortcut registered: alt+9
[28885:30184239:0926/005909.388933:ERROR:base/process/kill_posix.cc:33] waitpid(28902): No child processes (10)
