objc[7315]: Class ANGLESwapCGLLayer is implemented in both /Applications/AhoiBrowser.app/Contents/Frameworks/libblink_modules.dylib (0x13fae0a50) and /Applications/AhoiBrowser.app/Contents/Frameworks/libgl_init.dylib (0x124bb8a50). This may cause spurious casting failures and mysterious crashes. One of the duplicates must be removed or renamed.
objc[7315]: Class CrashpadHTTPBodyStreamTransport is implemented in both /Applications/AhoiBrowser.app/Contents/Frameworks/libbrowser_ui_views.dylib (0x11d2e8188) and /Applications/AhoiBrowser.app/Contents/Frameworks/libchrome_dll.dylib (0x11479a430). This may cause spurious casting failures and mysterious crashes. One of the duplicates must be removed or renamed.
[7315:11248920:0929/112754.355240:ERROR:chrome/browser/mac/code_sign_clone_manager.mm:98] error removing quarantine attribute "/var/folders/zn/wn74lz2s2bsfp734gbqytmpr0000gn/X/"
[7315:11248920:0929/112754.382562:ERROR:chrome/browser/mac/code_sign_clone_manager.mm:98] error removing quarantine attribute "/var/folders/zn/wn74lz2s2bsfp734gbqytmpr0000gn/X/"

DevTools listening on ws://127.0.0.1:9409/devtools/browser/7516d63f-aa00-4f07-8d8e-f4ed213ab00e
[7315:11248620:0929/112755.256191:ERROR:ahoi/browser/updater/sparkle_runtime_mac.mm:148] Ahoi updater disabled (fail closed): missing-feed-url
objc[7378]: Class ANGLESwapCGLLayer is implemented in both /Applications/AhoiBrowser.app/Contents/Frameworks/libblink_modules.dylib (0x13fbc8a50) and /Applications/AhoiBrowser.app/Contents/Frameworks/libgl_init.dylib (0x124ca0a50). This may cause spurious casting failures and mysterious crashes. One of the duplicates must be removed or renamed.
objc[7378]: Class CrashpadHTTPBodyStreamTransport is implemented in both /Applications/AhoiBrowser.app/Contents/Frameworks/libbrowser_ui_views.dylib (0x11d3d0188) and /Applications/AhoiBrowser.app/Contents/Frameworks/libchrome_dll.dylib (0x114882430). This may cause spurious casting failures and mysterious crashes. One of the duplicates must be removed or renamed.
objc[7377]: Class ANGLESwapCGLLayer is implemented in both /Applications/AhoiBrowser.app/Contents/Frameworks/libblink_modules.dylib (0x140514a50) and /Applications/AhoiBrowser.app/Contents/Frameworks/libgl_init.dylib (0x1255eca50). This may cause spurious casting failures and mysterious crashes. One of the duplicates must be removed or renamed.
objc[7377]: Class CrashpadHTTPBodyStreamTransport is implemented in both /Applications/AhoiBrowser.app/Contents/Frameworks/libbrowser_ui_views.dylib (0x11db08188) and /Applications/AhoiBrowser.app/Contents/Frameworks/libchrome_dll.dylib (0x11497e430). This may cause spurious casting failures and mysterious crashes. One of the duplicates must be removed or renamed.
objc[7379]: Class ANGLESwapCGLLayer is implemented in both /Applications/AhoiBrowser.app/Contents/Frameworks/libblink_modules.dylib (0x1442e0a50) and /Applications/AhoiBrowser.app/Contents/Frameworks/libgl_init.dylib (0x1293b8a50). This may cause spurious casting failures and mysterious crashes. One of the duplicates must be removed or renamed.
objc[7379]: Class CrashpadHTTPBodyStreamTransport is implemented in both /Applications/AhoiBrowser.app/Contents/Frameworks/libbrowser_ui_views.dylib (0x121ae8188) and /Applications/AhoiBrowser.app/Contents/Frameworks/libchrome_dll.dylib (0x118f9a430). This may cause spurious casting failures and mysterious crashes. One of the duplicates must be removed or renamed.
objc[7380]: Class ANGLESwapCGLLayer is implemented in both /Applications/AhoiBrowser.app/Contents/Frameworks/libblink_modules.dylib (0x1424d0a50) and /Applications/AhoiBrowser.app/Contents/Frameworks/libgl_init.dylib (0x1275a8a50). This may cause spurious casting failures and mysterious crashes. One of the duplicates must be removed or renamed.
objc[7380]: Class CrashpadHTTPBodyStreamTransport is implemented in both /Applications/AhoiBrowser.app/Contents/Frameworks/libbrowser_ui_views.dylib (0x11f488188) and /Applications/AhoiBrowser.app/Contents/Frameworks/libchrome_dll.dylib (0x11693a430). This may cause spurious casting failures and mysterious crashes. One of the duplicates must be removed or renamed.
objc[7381]: Class ANGLESwapCGLLayer is implemented in both /Applications/AhoiBrowser.app/Contents/Frameworks/libblink_modules.dylib (0x1442bca50) and /Applications/AhoiBrowser.app/Contents/Frameworks/libgl_init.dylib (0x129394a50). This may cause spurious casting failures and mysterious crashes. One of the duplicates must be removed or renamed.
objc[7381]: Class CrashpadHTTPBodyStreamTransport is implemented in both /Applications/AhoiBrowser.app/Contents/Frameworks/libbrowser_ui_views.dylib (0x121ac4188) and /Applications/AhoiBrowser.app/Contents/Frameworks/libchrome_dll.dylib (0x118f76430). This may cause spurious casting failures and mysterious crashes. One of the duplicates must be removed or renamed.
objc[7385]: Class ANGLESwapCGLLayer is implemented in both /Applications/AhoiBrowser.app/Contents/Frameworks/libblink_modules.dylib (0x142d74a50) and /Applications/AhoiBrowser.app/Contents/Frameworks/libgl_init.dylib (0x127e4ca50). This may cause spurious casting failures and mysterious crashes. One of the duplicates must be removed or renamed.
objc[7386]: Class ANGLESwapCGLLayer is implemented in both /Applications/AhoiBrowser.app/Contents/Frameworks/libblink_modules.dylib (0x142070a50) and /Applications/AhoiBrowser.app/Contents/Frameworks/libgl_init.dylib (0x127148a50). This may cause spurious casting failures and mysterious crashes. One of the duplicates must be removed or renamed.
objc[7385]: Class CrashpadHTTPBodyStreamTransport is implemented in both /Applications/AhoiBrowser.app/Contents/Frameworks/libbrowser_ui_views.dylib (0x120368188) and /Applications/AhoiBrowser.app/Contents/Frameworks/libchrome_dll.dylib (0x1171de430). This may cause spurious casting failures and mysterious crashes. One of the duplicates must be removed or renamed.
objc[7386]: Class CrashpadHTTPBodyStreamTransport is implemented in both /Applications/AhoiBrowser.app/Contents/Frameworks/libbrowser_ui_views.dylib (0x11f028188) and /Applications/AhoiBrowser.app/Contents/Frameworks/libchrome_dll.dylib (0x1164da430). This may cause spurious casting failures and mysterious crashes. One of the duplicates must be removed or renamed.
objc[7525]: Class ANGLESwapCGLLayer is implemented in both /Applications/AhoiBrowser.app/Contents/Frameworks/libblink_modules.dylib (0x14501ca50) and /Applications/AhoiBrowser.app/Contents/Frameworks/libgl_init.dylib (0x12a0f4a50). This may cause spurious casting failures and mysterious crashes. One of the duplicates must be removed or renamed.
objc[7525]: Class CrashpadHTTPBodyStreamTransport is implemented in both /Applications/AhoiBrowser.app/Contents/Frameworks/libbrowser_ui_views.dylib (0x122610188) and /Applications/AhoiBrowser.app/Contents/Frameworks/libchrome_dll.dylib (0x119486430). This may cause spurious casting failures and mysterious crashes. One of the duplicates must be removed or renamed.
[7377:11249164:0929/112817.845318:ERROR:components/viz/service/surfaces/surface_manager.cc:479] Old/orphaned temporary reference to SurfaceId(FrameSinkId[DelegatedFrameHost](6, 3), LocalSurfaceId(2, 2, 8A5C...))
[7377:11249164:0929/112827.845552:ERROR:components/viz/service/surfaces/surface_manager.cc:479] Old/orphaned temporary reference to SurfaceId(FrameSinkId[DelegatedFrameHost](6, 3), LocalSurfaceId(2, 4, 8A5C...))
[7377:11249164:0929/112827.845628:ERROR:components/viz/service/surfaces/surface_manager.cc:479] Old/orphaned temporary reference to SurfaceId(FrameSinkId[DelegatedFrameHost](6, 6), LocalSurfaceId(2, 3, 7B80...))
[7377:11249164:0929/112827.845646:ERROR:components/viz/service/surfaces/surface_manager.cc:479] Old/orphaned temporary reference to SurfaceId(FrameSinkId[DelegatedFrameHost](6, 3), LocalSurfaceId(2, 3, 8A5C...))
[7377:11249164:0929/112827.845658:ERROR:components/viz/service/surfaces/surface_manager.cc:479] Old/orphaned temporary reference to SurfaceId(FrameSinkId[DelegatedFrameHost](6, 6), LocalSurfaceId(2, 2, 7B80...))
[7315:11248620:0929/112829.968563:ERROR:base/process/kill_posix.cc:33] waitpid(7378): No child processes (10)
