objc[2079]: Class ANGLESwapCGLLayer is implemented in both /Applications/AhoiBrowser.app/Contents/Frameworks/libblink_modules.dylib (0x142120a50) and /Applications/AhoiBrowser.app/Contents/Frameworks/libgl_init.dylib (0x1271f8a50). This may cause spurious casting failures and mysterious crashes. One of the duplicates must be removed or renamed.
objc[2079]: Class CrashpadHTTPBodyStreamTransport is implemented in both /Applications/AhoiBrowser.app/Contents/Frameworks/libbrowser_ui_views.dylib (0x1102bc188) and /Applications/AhoiBrowser.app/Contents/Frameworks/libchrome_dll.dylib (0x116df2430). This may cause spurious casting failures and mysterious crashes. One of the duplicates must be removed or renamed.
[2079:30066768:0926/003617.300163:ERROR:chrome/browser/mac/code_sign_clone_manager.mm:98] error removing quarantine attribute "/var/folders/zn/wn74lz2s2bsfp734gbqytmpr0000gn/X/"
[2079:30066768:0926/003617.330972:ERROR:chrome/browser/mac/code_sign_clone_manager.mm:98] error removing quarantine attribute "/var/folders/zn/wn74lz2s2bsfp734gbqytmpr0000gn/X/"

DevTools listening on ws://127.0.0.1:9379/devtools/browser/b76b6683-7cf1-4838-8b21-60c906c60b2d
[2079:30066352:0926/003618.371003:ERROR:ahoi/browser/updater/sparkle_runtime_mac.mm:148] Ahoi updater disabled (fail closed): missing-feed-url
objc[2211]: Class ANGLESwapCGLLayer is implemented in both /Applications/AhoiBrowser.app/Contents/Frameworks/libblink_modules.dylib (0x13fc04a50) and /Applications/AhoiBrowser.app/Contents/Frameworks/libgl_init.dylib (0x124cdca50). This may cause spurious casting failures and mysterious crashes. One of the duplicates must be removed or renamed.
objc[2211]: Class CrashpadHTTPBodyStreamTransport is implemented in both /Applications/AhoiBrowser.app/Contents/Frameworks/libbrowser_ui_views.dylib (0x11b9a4188) and /Applications/AhoiBrowser.app/Contents/Frameworks/libchrome_dll.dylib (0x1148d6430). This may cause spurious casting failures and mysterious crashes. One of the duplicates must be removed or renamed.
objc[2210]: Class ANGLESwapCGLLayer is implemented in both /Applications/AhoiBrowser.app/Contents/Frameworks/libblink_modules.dylib (0x141dcca50) and /Applications/AhoiBrowser.app/Contents/Frameworks/libgl_init.dylib (0x126ea4a50). This may cause spurious casting failures and mysterious crashes. One of the duplicates must be removed or renamed.
objc[2210]: Class CrashpadHTTPBodyStreamTransport is implemented in both /Applications/AhoiBrowser.app/Contents/Frameworks/libbrowser_ui_views.dylib (0x11da68188) and /Applications/AhoiBrowser.app/Contents/Frameworks/libchrome_dll.dylib (0x116a9e430). This may cause spurious casting failures and mysterious crashes. One of the duplicates must be removed or renamed.
objc[2215]: Class ANGLESwapCGLLayer is implemented in both /Applications/AhoiBrowser.app/Contents/Frameworks/libblink_modules.dylib (0x13fc60a50) and /Applications/AhoiBrowser.app/Contents/Frameworks/libgl_init.dylib (0x124d38a50). This may cause spurious casting failures and mysterious crashes. One of the duplicates must be removed or renamed.
objc[2215]: Class CrashpadHTTPBodyStreamTransport is implemented in both /Applications/AhoiBrowser.app/Contents/Frameworks/libbrowser_ui_views.dylib (0x11b828188) and /Applications/AhoiBrowser.app/Contents/Frameworks/libchrome_dll.dylib (0x114932430). This may cause spurious casting failures and mysterious crashes. One of the duplicates must be removed or renamed.
objc[2214]: Class ANGLESwapCGLLayer is implemented in both /Applications/AhoiBrowser.app/Contents/Frameworks/libblink_modules.dylib (0x142578a50) and /Applications/AhoiBrowser.app/Contents/Frameworks/libgl_init.dylib (0x127650a50). This may cause spurious casting failures and mysterious crashes. One of the duplicates must be removed or renamed.
objc[2214]: Class CrashpadHTTPBodyStreamTransport is implemented in both /Applications/AhoiBrowser.app/Contents/Frameworks/libbrowser_ui_views.dylib (0x110834188) and /Applications/AhoiBrowser.app/Contents/Frameworks/libchrome_dll.dylib (0x11724a430). This may cause spurious casting failures and mysterious crashes. One of the duplicates must be removed or renamed.
objc[2225]: Class ANGLESwapCGLLayer is implemented in both /Applications/AhoiBrowser.app/Contents/Frameworks/libblink_modules.dylib (0x14192ca50) and /Applications/AhoiBrowser.app/Contents/Frameworks/libgl_init.dylib (0x126a04a50). This may cause spurious casting failures and mysterious crashes. One of the duplicates must be removed or renamed.
objc[2225]: Class CrashpadHTTPBodyStreamTransport is implemented in both /Applications/AhoiBrowser.app/Contents/Frameworks/libbrowser_ui_views.dylib (0x11d5c8188) and /Applications/AhoiBrowser.app/Contents/Frameworks/libchrome_dll.dylib (0x1165fe430). This may cause spurious casting failures and mysterious crashes. One of the duplicates must be removed or renamed.
objc[2230]: Class ANGLESwapCGLLayer is implemented in both /Applications/AhoiBrowser.app/Contents/Frameworks/libblink_modules.dylib (0x142694a50) and /Applications/AhoiBrowser.app/Contents/Frameworks/libgl_init.dylib (0x12776ca50). This may cause spurious casting failures and mysterious crashes. One of the duplicates must be removed or renamed.
objc[2230]: Class CrashpadHTTPBodyStreamTransport is implemented in both /Applications/AhoiBrowser.app/Contents/Frameworks/libbrowser_ui_views.dylib (0x11e72c188) and /Applications/AhoiBrowser.app/Contents/Frameworks/libchrome_dll.dylib (0x117366430). This may cause spurious casting failures and mysterious crashes. One of the duplicates must be removed or renamed.
objc[2229]: Class ANGLESwapCGLLayer is implemented in both /Applications/AhoiBrowser.app/Contents/Frameworks/libblink_modules.dylib (0x144218a50) and /Applications/AhoiBrowser.app/Contents/Frameworks/libgl_init.dylib (0x1292f0a50). This may cause spurious casting failures and mysterious crashes. One of the duplicates must be removed or renamed.
objc[2229]: Class CrashpadHTTPBodyStreamTransport is implemented in both /Applications/AhoiBrowser.app/Contents/Frameworks/libbrowser_ui_views.dylib (0x11243c188) and /Applications/AhoiBrowser.app/Contents/Frameworks/libchrome_dll.dylib (0x118eea430). This may cause spurious casting failures and mysterious crashes. One of the duplicates must be removed or renamed.
[2079:30066352:0926/003624.118318:ERROR:chrome/browser/ui/webui/ntp/new_tab_ui.cc:54] Requested load of chrome://newtab/ for incorrect profile type.
objc[2469]: Class ANGLESwapCGLLayer is implemented in both /Applications/AhoiBrowser.app/Contents/Frameworks/libblink_modules.dylib (0x144568a50) and /Applications/AhoiBrowser.app/Contents/Frameworks/libgl_init.dylib (0x129640a50). This may cause spurious casting failures and mysterious crashes. One of the duplicates must be removed or renamed.
objc[2469]: Class CrashpadHTTPBodyStreamTransport is implemented in both /Applications/AhoiBrowser.app/Contents/Frameworks/libbrowser_ui_views.dylib (0x120600188) and /Applications/AhoiBrowser.app/Contents/Frameworks/libchrome_dll.dylib (0x11923a430). This may cause spurious casting failures and mysterious crashes. One of the duplicates must be removed or renamed.
objc[2471]: Class ANGLESwapCGLLayer is implemented in both /Applications/AhoiBrowser.app/Contents/Frameworks/libblink_modules.dylib (0x1441bca50) and /Applications/AhoiBrowser.app/Contents/Frameworks/libgl_init.dylib (0x129294a50). This may cause spurious casting failures and mysterious crashes. One of the duplicates must be removed or renamed.
objc[2471]: Class CrashpadHTTPBodyStreamTransport is implemented in both /Applications/AhoiBrowser.app/Contents/Frameworks/libbrowser_ui_views.dylib (0x11fea4188) and /Applications/AhoiBrowser.app/Contents/Frameworks/libchrome_dll.dylib (0x118e8e430). This may cause spurious casting failures and mysterious crashes. One of the duplicates must be removed or renamed.
objc[2571]: Class ANGLESwapCGLLayer is implemented in both /Applications/AhoiBrowser.app/Contents/Frameworks/libblink_modules.dylib (0x13ff3ca50) and /Applications/AhoiBrowser.app/Contents/Frameworks/libgl_init.dylib (0x125014a50). This may cause spurious casting failures and mysterious crashes. One of the duplicates must be removed or renamed.
objc[2571]: Class CrashpadHTTPBodyStreamTransport is implemented in both /Applications/AhoiBrowser.app/Contents/Frameworks/libbrowser_ui_views.dylib (0x10e0a4188) and /Applications/AhoiBrowser.app/Contents/Frameworks/libchrome_dll.dylib (0x114c0e430). This may cause spurious casting failures and mysterious crashes. One of the duplicates must be removed or renamed.
[2210:30067212:0926/003640.600422:ERROR:components/viz/service/surfaces/surface_manager.cc:479] Old/orphaned temporary reference to SurfaceId(FrameSinkId[DelegatedFrameHost](6, 6), LocalSurfaceId(2, 3, C15C...))
[2210:30067212:0926/003640.600816:ERROR:components/viz/service/surfaces/surface_manager.cc:479] Old/orphaned temporary reference to SurfaceId(FrameSinkId[DelegatedFrameHost](6, 6), LocalSurfaceId(2, 2, C15C...))
[2210:30067212:0926/003640.600829:ERROR:components/viz/service/surfaces/surface_manager.cc:479] Old/orphaned temporary reference to SurfaceId(FrameSinkId[DelegatedFrameHost](6, 3), LocalSurfaceId(2, 3, BCB5...))
[2210:30067212:0926/003640.600837:ERROR:components/viz/service/surfaces/surface_manager.cc:479] Old/orphaned temporary reference to SurfaceId(FrameSinkId[DelegatedFrameHost](6, 3), LocalSurfaceId(2, 2, BCB5...))
[2079:30066352:0926/003700.686629:ERROR:base/process/kill_posix.cc:33] waitpid(2211): No child processes (10)
