Command line invocation:
    /Applications/Xcode.app/Contents/Developer/usr/bin/xcodebuild -project apps/AhoiMobile/AhoiMobile.xcodeproj -scheme AhoiMobile-CloudKitDevelopment -configuration CloudKitDevelopment -destination generic/platform=iOS -derivedDataPath /private/tmp/ahoi-mobile-shared-tabs.V7PCPC/DerivedData -resultBundlePath "/Volumes/Macintosh HD - Daten/Cloud/Projekte/Apps/Plattformuebergreifend/AhoiBrowser/artifacts/build/mobile-development-9658f94-20260908/build.xcresult" -xcconfig "/Volumes/Macintosh HD - Daten/Cloud/Projekte/Apps/Plattformuebergreifend/AhoiBrowser/artifacts/build/mobile-development-9658f94-20260908/Acceptance.xcconfig" -disableAutomaticPackageResolution -hideShellScriptEnvironment -jobs 2 ARCHS=arm64 ONLY_ACTIVE_ARCH=YES "OTHER_SWIFT_FLAGS=$(inherited) -j2" CODE_SIGNING_ALLOWED=NO CODE_SIGNING_REQUIRED=NO build

Build settings from command line:
    ARCHS = arm64
    CODE_SIGNING_ALLOWED = NO
    CODE_SIGNING_REQUIRED = NO
    ONLY_ACTIVE_ARCH = YES
    OTHER_SWIFT_FLAGS = $(inherited) -j2

Build settings from configuration file '/Volumes/Macintosh HD - Daten/Cloud/Projekte/Apps/Plattformuebergreifend/AhoiBrowser/artifacts/build/mobile-development-9658f94-20260908/Acceptance.xcconfig':
    AHOI_CLOUDKIT_CONTAINER_ID = iCloud.app.ahoibrowser.AhoiBrowser
    AHOI_CLOUDKIT_SUBSCRIPTION_ID = AhoiSyncAcceptanceSubscription-bba96b17-f044-4923-9d40-67b15014d59e
    AHOI_CLOUDKIT_ZONE_NAME = AhoiSyncAcceptance-bba96b17-f044-4923-9d40-67b15014d59e
    AHOI_MOBILE_BUILD_NUMBER = 22
    AHOI_MOBILE_MARKETING_VERSION = 0.1
    AHOI_SOURCE_COMMIT = 9658f945d7c0a80b6b5b331d6fecb4be3e40bb10
    AHOI_SYNC_ACCEPTANCE_SCOPE_ID = bba96b17-f044-4923-9d40-67b15014d59e
    AHOI_SYNC_KEY_VERSION = 1
    AHOI_SYNC_KEYCHAIN_ACCESS_GROUP = 248AJ5BN47.app.ahoibrowser.sync
    AHOI_SYNC_KEYCHAIN_ACCOUNT = payload-key.acceptance-bba96b17-f044-4923-9d40-67b15014d59e
    AHOI_SYNC_KEYCHAIN_SERVICE = app.ahoibrowser.sync.payload-key
    CODE_SIGNING_ALLOWED = NO
    CODE_SIGNING_REQUIRED = NO

Resolve Package Graph


Resolved source packages:
  AhoiCloudKitSpike: /tmp/ahoi-mobile-shared-tabs.V7PCPC/repo/spikes/cloudkit

Writing result bundle at path:
	/Volumes/Macintosh HD - Daten/Cloud/Projekte/Apps/Plattformuebergreifend/AhoiBrowser/artifacts/build/mobile-development-9658f94-20260908/build.xcresult

Build Preparation
Build task concurrency set to 2 via user default IDEBuildOperationMaxNumberOfConcurrentCompileTasks

ComputePackagePrebuildTargetDependencyGraph

Prepare packages

CreateBuildRequest

SendProjectDescription

CreateBuildOperation

ComputeTargetDependencyGraph
note: Building targets in dependency order
note: Target dependency graph (4 targets)
    Target 'AhoiMobile' in project 'AhoiMobile'
        ➜ Explicit dependency on target 'AhoiMobileCore' in project 'AhoiMobile'
        ➜ Explicit dependency on target 'AhoiCloudKitSpike' in project 'AhoiCloudKitSpike'
    Target 'AhoiMobileCore' in project 'AhoiMobile'
        ➜ Explicit dependency on target 'AhoiCloudKitSpike' in project 'AhoiCloudKitSpike'
    Target 'AhoiCloudKitSpike' in project 'AhoiCloudKitSpike'
        ➜ Explicit dependency on target 'AhoiCloudKitSpike' in project 'AhoiCloudKitSpike'
    Target 'AhoiCloudKitSpike' in project 'AhoiCloudKitSpike' (no dependencies)

GatherProvisioningInputs

CreateBuildDescription

ExecuteExternalTool /Applications/Xcode.app/Contents/Developer/Toolchains/XcodeDefault.xctoolchain/usr/bin/clang -v -E -dM -isysroot /Applications/Xcode.app/Contents/Developer/Platforms/iPhoneOS.platform/Developer/SDKs/iPhoneOS26.5.sdk -x c -c /dev/null

ExecuteExternalTool /Applications/Xcode.app/Contents/Developer/usr/bin/xcstringstool compile --dry-run --output-directory /tmp/ahoi-mobile-shared-tabs.V7PCPC/DerivedData/Build/Intermediates.noindex/AhoiMobile.build/CloudKitDevelopment-iphoneos/AhoiMobileCore.build /tmp/ahoi-mobile-shared-tabs.V7PCPC/repo/apps/AhoiMobile/Sources/AhoiMobileCore/Resources/Localizable.xcstrings

ExecuteExternalTool /Applications/Xcode.app/Contents/Developer/Toolchains/XcodeDefault.xctoolchain/usr/bin/swiftc --version

ExecuteExternalTool /Applications/Xcode.app/Contents/Developer/Toolchains/XcodeDefault.xctoolchain/usr/bin/clang -v -E -dM -arch arm64 -isysroot /Applications/Xcode.app/Contents/Developer/Platforms/iPhoneOS.platform/Developer/SDKs/iPhoneOS26.5.sdk -x c -c /dev/null

ExecuteExternalTool /Applications/Xcode.app/Contents/Developer/Toolchains/XcodeDefault.xctoolchain/usr/bin/ld -version_details

ExecuteExternalTool /Applications/Xcode.app/Contents/Developer/usr/bin/actool --print-asset-tag-combinations --output-format xml1 /tmp/ahoi-mobile-shared-tabs.V7PCPC/repo/apps/AhoiMobile/Sources/AhoiMobileApp/Assets.xcassets

ExecuteExternalTool /Applications/Xcode.app/Contents/Developer/usr/bin/actool --version --output-format xml1

Build description signature: 8490501555e896e2f6a0356bdf96e92a
Build description path: /tmp/ahoi-mobile-shared-tabs.V7PCPC/DerivedData/Build/Intermediates.noindex/XCBuildData/8490501555e896e2f6a0356bdf96e92a.xcbuilddata
ClangStatCache /Applications/Xcode.app/Contents/Developer/Toolchains/XcodeDefault.xctoolchain/usr/bin/clang-stat-cache /Applications/Xcode.app/Contents/Developer/Platforms/iPhoneOS.platform/Developer/SDKs/iPhoneOS26.5.sdk /tmp/ahoi-mobile-shared-tabs.V7PCPC/DerivedData/SDKStatCaches.noindex/iphoneos26.5-23F81a-688ef53f1462e2c8f657fdc38a81448f32daed1954a7d5dd0789fcaf2a9bb78b.sdkstatcache
    cd /tmp/ahoi-mobile-shared-tabs.V7PCPC/repo/apps/AhoiMobile/AhoiMobile.xcodeproj
    /Applications/Xcode.app/Contents/Developer/Toolchains/XcodeDefault.xctoolchain/usr/bin/clang-stat-cache /Applications/Xcode.app/Contents/Developer/Platforms/iPhoneOS.platform/Developer/SDKs/iPhoneOS26.5.sdk -o /tmp/ahoi-mobile-shared-tabs.V7PCPC/DerivedData/SDKStatCaches.noindex/iphoneos26.5-23F81a-688ef53f1462e2c8f657fdc38a81448f32daed1954a7d5dd0789fcaf2a9bb78b.sdkstatcache

WriteAuxiliaryFile /tmp/ahoi-mobile-shared-tabs.V7PCPC/DerivedData/Build/Intermediates.noindex/AhoiMobile.build/CloudKitDevelopment-iphoneos/AhoiMobile.build/DerivedSources/AhoiMobile_vers.c (in target 'AhoiMobile' from project 'AhoiMobile')
    cd /tmp/ahoi-mobile-shared-tabs.V7PCPC/repo/apps/AhoiMobile
    write-file /tmp/ahoi-mobile-shared-tabs.V7PCPC/DerivedData/Build/Intermediates.noindex/AhoiMobile.build/CloudKitDevelopment-iphoneos/AhoiMobile.build/DerivedSources/AhoiMobile_vers.c

WriteAuxiliaryFile /tmp/ahoi-mobile-shared-tabs.V7PCPC/DerivedData/Build/Intermediates.noindex/AhoiMobile.build/CloudKitDevelopment-iphoneos/AhoiMobileCore.build/DerivedSources/AhoiMobileCore_vers.c (in target 'AhoiMobileCore' from project 'AhoiMobile')
    cd /tmp/ahoi-mobile-shared-tabs.V7PCPC/repo/apps/AhoiMobile
    write-file /tmp/ahoi-mobile-shared-tabs.V7PCPC/DerivedData/Build/Intermediates.noindex/AhoiMobile.build/CloudKitDevelopment-iphoneos/AhoiMobileCore.build/DerivedSources/AhoiMobileCore_vers.c

ProcessInfoPlistFile /tmp/ahoi-mobile-shared-tabs.V7PCPC/DerivedData/Build/Products/CloudKitDevelopment-iphoneos/PackageFrameworks/AhoiCloudKitSpike_58C48334F00BB1AD_PackageProduct.framework/Info.plist /tmp/ahoi-mobile-shared-tabs.V7PCPC/DerivedData/Build/Intermediates.noindex/AhoiCloudKitSpike.build/CloudKitDevelopment-iphoneos/AhoiCloudKitSpike\ product.build/empty-AhoiCloudKitSpike_58C48334F00BB1AD_PackageProduct.plist (in target 'AhoiCloudKitSpike' from project 'AhoiCloudKitSpike')
    cd /tmp/ahoi-mobile-shared-tabs.V7PCPC/repo/spikes/cloudkit
    builtin-infoPlistUtility /tmp/ahoi-mobile-shared-tabs.V7PCPC/DerivedData/Build/Intermediates.noindex/AhoiCloudKitSpike.build/CloudKitDevelopment-iphoneos/AhoiCloudKitSpike\ product.build/empty-AhoiCloudKitSpike_58C48334F00BB1AD_PackageProduct.plist -producttype com.apple.product-type.framework -expandbuildsettings -format binary -platform iphoneos -requiredArchitecture arm64 -o /tmp/ahoi-mobile-shared-tabs.V7PCPC/DerivedData/Build/Products/CloudKitDevelopment-iphoneos/PackageFrameworks/AhoiCloudKitSpike_58C48334F00BB1AD_PackageProduct.framework/Info.plist

ScanDependencies /tmp/ahoi-mobile-shared-tabs.V7PCPC/DerivedData/Build/Intermediates.noindex/AhoiMobile.build/CloudKitDevelopment-iphoneos/AhoiMobileCore.build/Objects-normal/arm64/AhoiMobileCore_vers.o /tmp/ahoi-mobile-shared-tabs.V7PCPC/DerivedData/Build/Intermediates.noindex/AhoiMobile.build/CloudKitDevelopment-iphoneos/AhoiMobileCore.build/DerivedSources/AhoiMobileCore_vers.c normal arm64 c com.apple.compilers.llvm.clang.1_0.compiler (in target 'AhoiMobileCore' from project 'AhoiMobile')
    cd /tmp/ahoi-mobile-shared-tabs.V7PCPC/repo/apps/AhoiMobile
    
    Using response file: /tmp/ahoi-mobile-shared-tabs.V7PCPC/DerivedData/Build/Intermediates.noindex/AhoiMobile.build/CloudKitDevelopment-iphoneos/AhoiMobileCore.build/Objects-normal/arm64/7187679823f38a2a940e0043cdf9d637-common-args.resp
    
    builtin-ScanDependencies -o /tmp/ahoi-mobile-shared-tabs.V7PCPC/DerivedData/Build/Intermediates.noindex/AhoiMobile.build/CloudKitDevelopment-iphoneos/AhoiMobileCore.build/Objects-normal/arm64/AhoiMobileCore_vers.o.scan -- /Applications/Xcode.app/Contents/Developer/Toolchains/XcodeDefault.xctoolchain/usr/bin/clang -x c -ivfsstatcache /tmp/ahoi-mobile-shared-tabs.V7PCPC/DerivedData/SDKStatCaches.noindex/iphoneos26.5-23F81a-688ef53f1462e2c8f657fdc38a81448f32daed1954a7d5dd0789fcaf2a9bb78b.sdkstatcache -target arm64-apple-ios26.0 -fmessage-length\=0 -fdiagnostics-show-note-include-stack -fmacro-backtrace-limit\=0 -fno-color-diagnostics -fmodules-prune-interval\=86400 -fmodules-prune-after\=345600 -fbuild-session-file\=/tmp/ahoi-mobile-shared-tabs.V7PCPC/DerivedData/ModuleCache.noindex/Session.modulevalidation -fmodules-validate-once-per-build-session -Wnon-modular-include-in-framework-module -Werror\=non-modular-include-in-framework-module -Wno-trigraphs -Wno-missing-field-initializers -Wno-missing-prototypes -Werror\=return-type -Wdocumentation -Wunreachable-code -Wquoted-include-in-framework-header -Werror\=deprecated-objc-isa-usage -Werror\=objc-root-class -Wno-missing-braces -Wparentheses -Wswitch -Wunused-function -Wno-unused-label -Wno-unused-parameter -Wunused-variable -Wunused-value -Wempty-body -Wuninitialized -Wconditional-uninitialized -Wno-unknown-pragmas -Wno-shadow -Wno-four-char-constants -Wno-conversion -Wconstant-conversion -Wint-conversion -Wbool-conversion -Wenum-conversion -Wno-float-conversion -Wnon-literal-null-conversion -Wobjc-literal-conversion -Wshorten-64-to-32 -Wpointer-sign -Wno-newline-eof -Wno-implicit-fallthrough -isysroot /Applications/Xcode.app/Contents/Developer/Platforms/iPhoneOS.platform/Developer/SDKs/iPhoneOS26.5.sdk -fstrict-aliasing -Wdeprecated-declarations -Wno-sign-conversion -Winfinite-recursion -Wcomma -Wblock-capture-autoreleasing -Wstrict-prototypes -Wno-semicolon-before-method-body -Wunguarded-availability -index-store-path /tmp/ahoi-mobile-shared-tabs.V7PCPC/DerivedData/Index.noindex/DataStore @/tmp/ahoi-mobile-shared-tabs.V7PCPC/DerivedData/Build/Intermediates.noindex/AhoiMobile.build/CloudKitDevelopment-iphoneos/AhoiMobileCore.build/Objects-normal/arm64/7187679823f38a2a940e0043cdf9d637-common-args.resp -MMD -MT dependencies -MF /tmp/ahoi-mobile-shared-tabs.V7PCPC/DerivedData/Build/Intermediates.noindex/AhoiMobile.build/CloudKitDevelopment-iphoneos/AhoiMobileCore.build/Objects-normal/arm64/AhoiMobileCore_vers.d --serialize-diagnostics /tmp/ahoi-mobile-shared-tabs.V7PCPC/DerivedData/Build/Intermediates.noindex/AhoiMobile.build/CloudKitDevelopment-iphoneos/AhoiMobileCore.build/Objects-normal/arm64/AhoiMobileCore_vers.dia -c /tmp/ahoi-mobile-shared-tabs.V7PCPC/DerivedData/Build/Intermediates.noindex/AhoiMobile.build/CloudKitDevelopment-iphoneos/AhoiMobileCore.build/DerivedSources/AhoiMobileCore_vers.c -o /tmp/ahoi-mobile-shared-tabs.V7PCPC/DerivedData/Build/Intermediates.noindex/AhoiMobile.build/CloudKitDevelopment-iphoneos/AhoiMobileCore.build/Objects-normal/arm64/AhoiMobileCore_vers.o -index-unit-output-path /AhoiMobile.build/CloudKitDevelopment-iphoneos/AhoiMobileCore.build/Objects-normal/arm64/AhoiMobileCore_vers.o

ProcessInfoPlistFile /tmp/ahoi-mobile-shared-tabs.V7PCPC/DerivedData/Build/Products/CloudKitDevelopment-iphoneos/AhoiMobileCore.framework/Info.plist /tmp/ahoi-mobile-shared-tabs.V7PCPC/DerivedData/Build/Intermediates.noindex/AhoiMobile.build/CloudKitDevelopment-iphoneos/AhoiMobileCore.build/empty-AhoiMobileCore.plist (in target 'AhoiMobileCore' from project 'AhoiMobile')
    cd /tmp/ahoi-mobile-shared-tabs.V7PCPC/repo/apps/AhoiMobile
    builtin-infoPlistUtility /tmp/ahoi-mobile-shared-tabs.V7PCPC/DerivedData/Build/Intermediates.noindex/AhoiMobile.build/CloudKitDevelopment-iphoneos/AhoiMobileCore.build/empty-AhoiMobileCore.plist -producttype com.apple.product-type.framework -expandbuildsettings -format binary -platform iphoneos -requiredArchitecture arm64 -o /tmp/ahoi-mobile-shared-tabs.V7PCPC/DerivedData/Build/Products/CloudKitDevelopment-iphoneos/AhoiMobileCore.framework/Info.plist

CompileXCStrings /tmp/ahoi-mobile-shared-tabs.V7PCPC/DerivedData/Build/Intermediates.noindex/AhoiMobile.build/CloudKitDevelopment-iphoneos/AhoiMobileCore.build/ /tmp/ahoi-mobile-shared-tabs.V7PCPC/repo/apps/AhoiMobile/Sources/AhoiMobileCore/Resources/Localizable.xcstrings (in target 'AhoiMobileCore' from project 'AhoiMobile')
    cd /tmp/ahoi-mobile-shared-tabs.V7PCPC/repo/apps/AhoiMobile
    /Applications/Xcode.app/Contents/Developer/usr/bin/xcstringstool compile --output-directory /tmp/ahoi-mobile-shared-tabs.V7PCPC/DerivedData/Build/Intermediates.noindex/AhoiMobile.build/CloudKitDevelopment-iphoneos/AhoiMobileCore.build /tmp/ahoi-mobile-shared-tabs.V7PCPC/repo/apps/AhoiMobile/Sources/AhoiMobileCore/Resources/Localizable.xcstrings

CompileC /tmp/ahoi-mobile-shared-tabs.V7PCPC/DerivedData/Build/Intermediates.noindex/AhoiMobile.build/CloudKitDevelopment-iphoneos/AhoiMobileCore.build/Objects-normal/arm64/AhoiMobileCore_vers.o /tmp/ahoi-mobile-shared-tabs.V7PCPC/DerivedData/Build/Intermediates.noindex/AhoiMobile.build/CloudKitDevelopment-iphoneos/AhoiMobileCore.build/DerivedSources/AhoiMobileCore_vers.c normal arm64 c com.apple.compilers.llvm.clang.1_0.compiler (in target 'AhoiMobileCore' from project 'AhoiMobile')
    cd /tmp/ahoi-mobile-shared-tabs.V7PCPC/repo/apps/AhoiMobile
    
    Using response file: /tmp/ahoi-mobile-shared-tabs.V7PCPC/DerivedData/Build/Intermediates.noindex/AhoiMobile.build/CloudKitDevelopment-iphoneos/AhoiMobileCore.build/Objects-normal/arm64/7187679823f38a2a940e0043cdf9d637-common-args.resp
    
    /Applications/Xcode.app/Contents/Developer/Toolchains/XcodeDefault.xctoolchain/usr/bin/clang -x c -ivfsstatcache /tmp/ahoi-mobile-shared-tabs.V7PCPC/DerivedData/SDKStatCaches.noindex/iphoneos26.5-23F81a-688ef53f1462e2c8f657fdc38a81448f32daed1954a7d5dd0789fcaf2a9bb78b.sdkstatcache -target arm64-apple-ios26.0 -fmessage-length\=0 -fdiagnostics-show-note-include-stack -fmacro-backtrace-limit\=0 -fno-color-diagnostics -fmodules-prune-interval\=86400 -fmodules-prune-after\=345600 -fbuild-session-file\=/tmp/ahoi-mobile-shared-tabs.V7PCPC/DerivedData/ModuleCache.noindex/Session.modulevalidation -fmodules-validate-once-per-build-session -Wnon-modular-include-in-framework-module -Werror\=non-modular-include-in-framework-module -Wno-trigraphs -Wno-missing-field-initializers -Wno-missing-prototypes -Werror\=return-type -Wdocumentation -Wunreachable-code -Wquoted-include-in-framework-header -Werror\=deprecated-objc-isa-usage -Werror\=objc-root-class -Wno-missing-braces -Wparentheses -Wswitch -Wunused-function -Wno-unused-label -Wno-unused-parameter -Wunused-variable -Wunused-value -Wempty-body -Wuninitialized -Wconditional-uninitialized -Wno-unknown-pragmas -Wno-shadow -Wno-four-char-constants -Wno-conversion -Wconstant-conversion -Wint-conversion -Wbool-conversion -Wenum-conversion -Wno-float-conversion -Wnon-literal-null-conversion -Wobjc-literal-conversion -Wshorten-64-to-32 -Wpointer-sign -Wno-newline-eof -Wno-implicit-fallthrough -isysroot /Applications/Xcode.app/Contents/Developer/Platforms/iPhoneOS.platform/Developer/SDKs/iPhoneOS26.5.sdk -fstrict-aliasing -Wdeprecated-declarations -Wno-sign-conversion -Winfinite-recursion -Wcomma -Wblock-capture-autoreleasing -Wstrict-prototypes -Wno-semicolon-before-method-body -Wunguarded-availability -index-store-path /tmp/ahoi-mobile-shared-tabs.V7PCPC/DerivedData/Index.noindex/DataStore @/tmp/ahoi-mobile-shared-tabs.V7PCPC/DerivedData/Build/Intermediates.noindex/AhoiMobile.build/CloudKitDevelopment-iphoneos/AhoiMobileCore.build/Objects-normal/arm64/7187679823f38a2a940e0043cdf9d637-common-args.resp -MMD -MT dependencies -MF /tmp/ahoi-mobile-shared-tabs.V7PCPC/DerivedData/Build/Intermediates.noindex/AhoiMobile.build/CloudKitDevelopment-iphoneos/AhoiMobileCore.build/Objects-normal/arm64/AhoiMobileCore_vers.d --serialize-diagnostics /tmp/ahoi-mobile-shared-tabs.V7PCPC/DerivedData/Build/Intermediates.noindex/AhoiMobile.build/CloudKitDevelopment-iphoneos/AhoiMobileCore.build/Objects-normal/arm64/AhoiMobileCore_vers.dia -c /tmp/ahoi-mobile-shared-tabs.V7PCPC/DerivedData/Build/Intermediates.noindex/AhoiMobile.build/CloudKitDevelopment-iphoneos/AhoiMobileCore.build/DerivedSources/AhoiMobileCore_vers.c -o /tmp/ahoi-mobile-shared-tabs.V7PCPC/DerivedData/Build/Intermediates.noindex/AhoiMobile.build/CloudKitDevelopment-iphoneos/AhoiMobileCore.build/Objects-normal/arm64/AhoiMobileCore_vers.o -index-unit-output-path /AhoiMobile.build/CloudKitDevelopment-iphoneos/AhoiMobileCore.build/Objects-normal/arm64/AhoiMobileCore_vers.o

Ld /tmp/ahoi-mobile-shared-tabs.V7PCPC/DerivedData/Build/Products/CloudKitDevelopment-iphoneos/AhoiMobileCore.framework/AhoiMobileCore normal (in target 'AhoiMobileCore' from project 'AhoiMobile')
    cd /tmp/ahoi-mobile-shared-tabs.V7PCPC/repo/apps/AhoiMobile
    /Applications/Xcode.app/Contents/Developer/Toolchains/XcodeDefault.xctoolchain/usr/bin/clang -Xlinker -reproducible -target arm64-apple-ios26.0 -dynamiclib -isysroot /Applications/Xcode.app/Contents/Developer/Platforms/iPhoneOS.platform/Developer/SDKs/iPhoneOS26.5.sdk -O0 -L/tmp/ahoi-mobile-shared-tabs.V7PCPC/DerivedData/Build/Intermediates.noindex/EagerLinkingTBDs/CloudKitDevelopment-iphoneos -L/tmp/ahoi-mobile-shared-tabs.V7PCPC/DerivedData/Build/Products/CloudKitDevelopment-iphoneos -F/tmp/ahoi-mobile-shared-tabs.V7PCPC/DerivedData/Build/Intermediates.noindex/EagerLinkingTBDs/CloudKitDevelopment-iphoneos -F/tmp/ahoi-mobile-shared-tabs.V7PCPC/DerivedData/Build/Products/CloudKitDevelopment-iphoneos/PackageFrameworks -F/tmp/ahoi-mobile-shared-tabs.V7PCPC/DerivedData/Build/Products/CloudKitDevelopment-iphoneos -filelist /tmp/ahoi-mobile-shared-tabs.V7PCPC/DerivedData/Build/Intermediates.noindex/AhoiMobile.build/CloudKitDevelopment-iphoneos/AhoiMobileCore.build/Objects-normal/arm64/AhoiMobileCore.LinkFileList -install_name @rpath/AhoiMobileCore.framework/AhoiMobileCore -Xlinker -rpath -Xlinker @executable_path/Frameworks -Xlinker -dead_strip -Xlinker -object_path_lto -Xlinker /tmp/ahoi-mobile-shared-tabs.V7PCPC/DerivedData/Build/Intermediates.noindex/AhoiMobile.build/CloudKitDevelopment-iphoneos/AhoiMobileCore.build/Objects-normal/arm64/AhoiMobileCore_lto.o -rdynamic -Xlinker -no_deduplicate -Xlinker -dependency_info -Xlinker /tmp/ahoi-mobile-shared-tabs.V7PCPC/DerivedData/Build/Intermediates.noindex/AhoiMobile.build/CloudKitDevelopment-iphoneos/AhoiMobileCore.build/Objects-normal/arm64/AhoiMobileCore_dependency_info.dat -fobjc-link-runtime -L/Applications/Xcode.app/Contents/Developer/Toolchains/XcodeDefault.xctoolchain/usr/lib/swift/iphoneos -L/usr/lib/swift -Xlinker -add_ast_path -Xlinker /tmp/ahoi-mobile-shared-tabs.V7PCPC/DerivedData/Build/Intermediates.noindex/AhoiMobile.build/CloudKitDevelopment-iphoneos/AhoiMobileCore.build/Objects-normal/arm64/AhoiMobileCore.swiftmodule @/tmp/ahoi-mobile-shared-tabs.V7PCPC/DerivedData/Build/Intermediates.noindex/AhoiMobile.build/CloudKitDevelopment-iphoneos/AhoiMobileCore.build/Objects-normal/arm64/AhoiMobileCore-linker-args.resp -Wl,-no_warn_duplicate_libraries /tmp/ahoi-mobile-shared-tabs.V7PCPC/DerivedData/Build/Products/CloudKitDevelopment-iphoneos/PackageFrameworks/AhoiCloudKitSpike_58C48334F00BB1AD_PackageProduct.framework/AhoiCloudKitSpike_58C48334F00BB1AD_PackageProduct -compatibility_version 1 -current_version 1 -o /tmp/ahoi-mobile-shared-tabs.V7PCPC/DerivedData/Build/Products/CloudKitDevelopment-iphoneos/AhoiMobileCore.framework/AhoiMobileCore

CopyStringsFile /tmp/ahoi-mobile-shared-tabs.V7PCPC/DerivedData/Build/Products/CloudKitDevelopment-iphoneos/AhoiMobileCore.framework/en.lproj/Localizable.strings /tmp/ahoi-mobile-shared-tabs.V7PCPC/DerivedData/Build/Intermediates.noindex/AhoiMobile.build/CloudKitDevelopment-iphoneos/AhoiMobileCore.build/en.lproj/Localizable.strings (in target 'AhoiMobileCore' from project 'AhoiMobile')
    cd /tmp/ahoi-mobile-shared-tabs.V7PCPC/repo/apps/AhoiMobile
    builtin-copyStrings --validate --outputencoding binary --outfilename Localizable.strings --outdir /tmp/ahoi-mobile-shared-tabs.V7PCPC/DerivedData/Build/Products/CloudKitDevelopment-iphoneos/AhoiMobileCore.framework/en.lproj -- /tmp/ahoi-mobile-shared-tabs.V7PCPC/DerivedData/Build/Intermediates.noindex/AhoiMobile.build/CloudKitDevelopment-iphoneos/AhoiMobileCore.build/en.lproj/Localizable.strings
/tmp/ahoi-mobile-shared-tabs.V7PCPC/DerivedData/Build/Intermediates.noindex/AhoiMobile.build/CloudKitDevelopment-iphoneos/AhoiMobileCore.build/en.lproj/Localizable.strings:1:1: note: detected encoding of input file as Unicode (UTF-8) (in target 'AhoiMobileCore' from project 'AhoiMobile')

CopyStringsFile /tmp/ahoi-mobile-shared-tabs.V7PCPC/DerivedData/Build/Products/CloudKitDevelopment-iphoneos/AhoiMobileCore.framework/de.lproj/Localizable.strings /tmp/ahoi-mobile-shared-tabs.V7PCPC/DerivedData/Build/Intermediates.noindex/AhoiMobile.build/CloudKitDevelopment-iphoneos/AhoiMobileCore.build/de.lproj/Localizable.strings (in target 'AhoiMobileCore' from project 'AhoiMobile')
    cd /tmp/ahoi-mobile-shared-tabs.V7PCPC/repo/apps/AhoiMobile
    builtin-copyStrings --validate --outputencoding binary --outfilename Localizable.strings --outdir /tmp/ahoi-mobile-shared-tabs.V7PCPC/DerivedData/Build/Products/CloudKitDevelopment-iphoneos/AhoiMobileCore.framework/de.lproj -- /tmp/ahoi-mobile-shared-tabs.V7PCPC/DerivedData/Build/Intermediates.noindex/AhoiMobile.build/CloudKitDevelopment-iphoneos/AhoiMobileCore.build/de.lproj/Localizable.strings
/tmp/ahoi-mobile-shared-tabs.V7PCPC/DerivedData/Build/Intermediates.noindex/AhoiMobile.build/CloudKitDevelopment-iphoneos/AhoiMobileCore.build/de.lproj/Localizable.strings:1:1: note: detected encoding of input file as Unicode (UTF-8) (in target 'AhoiMobileCore' from project 'AhoiMobile')

ExtractAppIntentsMetadata (in target 'AhoiMobileCore' from project 'AhoiMobile')
    cd /tmp/ahoi-mobile-shared-tabs.V7PCPC/repo/apps/AhoiMobile
    /Applications/Xcode.app/Contents/Developer/Toolchains/XcodeDefault.xctoolchain/usr/bin/appintentsmetadataprocessor --toolchain-dir /var/run/com.apple.security.cryptexd/mnt/com.apple.MobileAsset.MetalToolchain-v17.6.109.0.0k2cJr/Metal.xctoolchain --module-name AhoiMobileCore --sdk-root /Applications/Xcode.app/Contents/Developer/Platforms/iPhoneOS.platform/Developer/SDKs/iPhoneOS26.5.sdk --xcode-version 17F113 --platform-family iOS --deployment-target 26.0 --bundle-identifier app.ahoibrowser.AhoiBrowser.core --output /tmp/ahoi-mobile-shared-tabs.V7PCPC/DerivedData/Build/Products/CloudKitDevelopment-iphoneos/AhoiMobileCore.framework --target-triple arm64-apple-ios26.0 --binary-file /tmp/ahoi-mobile-shared-tabs.V7PCPC/DerivedData/Build/Products/CloudKitDevelopment-iphoneos/AhoiMobileCore.framework/AhoiMobileCore --dependency-file /tmp/ahoi-mobile-shared-tabs.V7PCPC/DerivedData/Build/Intermediates.noindex/AhoiMobile.build/CloudKitDevelopment-iphoneos/AhoiMobileCore.build/Objects-normal/arm64/AhoiMobileCore_dependency_info.dat --stringsdata-file /tmp/ahoi-mobile-shared-tabs.V7PCPC/DerivedData/Build/Intermediates.noindex/AhoiMobile.build/CloudKitDevelopment-iphoneos/AhoiMobileCore.build/Objects-normal/arm64/ExtractedAppShortcutsMetadata.stringsdata --source-file-list /tmp/ahoi-mobile-shared-tabs.V7PCPC/DerivedData/Build/Intermediates.noindex/AhoiMobile.build/CloudKitDevelopment-iphoneos/AhoiMobileCore.build/Objects-normal/arm64/AhoiMobileCore.SwiftFileList --metadata-file-list /tmp/ahoi-mobile-shared-tabs.V7PCPC/DerivedData/Build/Intermediates.noindex/AhoiMobile.build/CloudKitDevelopment-iphoneos/AhoiMobileCore.build/AhoiMobileCore.DependencyMetadataFileList --static-metadata-file-list /tmp/ahoi-mobile-shared-tabs.V7PCPC/DerivedData/Build/Intermediates.noindex/AhoiMobile.build/CloudKitDevelopment-iphoneos/AhoiMobileCore.build/AhoiMobileCore.DependencyStaticMetadataFileList --swift-const-vals-list /tmp/ahoi-mobile-shared-tabs.V7PCPC/DerivedData/Build/Intermediates.noindex/AhoiMobile.build/CloudKitDevelopment-iphoneos/AhoiMobileCore.build/Objects-normal/arm64/AhoiMobileCore.SwiftConstValuesFileList --compile-time-extraction --deployment-aware-processing --validate-assistant-intents --no-app-shortcuts-localization
2026-09-08 18:48:28.421 appintentsmetadataprocessor[41242:182766640] Starting appintentsmetadataprocessor export
2026-09-08 18:48:28.423 appintentsmetadataprocessor[41242:182766640] warning: Metadata extraction skipped. No AppIntents.framework dependency found.

AppIntentsSSUTraining (in target 'AhoiMobileCore' from project 'AhoiMobile')
    cd /tmp/ahoi-mobile-shared-tabs.V7PCPC/repo/apps/AhoiMobile
    /Applications/Xcode.app/Contents/Developer/Toolchains/XcodeDefault.xctoolchain/usr/bin/appintentsnltrainingprocessor --infoplist-path /tmp/ahoi-mobile-shared-tabs.V7PCPC/DerivedData/Build/Products/CloudKitDevelopment-iphoneos/AhoiMobileCore.framework/Info.plist --temp-dir-path /tmp/ahoi-mobile-shared-tabs.V7PCPC/DerivedData/Build/Intermediates.noindex/AhoiMobile.build/CloudKitDevelopment-iphoneos/AhoiMobileCore.build/ssu --bundle-id app.ahoibrowser.AhoiBrowser.core --product-path /tmp/ahoi-mobile-shared-tabs.V7PCPC/DerivedData/Build/Products/CloudKitDevelopment-iphoneos/AhoiMobileCore.framework --extracted-metadata-path /tmp/ahoi-mobile-shared-tabs.V7PCPC/DerivedData/Build/Products/CloudKitDevelopment-iphoneos/AhoiMobileCore.framework/Metadata.appintents --metadata-file-list /tmp/ahoi-mobile-shared-tabs.V7PCPC/DerivedData/Build/Intermediates.noindex/AhoiMobile.build/CloudKitDevelopment-iphoneos/AhoiMobileCore.build/AhoiMobileCore.DependencyMetadataFileList --source-file /tmp/ahoi-mobile-shared-tabs.V7PCPC/DerivedData/Build/Products/CloudKitDevelopment-iphoneos/AhoiMobileCore.framework/Info.plist --archive-ssu-assets
2026-09-08 18:48:28.438 appintentsnltrainingprocessor[41245:182766646] Parsing options for appintentsnltrainingprocessor
2026-09-08 18:48:28.439 appintentsnltrainingprocessor[41245:182766646] Starting AppIntents SSU YAML Generation
2026-09-08 18:48:28.439 appintentsnltrainingprocessor[41245:182766646] No AppShortcuts found - Skipping.

GenerateTAPI /tmp/ahoi-mobile-shared-tabs.V7PCPC/DerivedData/Build/Intermediates.noindex/EagerLinkingTBDs/CloudKitDevelopment-iphoneos/AhoiMobileCore.framework/AhoiMobileCore.tbd (in target 'AhoiMobileCore' from project 'AhoiMobile')
    cd /tmp/ahoi-mobile-shared-tabs.V7PCPC/repo/apps/AhoiMobile
    /Applications/Xcode.app/Contents/Developer/Toolchains/XcodeDefault.xctoolchain/usr/bin/tapi stubify -isysroot /Applications/Xcode.app/Contents/Developer/Platforms/iPhoneOS.platform/Developer/SDKs/iPhoneOS26.5.sdk -F/tmp/ahoi-mobile-shared-tabs.V7PCPC/DerivedData/Build/Products/CloudKitDevelopment-iphoneos/PackageFrameworks -F/tmp/ahoi-mobile-shared-tabs.V7PCPC/DerivedData/Build/Products/CloudKitDevelopment-iphoneos -L/tmp/ahoi-mobile-shared-tabs.V7PCPC/DerivedData/Build/Products/CloudKitDevelopment-iphoneos /tmp/ahoi-mobile-shared-tabs.V7PCPC/DerivedData/Build/Products/CloudKitDevelopment-iphoneos/AhoiMobileCore.framework/AhoiMobileCore -o /tmp/ahoi-mobile-shared-tabs.V7PCPC/DerivedData/Build/Intermediates.noindex/EagerLinkingTBDs/CloudKitDevelopment-iphoneos/AhoiMobileCore.framework/AhoiMobileCore.tbd

PhaseScriptExecution Mobile\ signing\ mode\ preflight /tmp/ahoi-mobile-shared-tabs.V7PCPC/DerivedData/Build/Intermediates.noindex/AhoiMobile.build/CloudKitDevelopment-iphoneos/AhoiMobile.build/Script-A0DB4133886667C5D797053C.sh (in target 'AhoiMobile' from project 'AhoiMobile')
    cd /tmp/ahoi-mobile-shared-tabs.V7PCPC/repo/apps/AhoiMobile
    /bin/sh -c /tmp/ahoi-mobile-shared-tabs.V7PCPC/DerivedData/Build/Intermediates.noindex/AhoiMobile.build/CloudKitDevelopment-iphoneos/AhoiMobile.build/Script-A0DB4133886667C5D797053C.sh
Ahoi Mobile signing preflight: isolated Development scope is source-bound; no runtime or key activation
Ahoi Mobile signing preflight: CloudKitDevelopment settings match the exact public identity and entitlement contract

Copy /tmp/ahoi-mobile-shared-tabs.V7PCPC/DerivedData/Build/Products/CloudKitDevelopment-iphoneos/AhoiMobile.app/Frameworks/AhoiCloudKitSpike_58C48334F00BB1AD_PackageProduct.framework /tmp/ahoi-mobile-shared-tabs.V7PCPC/DerivedData/Build/Products/CloudKitDevelopment-iphoneos/PackageFrameworks/AhoiCloudKitSpike_58C48334F00BB1AD_PackageProduct.framework (in target 'AhoiMobile' from project 'AhoiMobile')
    cd /tmp/ahoi-mobile-shared-tabs.V7PCPC/repo/apps/AhoiMobile
    builtin-copy -exclude .DS_Store -exclude CVS -exclude .svn -exclude .git -exclude .hg -bitcode-strip all -bitcode-strip-tool /Applications/Xcode.app/Contents/Developer/Toolchains/XcodeDefault.xctoolchain/usr/bin/bitcode_strip -resolve-src-symlinks -remove-static-executable /tmp/ahoi-mobile-shared-tabs.V7PCPC/DerivedData/Build/Products/CloudKitDevelopment-iphoneos/PackageFrameworks/AhoiCloudKitSpike_58C48334F00BB1AD_PackageProduct.framework /tmp/ahoi-mobile-shared-tabs.V7PCPC/DerivedData/Build/Products/CloudKitDevelopment-iphoneos/AhoiMobile.app/Frameworks
/Applications/Xcode.app/Contents/Developer/Toolchains/XcodeDefault.xctoolchain/usr/bin/bitcode_strip /tmp/ahoi-mobile-shared-tabs.V7PCPC/DerivedData/Build/Products/CloudKitDevelopment-iphoneos/PackageFrameworks/AhoiCloudKitSpike_58C48334F00BB1AD_PackageProduct.framework/AhoiCloudKitSpike_58C48334F00BB1AD_PackageProduct -r -o /tmp/ahoi-mobile-shared-tabs.V7PCPC/DerivedData/Build/Products/CloudKitDevelopment-iphoneos/AhoiMobile.app/Frameworks/AhoiCloudKitSpike_58C48334F00BB1AD_PackageProduct.framework/AhoiCloudKitSpike_58C48334F00BB1AD_PackageProduct

Ld /tmp/ahoi-mobile-shared-tabs.V7PCPC/DerivedData/Build/Products/CloudKitDevelopment-iphoneos/AhoiMobile.app/__preview.dylib normal (in target 'AhoiMobile' from project 'AhoiMobile')
    cd /tmp/ahoi-mobile-shared-tabs.V7PCPC/repo/apps/AhoiMobile
    /Applications/Xcode.app/Contents/Developer/Toolchains/XcodeDefault.xctoolchain/usr/bin/clang -Xlinker -reproducible -target arm64-apple-ios26.0 -dynamiclib -isysroot /Applications/Xcode.app/Contents/Developer/Platforms/iPhoneOS.platform/Developer/SDKs/iPhoneOS26.5.sdk -O0 -L/tmp/ahoi-mobile-shared-tabs.V7PCPC/DerivedData/Build/Products/CloudKitDevelopment-iphoneos -F/tmp/ahoi-mobile-shared-tabs.V7PCPC/DerivedData/Build/Products/CloudKitDevelopment-iphoneos/PackageFrameworks -F/tmp/ahoi-mobile-shared-tabs.V7PCPC/DerivedData/Build/Products/CloudKitDevelopment-iphoneos -install_name @rpath/AhoiMobile.debug.dylib -Xlinker -dead_strip -rdynamic -Xlinker -no_deduplicate -Xlinker -dependency_info -Xlinker /tmp/ahoi-mobile-shared-tabs.V7PCPC/DerivedData/Build/Intermediates.noindex/AhoiMobile.build/CloudKitDevelopment-iphoneos/AhoiMobile.build/Objects-normal/arm64/AhoiMobile_dependency_info.dat -o /tmp/ahoi-mobile-shared-tabs.V7PCPC/DerivedData/Build/Products/CloudKitDevelopment-iphoneos/AhoiMobile.app/__preview.dylib

MkDir /tmp/ahoi-mobile-shared-tabs.V7PCPC/DerivedData/Build/Intermediates.noindex/AhoiMobile.build/CloudKitDevelopment-iphoneos/AhoiMobile.build/assetcatalog_output/unthinned (in target 'AhoiMobile' from project 'AhoiMobile')
    cd /tmp/ahoi-mobile-shared-tabs.V7PCPC/repo/apps/AhoiMobile
    /bin/mkdir -p /tmp/ahoi-mobile-shared-tabs.V7PCPC/DerivedData/Build/Intermediates.noindex/AhoiMobile.build/CloudKitDevelopment-iphoneos/AhoiMobile.build/assetcatalog_output/unthinned

MkDir /tmp/ahoi-mobile-shared-tabs.V7PCPC/DerivedData/Build/Intermediates.noindex/AhoiMobile.build/CloudKitDevelopment-iphoneos/AhoiMobile.build/assetcatalog_output/thinned (in target 'AhoiMobile' from project 'AhoiMobile')
    cd /tmp/ahoi-mobile-shared-tabs.V7PCPC/repo/apps/AhoiMobile
    /bin/mkdir -p /tmp/ahoi-mobile-shared-tabs.V7PCPC/DerivedData/Build/Intermediates.noindex/AhoiMobile.build/CloudKitDevelopment-iphoneos/AhoiMobile.build/assetcatalog_output/thinned

GenerateAssetSymbols /tmp/ahoi-mobile-shared-tabs.V7PCPC/repo/apps/AhoiMobile/Sources/AhoiMobileApp/Assets.xcassets (in target 'AhoiMobile' from project 'AhoiMobile')
    cd /tmp/ahoi-mobile-shared-tabs.V7PCPC/repo/apps/AhoiMobile
    /Applications/Xcode.app/Contents/Developer/usr/bin/actool /tmp/ahoi-mobile-shared-tabs.V7PCPC/repo/apps/AhoiMobile/Sources/AhoiMobileApp/Assets.xcassets --compile /tmp/ahoi-mobile-shared-tabs.V7PCPC/DerivedData/Build/Products/CloudKitDevelopment-iphoneos/AhoiMobile.app --output-format human-readable-text --notices --warnings --export-dependency-info /tmp/ahoi-mobile-shared-tabs.V7PCPC/DerivedData/Build/Intermediates.noindex/AhoiMobile.build/CloudKitDevelopment-iphoneos/AhoiMobile.build/assetcatalog_dependencies --output-partial-info-plist /tmp/ahoi-mobile-shared-tabs.V7PCPC/DerivedData/Build/Intermediates.noindex/AhoiMobile.build/CloudKitDevelopment-iphoneos/AhoiMobile.build/assetcatalog_generated_info.plist --app-icon AppIcon --compress-pngs --enable-on-demand-resources YES --development-region en --target-device iphone --target-device ipad --minimum-deployment-target 26.0 --platform iphoneos --bundle-identifier app.ahoibrowser.AhoiBrowser --generate-swift-asset-symbol-extensions NO --generate-swift-asset-symbols /tmp/ahoi-mobile-shared-tabs.V7PCPC/DerivedData/Build/Intermediates.noindex/AhoiMobile.build/CloudKitDevelopment-iphoneos/AhoiMobile.build/DerivedSources/GeneratedAssetSymbols.swift --generate-objc-asset-symbols /tmp/ahoi-mobile-shared-tabs.V7PCPC/DerivedData/Build/Intermediates.noindex/AhoiMobile.build/CloudKitDevelopment-iphoneos/AhoiMobile.build/DerivedSources/GeneratedAssetSymbols.h --generate-asset-symbol-index /tmp/ahoi-mobile-shared-tabs.V7PCPC/DerivedData/Build/Intermediates.noindex/AhoiMobile.build/CloudKitDevelopment-iphoneos/AhoiMobile.build/DerivedSources/GeneratedAssetSymbols-Index.plist
/* com.apple.actool.compilation-results */
/tmp/ahoi-mobile-shared-tabs.V7PCPC/DerivedData/Build/Intermediates.noindex/AhoiMobile.build/CloudKitDevelopment-iphoneos/AhoiMobile.build/DerivedSources/GeneratedAssetSymbols-Index.plist
/tmp/ahoi-mobile-shared-tabs.V7PCPC/DerivedData/Build/Intermediates.noindex/AhoiMobile.build/CloudKitDevelopment-iphoneos/AhoiMobile.build/DerivedSources/GeneratedAssetSymbols.h
/tmp/ahoi-mobile-shared-tabs.V7PCPC/DerivedData/Build/Intermediates.noindex/AhoiMobile.build/CloudKitDevelopment-iphoneos/AhoiMobile.build/DerivedSources/GeneratedAssetSymbols.swift


CpResource /tmp/ahoi-mobile-shared-tabs.V7PCPC/DerivedData/Build/Products/CloudKitDevelopment-iphoneos/AhoiMobile.app/PrivacyInfo.xcprivacy /tmp/ahoi-mobile-shared-tabs.V7PCPC/repo/apps/AhoiMobile/Sources/AhoiMobileApp/PrivacyInfo.xcprivacy (in target 'AhoiMobile' from project 'AhoiMobile')
    cd /tmp/ahoi-mobile-shared-tabs.V7PCPC/repo/apps/AhoiMobile
    builtin-copy -exclude .DS_Store -exclude CVS -exclude .svn -exclude .git -exclude .hg -resolve-src-symlinks /tmp/ahoi-mobile-shared-tabs.V7PCPC/repo/apps/AhoiMobile/Sources/AhoiMobileApp/PrivacyInfo.xcprivacy /tmp/ahoi-mobile-shared-tabs.V7PCPC/DerivedData/Build/Products/CloudKitDevelopment-iphoneos/AhoiMobile.app

CopyStringsFile /tmp/ahoi-mobile-shared-tabs.V7PCPC/DerivedData/Build/Products/CloudKitDevelopment-iphoneos/AhoiMobile.app/en.lproj/InfoPlist.strings /tmp/ahoi-mobile-shared-tabs.V7PCPC/repo/apps/AhoiMobile/Sources/AhoiMobileApp/en.lproj/InfoPlist.strings (in target 'AhoiMobile' from project 'AhoiMobile')
    cd /tmp/ahoi-mobile-shared-tabs.V7PCPC/repo/apps/AhoiMobile
    builtin-copyStrings --validate --outputencoding binary --outfilename InfoPlist.strings --outdir /tmp/ahoi-mobile-shared-tabs.V7PCPC/DerivedData/Build/Products/CloudKitDevelopment-iphoneos/AhoiMobile.app/en.lproj -- /tmp/ahoi-mobile-shared-tabs.V7PCPC/repo/apps/AhoiMobile/Sources/AhoiMobileApp/en.lproj/InfoPlist.strings
/tmp/ahoi-mobile-shared-tabs.V7PCPC/repo/apps/AhoiMobile/Sources/AhoiMobileApp/en.lproj/InfoPlist.strings:1:1: note: detected encoding of input file as Unicode (UTF-8) (in target 'AhoiMobile' from project 'AhoiMobile')

CopyStringsFile /tmp/ahoi-mobile-shared-tabs.V7PCPC/DerivedData/Build/Products/CloudKitDevelopment-iphoneos/AhoiMobile.app/de.lproj/InfoPlist.strings /tmp/ahoi-mobile-shared-tabs.V7PCPC/repo/apps/AhoiMobile/Sources/AhoiMobileApp/de.lproj/InfoPlist.strings (in target 'AhoiMobile' from project 'AhoiMobile')
    cd /tmp/ahoi-mobile-shared-tabs.V7PCPC/repo/apps/AhoiMobile
    builtin-copyStrings --validate --outputencoding binary --outfilename InfoPlist.strings --outdir /tmp/ahoi-mobile-shared-tabs.V7PCPC/DerivedData/Build/Products/CloudKitDevelopment-iphoneos/AhoiMobile.app/de.lproj -- /tmp/ahoi-mobile-shared-tabs.V7PCPC/repo/apps/AhoiMobile/Sources/AhoiMobileApp/de.lproj/InfoPlist.strings
/tmp/ahoi-mobile-shared-tabs.V7PCPC/repo/apps/AhoiMobile/Sources/AhoiMobileApp/de.lproj/InfoPlist.strings:1:1: note: detected encoding of input file as Unicode (UTF-8) (in target 'AhoiMobile' from project 'AhoiMobile')

CompileAssetCatalogVariant thinned /tmp/ahoi-mobile-shared-tabs.V7PCPC/DerivedData/Build/Products/CloudKitDevelopment-iphoneos/AhoiMobile.app /tmp/ahoi-mobile-shared-tabs.V7PCPC/repo/apps/AhoiMobile/Sources/AhoiMobileApp/Assets.xcassets (in target 'AhoiMobile' from project 'AhoiMobile')
    cd /tmp/ahoi-mobile-shared-tabs.V7PCPC/repo/apps/AhoiMobile
    /Applications/Xcode.app/Contents/Developer/usr/bin/actool /tmp/ahoi-mobile-shared-tabs.V7PCPC/repo/apps/AhoiMobile/Sources/AhoiMobileApp/Assets.xcassets --compile /tmp/ahoi-mobile-shared-tabs.V7PCPC/DerivedData/Build/Intermediates.noindex/AhoiMobile.build/CloudKitDevelopment-iphoneos/AhoiMobile.build/assetcatalog_output/thinned --output-format human-readable-text --notices --warnings --export-dependency-info /tmp/ahoi-mobile-shared-tabs.V7PCPC/DerivedData/Build/Intermediates.noindex/AhoiMobile.build/CloudKitDevelopment-iphoneos/AhoiMobile.build/assetcatalog_dependencies_thinned --output-partial-info-plist /tmp/ahoi-mobile-shared-tabs.V7PCPC/DerivedData/Build/Intermediates.noindex/AhoiMobile.build/CloudKitDevelopment-iphoneos/AhoiMobile.build/assetcatalog_generated_info.plist_thinned --app-icon AppIcon --compress-pngs --enable-on-demand-resources YES --development-region en --target-device iphone --target-device ipad --minimum-deployment-target 26.0 --platform iphoneos
/* com.apple.actool.compilation-results */
/tmp/ahoi-mobile-shared-tabs.V7PCPC/DerivedData/Build/Intermediates.noindex/AhoiMobile.build/CloudKitDevelopment-iphoneos/AhoiMobile.build/assetcatalog_generated_info.plist_thinned
/tmp/ahoi-mobile-shared-tabs.V7PCPC/DerivedData/Build/Intermediates.noindex/AhoiMobile.build/CloudKitDevelopment-iphoneos/AhoiMobile.build/assetcatalog_output/thinned/AppIcon60x60@2x.png
/tmp/ahoi-mobile-shared-tabs.V7PCPC/DerivedData/Build/Intermediates.noindex/AhoiMobile.build/CloudKitDevelopment-iphoneos/AhoiMobile.build/assetcatalog_output/thinned/AppIcon76x76@2x~ipad.png
/tmp/ahoi-mobile-shared-tabs.V7PCPC/DerivedData/Build/Intermediates.noindex/AhoiMobile.build/CloudKitDevelopment-iphoneos/AhoiMobile.build/assetcatalog_output/thinned/Assets.car


SwiftDriver AhoiMobile normal arm64 com.apple.xcode.tools.swift.compiler (in target 'AhoiMobile' from project 'AhoiMobile')
    cd /tmp/ahoi-mobile-shared-tabs.V7PCPC/repo/apps/AhoiMobile
    builtin-SwiftDriver -- /Applications/Xcode.app/Contents/Developer/Toolchains/XcodeDefault.xctoolchain/usr/bin/swiftc -module-name AhoiMobile -Onone @/tmp/ahoi-mobile-shared-tabs.V7PCPC/DerivedData/Build/Intermediates.noindex/AhoiMobile.build/CloudKitDevelopment-iphoneos/AhoiMobile.build/Objects-normal/arm64/AhoiMobile.SwiftFileList -DDEBUG -j2 -enable-experimental-feature DebugDescriptionMacro -sdk /Applications/Xcode.app/Contents/Developer/Platforms/iPhoneOS.platform/Developer/SDKs/iPhoneOS26.5.sdk -target arm64-apple-ios26.0 -g -module-cache-path /tmp/ahoi-mobile-shared-tabs.V7PCPC/DerivedData/ModuleCache.noindex -Xfrontend -serialize-debugging-options -enable-testing -index-store-path /tmp/ahoi-mobile-shared-tabs.V7PCPC/DerivedData/Index.noindex/DataStore -Xcc -D_LIBCPP_HARDENING_MODE\=_LIBCPP_HARDENING_MODE_DEBUG -swift-version 6 -I /tmp/ahoi-mobile-shared-tabs.V7PCPC/DerivedData/Build/Products/CloudKitDevelopment-iphoneos -F /tmp/ahoi-mobile-shared-tabs.V7PCPC/DerivedData/Build/Products/CloudKitDevelopment-iphoneos/PackageFrameworks -F /tmp/ahoi-mobile-shared-tabs.V7PCPC/DerivedData/Build/Products/CloudKitDevelopment-iphoneos -c -j12 -enable-batch-mode -incremental -Xcc -ivfsstatcache -Xcc /tmp/ahoi-mobile-shared-tabs.V7PCPC/DerivedData/SDKStatCaches.noindex/iphoneos26.5-23F81a-688ef53f1462e2c8f657fdc38a81448f32daed1954a7d5dd0789fcaf2a9bb78b.sdkstatcache -output-file-map /tmp/ahoi-mobile-shared-tabs.V7PCPC/DerivedData/Build/Intermediates.noindex/AhoiMobile.build/CloudKitDevelopment-iphoneos/AhoiMobile.build/Objects-normal/arm64/AhoiMobile-OutputFileMap.json -use-frontend-parseable-output -save-temps -no-color-diagnostics -explicit-module-build -module-cache-path /tmp/ahoi-mobile-shared-tabs.V7PCPC/DerivedData/Build/Intermediates.noindex/SwiftExplicitPrecompiledModules -clang-scanner-module-cache-path /tmp/ahoi-mobile-shared-tabs.V7PCPC/DerivedData/ModuleCache.noindex -sdk-module-cache-path /tmp/ahoi-mobile-shared-tabs.V7PCPC/DerivedData/ModuleCache.noindex -serialize-diagnostics -emit-dependencies -emit-module -emit-module-path /tmp/ahoi-mobile-shared-tabs.V7PCPC/DerivedData/Build/Intermediates.noindex/AhoiMobile.build/CloudKitDevelopment-iphoneos/AhoiMobile.build/Objects-normal/arm64/AhoiMobile.swiftmodule -validate-clang-modules-once -clang-build-session-file /tmp/ahoi-mobile-shared-tabs.V7PCPC/DerivedData/ModuleCache.noindex/Session.modulevalidation -Xcc -I/tmp/ahoi-mobile-shared-tabs.V7PCPC/DerivedData/Build/Intermediates.noindex/AhoiMobile.build/CloudKitDevelopment-iphoneos/AhoiMobile.build/swift-overrides.hmap -emit-const-values -Xfrontend -const-gather-protocols-file -Xfrontend /tmp/ahoi-mobile-shared-tabs.V7PCPC/DerivedData/Build/Intermediates.noindex/AhoiMobile.build/CloudKitDevelopment-iphoneos/AhoiMobile.build/Objects-normal/arm64/AhoiMobile_const_extract_protocols.json -Xcc -iquote -Xcc /tmp/ahoi-mobile-shared-tabs.V7PCPC/DerivedData/Build/Intermediates.noindex/AhoiMobile.build/CloudKitDevelopment-iphoneos/AhoiMobile.build/AhoiMobile-generated-files.hmap -Xcc -I/tmp/ahoi-mobile-shared-tabs.V7PCPC/DerivedData/Build/Intermediates.noindex/AhoiMobile.build/CloudKitDevelopment-iphoneos/AhoiMobile.build/AhoiMobile-own-target-headers.hmap -Xcc -I/tmp/ahoi-mobile-shared-tabs.V7PCPC/DerivedData/Build/Intermediates.noindex/AhoiMobile.build/CloudKitDevelopment-iphoneos/AhoiMobile.build/AhoiMobile-all-non-framework-target-headers.hmap -Xcc -ivfsoverlay -Xcc /tmp/ahoi-mobile-shared-tabs.V7PCPC/DerivedData/Build/Intermediates.noindex/AhoiMobile.build/CloudKitDevelopment-iphoneos/AhoiMobile-a44a3a976db28ace36eae5fb72a0335b-VFS-iphoneos/all-product-headers.yaml -Xcc -iquote -Xcc /tmp/ahoi-mobile-shared-tabs.V7PCPC/DerivedData/Build/Intermediates.noindex/AhoiMobile.build/CloudKitDevelopment-iphoneos/AhoiMobile.build/AhoiMobile-project-headers.hmap -Xcc -I/tmp/ahoi-mobile-shared-tabs.V7PCPC/DerivedData/Build/Products/CloudKitDevelopment-iphoneos/include -Xcc -I/tmp/ahoi-mobile-shared-tabs.V7PCPC/DerivedData/Build/Intermediates.noindex/AhoiMobile.build/CloudKitDevelopment-iphoneos/AhoiMobile.build/DerivedSources-normal/arm64 -Xcc -I/tmp/ahoi-mobile-shared-tabs.V7PCPC/DerivedData/Build/Intermediates.noindex/AhoiMobile.build/CloudKitDevelopment-iphoneos/AhoiMobile.build/DerivedSources/arm64 -Xcc -I/tmp/ahoi-mobile-shared-tabs.V7PCPC/DerivedData/Build/Intermediates.noindex/AhoiMobile.build/CloudKitDevelopment-iphoneos/AhoiMobile.build/DerivedSources -Xcc -DDEBUG\=1 -emit-objc-header -emit-objc-header-path /tmp/ahoi-mobile-shared-tabs.V7PCPC/DerivedData/Build/Intermediates.noindex/AhoiMobile.build/CloudKitDevelopment-iphoneos/AhoiMobile.build/Objects-normal/arm64/AhoiMobile-Swift.h -working-directory /tmp/ahoi-mobile-shared-tabs.V7PCPC/repo/apps/AhoiMobile -experimental-emit-module-separately -disable-cmo

SwiftEmitModule normal arm64 Emitting\ module\ for\ AhoiMobile (in target 'AhoiMobile' from project 'AhoiMobile')

EmitSwiftModule normal arm64 (in target 'AhoiMobile' from project 'AhoiMobile')
    cd /tmp/ahoi-mobile-shared-tabs.V7PCPC/repo/apps/AhoiMobile
    

SwiftCompile normal arm64 Compiling\ GeneratedAssetSymbols.swift /tmp/ahoi-mobile-shared-tabs.V7PCPC/DerivedData/Build/Intermediates.noindex/AhoiMobile.build/CloudKitDevelopment-iphoneos/AhoiMobile.build/DerivedSources/GeneratedAssetSymbols.swift (in target 'AhoiMobile' from project 'AhoiMobile')

SwiftCompile normal arm64 /tmp/ahoi-mobile-shared-tabs.V7PCPC/DerivedData/Build/Intermediates.noindex/AhoiMobile.build/CloudKitDevelopment-iphoneos/AhoiMobile.build/DerivedSources/GeneratedAssetSymbols.swift (in target 'AhoiMobile' from project 'AhoiMobile')
    cd /tmp/ahoi-mobile-shared-tabs.V7PCPC/repo/apps/AhoiMobile
    

SwiftDriverJobDiscovery normal arm64 Emitting module for AhoiMobile (in target 'AhoiMobile' from project 'AhoiMobile')

SwiftDriver\ Compilation\ Requirements AhoiMobile normal arm64 com.apple.xcode.tools.swift.compiler (in target 'AhoiMobile' from project 'AhoiMobile')
    cd /tmp/ahoi-mobile-shared-tabs.V7PCPC/repo/apps/AhoiMobile
    builtin-Swift-Compilation-Requirements -- /Applications/Xcode.app/Contents/Developer/Toolchains/XcodeDefault.xctoolchain/usr/bin/swiftc -module-name AhoiMobile -Onone @/tmp/ahoi-mobile-shared-tabs.V7PCPC/DerivedData/Build/Intermediates.noindex/AhoiMobile.build/CloudKitDevelopment-iphoneos/AhoiMobile.build/Objects-normal/arm64/AhoiMobile.SwiftFileList -DDEBUG -j2 -enable-experimental-feature DebugDescriptionMacro -sdk /Applications/Xcode.app/Contents/Developer/Platforms/iPhoneOS.platform/Developer/SDKs/iPhoneOS26.5.sdk -target arm64-apple-ios26.0 -g -module-cache-path /tmp/ahoi-mobile-shared-tabs.V7PCPC/DerivedData/ModuleCache.noindex -Xfrontend -serialize-debugging-options -enable-testing -index-store-path /tmp/ahoi-mobile-shared-tabs.V7PCPC/DerivedData/Index.noindex/DataStore -Xcc -D_LIBCPP_HARDENING_MODE\=_LIBCPP_HARDENING_MODE_DEBUG -swift-version 6 -I /tmp/ahoi-mobile-shared-tabs.V7PCPC/DerivedData/Build/Products/CloudKitDevelopment-iphoneos -F /tmp/ahoi-mobile-shared-tabs.V7PCPC/DerivedData/Build/Products/CloudKitDevelopment-iphoneos/PackageFrameworks -F /tmp/ahoi-mobile-shared-tabs.V7PCPC/DerivedData/Build/Products/CloudKitDevelopment-iphoneos -c -j12 -enable-batch-mode -incremental -Xcc -ivfsstatcache -Xcc /tmp/ahoi-mobile-shared-tabs.V7PCPC/DerivedData/SDKStatCaches.noindex/iphoneos26.5-23F81a-688ef53f1462e2c8f657fdc38a81448f32daed1954a7d5dd0789fcaf2a9bb78b.sdkstatcache -output-file-map /tmp/ahoi-mobile-shared-tabs.V7PCPC/DerivedData/Build/Intermediates.noindex/AhoiMobile.build/CloudKitDevelopment-iphoneos/AhoiMobile.build/Objects-normal/arm64/AhoiMobile-OutputFileMap.json -use-frontend-parseable-output -save-temps -no-color-diagnostics -explicit-module-build -module-cache-path /tmp/ahoi-mobile-shared-tabs.V7PCPC/DerivedData/Build/Intermediates.noindex/SwiftExplicitPrecompiledModules -clang-scanner-module-cache-path /tmp/ahoi-mobile-shared-tabs.V7PCPC/DerivedData/ModuleCache.noindex -sdk-module-cache-path /tmp/ahoi-mobile-shared-tabs.V7PCPC/DerivedData/ModuleCache.noindex -serialize-diagnostics -emit-dependencies -emit-module -emit-module-path /tmp/ahoi-mobile-shared-tabs.V7PCPC/DerivedData/Build/Intermediates.noindex/AhoiMobile.build/CloudKitDevelopment-iphoneos/AhoiMobile.build/Objects-normal/arm64/AhoiMobile.swiftmodule -validate-clang-modules-once -clang-build-session-file /tmp/ahoi-mobile-shared-tabs.V7PCPC/DerivedData/ModuleCache.noindex/Session.modulevalidation -Xcc -I/tmp/ahoi-mobile-shared-tabs.V7PCPC/DerivedData/Build/Intermediates.noindex/AhoiMobile.build/CloudKitDevelopment-iphoneos/AhoiMobile.build/swift-overrides.hmap -emit-const-values -Xfrontend -const-gather-protocols-file -Xfrontend /tmp/ahoi-mobile-shared-tabs.V7PCPC/DerivedData/Build/Intermediates.noindex/AhoiMobile.build/CloudKitDevelopment-iphoneos/AhoiMobile.build/Objects-normal/arm64/AhoiMobile_const_extract_protocols.json -Xcc -iquote -Xcc /tmp/ahoi-mobile-shared-tabs.V7PCPC/DerivedData/Build/Intermediates.noindex/AhoiMobile.build/CloudKitDevelopment-iphoneos/AhoiMobile.build/AhoiMobile-generated-files.hmap -Xcc -I/tmp/ahoi-mobile-shared-tabs.V7PCPC/DerivedData/Build/Intermediates.noindex/AhoiMobile.build/CloudKitDevelopment-iphoneos/AhoiMobile.build/AhoiMobile-own-target-headers.hmap -Xcc -I/tmp/ahoi-mobile-shared-tabs.V7PCPC/DerivedData/Build/Intermediates.noindex/AhoiMobile.build/CloudKitDevelopment-iphoneos/AhoiMobile.build/AhoiMobile-all-non-framework-target-headers.hmap -Xcc -ivfsoverlay -Xcc /tmp/ahoi-mobile-shared-tabs.V7PCPC/DerivedData/Build/Intermediates.noindex/AhoiMobile.build/CloudKitDevelopment-iphoneos/AhoiMobile-a44a3a976db28ace36eae5fb72a0335b-VFS-iphoneos/all-product-headers.yaml -Xcc -iquote -Xcc /tmp/ahoi-mobile-shared-tabs.V7PCPC/DerivedData/Build/Intermediates.noindex/AhoiMobile.build/CloudKitDevelopment-iphoneos/AhoiMobile.build/AhoiMobile-project-headers.hmap -Xcc -I/tmp/ahoi-mobile-shared-tabs.V7PCPC/DerivedData/Build/Products/CloudKitDevelopment-iphoneos/include -Xcc -I/tmp/ahoi-mobile-shared-tabs.V7PCPC/DerivedData/Build/Intermediates.noindex/AhoiMobile.build/CloudKitDevelopment-iphoneos/AhoiMobile.build/DerivedSources-normal/arm64 -Xcc -I/tmp/ahoi-mobile-shared-tabs.V7PCPC/DerivedData/Build/Intermediates.noindex/AhoiMobile.build/CloudKitDevelopment-iphoneos/AhoiMobile.build/DerivedSources/arm64 -Xcc -I/tmp/ahoi-mobile-shared-tabs.V7PCPC/DerivedData/Build/Intermediates.noindex/AhoiMobile.build/CloudKitDevelopment-iphoneos/AhoiMobile.build/DerivedSources -Xcc -DDEBUG\=1 -emit-objc-header -emit-objc-header-path /tmp/ahoi-mobile-shared-tabs.V7PCPC/DerivedData/Build/Intermediates.noindex/AhoiMobile.build/CloudKitDevelopment-iphoneos/AhoiMobile.build/Objects-normal/arm64/AhoiMobile-Swift.h -working-directory /tmp/ahoi-mobile-shared-tabs.V7PCPC/repo/apps/AhoiMobile -experimental-emit-module-separately -disable-cmo

SwiftDriverJobDiscovery normal arm64 Compiling GeneratedAssetSymbols.swift (in target 'AhoiMobile' from project 'AhoiMobile')

SwiftCompile normal arm64 Compiling\ AppEntry.swift /tmp/ahoi-mobile-shared-tabs.V7PCPC/repo/apps/AhoiMobile/Sources/AhoiMobileApp/AppEntry.swift (in target 'AhoiMobile' from project 'AhoiMobile')

SwiftCompile normal arm64 /tmp/ahoi-mobile-shared-tabs.V7PCPC/repo/apps/AhoiMobile/Sources/AhoiMobileApp/AppEntry.swift (in target 'AhoiMobile' from project 'AhoiMobile')
    cd /tmp/ahoi-mobile-shared-tabs.V7PCPC/repo/apps/AhoiMobile
    

SwiftMergeGeneratedHeaders /tmp/ahoi-mobile-shared-tabs.V7PCPC/DerivedData/Build/Intermediates.noindex/AhoiMobile.build/CloudKitDevelopment-iphoneos/AhoiMobile.build/DerivedSources/AhoiMobile-Swift.h /tmp/ahoi-mobile-shared-tabs.V7PCPC/DerivedData/Build/Intermediates.noindex/AhoiMobile.build/CloudKitDevelopment-iphoneos/AhoiMobile.build/Objects-normal/arm64/AhoiMobile-Swift.h (in target 'AhoiMobile' from project 'AhoiMobile')
    cd /tmp/ahoi-mobile-shared-tabs.V7PCPC/repo/apps/AhoiMobile
    builtin-swiftHeaderTool -arch arm64 /tmp/ahoi-mobile-shared-tabs.V7PCPC/DerivedData/Build/Intermediates.noindex/AhoiMobile.build/CloudKitDevelopment-iphoneos/AhoiMobile.build/Objects-normal/arm64/AhoiMobile-Swift.h -o /tmp/ahoi-mobile-shared-tabs.V7PCPC/DerivedData/Build/Intermediates.noindex/AhoiMobile.build/CloudKitDevelopment-iphoneos/AhoiMobile.build/DerivedSources/AhoiMobile-Swift.h

SwiftDriverJobDiscovery normal arm64 Compiling AppEntry.swift (in target 'AhoiMobile' from project 'AhoiMobile')

Copy /tmp/ahoi-mobile-shared-tabs.V7PCPC/DerivedData/Build/Products/CloudKitDevelopment-iphoneos/AhoiMobile.swiftmodule/arm64-apple-ios.swiftmodule /tmp/ahoi-mobile-shared-tabs.V7PCPC/DerivedData/Build/Intermediates.noindex/AhoiMobile.build/CloudKitDevelopment-iphoneos/AhoiMobile.build/Objects-normal/arm64/AhoiMobile.swiftmodule (in target 'AhoiMobile' from project 'AhoiMobile')
    cd /tmp/ahoi-mobile-shared-tabs.V7PCPC/repo/apps/AhoiMobile
    builtin-copy -exclude .DS_Store -exclude CVS -exclude .svn -exclude .git -exclude .hg -resolve-src-symlinks -rename /tmp/ahoi-mobile-shared-tabs.V7PCPC/DerivedData/Build/Intermediates.noindex/AhoiMobile.build/CloudKitDevelopment-iphoneos/AhoiMobile.build/Objects-normal/arm64/AhoiMobile.swiftmodule /tmp/ahoi-mobile-shared-tabs.V7PCPC/DerivedData/Build/Products/CloudKitDevelopment-iphoneos/AhoiMobile.swiftmodule/arm64-apple-ios.swiftmodule

Copy /tmp/ahoi-mobile-shared-tabs.V7PCPC/DerivedData/Build/Products/CloudKitDevelopment-iphoneos/AhoiMobile.swiftmodule/arm64-apple-ios.swiftdoc /tmp/ahoi-mobile-shared-tabs.V7PCPC/DerivedData/Build/Intermediates.noindex/AhoiMobile.build/CloudKitDevelopment-iphoneos/AhoiMobile.build/Objects-normal/arm64/AhoiMobile.swiftdoc (in target 'AhoiMobile' from project 'AhoiMobile')
    cd /tmp/ahoi-mobile-shared-tabs.V7PCPC/repo/apps/AhoiMobile
    builtin-copy -exclude .DS_Store -exclude CVS -exclude .svn -exclude .git -exclude .hg -resolve-src-symlinks -rename /tmp/ahoi-mobile-shared-tabs.V7PCPC/DerivedData/Build/Intermediates.noindex/AhoiMobile.build/CloudKitDevelopment-iphoneos/AhoiMobile.build/Objects-normal/arm64/AhoiMobile.swiftdoc /tmp/ahoi-mobile-shared-tabs.V7PCPC/DerivedData/Build/Products/CloudKitDevelopment-iphoneos/AhoiMobile.swiftmodule/arm64-apple-ios.swiftdoc

Copy /tmp/ahoi-mobile-shared-tabs.V7PCPC/DerivedData/Build/Products/CloudKitDevelopment-iphoneos/AhoiMobile.swiftmodule/arm64-apple-ios.abi.json /tmp/ahoi-mobile-shared-tabs.V7PCPC/DerivedData/Build/Intermediates.noindex/AhoiMobile.build/CloudKitDevelopment-iphoneos/AhoiMobile.build/Objects-normal/arm64/AhoiMobile.abi.json (in target 'AhoiMobile' from project 'AhoiMobile')
    cd /tmp/ahoi-mobile-shared-tabs.V7PCPC/repo/apps/AhoiMobile
    builtin-copy -exclude .DS_Store -exclude CVS -exclude .svn -exclude .git -exclude .hg -resolve-src-symlinks -rename /tmp/ahoi-mobile-shared-tabs.V7PCPC/DerivedData/Build/Intermediates.noindex/AhoiMobile.build/CloudKitDevelopment-iphoneos/AhoiMobile.build/Objects-normal/arm64/AhoiMobile.abi.json /tmp/ahoi-mobile-shared-tabs.V7PCPC/DerivedData/Build/Products/CloudKitDevelopment-iphoneos/AhoiMobile.swiftmodule/arm64-apple-ios.abi.json

Copy /tmp/ahoi-mobile-shared-tabs.V7PCPC/DerivedData/Build/Products/CloudKitDevelopment-iphoneos/AhoiMobile.swiftmodule/Project/arm64-apple-ios.swiftsourceinfo /tmp/ahoi-mobile-shared-tabs.V7PCPC/DerivedData/Build/Intermediates.noindex/AhoiMobile.build/CloudKitDevelopment-iphoneos/AhoiMobile.build/Objects-normal/arm64/AhoiMobile.swiftsourceinfo (in target 'AhoiMobile' from project 'AhoiMobile')
    cd /tmp/ahoi-mobile-shared-tabs.V7PCPC/repo/apps/AhoiMobile
    builtin-copy -exclude .DS_Store -exclude CVS -exclude .svn -exclude .git -exclude .hg -resolve-src-symlinks -rename /tmp/ahoi-mobile-shared-tabs.V7PCPC/DerivedData/Build/Intermediates.noindex/AhoiMobile.build/CloudKitDevelopment-iphoneos/AhoiMobile.build/Objects-normal/arm64/AhoiMobile.swiftsourceinfo /tmp/ahoi-mobile-shared-tabs.V7PCPC/DerivedData/Build/Products/CloudKitDevelopment-iphoneos/AhoiMobile.swiftmodule/Project/arm64-apple-ios.swiftsourceinfo

SwiftDriver\ Compilation AhoiMobile normal arm64 com.apple.xcode.tools.swift.compiler (in target 'AhoiMobile' from project 'AhoiMobile')
    cd /tmp/ahoi-mobile-shared-tabs.V7PCPC/repo/apps/AhoiMobile
    builtin-Swift-Compilation -- /Applications/Xcode.app/Contents/Developer/Toolchains/XcodeDefault.xctoolchain/usr/bin/swiftc -module-name AhoiMobile -Onone @/tmp/ahoi-mobile-shared-tabs.V7PCPC/DerivedData/Build/Intermediates.noindex/AhoiMobile.build/CloudKitDevelopment-iphoneos/AhoiMobile.build/Objects-normal/arm64/AhoiMobile.SwiftFileList -DDEBUG -j2 -enable-experimental-feature DebugDescriptionMacro -sdk /Applications/Xcode.app/Contents/Developer/Platforms/iPhoneOS.platform/Developer/SDKs/iPhoneOS26.5.sdk -target arm64-apple-ios26.0 -g -module-cache-path /tmp/ahoi-mobile-shared-tabs.V7PCPC/DerivedData/ModuleCache.noindex -Xfrontend -serialize-debugging-options -enable-testing -index-store-path /tmp/ahoi-mobile-shared-tabs.V7PCPC/DerivedData/Index.noindex/DataStore -Xcc -D_LIBCPP_HARDENING_MODE\=_LIBCPP_HARDENING_MODE_DEBUG -swift-version 6 -I /tmp/ahoi-mobile-shared-tabs.V7PCPC/DerivedData/Build/Products/CloudKitDevelopment-iphoneos -F /tmp/ahoi-mobile-shared-tabs.V7PCPC/DerivedData/Build/Products/CloudKitDevelopment-iphoneos/PackageFrameworks -F /tmp/ahoi-mobile-shared-tabs.V7PCPC/DerivedData/Build/Products/CloudKitDevelopment-iphoneos -c -j12 -enable-batch-mode -incremental -Xcc -ivfsstatcache -Xcc /tmp/ahoi-mobile-shared-tabs.V7PCPC/DerivedData/SDKStatCaches.noindex/iphoneos26.5-23F81a-688ef53f1462e2c8f657fdc38a81448f32daed1954a7d5dd0789fcaf2a9bb78b.sdkstatcache -output-file-map /tmp/ahoi-mobile-shared-tabs.V7PCPC/DerivedData/Build/Intermediates.noindex/AhoiMobile.build/CloudKitDevelopment-iphoneos/AhoiMobile.build/Objects-normal/arm64/AhoiMobile-OutputFileMap.json -use-frontend-parseable-output -save-temps -no-color-diagnostics -explicit-module-build -module-cache-path /tmp/ahoi-mobile-shared-tabs.V7PCPC/DerivedData/Build/Intermediates.noindex/SwiftExplicitPrecompiledModules -clang-scanner-module-cache-path /tmp/ahoi-mobile-shared-tabs.V7PCPC/DerivedData/ModuleCache.noindex -sdk-module-cache-path /tmp/ahoi-mobile-shared-tabs.V7PCPC/DerivedData/ModuleCache.noindex -serialize-diagnostics -emit-dependencies -emit-module -emit-module-path /tmp/ahoi-mobile-shared-tabs.V7PCPC/DerivedData/Build/Intermediates.noindex/AhoiMobile.build/CloudKitDevelopment-iphoneos/AhoiMobile.build/Objects-normal/arm64/AhoiMobile.swiftmodule -validate-clang-modules-once -clang-build-session-file /tmp/ahoi-mobile-shared-tabs.V7PCPC/DerivedData/ModuleCache.noindex/Session.modulevalidation -Xcc -I/tmp/ahoi-mobile-shared-tabs.V7PCPC/DerivedData/Build/Intermediates.noindex/AhoiMobile.build/CloudKitDevelopment-iphoneos/AhoiMobile.build/swift-overrides.hmap -emit-const-values -Xfrontend -const-gather-protocols-file -Xfrontend /tmp/ahoi-mobile-shared-tabs.V7PCPC/DerivedData/Build/Intermediates.noindex/AhoiMobile.build/CloudKitDevelopment-iphoneos/AhoiMobile.build/Objects-normal/arm64/AhoiMobile_const_extract_protocols.json -Xcc -iquote -Xcc /tmp/ahoi-mobile-shared-tabs.V7PCPC/DerivedData/Build/Intermediates.noindex/AhoiMobile.build/CloudKitDevelopment-iphoneos/AhoiMobile.build/AhoiMobile-generated-files.hmap -Xcc -I/tmp/ahoi-mobile-shared-tabs.V7PCPC/DerivedData/Build/Intermediates.noindex/AhoiMobile.build/CloudKitDevelopment-iphoneos/AhoiMobile.build/AhoiMobile-own-target-headers.hmap -Xcc -I/tmp/ahoi-mobile-shared-tabs.V7PCPC/DerivedData/Build/Intermediates.noindex/AhoiMobile.build/CloudKitDevelopment-iphoneos/AhoiMobile.build/AhoiMobile-all-non-framework-target-headers.hmap -Xcc -ivfsoverlay -Xcc /tmp/ahoi-mobile-shared-tabs.V7PCPC/DerivedData/Build/Intermediates.noindex/AhoiMobile.build/CloudKitDevelopment-iphoneos/AhoiMobile-a44a3a976db28ace36eae5fb72a0335b-VFS-iphoneos/all-product-headers.yaml -Xcc -iquote -Xcc /tmp/ahoi-mobile-shared-tabs.V7PCPC/DerivedData/Build/Intermediates.noindex/AhoiMobile.build/CloudKitDevelopment-iphoneos/AhoiMobile.build/AhoiMobile-project-headers.hmap -Xcc -I/tmp/ahoi-mobile-shared-tabs.V7PCPC/DerivedData/Build/Products/CloudKitDevelopment-iphoneos/include -Xcc -I/tmp/ahoi-mobile-shared-tabs.V7PCPC/DerivedData/Build/Intermediates.noindex/AhoiMobile.build/CloudKitDevelopment-iphoneos/AhoiMobile.build/DerivedSources-normal/arm64 -Xcc -I/tmp/ahoi-mobile-shared-tabs.V7PCPC/DerivedData/Build/Intermediates.noindex/AhoiMobile.build/CloudKitDevelopment-iphoneos/AhoiMobile.build/DerivedSources/arm64 -Xcc -I/tmp/ahoi-mobile-shared-tabs.V7PCPC/DerivedData/Build/Intermediates.noindex/AhoiMobile.build/CloudKitDevelopment-iphoneos/AhoiMobile.build/DerivedSources -Xcc -DDEBUG\=1 -emit-objc-header -emit-objc-header-path /tmp/ahoi-mobile-shared-tabs.V7PCPC/DerivedData/Build/Intermediates.noindex/AhoiMobile.build/CloudKitDevelopment-iphoneos/AhoiMobile.build/Objects-normal/arm64/AhoiMobile-Swift.h -working-directory /tmp/ahoi-mobile-shared-tabs.V7PCPC/repo/apps/AhoiMobile -experimental-emit-module-separately -disable-cmo

ScanDependencies /tmp/ahoi-mobile-shared-tabs.V7PCPC/DerivedData/Build/Intermediates.noindex/AhoiMobile.build/CloudKitDevelopment-iphoneos/AhoiMobile.build/Objects-normal/arm64/AhoiMobile_vers.o /tmp/ahoi-mobile-shared-tabs.V7PCPC/DerivedData/Build/Intermediates.noindex/AhoiMobile.build/CloudKitDevelopment-iphoneos/AhoiMobile.build/DerivedSources/AhoiMobile_vers.c normal arm64 c com.apple.compilers.llvm.clang.1_0.compiler (in target 'AhoiMobile' from project 'AhoiMobile')
    cd /tmp/ahoi-mobile-shared-tabs.V7PCPC/repo/apps/AhoiMobile
    
    Using response file: /tmp/ahoi-mobile-shared-tabs.V7PCPC/DerivedData/Build/Intermediates.noindex/AhoiMobile.build/CloudKitDevelopment-iphoneos/AhoiMobile.build/Objects-normal/arm64/7187679823f38a2a940e0043cdf9d637-common-args.resp
    
    builtin-ScanDependencies -o /tmp/ahoi-mobile-shared-tabs.V7PCPC/DerivedData/Build/Intermediates.noindex/AhoiMobile.build/CloudKitDevelopment-iphoneos/AhoiMobile.build/Objects-normal/arm64/AhoiMobile_vers.o.scan -- /Applications/Xcode.app/Contents/Developer/Toolchains/XcodeDefault.xctoolchain/usr/bin/clang -x c -ivfsstatcache /tmp/ahoi-mobile-shared-tabs.V7PCPC/DerivedData/SDKStatCaches.noindex/iphoneos26.5-23F81a-688ef53f1462e2c8f657fdc38a81448f32daed1954a7d5dd0789fcaf2a9bb78b.sdkstatcache -target arm64-apple-ios26.0 -fmessage-length\=0 -fdiagnostics-show-note-include-stack -fmacro-backtrace-limit\=0 -fno-color-diagnostics -fmodules-prune-interval\=86400 -fmodules-prune-after\=345600 -fbuild-session-file\=/tmp/ahoi-mobile-shared-tabs.V7PCPC/DerivedData/ModuleCache.noindex/Session.modulevalidation -fmodules-validate-once-per-build-session -Wnon-modular-include-in-framework-module -Werror\=non-modular-include-in-framework-module -Wno-trigraphs -Wno-missing-field-initializers -Wno-missing-prototypes -Werror\=return-type -Wdocumentation -Wunreachable-code -Wquoted-include-in-framework-header -Werror\=deprecated-objc-isa-usage -Werror\=objc-root-class -Wno-missing-braces -Wparentheses -Wswitch -Wunused-function -Wno-unused-label -Wno-unused-parameter -Wunused-variable -Wunused-value -Wempty-body -Wuninitialized -Wconditional-uninitialized -Wno-unknown-pragmas -Wno-shadow -Wno-four-char-constants -Wno-conversion -Wconstant-conversion -Wint-conversion -Wbool-conversion -Wenum-conversion -Wno-float-conversion -Wnon-literal-null-conversion -Wobjc-literal-conversion -Wshorten-64-to-32 -Wpointer-sign -Wno-newline-eof -Wno-implicit-fallthrough -isysroot /Applications/Xcode.app/Contents/Developer/Platforms/iPhoneOS.platform/Developer/SDKs/iPhoneOS26.5.sdk -fstrict-aliasing -Wdeprecated-declarations -Wno-sign-conversion -Winfinite-recursion -Wcomma -Wblock-capture-autoreleasing -Wstrict-prototypes -Wno-semicolon-before-method-body -Wunguarded-availability -index-store-path /tmp/ahoi-mobile-shared-tabs.V7PCPC/DerivedData/Index.noindex/DataStore @/tmp/ahoi-mobile-shared-tabs.V7PCPC/DerivedData/Build/Intermediates.noindex/AhoiMobile.build/CloudKitDevelopment-iphoneos/AhoiMobile.build/Objects-normal/arm64/7187679823f38a2a940e0043cdf9d637-common-args.resp -MMD -MT dependencies -MF /tmp/ahoi-mobile-shared-tabs.V7PCPC/DerivedData/Build/Intermediates.noindex/AhoiMobile.build/CloudKitDevelopment-iphoneos/AhoiMobile.build/Objects-normal/arm64/AhoiMobile_vers.d --serialize-diagnostics /tmp/ahoi-mobile-shared-tabs.V7PCPC/DerivedData/Build/Intermediates.noindex/AhoiMobile.build/CloudKitDevelopment-iphoneos/AhoiMobile.build/Objects-normal/arm64/AhoiMobile_vers.dia -c /tmp/ahoi-mobile-shared-tabs.V7PCPC/DerivedData/Build/Intermediates.noindex/AhoiMobile.build/CloudKitDevelopment-iphoneos/AhoiMobile.build/DerivedSources/AhoiMobile_vers.c -o /tmp/ahoi-mobile-shared-tabs.V7PCPC/DerivedData/Build/Intermediates.noindex/AhoiMobile.build/CloudKitDevelopment-iphoneos/AhoiMobile.build/Objects-normal/arm64/AhoiMobile_vers.o -index-unit-output-path /AhoiMobile.build/CloudKitDevelopment-iphoneos/AhoiMobile.build/Objects-normal/arm64/AhoiMobile_vers.o

CompileC /tmp/ahoi-mobile-shared-tabs.V7PCPC/DerivedData/Build/Intermediates.noindex/AhoiMobile.build/CloudKitDevelopment-iphoneos/AhoiMobile.build/Objects-normal/arm64/AhoiMobile_vers.o /tmp/ahoi-mobile-shared-tabs.V7PCPC/DerivedData/Build/Intermediates.noindex/AhoiMobile.build/CloudKitDevelopment-iphoneos/AhoiMobile.build/DerivedSources/AhoiMobile_vers.c normal arm64 c com.apple.compilers.llvm.clang.1_0.compiler (in target 'AhoiMobile' from project 'AhoiMobile')
    cd /tmp/ahoi-mobile-shared-tabs.V7PCPC/repo/apps/AhoiMobile
    
    Using response file: /tmp/ahoi-mobile-shared-tabs.V7PCPC/DerivedData/Build/Intermediates.noindex/AhoiMobile.build/CloudKitDevelopment-iphoneos/AhoiMobile.build/Objects-normal/arm64/7187679823f38a2a940e0043cdf9d637-common-args.resp
    
    /Applications/Xcode.app/Contents/Developer/Toolchains/XcodeDefault.xctoolchain/usr/bin/clang -x c -ivfsstatcache /tmp/ahoi-mobile-shared-tabs.V7PCPC/DerivedData/SDKStatCaches.noindex/iphoneos26.5-23F81a-688ef53f1462e2c8f657fdc38a81448f32daed1954a7d5dd0789fcaf2a9bb78b.sdkstatcache -target arm64-apple-ios26.0 -fmessage-length\=0 -fdiagnostics-show-note-include-stack -fmacro-backtrace-limit\=0 -fno-color-diagnostics -fmodules-prune-interval\=86400 -fmodules-prune-after\=345600 -fbuild-session-file\=/tmp/ahoi-mobile-shared-tabs.V7PCPC/DerivedData/ModuleCache.noindex/Session.modulevalidation -fmodules-validate-once-per-build-session -Wnon-modular-include-in-framework-module -Werror\=non-modular-include-in-framework-module -Wno-trigraphs -Wno-missing-field-initializers -Wno-missing-prototypes -Werror\=return-type -Wdocumentation -Wunreachable-code -Wquoted-include-in-framework-header -Werror\=deprecated-objc-isa-usage -Werror\=objc-root-class -Wno-missing-braces -Wparentheses -Wswitch -Wunused-function -Wno-unused-label -Wno-unused-parameter -Wunused-variable -Wunused-value -Wempty-body -Wuninitialized -Wconditional-uninitialized -Wno-unknown-pragmas -Wno-shadow -Wno-four-char-constants -Wno-conversion -Wconstant-conversion -Wint-conversion -Wbool-conversion -Wenum-conversion -Wno-float-conversion -Wnon-literal-null-conversion -Wobjc-literal-conversion -Wshorten-64-to-32 -Wpointer-sign -Wno-newline-eof -Wno-implicit-fallthrough -isysroot /Applications/Xcode.app/Contents/Developer/Platforms/iPhoneOS.platform/Developer/SDKs/iPhoneOS26.5.sdk -fstrict-aliasing -Wdeprecated-declarations -Wno-sign-conversion -Winfinite-recursion -Wcomma -Wblock-capture-autoreleasing -Wstrict-prototypes -Wno-semicolon-before-method-body -Wunguarded-availability -index-store-path /tmp/ahoi-mobile-shared-tabs.V7PCPC/DerivedData/Index.noindex/DataStore @/tmp/ahoi-mobile-shared-tabs.V7PCPC/DerivedData/Build/Intermediates.noindex/AhoiMobile.build/CloudKitDevelopment-iphoneos/AhoiMobile.build/Objects-normal/arm64/7187679823f38a2a940e0043cdf9d637-common-args.resp -MMD -MT dependencies -MF /tmp/ahoi-mobile-shared-tabs.V7PCPC/DerivedData/Build/Intermediates.noindex/AhoiMobile.build/CloudKitDevelopment-iphoneos/AhoiMobile.build/Objects-normal/arm64/AhoiMobile_vers.d --serialize-diagnostics /tmp/ahoi-mobile-shared-tabs.V7PCPC/DerivedData/Build/Intermediates.noindex/AhoiMobile.build/CloudKitDevelopment-iphoneos/AhoiMobile.build/Objects-normal/arm64/AhoiMobile_vers.dia -c /tmp/ahoi-mobile-shared-tabs.V7PCPC/DerivedData/Build/Intermediates.noindex/AhoiMobile.build/CloudKitDevelopment-iphoneos/AhoiMobile.build/DerivedSources/AhoiMobile_vers.c -o /tmp/ahoi-mobile-shared-tabs.V7PCPC/DerivedData/Build/Intermediates.noindex/AhoiMobile.build/CloudKitDevelopment-iphoneos/AhoiMobile.build/Objects-normal/arm64/AhoiMobile_vers.o -index-unit-output-path /AhoiMobile.build/CloudKitDevelopment-iphoneos/AhoiMobile.build/Objects-normal/arm64/AhoiMobile_vers.o

Ld /tmp/ahoi-mobile-shared-tabs.V7PCPC/DerivedData/Build/Products/CloudKitDevelopment-iphoneos/AhoiMobile.app/AhoiMobile.debug.dylib normal (in target 'AhoiMobile' from project 'AhoiMobile')
    cd /tmp/ahoi-mobile-shared-tabs.V7PCPC/repo/apps/AhoiMobile
    /Applications/Xcode.app/Contents/Developer/Toolchains/XcodeDefault.xctoolchain/usr/bin/clang -Xlinker -reproducible -target arm64-apple-ios26.0 -dynamiclib -isysroot /Applications/Xcode.app/Contents/Developer/Platforms/iPhoneOS.platform/Developer/SDKs/iPhoneOS26.5.sdk -O0 -L/tmp/ahoi-mobile-shared-tabs.V7PCPC/DerivedData/Build/Intermediates.noindex/EagerLinkingTBDs/CloudKitDevelopment-iphoneos -L/tmp/ahoi-mobile-shared-tabs.V7PCPC/DerivedData/Build/Products/CloudKitDevelopment-iphoneos -F/tmp/ahoi-mobile-shared-tabs.V7PCPC/DerivedData/Build/Intermediates.noindex/EagerLinkingTBDs/CloudKitDevelopment-iphoneos -F/tmp/ahoi-mobile-shared-tabs.V7PCPC/DerivedData/Build/Products/CloudKitDevelopment-iphoneos/PackageFrameworks -F/tmp/ahoi-mobile-shared-tabs.V7PCPC/DerivedData/Build/Products/CloudKitDevelopment-iphoneos -filelist /tmp/ahoi-mobile-shared-tabs.V7PCPC/DerivedData/Build/Intermediates.noindex/AhoiMobile.build/CloudKitDevelopment-iphoneos/AhoiMobile.build/Objects-normal/arm64/AhoiMobile.LinkFileList -install_name @rpath/AhoiMobile.debug.dylib -Xlinker -rpath -Xlinker @executable_path/Frameworks -Xlinker -dead_strip -Xlinker -object_path_lto -Xlinker /tmp/ahoi-mobile-shared-tabs.V7PCPC/DerivedData/Build/Intermediates.noindex/AhoiMobile.build/CloudKitDevelopment-iphoneos/AhoiMobile.build/Objects-normal/arm64/AhoiMobile_lto.o -rdynamic -Xlinker -no_deduplicate -Xlinker -dependency_info -Xlinker /tmp/ahoi-mobile-shared-tabs.V7PCPC/DerivedData/Build/Intermediates.noindex/AhoiMobile.build/CloudKitDevelopment-iphoneos/AhoiMobile.build/Objects-normal/arm64/AhoiMobile_dependency_info.dat -fobjc-link-runtime -L/Applications/Xcode.app/Contents/Developer/Toolchains/XcodeDefault.xctoolchain/usr/lib/swift/iphoneos -L/usr/lib/swift -Xlinker -add_ast_path -Xlinker /tmp/ahoi-mobile-shared-tabs.V7PCPC/DerivedData/Build/Intermediates.noindex/AhoiMobile.build/CloudKitDevelopment-iphoneos/AhoiMobile.build/Objects-normal/arm64/AhoiMobile.swiftmodule @/tmp/ahoi-mobile-shared-tabs.V7PCPC/DerivedData/Build/Intermediates.noindex/AhoiMobile.build/CloudKitDevelopment-iphoneos/AhoiMobile.build/Objects-normal/arm64/AhoiMobile-linker-args.resp -Wl,-no_warn_duplicate_libraries -Xlinker -alias -Xlinker _main -Xlinker ___debug_main_executable_dylib_entry_point -framework AhoiMobileCore /tmp/ahoi-mobile-shared-tabs.V7PCPC/DerivedData/Build/Products/CloudKitDevelopment-iphoneos/PackageFrameworks/AhoiCloudKitSpike_58C48334F00BB1AD_PackageProduct.framework/AhoiCloudKitSpike_58C48334F00BB1AD_PackageProduct -o /tmp/ahoi-mobile-shared-tabs.V7PCPC/DerivedData/Build/Products/CloudKitDevelopment-iphoneos/AhoiMobile.app/AhoiMobile.debug.dylib

ConstructStubExecutorLinkFileList /tmp/ahoi-mobile-shared-tabs.V7PCPC/DerivedData/Build/Intermediates.noindex/AhoiMobile.build/CloudKitDevelopment-iphoneos/AhoiMobile.build/AhoiMobile-ExecutorLinkFileList-normal-arm64.txt (in target 'AhoiMobile' from project 'AhoiMobile')
    cd /tmp/ahoi-mobile-shared-tabs.V7PCPC/repo/apps/AhoiMobile
    construct-stub-executor-link-file-list /tmp/ahoi-mobile-shared-tabs.V7PCPC/DerivedData/Build/Products/CloudKitDevelopment-iphoneos/AhoiMobile.app/AhoiMobile.debug.dylib /Applications/Xcode.app/Contents/Developer/Platforms/iPhoneOS.platform/Developer/usr/lib/libPreviewsJITStubExecutor_no_swift_entry_point.a /Applications/Xcode.app/Contents/Developer/Platforms/iPhoneOS.platform/Developer/usr/lib/libPreviewsJITStubExecutor.a --output /tmp/ahoi-mobile-shared-tabs.V7PCPC/DerivedData/Build/Intermediates.noindex/AhoiMobile.build/CloudKitDevelopment-iphoneos/AhoiMobile.build/AhoiMobile-ExecutorLinkFileList-normal-arm64.txt
note: Using stub executor library with Swift entry point. (in target 'AhoiMobile' from project 'AhoiMobile')

Ld /tmp/ahoi-mobile-shared-tabs.V7PCPC/DerivedData/Build/Products/CloudKitDevelopment-iphoneos/AhoiMobile.app/AhoiMobile normal (in target 'AhoiMobile' from project 'AhoiMobile')
    cd /tmp/ahoi-mobile-shared-tabs.V7PCPC/repo/apps/AhoiMobile
    /Applications/Xcode.app/Contents/Developer/Toolchains/XcodeDefault.xctoolchain/usr/bin/clang -Xlinker -reproducible -target arm64-apple-ios26.0 -isysroot /Applications/Xcode.app/Contents/Developer/Platforms/iPhoneOS.platform/Developer/SDKs/iPhoneOS26.5.sdk -O0 -L/tmp/ahoi-mobile-shared-tabs.V7PCPC/DerivedData/Build/Products/CloudKitDevelopment-iphoneos -F/tmp/ahoi-mobile-shared-tabs.V7PCPC/DerivedData/Build/Products/CloudKitDevelopment-iphoneos/PackageFrameworks -F/tmp/ahoi-mobile-shared-tabs.V7PCPC/DerivedData/Build/Products/CloudKitDevelopment-iphoneos -Xlinker -rpath -Xlinker @executable_path -Xlinker -rpath -Xlinker @executable_path/Frameworks -rdynamic -Xlinker -no_deduplicate -e ___debug_blank_executor_main -Xlinker -sectcreate -Xlinker __TEXT -Xlinker __debug_dylib -Xlinker /tmp/ahoi-mobile-shared-tabs.V7PCPC/DerivedData/Build/Intermediates.noindex/AhoiMobile.build/CloudKitDevelopment-iphoneos/AhoiMobile.build/AhoiMobile-DebugDylibPath-normal-arm64.txt -Xlinker -sectcreate -Xlinker __TEXT -Xlinker __debug_instlnm -Xlinker /tmp/ahoi-mobile-shared-tabs.V7PCPC/DerivedData/Build/Intermediates.noindex/AhoiMobile.build/CloudKitDevelopment-iphoneos/AhoiMobile.build/AhoiMobile-DebugDylibInstallName-normal-arm64.txt -Xlinker -filelist -Xlinker /tmp/ahoi-mobile-shared-tabs.V7PCPC/DerivedData/Build/Intermediates.noindex/AhoiMobile.build/CloudKitDevelopment-iphoneos/AhoiMobile.build/AhoiMobile-ExecutorLinkFileList-normal-arm64.txt /tmp/ahoi-mobile-shared-tabs.V7PCPC/DerivedData/Build/Products/CloudKitDevelopment-iphoneos/AhoiMobile.app/AhoiMobile.debug.dylib -o /tmp/ahoi-mobile-shared-tabs.V7PCPC/DerivedData/Build/Products/CloudKitDevelopment-iphoneos/AhoiMobile.app/AhoiMobile

LinkAssetCatalog /tmp/ahoi-mobile-shared-tabs.V7PCPC/repo/apps/AhoiMobile/Sources/AhoiMobileApp/Assets.xcassets (in target 'AhoiMobile' from project 'AhoiMobile')
    cd /tmp/ahoi-mobile-shared-tabs.V7PCPC/repo/apps/AhoiMobile
    builtin-linkAssetCatalog --thinned /tmp/ahoi-mobile-shared-tabs.V7PCPC/DerivedData/Build/Intermediates.noindex/AhoiMobile.build/CloudKitDevelopment-iphoneos/AhoiMobile.build/assetcatalog_output/thinned --thinned-dependencies /tmp/ahoi-mobile-shared-tabs.V7PCPC/DerivedData/Build/Intermediates.noindex/AhoiMobile.build/CloudKitDevelopment-iphoneos/AhoiMobile.build/assetcatalog_dependencies_thinned --thinned-info-plist-content /tmp/ahoi-mobile-shared-tabs.V7PCPC/DerivedData/Build/Intermediates.noindex/AhoiMobile.build/CloudKitDevelopment-iphoneos/AhoiMobile.build/assetcatalog_generated_info.plist_thinned --unthinned /tmp/ahoi-mobile-shared-tabs.V7PCPC/DerivedData/Build/Intermediates.noindex/AhoiMobile.build/CloudKitDevelopment-iphoneos/AhoiMobile.build/assetcatalog_output/unthinned --unthinned-dependencies /tmp/ahoi-mobile-shared-tabs.V7PCPC/DerivedData/Build/Intermediates.noindex/AhoiMobile.build/CloudKitDevelopment-iphoneos/AhoiMobile.build/assetcatalog_dependencies_unthinned --unthinned-info-plist-content /tmp/ahoi-mobile-shared-tabs.V7PCPC/DerivedData/Build/Intermediates.noindex/AhoiMobile.build/CloudKitDevelopment-iphoneos/AhoiMobile.build/assetcatalog_generated_info.plist_unthinned --output /tmp/ahoi-mobile-shared-tabs.V7PCPC/DerivedData/Build/Products/CloudKitDevelopment-iphoneos/AhoiMobile.app --plist-output /tmp/ahoi-mobile-shared-tabs.V7PCPC/DerivedData/Build/Intermediates.noindex/AhoiMobile.build/CloudKitDevelopment-iphoneos/AhoiMobile.build/assetcatalog_generated_info.plist
note: Emplaced /tmp/ahoi-mobile-shared-tabs.V7PCPC/DerivedData/Build/Products/CloudKitDevelopment-iphoneos/AhoiMobile.app/AppIcon60x60@2x.png (in target 'AhoiMobile' from project 'AhoiMobile')
note: Emplaced /tmp/ahoi-mobile-shared-tabs.V7PCPC/DerivedData/Build/Products/CloudKitDevelopment-iphoneos/AhoiMobile.app/Assets.car (in target 'AhoiMobile' from project 'AhoiMobile')
note: Emplaced /tmp/ahoi-mobile-shared-tabs.V7PCPC/DerivedData/Build/Products/CloudKitDevelopment-iphoneos/AhoiMobile.app/AppIcon76x76@2x~ipad.png (in target 'AhoiMobile' from project 'AhoiMobile')

Copy /tmp/ahoi-mobile-shared-tabs.V7PCPC/DerivedData/Build/Products/CloudKitDevelopment-iphoneos/AhoiMobile.app/Frameworks/AhoiMobileCore.framework /tmp/ahoi-mobile-shared-tabs.V7PCPC/DerivedData/Build/Products/CloudKitDevelopment-iphoneos/AhoiMobileCore.framework (in target 'AhoiMobile' from project 'AhoiMobile')
    cd /tmp/ahoi-mobile-shared-tabs.V7PCPC/repo/apps/AhoiMobile
    builtin-copy -exclude .DS_Store -exclude CVS -exclude .svn -exclude .git -exclude .hg -exclude Headers -exclude PrivateHeaders -exclude Modules -exclude \*.tbd -bitcode-strip all -bitcode-strip-tool /Applications/Xcode.app/Contents/Developer/Toolchains/XcodeDefault.xctoolchain/usr/bin/bitcode_strip -resolve-src-symlinks -remove-static-executable /tmp/ahoi-mobile-shared-tabs.V7PCPC/DerivedData/Build/Products/CloudKitDevelopment-iphoneos/AhoiMobileCore.framework /tmp/ahoi-mobile-shared-tabs.V7PCPC/DerivedData/Build/Products/CloudKitDevelopment-iphoneos/AhoiMobile.app/Frameworks
/Applications/Xcode.app/Contents/Developer/Toolchains/XcodeDefault.xctoolchain/usr/bin/bitcode_strip /tmp/ahoi-mobile-shared-tabs.V7PCPC/DerivedData/Build/Products/CloudKitDevelopment-iphoneos/AhoiMobileCore.framework/AhoiMobileCore -r -o /tmp/ahoi-mobile-shared-tabs.V7PCPC/DerivedData/Build/Products/CloudKitDevelopment-iphoneos/AhoiMobile.app/Frameworks/AhoiMobileCore.framework/AhoiMobileCore
ProcessInfoPlistFile /tmp/ahoi-mobile-shared-tabs.V7PCPC/DerivedData/Build/Products/CloudKitDevelopment-iphoneos/AhoiMobile.app/Info.plist /tmp/ahoi-mobile-shared-tabs.V7PCPC/repo/apps/AhoiMobile/Info.plist (in target 'AhoiMobile' from project 'AhoiMobile')
    cd /tmp/ahoi-mobile-shared-tabs.V7PCPC/repo/apps/AhoiMobile
    builtin-infoPlistUtility /tmp/ahoi-mobile-shared-tabs.V7PCPC/repo/apps/AhoiMobile/Info.plist -producttype com.apple.product-type.application -genpkginfo /tmp/ahoi-mobile-shared-tabs.V7PCPC/DerivedData/Build/Products/CloudKitDevelopment-iphoneos/AhoiMobile.app/PkgInfo -expandbuildsettings -format binary -platform iphoneos -additionalcontentfile /tmp/ahoi-mobile-shared-tabs.V7PCPC/DerivedData/Build/Intermediates.noindex/AhoiMobile.build/CloudKitDevelopment-iphoneos/AhoiMobile.build/assetcatalog_generated_info.plist -scanforprivacyfile /tmp/ahoi-mobile-shared-tabs.V7PCPC/DerivedData/Build/Products/CloudKitDevelopment-iphoneos/AhoiMobile.app/Frameworks/AhoiCloudKitSpike_58C48334F00BB1AD_PackageProduct.framework -scanforprivacyfile /tmp/ahoi-mobile-shared-tabs.V7PCPC/DerivedData/Build/Products/CloudKitDevelopment-iphoneos/AhoiMobile.app/Frameworks/AhoiMobileCore.framework -requiredArchitecture arm64 -o /tmp/ahoi-mobile-shared-tabs.V7PCPC/DerivedData/Build/Products/CloudKitDevelopment-iphoneos/AhoiMobile.app/Info.plist

ExtractAppIntentsMetadata (in target 'AhoiMobile' from project 'AhoiMobile')
    cd /tmp/ahoi-mobile-shared-tabs.V7PCPC/repo/apps/AhoiMobile
    /Applications/Xcode.app/Contents/Developer/Toolchains/XcodeDefault.xctoolchain/usr/bin/appintentsmetadataprocessor --toolchain-dir /var/run/com.apple.security.cryptexd/mnt/com.apple.MobileAsset.MetalToolchain-v17.6.109.0.0k2cJr/Metal.xctoolchain --module-name AhoiMobile --sdk-root /Applications/Xcode.app/Contents/Developer/Platforms/iPhoneOS.platform/Developer/SDKs/iPhoneOS26.5.sdk --xcode-version 17F113 --platform-family iOS --deployment-target 26.0 --bundle-identifier app.ahoibrowser.AhoiBrowser --output /tmp/ahoi-mobile-shared-tabs.V7PCPC/DerivedData/Build/Products/CloudKitDevelopment-iphoneos/AhoiMobile.app --target-triple arm64-apple-ios26.0 --binary-file /tmp/ahoi-mobile-shared-tabs.V7PCPC/DerivedData/Build/Products/CloudKitDevelopment-iphoneos/AhoiMobile.app/AhoiMobile --dependency-file /tmp/ahoi-mobile-shared-tabs.V7PCPC/DerivedData/Build/Intermediates.noindex/AhoiMobile.build/CloudKitDevelopment-iphoneos/AhoiMobile.build/Objects-normal/arm64/AhoiMobile_dependency_info.dat --stringsdata-file /tmp/ahoi-mobile-shared-tabs.V7PCPC/DerivedData/Build/Intermediates.noindex/AhoiMobile.build/CloudKitDevelopment-iphoneos/AhoiMobile.build/Objects-normal/arm64/ExtractedAppShortcutsMetadata.stringsdata --source-file-list /tmp/ahoi-mobile-shared-tabs.V7PCPC/DerivedData/Build/Intermediates.noindex/AhoiMobile.build/CloudKitDevelopment-iphoneos/AhoiMobile.build/Objects-normal/arm64/AhoiMobile.SwiftFileList --metadata-file-list /tmp/ahoi-mobile-shared-tabs.V7PCPC/DerivedData/Build/Intermediates.noindex/AhoiMobile.build/CloudKitDevelopment-iphoneos/AhoiMobile.build/AhoiMobile.DependencyMetadataFileList --static-metadata-file-list /tmp/ahoi-mobile-shared-tabs.V7PCPC/DerivedData/Build/Intermediates.noindex/AhoiMobile.build/CloudKitDevelopment-iphoneos/AhoiMobile.build/AhoiMobile.DependencyStaticMetadataFileList --swift-const-vals-list /tmp/ahoi-mobile-shared-tabs.V7PCPC/DerivedData/Build/Intermediates.noindex/AhoiMobile.build/CloudKitDevelopment-iphoneos/AhoiMobile.build/Objects-normal/arm64/AhoiMobile.SwiftConstValuesFileList --compile-time-extraction --deployment-aware-processing --validate-assistant-intents --no-app-shortcuts-localization
2026-09-08 18:48:36.225 appintentsmetadataprocessor[41420:182767474] Starting appintentsmetadataprocessor export
2026-09-08 18:48:36.226 appintentsmetadataprocessor[41420:182767474] warning: Metadata extraction skipped. No AppIntents.framework dependency found.

CopySwiftLibs /tmp/ahoi-mobile-shared-tabs.V7PCPC/DerivedData/Build/Products/CloudKitDevelopment-iphoneos/AhoiMobile.app (in target 'AhoiMobile' from project 'AhoiMobile')
    cd /tmp/ahoi-mobile-shared-tabs.V7PCPC/repo/apps/AhoiMobile
    builtin-swiftStdLibTool --copy --verbose --scan-executable /tmp/ahoi-mobile-shared-tabs.V7PCPC/DerivedData/Build/Products/CloudKitDevelopment-iphoneos/AhoiMobile.app/AhoiMobile.debug.dylib --scan-folder /tmp/ahoi-mobile-shared-tabs.V7PCPC/DerivedData/Build/Products/CloudKitDevelopment-iphoneos/AhoiMobile.app/Frameworks --scan-folder /tmp/ahoi-mobile-shared-tabs.V7PCPC/DerivedData/Build/Products/CloudKitDevelopment-iphoneos/AhoiMobile.app/PlugIns --scan-folder /tmp/ahoi-mobile-shared-tabs.V7PCPC/DerivedData/Build/Products/CloudKitDevelopment-iphoneos/AhoiMobile.app/SystemExtensions --scan-folder /tmp/ahoi-mobile-shared-tabs.V7PCPC/DerivedData/Build/Products/CloudKitDevelopment-iphoneos/AhoiMobile.app/Extensions --scan-folder /tmp/ahoi-mobile-shared-tabs.V7PCPC/DerivedData/Build/Products/CloudKitDevelopment-iphoneos/AhoiMobileCore.framework --scan-folder /tmp/ahoi-mobile-shared-tabs.V7PCPC/DerivedData/Build/Products/CloudKitDevelopment-iphoneos/PackageFrameworks/AhoiCloudKitSpike_58C48334F00BB1AD_PackageProduct.framework --platform iphoneos --toolchain /var/run/com.apple.security.cryptexd/mnt/com.apple.MobileAsset.MetalToolchain-v17.6.109.0.0k2cJr/Metal.xctoolchain --toolchain /Applications/Xcode.app/Contents/Developer/Toolchains/XcodeDefault.xctoolchain --destination /tmp/ahoi-mobile-shared-tabs.V7PCPC/DerivedData/Build/Products/CloudKitDevelopment-iphoneos/AhoiMobile.app/Frameworks --strip-bitcode --strip-bitcode-tool /Applications/Xcode.app/Contents/Developer/Toolchains/XcodeDefault.xctoolchain/usr/bin/bitcode_strip --emit-dependency-info /tmp/ahoi-mobile-shared-tabs.V7PCPC/DerivedData/Build/Intermediates.noindex/AhoiMobile.build/CloudKitDevelopment-iphoneos/AhoiMobile.build/SwiftStdLibToolInputDependencies.dep --filter-for-swift-os
Ignoring --strip-bitcode because --sign was not passed

AppIntentsSSUTraining (in target 'AhoiMobile' from project 'AhoiMobile')
    cd /tmp/ahoi-mobile-shared-tabs.V7PCPC/repo/apps/AhoiMobile
    /Applications/Xcode.app/Contents/Developer/Toolchains/XcodeDefault.xctoolchain/usr/bin/appintentsnltrainingprocessor --infoplist-path /tmp/ahoi-mobile-shared-tabs.V7PCPC/DerivedData/Build/Products/CloudKitDevelopment-iphoneos/AhoiMobile.app/Info.plist --temp-dir-path /tmp/ahoi-mobile-shared-tabs.V7PCPC/DerivedData/Build/Intermediates.noindex/AhoiMobile.build/CloudKitDevelopment-iphoneos/AhoiMobile.build/ssu --bundle-id app.ahoibrowser.AhoiBrowser --product-path /tmp/ahoi-mobile-shared-tabs.V7PCPC/DerivedData/Build/Products/CloudKitDevelopment-iphoneos/AhoiMobile.app --extracted-metadata-path /tmp/ahoi-mobile-shared-tabs.V7PCPC/DerivedData/Build/Products/CloudKitDevelopment-iphoneos/AhoiMobile.app/Metadata.appintents --metadata-file-list /tmp/ahoi-mobile-shared-tabs.V7PCPC/DerivedData/Build/Intermediates.noindex/AhoiMobile.build/CloudKitDevelopment-iphoneos/AhoiMobile.build/AhoiMobile.DependencyMetadataFileList --source-file /tmp/ahoi-mobile-shared-tabs.V7PCPC/DerivedData/Build/Products/CloudKitDevelopment-iphoneos/AhoiMobile.app/Info.plist --archive-ssu-assets
2026-09-08 18:48:36.241 appintentsnltrainingprocessor[41421:182767476] Parsing options for appintentsnltrainingprocessor
2026-09-08 18:48:36.242 appintentsnltrainingprocessor[41421:182767476] Starting AppIntents SSU YAML Generation
2026-09-08 18:48:36.242 appintentsnltrainingprocessor[41421:182767476] No AppShortcuts found - Skipping.

RegisterExecutionPolicyException /tmp/ahoi-mobile-shared-tabs.V7PCPC/DerivedData/Build/Products/CloudKitDevelopment-iphoneos/AhoiMobile.app (in target 'AhoiMobile' from project 'AhoiMobile')
    cd /tmp/ahoi-mobile-shared-tabs.V7PCPC/repo/apps/AhoiMobile
    builtin-RegisterExecutionPolicyException /tmp/ahoi-mobile-shared-tabs.V7PCPC/DerivedData/Build/Products/CloudKitDevelopment-iphoneos/AhoiMobile.app

Validate /tmp/ahoi-mobile-shared-tabs.V7PCPC/DerivedData/Build/Products/CloudKitDevelopment-iphoneos/AhoiMobile.app (in target 'AhoiMobile' from project 'AhoiMobile')
    cd /tmp/ahoi-mobile-shared-tabs.V7PCPC/repo/apps/AhoiMobile
    builtin-validationUtility /tmp/ahoi-mobile-shared-tabs.V7PCPC/DerivedData/Build/Products/CloudKitDevelopment-iphoneos/AhoiMobile.app -shallow-bundle -infoplist-subpath Info.plist

Touch /tmp/ahoi-mobile-shared-tabs.V7PCPC/DerivedData/Build/Products/CloudKitDevelopment-iphoneos/AhoiMobile.app (in target 'AhoiMobile' from project 'AhoiMobile')
    cd /tmp/ahoi-mobile-shared-tabs.V7PCPC/repo/apps/AhoiMobile
    /usr/bin/touch -c /tmp/ahoi-mobile-shared-tabs.V7PCPC/DerivedData/Build/Products/CloudKitDevelopment-iphoneos/AhoiMobile.app

note: Run script build phase 'Mobile signing mode preflight' will be run during every build because the option to run the script phase "Based on dependency analysis" is unchecked. (in target 'AhoiMobile' from project 'AhoiMobile')

Result bundle written to path:
	/Volumes/Macintosh HD - Daten/Cloud/Projekte/Apps/Plattformuebergreifend/AhoiBrowser/artifacts/build/mobile-development-9658f94-20260908/build.xcresult

** BUILD SUCCEEDED **

