objc[56687]: Class ANGLESwapCGLLayer is implemented in both /Applications/AhoiBrowser.app/Contents/Frameworks/libblink_modules.dylib (0x13fab0a50) and /Applications/AhoiBrowser.app/Contents/Frameworks/libgl_init.dylib (0x124b88a50). This may cause spurious casting failures and mysterious crashes. One of the duplicates must be removed or renamed.
objc[56687]: Class CrashpadHTTPBodyStreamTransport is implemented in both /Applications/AhoiBrowser.app/Contents/Frameworks/libbrowser_ui_views.dylib (0x10dcb4188) and /Applications/AhoiBrowser.app/Contents/Frameworks/libchrome_dll.dylib (0x11477a430). This may cause spurious casting failures and mysterious crashes. One of the duplicates must be removed or renamed.
[56687:31265188:0926/032002.130304:ERROR:chrome/browser/mac/code_sign_clone_manager.mm:98] error removing quarantine attribute "/var/folders/zn/wn74lz2s2bsfp734gbqytmpr0000gn/X/"
[56687:31265188:0926/032002.161560:ERROR:chrome/browser/mac/code_sign_clone_manager.mm:98] error removing quarantine attribute "/var/folders/zn/wn74lz2s2bsfp734gbqytmpr0000gn/X/"
[56687:31264894:0926/032002.369455:WARNING:chrome/browser/signin/account_consistency_mode_manager.cc:74] Desktop Identity Consistency cannot be enabled as no OAuth client ID and client secret have been configured.

DevTools listening on ws://127.0.0.1:9386/devtools/browser/5bd39914-01f8-48db-aa19-e36f49c9f19c
[56687:31264894:0926/032002.978858:ERROR:ahoi/browser/updater/sparkle_runtime_mac.mm:148] Ahoi updater disabled (fail closed): missing-feed-url
objc[56711]: Class ANGLESwapCGLLayer is implemented in both /Applications/AhoiBrowser.app/Contents/Frameworks/libblink_modules.dylib (0x141c24a50) and /Applications/AhoiBrowser.app/Contents/Frameworks/libgl_init.dylib (0x126cfca50). This may cause spurious casting failures and mysterious crashes. One of the duplicates must be removed or renamed.
objc[56711]: Class CrashpadHTTPBodyStreamTransport is implemented in both /Applications/AhoiBrowser.app/Contents/Frameworks/libbrowser_ui_views.dylib (0x11d8c0188) and /Applications/AhoiBrowser.app/Contents/Frameworks/libchrome_dll.dylib (0x1168ee430). This may cause spurious casting failures and mysterious crashes. One of the duplicates must be removed or renamed.
objc[56712]: Class ANGLESwapCGLLayer is implemented in both /Applications/AhoiBrowser.app/Contents/Frameworks/libblink_modules.dylib (0x143724a50) and /Applications/AhoiBrowser.app/Contents/Frameworks/libgl_init.dylib (0x1287fca50). This may cause spurious casting failures and mysterious crashes. One of the duplicates must be removed or renamed.
objc[56712]: Class CrashpadHTTPBodyStreamTransport is implemented in both /Applications/AhoiBrowser.app/Contents/Frameworks/libbrowser_ui_views.dylib (0x11f4c4188) and /Applications/AhoiBrowser.app/Contents/Frameworks/libchrome_dll.dylib (0x1183ee430). This may cause spurious casting failures and mysterious crashes. One of the duplicates must be removed or renamed.
[56712:31265564:0926/032005.748194:WARNING:net/disk_cache/simple/simple_synchronous_entry.cc:1507] Could not open platform files for entry.
objc[56714]: Class ANGLESwapCGLLayer is implemented in both /Applications/AhoiBrowser.app/Contents/Frameworks/libblink_modules.dylib (0x1421a4a50) and /Applications/AhoiBrowser.app/Contents/Frameworks/libgl_init.dylib (0x12727ca50). This may cause spurious casting failures and mysterious crashes. One of the duplicates must be removed or renamed.
objc[56716]: Class ANGLESwapCGLLayer is implemented in both /Applications/AhoiBrowser.app/Contents/Frameworks/libblink_modules.dylib (0x1445f8a50) and /Applications/AhoiBrowser.app/Contents/Frameworks/libgl_init.dylib (0x1296d0a50). This may cause spurious casting failures and mysterious crashes. One of the duplicates must be removed or renamed.
objc[56714]: Class CrashpadHTTPBodyStreamTransport is implemented in both /Applications/AhoiBrowser.app/Contents/Frameworks/libbrowser_ui_views.dylib (0x11e878188) and /Applications/AhoiBrowser.app/Contents/Frameworks/libchrome_dll.dylib (0x116e6e430). This may cause spurious casting failures and mysterious crashes. One of the duplicates must be removed or renamed.
objc[56716]: Class CrashpadHTTPBodyStreamTransport is implemented in both /Applications/AhoiBrowser.app/Contents/Frameworks/libbrowser_ui_views.dylib (0x112794188) and /Applications/AhoiBrowser.app/Contents/Frameworks/libchrome_dll.dylib (0x1192c2430). This may cause spurious casting failures and mysterious crashes. One of the duplicates must be removed or renamed.
objc[56721]: Class ANGLESwapCGLLayer is implemented in both /Applications/AhoiBrowser.app/Contents/Frameworks/libblink_modules.dylib (0x14060ca50) and /Applications/AhoiBrowser.app/Contents/Frameworks/libgl_init.dylib (0x1256e4a50). This may cause spurious casting failures and mysterious crashes. One of the duplicates must be removed or renamed.
objc[56721]: Class CrashpadHTTPBodyStreamTransport is implemented in both /Applications/AhoiBrowser.app/Contents/Frameworks/libbrowser_ui_views.dylib (0x10e898188) and /Applications/AhoiBrowser.app/Contents/Frameworks/libchrome_dll.dylib (0x1152d6430). This may cause spurious casting failures and mysterious crashes. One of the duplicates must be removed or renamed.
objc[56724]: Class ANGLESwapCGLLayer is implemented in both /Applications/AhoiBrowser.app/Contents/Frameworks/libblink_modules.dylib (0x144878a50) and /Applications/AhoiBrowser.app/Contents/Frameworks/libgl_init.dylib (0x129950a50). This may cause spurious casting failures and mysterious crashes. One of the duplicates must be removed or renamed.
objc[56724]: Class CrashpadHTTPBodyStreamTransport is implemented in both /Applications/AhoiBrowser.app/Contents/Frameworks/libbrowser_ui_views.dylib (0x1129a0188) and /Applications/AhoiBrowser.app/Contents/Frameworks/libchrome_dll.dylib (0x119542430). This may cause spurious casting failures and mysterious crashes. One of the duplicates must be removed or renamed.
objc[56725]: Class ANGLESwapCGLLayer is implemented in both /Applications/AhoiBrowser.app/Contents/Frameworks/libblink_modules.dylib (0x1400a8a50) and /Applications/AhoiBrowser.app/Contents/Frameworks/libgl_init.dylib (0x125180a50). This may cause spurious casting failures and mysterious crashes. One of the duplicates must be removed or renamed.
objc[56725]: Class CrashpadHTTPBodyStreamTransport is implemented in both /Applications/AhoiBrowser.app/Contents/Frameworks/libbrowser_ui_views.dylib (0x11bd44188) and /Applications/AhoiBrowser.app/Contents/Frameworks/libchrome_dll.dylib (0x114d72430). This may cause spurious casting failures and mysterious crashes. One of the duplicates must be removed or renamed.
objc[56805]: Class ANGLESwapCGLLayer is implemented in both /Applications/AhoiBrowser.app/Contents/Frameworks/libblink_modules.dylib (0x142640a50) and /Applications/AhoiBrowser.app/Contents/Frameworks/libgl_init.dylib (0x127718a50). This may cause spurious casting failures and mysterious crashes. One of the duplicates must be removed or renamed.
objc[56805]: Class CrashpadHTTPBodyStreamTransport is implemented in both /Applications/AhoiBrowser.app/Contents/Frameworks/libbrowser_ui_views.dylib (0x1107b4188) and /Applications/AhoiBrowser.app/Contents/Frameworks/libchrome_dll.dylib (0x11730a430). This may cause spurious casting failures and mysterious crashes. One of the duplicates must be removed or renamed.
[56687:31264894:0926/032009.481507:VERBOSE1:ahoi/browser/session/session_bridge_session.cc:549] Ahoi persist window metadata: workspace=83699047-edf8-580d-948d-9c37acc35cb6 service=1 window_id_valid=1
[56687:31264894:0926/032009.484913:VERBOSE1:ahoi/browser/session/session_bridge_session.cc:465] Ahoi last-used record: index 1 url=http://127.0.0.1:8806/two.html
[56687:31264894:0926/032009.486132:VERBOSE1:ahoi/browser/session/session_bridge_session.cc:465] Ahoi last-used record: index 1 url=http://127.0.0.1:8806/two.html
[56687:31264894:0926/032009.486255:VERBOSE1:ahoi/browser/session/session_bridge_session.cc:549] Ahoi persist window metadata: workspace=83699047-edf8-580d-948d-9c37acc35cb6 service=1 window_id_valid=1
[56687:31264894:0926/032014.298234:VERBOSE1:ahoi/browser/session/session_bridge_session.cc:465] Ahoi last-used record: index 0 url=http://127.0.0.1:8806/one.html
[56687:31264894:0926/032014.309255:VERBOSE1:content/app_shim_remote_cocoa/render_widget_host_view_cocoa.mm:1436] Ahoi key trace: RWHV keyEvent tab type=11 equiv=0 flags=262144
[56687:31264894:0926/032023.206248:ERROR:base/process/kill_posix.cc:33] waitpid(56712): No child processes (10)
