objc[37170]: Class ANGLESwapCGLLayer is implemented in both /Applications/AhoiBrowser.app/Contents/Frameworks/libblink_modules.dylib (0x1422a0a50) and /Applications/AhoiBrowser.app/Contents/Frameworks/libgl_init.dylib (0x127378a50). This may cause spurious casting failures and mysterious crashes. One of the duplicates must be removed or renamed.
objc[37170]: Class CrashpadHTTPBodyStreamTransport is implemented in both /Applications/AhoiBrowser.app/Contents/Frameworks/libbrowser_ui_views.dylib (0x110410188) and /Applications/AhoiBrowser.app/Contents/Frameworks/libchrome_dll.dylib (0x116f72430). This may cause spurious casting failures and mysterious crashes. One of the duplicates must be removed or renamed.
[37170:29486598:0925/233313.508460:ERROR:chrome/browser/mac/code_sign_clone_manager.mm:98] error removing quarantine attribute "/var/folders/zn/wn74lz2s2bsfp734gbqytmpr0000gn/X/"
[37170:29486598:0925/233313.534434:ERROR:chrome/browser/mac/code_sign_clone_manager.mm:98] error removing quarantine attribute "/var/folders/zn/wn74lz2s2bsfp734gbqytmpr0000gn/X/"
[37170:29486350:0925/233313.562780:WARNING:chrome/browser/signin/account_consistency_mode_manager.cc:74] Desktop Identity Consistency cannot be enabled as no OAuth client ID and client secret have been configured.

DevTools listening on ws://127.0.0.1:9345/devtools/browser/a563f8e6-1b2e-44ed-a078-161230095817
[37170:29486350:0925/233313.777539:VERBOSE1:ahoi/browser/navigation/keyboard_shortcut_registration.cc:57] Ahoi shortcut registered: alt+9
[37170:29486350:0925/233313.777573:VERBOSE1:ahoi/browser/navigation/keyboard_shortcut_registration.cc:57] Ahoi shortcut registered: cmd+alt+37
[37170:29486350:0925/233313.777585:VERBOSE1:ahoi/browser/navigation/keyboard_shortcut_registration.cc:57] Ahoi shortcut registered: cmd+alt+39
[37170:29486350:0925/233313.777594:VERBOSE1:ahoi/browser/navigation/keyboard_shortcut_registration.cc:57] Ahoi shortcut registered: ctrl+49
[37170:29486350:0925/233313.777600:VERBOSE1:ahoi/browser/navigation/keyboard_shortcut_registration.cc:57] Ahoi shortcut registered: ctrl+50
[37170:29486350:0925/233313.777605:VERBOSE1:ahoi/browser/navigation/keyboard_shortcut_registration.cc:57] Ahoi shortcut registered: ctrl+51
[37170:29486350:0925/233313.777612:VERBOSE1:ahoi/browser/navigation/keyboard_shortcut_registration.cc:57] Ahoi shortcut registered: ctrl+52
[37170:29486350:0925/233313.777618:VERBOSE1:ahoi/browser/navigation/keyboard_shortcut_registration.cc:57] Ahoi shortcut registered: ctrl+53
[37170:29486350:0925/233313.777623:VERBOSE1:ahoi/browser/navigation/keyboard_shortcut_registration.cc:57] Ahoi shortcut registered: ctrl+54
[37170:29486350:0925/233313.777629:VERBOSE1:ahoi/browser/navigation/keyboard_shortcut_registration.cc:57] Ahoi shortcut registered: ctrl+55
[37170:29486350:0925/233313.777636:VERBOSE1:ahoi/browser/navigation/keyboard_shortcut_registration.cc:57] Ahoi shortcut registered: ctrl+56
[37170:29486350:0925/233313.777642:VERBOSE1:ahoi/browser/navigation/keyboard_shortcut_registration.cc:57] Ahoi shortcut registered: ctrl+57
[37170:29486350:0925/233313.777651:VERBOSE1:ahoi/browser/navigation/keyboard_shortcut_registration.cc:57] Ahoi shortcut registered: cmd+shift+83
[37170:29486350:0925/233313.777659:VERBOSE1:ahoi/browser/navigation/keyboard_shortcut_registration.cc:57] Ahoi shortcut registered: cmd+shift+72
[37170:29486350:0925/233313.777665:VERBOSE1:ahoi/browser/navigation/keyboard_shortcut_registration.cc:57] Ahoi shortcut registered: cmd+shift+70
[37170:29486350:0925/233313.777670:VERBOSE1:ahoi/browser/navigation/keyboard_shortcut_registration.cc:57] Ahoi shortcut registered: cmd+ctrl+49
[37170:29486350:0925/233313.777675:VERBOSE1:ahoi/browser/navigation/keyboard_shortcut_registration.cc:57] Ahoi shortcut registered: cmd+ctrl+50
[37170:29486350:0925/233313.777680:VERBOSE1:ahoi/browser/navigation/keyboard_shortcut_registration.cc:57] Ahoi shortcut registered: cmd+ctrl+51
[37170:29486350:0925/233313.777684:VERBOSE1:ahoi/browser/navigation/keyboard_shortcut_registration.cc:57] Ahoi shortcut registered: cmd+ctrl+52
[37170:29486350:0925/233313.777690:VERBOSE1:ahoi/browser/navigation/keyboard_shortcut_registration.cc:57] Ahoi shortcut registered: cmd+ctrl+shift+37
[37170:29486350:0925/233313.777703:VERBOSE1:ahoi/browser/navigation/keyboard_shortcut_registration.cc:57] Ahoi shortcut registered: cmd+ctrl+shift+39
[37170:29486350:0925/233313.777708:VERBOSE1:ahoi/browser/navigation/keyboard_shortcut_registration.cc:57] Ahoi shortcut registered: cmd+ctrl+37
[37170:29486350:0925/233313.777713:VERBOSE1:ahoi/browser/navigation/keyboard_shortcut_registration.cc:57] Ahoi shortcut registered: cmd+ctrl+39
[37170:29486350:0925/233313.777717:VERBOSE1:ahoi/browser/navigation/keyboard_shortcut_registration.cc:57] Ahoi shortcut registered: cmd+ctrl+76
[37170:29486350:0925/233313.777722:VERBOSE1:ahoi/browser/navigation/keyboard_shortcut_registration.cc:57] Ahoi shortcut registered: cmd+ctrl+48
[37170:29486350:0925/233313.777728:VERBOSE1:ahoi/browser/navigation/keyboard_shortcut_registration.cc:57] Ahoi shortcut registered: cmd+ctrl+87
[37170:29486350:0925/233313.927457:ERROR:ahoi/browser/updater/sparkle_runtime_mac.mm:148] Ahoi updater disabled (fail closed): missing-feed-url
objc[37192]: Class ANGLESwapCGLLayer is implemented in both /Applications/AhoiBrowser.app/Contents/Frameworks/libblink_modules.dylib (0x13fdcca50) and /Applications/AhoiBrowser.app/Contents/Frameworks/libgl_init.dylib (0x124ea4a50). This may cause spurious casting failures and mysterious crashes. One of the duplicates must be removed or renamed.
objc[37192]: Class CrashpadHTTPBodyStreamTransport is implemented in both /Applications/AhoiBrowser.app/Contents/Frameworks/libbrowser_ui_views.dylib (0x11bb6c188) and /Applications/AhoiBrowser.app/Contents/Frameworks/libchrome_dll.dylib (0x114a9e430). This may cause spurious casting failures and mysterious crashes. One of the duplicates must be removed or renamed.
objc[37191]: Class ANGLESwapCGLLayer is implemented in both /Applications/AhoiBrowser.app/Contents/Frameworks/libblink_modules.dylib (0x140294a50) and /Applications/AhoiBrowser.app/Contents/Frameworks/libgl_init.dylib (0x12536ca50). This may cause spurious casting failures and mysterious crashes. One of the duplicates must be removed or renamed.
objc[37191]: Class CrashpadHTTPBodyStreamTransport is implemented in both /Applications/AhoiBrowser.app/Contents/Frameworks/libbrowser_ui_views.dylib (0x10e47c188) and /Applications/AhoiBrowser.app/Contents/Frameworks/libchrome_dll.dylib (0x114f66430). This may cause spurious casting failures and mysterious crashes. One of the duplicates must be removed or renamed.
objc[37190]: Class ANGLESwapCGLLayer is implemented in both /Applications/AhoiBrowser.app/Contents/Frameworks/libblink_modules.dylib (0x140768a50) and /Applications/AhoiBrowser.app/Contents/Frameworks/libgl_init.dylib (0x125840a50). This may cause spurious casting failures and mysterious crashes. One of the duplicates must be removed or renamed.
objc[37190]: Class CrashpadHTTPBodyStreamTransport is implemented in both /Applications/AhoiBrowser.app/Contents/Frameworks/libbrowser_ui_views.dylib (0x10e934188) and /Applications/AhoiBrowser.app/Contents/Frameworks/libchrome_dll.dylib (0x11543a430). This may cause spurious casting failures and mysterious crashes. One of the duplicates must be removed or renamed.
objc[37193]: Class ANGLESwapCGLLayer is implemented in both /Applications/AhoiBrowser.app/Contents/Frameworks/libblink_modules.dylib (0x1407d0a50) and /Applications/AhoiBrowser.app/Contents/Frameworks/libgl_init.dylib (0x1258a8a50). This may cause spurious casting failures and mysterious crashes. One of the duplicates must be removed or renamed.
objc[37193]: Class CrashpadHTTPBodyStreamTransport is implemented in both /Applications/AhoiBrowser.app/Contents/Frameworks/libbrowser_ui_views.dylib (0x11c868188) and /Applications/AhoiBrowser.app/Contents/Frameworks/libchrome_dll.dylib (0x1154a2430). This may cause spurious casting failures and mysterious crashes. One of the duplicates must be removed or renamed.
objc[37194]: Class ANGLESwapCGLLayer is implemented in both /Applications/AhoiBrowser.app/Contents/Frameworks/libblink_modules.dylib (0x144014a50) and /Applications/AhoiBrowser.app/Contents/Frameworks/libgl_init.dylib (0x1290eca50). This may cause spurious casting failures and mysterious crashes. One of the duplicates must be removed or renamed.
objc[37194]: Class CrashpadHTTPBodyStreamTransport is implemented in both /Applications/AhoiBrowser.app/Contents/Frameworks/libbrowser_ui_views.dylib (0x11217c188) and /Applications/AhoiBrowser.app/Contents/Frameworks/libchrome_dll.dylib (0x118ce6430). This may cause spurious casting failures and mysterious crashes. One of the duplicates must be removed or renamed.
objc[37199]: Class ANGLESwapCGLLayer is implemented in both /Applications/AhoiBrowser.app/Contents/Frameworks/libblink_modules.dylib (0x140274a50) and /Applications/AhoiBrowser.app/Contents/Frameworks/libgl_init.dylib (0x12534ca50). This may cause spurious casting failures and mysterious crashes. One of the duplicates must be removed or renamed.
objc[37199]: Class CrashpadHTTPBodyStreamTransport is implemented in both /Applications/AhoiBrowser.app/Contents/Frameworks/libbrowser_ui_views.dylib (0x11bec4188) and /Applications/AhoiBrowser.app/Contents/Frameworks/libchrome_dll.dylib (0x114f46430). This may cause spurious casting failures and mysterious crashes. One of the duplicates must be removed or renamed.
objc[37197]: Class ANGLESwapCGLLayer is implemented in both /Applications/AhoiBrowser.app/Contents/Frameworks/libblink_modules.dylib (0x1416bca50) and /Applications/AhoiBrowser.app/Contents/Frameworks/libgl_init.dylib (0x126794a50). This may cause spurious casting failures and mysterious crashes. One of the duplicates must be removed or renamed.
objc[37197]: Class CrashpadHTTPBodyStreamTransport is implemented in both /Applications/AhoiBrowser.app/Contents/Frameworks/libbrowser_ui_views.dylib (0x11d45c188) and /Applications/AhoiBrowser.app/Contents/Frameworks/libchrome_dll.dylib (0x11638e430). This may cause spurious casting failures and mysterious crashes. One of the duplicates must be removed or renamed.
[37191:29486911:0925/233323.366876:WARNING:net/disk_cache/simple/simple_synchronous_entry.cc:1507] Could not open platform files for entry.
objc[37256]: Class ANGLESwapCGLLayer is implemented in both /Applications/AhoiBrowser.app/Contents/Frameworks/libblink_modules.dylib (0x142708a50) and /Applications/AhoiBrowser.app/Contents/Frameworks/libgl_init.dylib (0x1277e0a50). This may cause spurious casting failures and mysterious crashes. One of the duplicates must be removed or renamed.
objc[37256]: Class CrashpadHTTPBodyStreamTransport is implemented in both /Applications/AhoiBrowser.app/Contents/Frameworks/libbrowser_ui_views.dylib (0x11093c188) and /Applications/AhoiBrowser.app/Contents/Frameworks/libchrome_dll.dylib (0x1173da430). This may cause spurious casting failures and mysterious crashes. One of the duplicates must be removed or renamed.
objc[37288]: Class ANGLESwapCGLLayer is implemented in both /Applications/AhoiBrowser.app/Contents/Frameworks/libblink_modules.dylib (0x141b24a50) and /Applications/AhoiBrowser.app/Contents/Frameworks/libgl_init.dylib (0x126bfca50). This may cause spurious casting failures and mysterious crashes. One of the duplicates must be removed or renamed.
objc[37288]: Class CrashpadHTTPBodyStreamTransport is implemented in both /Applications/AhoiBrowser.app/Contents/Frameworks/libbrowser_ui_views.dylib (0x11dbbc188) and /Applications/AhoiBrowser.app/Contents/Frameworks/libchrome_dll.dylib (0x1167f6430). This may cause spurious casting failures and mysterious crashes. One of the duplicates must be removed or renamed.
[37190:29486967:0925/233335.610207:ERROR:components/viz/service/surfaces/surface_manager.cc:479] Old/orphaned temporary reference to SurfaceId(FrameSinkId[DelegatedFrameHost](6, 3), LocalSurfaceId(2, 2, 5A37...))
objc[37341]: Class ANGLESwapCGLLayer is implemented in both /Applications/AhoiBrowser.app/Contents/Frameworks/libblink_modules.dylib (0x1422c4a50) and /Applications/AhoiBrowser.app/Contents/Frameworks/libgl_init.dylib (0x12739ca50). This may cause spurious casting failures and mysterious crashes. One of the duplicates must be removed or renamed.
objc[37341]: Class CrashpadHTTPBodyStreamTransport is implemented in both /Applications/AhoiBrowser.app/Contents/Frameworks/libbrowser_ui_views.dylib (0x11e3e4188) and /Applications/AhoiBrowser.app/Contents/Frameworks/libchrome_dll.dylib (0x116f96430). This may cause spurious casting failures and mysterious crashes. One of the duplicates must be removed or renamed.
objc[37751]: Class ANGLESwapCGLLayer is implemented in both /Applications/AhoiBrowser.app/Contents/Frameworks/libblink_modules.dylib (0x143de8a50) and /Applications/AhoiBrowser.app/Contents/Frameworks/libgl_init.dylib (0x128ec0a50). This may cause spurious casting failures and mysterious crashes. One of the duplicates must be removed or renamed.
objc[37751]: Class CrashpadHTTPBodyStreamTransport is implemented in both /Applications/AhoiBrowser.app/Contents/Frameworks/libbrowser_ui_views.dylib (0x11fb88188) and /Applications/AhoiBrowser.app/Contents/Frameworks/libchrome_dll.dylib (0x118aba430). This may cause spurious casting failures and mysterious crashes. One of the duplicates must be removed or renamed.
objc[37814]: Class ANGLESwapCGLLayer is implemented in both /Applications/AhoiBrowser.app/Contents/Frameworks/libblink_modules.dylib (0x1438f4a50) and /Applications/AhoiBrowser.app/Contents/Frameworks/libgl_init.dylib (0x1289cca50). This may cause spurious casting failures and mysterious crashes. One of the duplicates must be removed or renamed.
objc[37814]: Class CrashpadHTTPBodyStreamTransport is implemented in both /Applications/AhoiBrowser.app/Contents/Frameworks/libbrowser_ui_views.dylib (0x11f60c188) and /Applications/AhoiBrowser.app/Contents/Frameworks/libchrome_dll.dylib (0x1185c6430). This may cause spurious casting failures and mysterious crashes. One of the duplicates must be removed or renamed.
objc[37925]: Class ANGLESwapCGLLayer is implemented in both /Applications/AhoiBrowser.app/Contents/Frameworks/libblink_modules.dylib (0x143c24a50) and /Applications/AhoiBrowser.app/Contents/Frameworks/libgl_init.dylib (0x128cfca50). This may cause spurious casting failures and mysterious crashes. One of the duplicates must be removed or renamed.
objc[37925]: Class CrashpadHTTPBodyStreamTransport is implemented in both /Applications/AhoiBrowser.app/Contents/Frameworks/libbrowser_ui_views.dylib (0x111e0c188) and /Applications/AhoiBrowser.app/Contents/Frameworks/libchrome_dll.dylib (0x1188f6430). This may cause spurious casting failures and mysterious crashes. One of the duplicates must be removed or renamed.
objc[37933]: Class ANGLESwapCGLLayer is implemented in both /Applications/AhoiBrowser.app/Contents/Frameworks/libblink_modules.dylib (0x1408f8a50) and /Applications/AhoiBrowser.app/Contents/Frameworks/libgl_init.dylib (0x1259d0a50). This may cause spurious casting failures and mysterious crashes. One of the duplicates must be removed or renamed.
objc[37933]: Class CrashpadHTTPBodyStreamTransport is implemented in both /Applications/AhoiBrowser.app/Contents/Frameworks/libbrowser_ui_views.dylib (0x10eae8188) and /Applications/AhoiBrowser.app/Contents/Frameworks/libchrome_dll.dylib (0x1155ca430). This may cause spurious casting failures and mysterious crashes. One of the duplicates must be removed or renamed.
objc[37941]: Class ANGLESwapCGLLayer is implemented in both /Applications/AhoiBrowser.app/Contents/Frameworks/libblink_modules.dylib (0x142270a50) and /Applications/AhoiBrowser.app/Contents/Frameworks/libgl_init.dylib (0x127348a50). This may cause spurious casting failures and mysterious crashes. One of the duplicates must be removed or renamed.
objc[37941]: Class CrashpadHTTPBodyStreamTransport is implemented in both /Applications/AhoiBrowser.app/Contents/Frameworks/libbrowser_ui_views.dylib (0x11de38188) and /Applications/AhoiBrowser.app/Contents/Frameworks/libchrome_dll.dylib (0x116f42430). This may cause spurious casting failures and mysterious crashes. One of the duplicates must be removed or renamed.
objc[37950]: Class ANGLESwapCGLLayer is implemented in both /Applications/AhoiBrowser.app/Contents/Frameworks/libblink_modules.dylib (0x140448a50) and /Applications/AhoiBrowser.app/Contents/Frameworks/libgl_init.dylib (0x125520a50). This may cause spurious casting failures and mysterious crashes. One of the duplicates must be removed or renamed.
objc[37950]: Class CrashpadHTTPBodyStreamTransport is implemented in both /Applications/AhoiBrowser.app/Contents/Frameworks/libbrowser_ui_views.dylib (0x10e6f4188) and /Applications/AhoiBrowser.app/Contents/Frameworks/libchrome_dll.dylib (0x11511a430). This may cause spurious casting failures and mysterious crashes. One of the duplicates must be removed or renamed.
[37170:29486350:0925/233425.928394:VERBOSE1:ahoi/browser/navigation/keyboard_shortcut_registration.cc:51] Ahoi shortcut unregistered: alt+9
[37170:29486350:0925/233425.928430:VERBOSE1:ahoi/browser/navigation/keyboard_shortcut_registration.cc:57] Ahoi shortcut registered: cmd+alt+75
objc[37977]: Class ANGLESwapCGLLayer is implemented in both /Applications/AhoiBrowser.app/Contents/Frameworks/libblink_modules.dylib (0x1422b4a50) and /Applications/AhoiBrowser.app/Contents/Frameworks/libgl_init.dylib (0x12738ca50). This may cause spurious casting failures and mysterious crashes. One of the duplicates must be removed or renamed.
objc[37977]: Class CrashpadHTTPBodyStreamTransport is implemented in both /Applications/AhoiBrowser.app/Contents/Frameworks/libbrowser_ui_views.dylib (0x11e988188) and /Applications/AhoiBrowser.app/Contents/Frameworks/libchrome_dll.dylib (0x116f86430). This may cause spurious casting failures and mysterious crashes. One of the duplicates must be removed or renamed.
objc[37992]: Class ANGLESwapCGLLayer is implemented in both /Applications/AhoiBrowser.app/Contents/Frameworks/libblink_modules.dylib (0x14478ca50) and /Applications/AhoiBrowser.app/Contents/Frameworks/libgl_init.dylib (0x129864a50). This may cause spurious casting failures and mysterious crashes. One of the duplicates must be removed or renamed.
objc[37992]: Class CrashpadHTTPBodyStreamTransport is implemented in both /Applications/AhoiBrowser.app/Contents/Frameworks/libbrowser_ui_views.dylib (0x120e60188) and /Applications/AhoiBrowser.app/Contents/Frameworks/libchrome_dll.dylib (0x11945e430). This may cause spurious casting failures and mysterious crashes. One of the duplicates must be removed or renamed.
[37170:29486350:0925/233438.892402:VERBOSE1:ahoi/browser/session/session_bridge_session.cc:468] Ahoi last-used tab: index 0 tracked=1 same_model=1 workspace=83699047-edf8-580d-948d-9c37acc35cb6 active=83699047-edf8-580d-948d-9c37acc35cb6
[37170:29486350:0925/233438.892439:VERBOSE1:ahoi/browser/session/session_bridge_session.cc:468] Ahoi last-used tab: index 1 tracked=1 same_model=1 workspace=83699047-edf8-580d-948d-9c37acc35cb6 active=83699047-edf8-580d-948d-9c37acc35cb6
[37170:29486350:0925/233438.892450:VERBOSE1:ahoi/browser/session/session_bridge_session.cc:468] Ahoi last-used tab: index 2 tracked=1 same_model=1 workspace=83699047-edf8-580d-948d-9c37acc35cb6 active=83699047-edf8-580d-948d-9c37acc35cb6
[37170:29486350:0925/233438.892459:VERBOSE1:ahoi/browser/session/session_bridge_session.cc:468] Ahoi last-used tab: index 3 tracked=1 same_model=1 workspace=83699047-edf8-580d-948d-9c37acc35cb6 active=83699047-edf8-580d-948d-9c37acc35cb6
[37170:29486350:0925/233438.892467:VERBOSE1:ahoi/browser/session/session_bridge_session.cc:468] Ahoi last-used tab: index 4 tracked=1 same_model=1 workspace=98ab5c0a-e1f6-491a-b49b-a555bdc602d4 active=83699047-edf8-580d-948d-9c37acc35cb6
[37170:29486350:0925/233438.892474:VERBOSE1:ahoi/browser/session/session_bridge_session.cc:468] Ahoi last-used tab: index 5 tracked=1 same_model=1 workspace=83699047-edf8-580d-948d-9c37acc35cb6 active=83699047-edf8-580d-948d-9c37acc35cb6
[37170:29486350:0925/233438.892481:VERBOSE1:ahoi/browser/session/session_bridge_session.cc:488] Ahoi last-used tab: mru=6 eligible=5 target=1
[37170:29486350:0925/233438.900578:VERBOSE1:chrome/browser/ui/views/frame/browser_view.cc:6121] Ahoi shortcut tab.last-used handled
[37170:29486350:0925/233442.265116:ERROR:base/process/kill_posix.cc:33] waitpid(37191): No child processes (10)
objc[38237]: Class ANGLESwapCGLLayer is implemented in both /Applications/AhoiBrowser.app/Contents/Frameworks/libblink_modules.dylib (0x1440c8a50) and /Applications/AhoiBrowser.app/Contents/Frameworks/libgl_init.dylib (0x1291a0a50). This may cause spurious casting failures and mysterious crashes. One of the duplicates must be removed or renamed.
objc[38237]: Class CrashpadHTTPBodyStreamTransport is implemented in both /Applications/AhoiBrowser.app/Contents/Frameworks/libbrowser_ui_views.dylib (0x1121bc188) and /Applications/AhoiBrowser.app/Contents/Frameworks/libchrome_dll.dylib (0x118d9a430). This may cause spurious casting failures and mysterious crashes. One of the duplicates must be removed or renamed.
[38237:29492875:0925/233444.946931:ERROR:chrome/browser/mac/code_sign_clone_manager.mm:98] error removing quarantine attribute "/var/folders/zn/wn74lz2s2bsfp734gbqytmpr0000gn/X/"
[38237:29492875:0925/233444.973448:ERROR:chrome/browser/mac/code_sign_clone_manager.mm:98] error removing quarantine attribute "/var/folders/zn/wn74lz2s2bsfp734gbqytmpr0000gn/X/"
[38237:29492750:0925/233444.984155:WARNING:chrome/browser/signin/account_consistency_mode_manager.cc:74] Desktop Identity Consistency cannot be enabled as no OAuth client ID and client secret have been configured.

DevTools listening on ws://127.0.0.1:9345/devtools/browser/3ac8242a-612d-4ae0-953d-39ef9041f8c8
[38237:29492750:0925/233445.128094:VERBOSE1:ahoi/browser/navigation/keyboard_shortcut_registration.cc:57] Ahoi shortcut registered: cmd+alt+75
[38237:29492750:0925/233445.128118:VERBOSE1:ahoi/browser/navigation/keyboard_shortcut_registration.cc:57] Ahoi shortcut registered: cmd+alt+37
[38237:29492750:0925/233445.128125:VERBOSE1:ahoi/browser/navigation/keyboard_shortcut_registration.cc:57] Ahoi shortcut registered: cmd+alt+39
[38237:29492750:0925/233445.128131:VERBOSE1:ahoi/browser/navigation/keyboard_shortcut_registration.cc:57] Ahoi shortcut registered: ctrl+49
[38237:29492750:0925/233445.128135:VERBOSE1:ahoi/browser/navigation/keyboard_shortcut_registration.cc:57] Ahoi shortcut registered: ctrl+50
[38237:29492750:0925/233445.128139:VERBOSE1:ahoi/browser/navigation/keyboard_shortcut_registration.cc:57] Ahoi shortcut registered: ctrl+51
[38237:29492750:0925/233445.128144:VERBOSE1:ahoi/browser/navigation/keyboard_shortcut_registration.cc:57] Ahoi shortcut registered: ctrl+52
[38237:29492750:0925/233445.128148:VERBOSE1:ahoi/browser/navigation/keyboard_shortcut_registration.cc:57] Ahoi shortcut registered: ctrl+53
[38237:29492750:0925/233445.128152:VERBOSE1:ahoi/browser/navigation/keyboard_shortcut_registration.cc:57] Ahoi shortcut registered: ctrl+54
[38237:29492750:0925/233445.128157:VERBOSE1:ahoi/browser/navigation/keyboard_shortcut_registration.cc:57] Ahoi shortcut registered: ctrl+55
[38237:29492750:0925/233445.128162:VERBOSE1:ahoi/browser/navigation/keyboard_shortcut_registration.cc:57] Ahoi shortcut registered: ctrl+56
[38237:29492750:0925/233445.128167:VERBOSE1:ahoi/browser/navigation/keyboard_shortcut_registration.cc:57] Ahoi shortcut registered: ctrl+57
[38237:29492750:0925/233445.128171:VERBOSE1:ahoi/browser/navigation/keyboard_shortcut_registration.cc:57] Ahoi shortcut registered: cmd+shift+83
[38237:29492750:0925/233445.128176:VERBOSE1:ahoi/browser/navigation/keyboard_shortcut_registration.cc:57] Ahoi shortcut registered: cmd+shift+72
[38237:29492750:0925/233445.128180:VERBOSE1:ahoi/browser/navigation/keyboard_shortcut_registration.cc:57] Ahoi shortcut registered: cmd+shift+70
[38237:29492750:0925/233445.128184:VERBOSE1:ahoi/browser/navigation/keyboard_shortcut_registration.cc:57] Ahoi shortcut registered: cmd+ctrl+49
[38237:29492750:0925/233445.128189:VERBOSE1:ahoi/browser/navigation/keyboard_shortcut_registration.cc:57] Ahoi shortcut registered: cmd+ctrl+50
[38237:29492750:0925/233445.128193:VERBOSE1:ahoi/browser/navigation/keyboard_shortcut_registration.cc:57] Ahoi shortcut registered: cmd+ctrl+51
[38237:29492750:0925/233445.128197:VERBOSE1:ahoi/browser/navigation/keyboard_shortcut_registration.cc:57] Ahoi shortcut registered: cmd+ctrl+52
[38237:29492750:0925/233445.128214:VERBOSE1:ahoi/browser/navigation/keyboard_shortcut_registration.cc:57] Ahoi shortcut registered: cmd+ctrl+shift+37
[38237:29492750:0925/233445.128218:VERBOSE1:ahoi/browser/navigation/keyboard_shortcut_registration.cc:57] Ahoi shortcut registered: cmd+ctrl+shift+39
[38237:29492750:0925/233445.128222:VERBOSE1:ahoi/browser/navigation/keyboard_shortcut_registration.cc:57] Ahoi shortcut registered: cmd+ctrl+37
[38237:29492750:0925/233445.128225:VERBOSE1:ahoi/browser/navigation/keyboard_shortcut_registration.cc:57] Ahoi shortcut registered: cmd+ctrl+39
[38237:29492750:0925/233445.128229:VERBOSE1:ahoi/browser/navigation/keyboard_shortcut_registration.cc:57] Ahoi shortcut registered: cmd+ctrl+76
[38237:29492750:0925/233445.128232:VERBOSE1:ahoi/browser/navigation/keyboard_shortcut_registration.cc:57] Ahoi shortcut registered: cmd+ctrl+48
[38237:29492750:0925/233445.128236:VERBOSE1:ahoi/browser/navigation/keyboard_shortcut_registration.cc:57] Ahoi shortcut registered: cmd+ctrl+87
[38237:29492750:0925/233445.244622:ERROR:ahoi/browser/updater/sparkle_runtime_mac.mm:148] Ahoi updater disabled (fail closed): missing-feed-url
objc[38269]: Class ANGLESwapCGLLayer is implemented in both /Applications/AhoiBrowser.app/Contents/Frameworks/libblink_modules.dylib (0x142478a50) and /Applications/AhoiBrowser.app/Contents/Frameworks/libgl_init.dylib (0x127550a50). This may cause spurious casting failures and mysterious crashes. One of the duplicates must be removed or renamed.
objc[38271]: Class ANGLESwapCGLLayer is implemented in both /Applications/AhoiBrowser.app/Contents/Frameworks/libblink_modules.dylib (0x143d00a50) and /Applications/AhoiBrowser.app/Contents/Frameworks/libgl_init.dylib (0x128dd8a50). This may cause spurious casting failures and mysterious crashes. One of the duplicates must be removed or renamed.
objc[38269]: Class CrashpadHTTPBodyStreamTransport is implemented in both /Applications/AhoiBrowser.app/Contents/Frameworks/libbrowser_ui_views.dylib (0x11e218188) and /Applications/AhoiBrowser.app/Contents/Frameworks/libchrome_dll.dylib (0x11714a430). This may cause spurious casting failures and mysterious crashes. One of the duplicates must be removed or renamed.
objc[38271]: Class CrashpadHTTPBodyStreamTransport is implemented in both /Applications/AhoiBrowser.app/Contents/Frameworks/libbrowser_ui_views.dylib (0x11fd98188) and /Applications/AhoiBrowser.app/Contents/Frameworks/libchrome_dll.dylib (0x1189d2430). This may cause spurious casting failures and mysterious crashes. One of the duplicates must be removed or renamed.
objc[38272]: Class ANGLESwapCGLLayer is implemented in both /Applications/AhoiBrowser.app/Contents/Frameworks/libblink_modules.dylib (0x13fc38a50) and /Applications/AhoiBrowser.app/Contents/Frameworks/libgl_init.dylib (0x124d10a50). This may cause spurious casting failures and mysterious crashes. One of the duplicates must be removed or renamed.
objc[38272]: Class CrashpadHTTPBodyStreamTransport is implemented in both /Applications/AhoiBrowser.app/Contents/Frameworks/libbrowser_ui_views.dylib (0x11b920188) and /Applications/AhoiBrowser.app/Contents/Frameworks/libchrome_dll.dylib (0x11490a430). This may cause spurious casting failures and mysterious crashes. One of the duplicates must be removed or renamed.
objc[38270]: Class ANGLESwapCGLLayer is implemented in both /Applications/AhoiBrowser.app/Contents/Frameworks/libblink_modules.dylib (0x1401b4a50) and /Applications/AhoiBrowser.app/Contents/Frameworks/libgl_init.dylib (0x12528ca50). This may cause spurious casting failures and mysterious crashes. One of the duplicates must be removed or renamed.
objc[38270]: Class CrashpadHTTPBodyStreamTransport is implemented in both /Applications/AhoiBrowser.app/Contents/Frameworks/libbrowser_ui_views.dylib (0x11c888188) and /Applications/AhoiBrowser.app/Contents/Frameworks/libchrome_dll.dylib (0x114e86430). This may cause spurious casting failures and mysterious crashes. One of the duplicates must be removed or renamed.
objc[38274]: Class ANGLESwapCGLLayer is implemented in both /Applications/AhoiBrowser.app/Contents/Frameworks/libblink_modules.dylib (0x141e0ca50) and /Applications/AhoiBrowser.app/Contents/Frameworks/libgl_init.dylib (0x126ee4a50). This may cause spurious casting failures and mysterious crashes. One of the duplicates must be removed or renamed.
objc[38274]: Class CrashpadHTTPBodyStreamTransport is implemented in both /Applications/AhoiBrowser.app/Contents/Frameworks/libbrowser_ui_views.dylib (0x1100c8188) and /Applications/AhoiBrowser.app/Contents/Frameworks/libchrome_dll.dylib (0x116ade430). This may cause spurious casting failures and mysterious crashes. One of the duplicates must be removed or renamed.
objc[38277]: Class ANGLESwapCGLLayer is implemented in both /Applications/AhoiBrowser.app/Contents/Frameworks/libblink_modules.dylib (0x143c88a50) and /Applications/AhoiBrowser.app/Contents/Frameworks/libgl_init.dylib (0x128d60a50). This may cause spurious casting failures and mysterious crashes. One of the duplicates must be removed or renamed.
objc[38277]: Class CrashpadHTTPBodyStreamTransport is implemented in both /Applications/AhoiBrowser.app/Contents/Frameworks/libbrowser_ui_views.dylib (0x111dd0188) and /Applications/AhoiBrowser.app/Contents/Frameworks/libchrome_dll.dylib (0x11895a430). This may cause spurious casting failures and mysterious crashes. One of the duplicates must be removed or renamed.
objc[38276]: Class ANGLESwapCGLLayer is implemented in both /Applications/AhoiBrowser.app/Contents/Frameworks/libblink_modules.dylib (0x140438a50) and /Applications/AhoiBrowser.app/Contents/Frameworks/libgl_init.dylib (0x125510a50). This may cause spurious casting failures and mysterious crashes. One of the duplicates must be removed or renamed.
objc[38276]: Class CrashpadHTTPBodyStreamTransport is implemented in both /Applications/AhoiBrowser.app/Contents/Frameworks/libbrowser_ui_views.dylib (0x10e5f4188) and /Applications/AhoiBrowser.app/Contents/Frameworks/libchrome_dll.dylib (0x11510a430). This may cause spurious casting failures and mysterious crashes. One of the duplicates must be removed or renamed.
[38269:29493252:0925/233507.337440:ERROR:components/viz/service/surfaces/surface_manager.cc:479] Old/orphaned temporary reference to SurfaceId(FrameSinkId[DelegatedFrameHost](6, 3), LocalSurfaceId(2, 2, 4857...))
[38237:29492750:0925/233517.165331:ERROR:base/process/kill_posix.cc:33] waitpid(38270): No child processes (10)
