{
 "confirmationShown": true,
 "menuMarksSeparateSignIns": true,
 "noticeSaysSignInsStay": true,
 "noticeNamesTarget": true,
 "noticeOffersUndo": true,
 "cancelChangesNothing": true,
 "windowFollowsTab": true,
 "tabReopenedInTarget": true,
 "loginDidNotMove": true,
 "tabReloadedNotCarried": true,
 "undoRestoresSource": false,
 "undoBringsLoginBack": false,
 "undoLeavesTargetEmpty": false,
 "splitNoticeSaysWhole": true,
 "splitMovedWhole": true,
 "folderNoticeNamesFolder": true,
 "folderArrivesInTarget": true,
 "folderPageReopened": true,
 "folderLeftInbox": true,
 "commandBarOffersTarget": true,
 "commandBarHintsSignIns": true,
 "commandMoveFollows": true,
 "commandMoveReopened": true,
 "movedFolderPersists": true,
 "inboxStaysWithoutFolder": true,
 "pass": false
}
