objc[23876]: Class ANGLESwapCGLLayer is implemented in both /Applications/AhoiBrowser.app/Contents/Frameworks/libblink_modules.dylib (0x140650a50) and /Applications/AhoiBrowser.app/Contents/Frameworks/libgl_init.dylib (0x125728a50). This may cause spurious casting failures and mysterious crashes. One of the duplicates must be removed or renamed.
objc[23876]: Class CrashpadHTTPBodyStreamTransport is implemented in both /Applications/AhoiBrowser.app/Contents/Frameworks/libbrowser_ui_views.dylib (0x10e72c188) and /Applications/AhoiBrowser.app/Contents/Frameworks/libchrome_dll.dylib (0x11531a430). This may cause spurious casting failures and mysterious crashes. One of the duplicates must be removed or renamed.
[23876:30540827:0926/013436.099127:ERROR:chrome/browser/mac/code_sign_clone_manager.mm:98] error removing quarantine attribute "/var/folders/zn/wn74lz2s2bsfp734gbqytmpr0000gn/X/"
[23876:30540827:0926/013436.124520:ERROR:chrome/browser/mac/code_sign_clone_manager.mm:98] error removing quarantine attribute "/var/folders/zn/wn74lz2s2bsfp734gbqytmpr0000gn/X/"
[23876:30540706:0926/013436.135729:WARNING:chrome/browser/signin/account_consistency_mode_manager.cc:74] Desktop Identity Consistency cannot be enabled as no OAuth client ID and client secret have been configured.

DevTools listening on ws://127.0.0.1:9345/devtools/browser/382963a4-d4dc-45ea-97ca-af1334168733
[23876:30540706:0926/013436.293279:VERBOSE1:ahoi/browser/navigation/keyboard_shortcut_registration.cc:57] Ahoi shortcut registered: alt+9
[23876:30540706:0926/013436.293310:VERBOSE1:ahoi/browser/navigation/keyboard_shortcut_registration.cc:57] Ahoi shortcut registered: cmd+alt+37
[23876:30540706:0926/013436.293320:VERBOSE1:ahoi/browser/navigation/keyboard_shortcut_registration.cc:57] Ahoi shortcut registered: cmd+alt+39
[23876:30540706:0926/013436.293326:VERBOSE1:ahoi/browser/navigation/keyboard_shortcut_registration.cc:57] Ahoi shortcut registered: ctrl+49
[23876:30540706:0926/013436.293333:VERBOSE1:ahoi/browser/navigation/keyboard_shortcut_registration.cc:57] Ahoi shortcut registered: ctrl+50
[23876:30540706:0926/013436.293341:VERBOSE1:ahoi/browser/navigation/keyboard_shortcut_registration.cc:57] Ahoi shortcut registered: ctrl+51
[23876:30540706:0926/013436.293347:VERBOSE1:ahoi/browser/navigation/keyboard_shortcut_registration.cc:57] Ahoi shortcut registered: ctrl+52
[23876:30540706:0926/013436.293354:VERBOSE1:ahoi/browser/navigation/keyboard_shortcut_registration.cc:57] Ahoi shortcut registered: ctrl+53
[23876:30540706:0926/013436.293360:VERBOSE1:ahoi/browser/navigation/keyboard_shortcut_registration.cc:57] Ahoi shortcut registered: ctrl+54
[23876:30540706:0926/013436.293366:VERBOSE1:ahoi/browser/navigation/keyboard_shortcut_registration.cc:57] Ahoi shortcut registered: ctrl+55
[23876:30540706:0926/013436.293375:VERBOSE1:ahoi/browser/navigation/keyboard_shortcut_registration.cc:57] Ahoi shortcut registered: ctrl+56
[23876:30540706:0926/013436.293380:VERBOSE1:ahoi/browser/navigation/keyboard_shortcut_registration.cc:57] Ahoi shortcut registered: ctrl+57
[23876:30540706:0926/013436.293386:VERBOSE1:ahoi/browser/navigation/keyboard_shortcut_registration.cc:57] Ahoi shortcut registered: cmd+shift+83
[23876:30540706:0926/013436.293391:VERBOSE1:ahoi/browser/navigation/keyboard_shortcut_registration.cc:57] Ahoi shortcut registered: cmd+shift+72
[23876:30540706:0926/013436.293397:VERBOSE1:ahoi/browser/navigation/keyboard_shortcut_registration.cc:57] Ahoi shortcut registered: cmd+shift+70
[23876:30540706:0926/013436.293402:VERBOSE1:ahoi/browser/navigation/keyboard_shortcut_registration.cc:57] Ahoi shortcut registered: cmd+ctrl+49
[23876:30540706:0926/013436.293407:VERBOSE1:ahoi/browser/navigation/keyboard_shortcut_registration.cc:57] Ahoi shortcut registered: cmd+ctrl+50
[23876:30540706:0926/013436.293412:VERBOSE1:ahoi/browser/navigation/keyboard_shortcut_registration.cc:57] Ahoi shortcut registered: cmd+ctrl+51
[23876:30540706:0926/013436.293416:VERBOSE1:ahoi/browser/navigation/keyboard_shortcut_registration.cc:57] Ahoi shortcut registered: cmd+ctrl+52
[23876:30540706:0926/013436.293421:VERBOSE1:ahoi/browser/navigation/keyboard_shortcut_registration.cc:57] Ahoi shortcut registered: cmd+ctrl+shift+37
[23876:30540706:0926/013436.293440:VERBOSE1:ahoi/browser/navigation/keyboard_shortcut_registration.cc:57] Ahoi shortcut registered: cmd+ctrl+shift+39
[23876:30540706:0926/013436.293445:VERBOSE1:ahoi/browser/navigation/keyboard_shortcut_registration.cc:57] Ahoi shortcut registered: cmd+ctrl+37
[23876:30540706:0926/013436.293449:VERBOSE1:ahoi/browser/navigation/keyboard_shortcut_registration.cc:57] Ahoi shortcut registered: cmd+ctrl+39
[23876:30540706:0926/013436.293454:VERBOSE1:ahoi/browser/navigation/keyboard_shortcut_registration.cc:57] Ahoi shortcut registered: cmd+ctrl+76
[23876:30540706:0926/013436.293458:VERBOSE1:ahoi/browser/navigation/keyboard_shortcut_registration.cc:57] Ahoi shortcut registered: cmd+ctrl+48
[23876:30540706:0926/013436.293462:VERBOSE1:ahoi/browser/navigation/keyboard_shortcut_registration.cc:57] Ahoi shortcut registered: cmd+ctrl+87
[23876:30540706:0926/013436.415281:ERROR:ahoi/browser/updater/sparkle_runtime_mac.mm:148] Ahoi updater disabled (fail closed): missing-feed-url
objc[23899]: Class ANGLESwapCGLLayer is implemented in both /Applications/AhoiBrowser.app/Contents/Frameworks/libblink_modules.dylib (0x140248a50) and /Applications/AhoiBrowser.app/Contents/Frameworks/libgl_init.dylib (0x125320a50). This may cause spurious casting failures and mysterious crashes. One of the duplicates must be removed or renamed.
objc[23899]: Class CrashpadHTTPBodyStreamTransport is implemented in both /Applications/AhoiBrowser.app/Contents/Frameworks/libbrowser_ui_views.dylib (0x10e4ec188) and /Applications/AhoiBrowser.app/Contents/Frameworks/libchrome_dll.dylib (0x114f12430). This may cause spurious casting failures and mysterious crashes. One of the duplicates must be removed or renamed.
objc[23898]: Class ANGLESwapCGLLayer is implemented in both /Applications/AhoiBrowser.app/Contents/Frameworks/libblink_modules.dylib (0x143a40a50) and /Applications/AhoiBrowser.app/Contents/Frameworks/libgl_init.dylib (0x128b18a50). This may cause spurious casting failures and mysterious crashes. One of the duplicates must be removed or renamed.
objc[23904]: Class ANGLESwapCGLLayer is implemented in both /Applications/AhoiBrowser.app/Contents/Frameworks/libblink_modules.dylib (0x1404e0a50) and /Applications/AhoiBrowser.app/Contents/Frameworks/libgl_init.dylib (0x1255b8a50). This may cause spurious casting failures and mysterious crashes. One of the duplicates must be removed or renamed.
objc[23898]: Class CrashpadHTTPBodyStreamTransport is implemented in both /Applications/AhoiBrowser.app/Contents/Frameworks/libbrowser_ui_views.dylib (0x111ce4188) and /Applications/AhoiBrowser.app/Contents/Frameworks/libchrome_dll.dylib (0x11870a430). This may cause spurious casting failures and mysterious crashes. One of the duplicates must be removed or renamed.
objc[23904]: Class CrashpadHTTPBodyStreamTransport is implemented in both /Applications/AhoiBrowser.app/Contents/Frameworks/libbrowser_ui_views.dylib (0x11c17c188) and /Applications/AhoiBrowser.app/Contents/Frameworks/libchrome_dll.dylib (0x1151aa430). This may cause spurious casting failures and mysterious crashes. One of the duplicates must be removed or renamed.
objc[23903]: Class ANGLESwapCGLLayer is implemented in both /Applications/AhoiBrowser.app/Contents/Frameworks/libblink_modules.dylib (0x1404e0a50) and /Applications/AhoiBrowser.app/Contents/Frameworks/libgl_init.dylib (0x1255b8a50). This may cause spurious casting failures and mysterious crashes. One of the duplicates must be removed or renamed.
objc[23903]: Class CrashpadHTTPBodyStreamTransport is implemented in both /Applications/AhoiBrowser.app/Contents/Frameworks/libbrowser_ui_views.dylib (0x10e610188) and /Applications/AhoiBrowser.app/Contents/Frameworks/libchrome_dll.dylib (0x1151aa430). This may cause spurious casting failures and mysterious crashes. One of the duplicates must be removed or renamed.
objc[23906]: Class ANGLESwapCGLLayer is implemented in both /Applications/AhoiBrowser.app/Contents/Frameworks/libblink_modules.dylib (0x13fa64a50) and /Applications/AhoiBrowser.app/Contents/Frameworks/libgl_init.dylib (0x124b3ca50). This may cause spurious casting failures and mysterious crashes. One of the duplicates must be removed or renamed.
objc[23909]: Class ANGLESwapCGLLayer is implemented in both /Applications/AhoiBrowser.app/Contents/Frameworks/libblink_modules.dylib (0x13fc1ca50) and /Applications/AhoiBrowser.app/Contents/Frameworks/libgl_init.dylib (0x124cf4a50). This may cause spurious casting failures and mysterious crashes. One of the duplicates must be removed or renamed.
objc[23906]: Class CrashpadHTTPBodyStreamTransport is implemented in both /Applications/AhoiBrowser.app/Contents/Frameworks/libbrowser_ui_views.dylib (0x10dd44188) and /Applications/AhoiBrowser.app/Contents/Frameworks/libchrome_dll.dylib (0x11472e430). This may cause spurious casting failures and mysterious crashes. One of the duplicates must be removed or renamed.
objc[23909]: Class CrashpadHTTPBodyStreamTransport is implemented in both /Applications/AhoiBrowser.app/Contents/Frameworks/libbrowser_ui_views.dylib (0x11c378188) and /Applications/AhoiBrowser.app/Contents/Frameworks/libchrome_dll.dylib (0x1148e6430). This may cause spurious casting failures and mysterious crashes. One of the duplicates must be removed or renamed.
objc[23908]: Class ANGLESwapCGLLayer is implemented in both /Applications/AhoiBrowser.app/Contents/Frameworks/libblink_modules.dylib (0x13fb88a50) and /Applications/AhoiBrowser.app/Contents/Frameworks/libgl_init.dylib (0x124c60a50). This may cause spurious casting failures and mysterious crashes. One of the duplicates must be removed or renamed.
objc[23908]: Class CrashpadHTTPBodyStreamTransport is implemented in both /Applications/AhoiBrowser.app/Contents/Frameworks/libbrowser_ui_views.dylib (0x11b824188) and /Applications/AhoiBrowser.app/Contents/Frameworks/libchrome_dll.dylib (0x114852430). This may cause spurious casting failures and mysterious crashes. One of the duplicates must be removed or renamed.
[23899:30541154:0926/013445.365316:WARNING:net/disk_cache/simple/simple_synchronous_entry.cc:1507] Could not open platform files for entry.
objc[24033]: Class ANGLESwapCGLLayer is implemented in both /Applications/AhoiBrowser.app/Contents/Frameworks/libblink_modules.dylib (0x140448a50) and /Applications/AhoiBrowser.app/Contents/Frameworks/libgl_init.dylib (0x125520a50). This may cause spurious casting failures and mysterious crashes. One of the duplicates must be removed or renamed.
objc[24033]: Class CrashpadHTTPBodyStreamTransport is implemented in both /Applications/AhoiBrowser.app/Contents/Frameworks/libbrowser_ui_views.dylib (0x10e5c4188) and /Applications/AhoiBrowser.app/Contents/Frameworks/libchrome_dll.dylib (0x115112430). This may cause spurious casting failures and mysterious crashes. One of the duplicates must be removed or renamed.
objc[24132]: Class ANGLESwapCGLLayer is implemented in both /Applications/AhoiBrowser.app/Contents/Frameworks/libblink_modules.dylib (0x1407b4a50) and /Applications/AhoiBrowser.app/Contents/Frameworks/libgl_init.dylib (0x12588ca50). This may cause spurious casting failures and mysterious crashes. One of the duplicates must be removed or renamed.
objc[24132]: Class CrashpadHTTPBodyStreamTransport is implemented in both /Applications/AhoiBrowser.app/Contents/Frameworks/libbrowser_ui_views.dylib (0x10e8e4188) and /Applications/AhoiBrowser.app/Contents/Frameworks/libchrome_dll.dylib (0x11547e430). This may cause spurious casting failures and mysterious crashes. One of the duplicates must be removed or renamed.
[23898:30541180:0926/013458.116555:ERROR:components/viz/service/surfaces/surface_manager.cc:479] Old/orphaned temporary reference to SurfaceId(FrameSinkId[DelegatedFrameHost](6, 3), LocalSurfaceId(2, 2, 933F...))
objc[24226]: Class ANGLESwapCGLLayer is implemented in both /Applications/AhoiBrowser.app/Contents/Frameworks/libblink_modules.dylib (0x141a44a50) and /Applications/AhoiBrowser.app/Contents/Frameworks/libgl_init.dylib (0x126b1ca50). This may cause spurious casting failures and mysterious crashes. One of the duplicates must be removed or renamed.
objc[24226]: Class CrashpadHTTPBodyStreamTransport is implemented in both /Applications/AhoiBrowser.app/Contents/Frameworks/libbrowser_ui_views.dylib (0x10fc7c188) and /Applications/AhoiBrowser.app/Contents/Frameworks/libchrome_dll.dylib (0x11670e430). This may cause spurious casting failures and mysterious crashes. One of the duplicates must be removed or renamed.
objc[24785]: Class ANGLESwapCGLLayer is implemented in both /Applications/AhoiBrowser.app/Contents/Frameworks/libblink_modules.dylib (0x140520a50) and /Applications/AhoiBrowser.app/Contents/Frameworks/libgl_init.dylib (0x1255f8a50). This may cause spurious casting failures and mysterious crashes. One of the duplicates must be removed or renamed.
objc[24785]: Class CrashpadHTTPBodyStreamTransport is implemented in both /Applications/AhoiBrowser.app/Contents/Frameworks/libbrowser_ui_views.dylib (0x11c238188) and /Applications/AhoiBrowser.app/Contents/Frameworks/libchrome_dll.dylib (0x1151ea430). This may cause spurious casting failures and mysterious crashes. One of the duplicates must be removed or renamed.
objc[24953]: Class ANGLESwapCGLLayer is implemented in both /Applications/AhoiBrowser.app/Contents/Frameworks/libblink_modules.dylib (0x13ff0ca50) and /Applications/AhoiBrowser.app/Contents/Frameworks/libgl_init.dylib (0x124fe4a50). This may cause spurious casting failures and mysterious crashes. One of the duplicates must be removed or renamed.
objc[24953]: Class CrashpadHTTPBodyStreamTransport is implemented in both /Applications/AhoiBrowser.app/Contents/Frameworks/libbrowser_ui_views.dylib (0x11bcac188) and /Applications/AhoiBrowser.app/Contents/Frameworks/libchrome_dll.dylib (0x114bd6430). This may cause spurious casting failures and mysterious crashes. One of the duplicates must be removed or renamed.
objc[24997]: Class ANGLESwapCGLLayer is implemented in both /Applications/AhoiBrowser.app/Contents/Frameworks/libblink_modules.dylib (0x144994a50) and /Applications/AhoiBrowser.app/Contents/Frameworks/libgl_init.dylib (0x129a6ca50). This may cause spurious casting failures and mysterious crashes. One of the duplicates must be removed or renamed.
objc[24997]: Class CrashpadHTTPBodyStreamTransport is implemented in both /Applications/AhoiBrowser.app/Contents/Frameworks/libbrowser_ui_views.dylib (0x112b10188) and /Applications/AhoiBrowser.app/Contents/Frameworks/libchrome_dll.dylib (0x11965e430). This may cause spurious casting failures and mysterious crashes. One of the duplicates must be removed or renamed.
objc[25007]: Class ANGLESwapCGLLayer is implemented in both /Applications/AhoiBrowser.app/Contents/Frameworks/libblink_modules.dylib (0x143ea8a50) and /Applications/AhoiBrowser.app/Contents/Frameworks/libgl_init.dylib (0x128f80a50). This may cause spurious casting failures and mysterious crashes. One of the duplicates must be removed or renamed.
objc[25007]: Class CrashpadHTTPBodyStreamTransport is implemented in both /Applications/AhoiBrowser.app/Contents/Frameworks/libbrowser_ui_views.dylib (0x11214c188) and /Applications/AhoiBrowser.app/Contents/Frameworks/libchrome_dll.dylib (0x118b72430). This may cause spurious casting failures and mysterious crashes. One of the duplicates must be removed or renamed.
objc[25008]: Class ANGLESwapCGLLayer is implemented in both /Applications/AhoiBrowser.app/Contents/Frameworks/libblink_modules.dylib (0x140330a50) and /Applications/AhoiBrowser.app/Contents/Frameworks/libgl_init.dylib (0x125408a50). This may cause spurious casting failures and mysterious crashes. One of the duplicates must be removed or renamed.
objc[25008]: Class CrashpadHTTPBodyStreamTransport is implemented in both /Applications/AhoiBrowser.app/Contents/Frameworks/libbrowser_ui_views.dylib (0x10e574188) and /Applications/AhoiBrowser.app/Contents/Frameworks/libchrome_dll.dylib (0x114ffa430). This may cause spurious casting failures and mysterious crashes. One of the duplicates must be removed or renamed.
[23876:30540706:0926/013550.117367:VERBOSE1:ahoi/browser/navigation/keyboard_shortcut_registration.cc:51] Ahoi shortcut unregistered: alt+9
[23876:30540706:0926/013550.117447:VERBOSE1:ahoi/browser/navigation/keyboard_shortcut_registration.cc:57] Ahoi shortcut registered: cmd+alt+75
objc[25097]: Class ANGLESwapCGLLayer is implemented in both /Applications/AhoiBrowser.app/Contents/Frameworks/libblink_modules.dylib (0x143a80a50) and /Applications/AhoiBrowser.app/Contents/Frameworks/libgl_init.dylib (0x128b58a50). This may cause spurious casting failures and mysterious crashes. One of the duplicates must be removed or renamed.
objc[25097]: Class CrashpadHTTPBodyStreamTransport is implemented in both /Applications/AhoiBrowser.app/Contents/Frameworks/libbrowser_ui_views.dylib (0x120154188) and /Applications/AhoiBrowser.app/Contents/Frameworks/libchrome_dll.dylib (0x11874a430). This may cause spurious casting failures and mysterious crashes. One of the duplicates must be removed or renamed.
[23876:30540706:0926/013600.240438:VERBOSE1:ahoi/browser/session/session_bridge_session.cc:471] Ahoi last-used tab: index 0 tracked=1 same_model=1 workspace=83699047-edf8-580d-948d-9c37acc35cb6 active=83699047-edf8-580d-948d-9c37acc35cb6
[23876:30540706:0926/013600.240471:VERBOSE1:ahoi/browser/session/session_bridge_session.cc:471] Ahoi last-used tab: index 1 tracked=1 same_model=1 workspace=83699047-edf8-580d-948d-9c37acc35cb6 active=83699047-edf8-580d-948d-9c37acc35cb6
[23876:30540706:0926/013600.240478:VERBOSE1:ahoi/browser/session/session_bridge_session.cc:471] Ahoi last-used tab: index 2 tracked=1 same_model=1 workspace=83699047-edf8-580d-948d-9c37acc35cb6 active=83699047-edf8-580d-948d-9c37acc35cb6
[23876:30540706:0926/013600.240484:VERBOSE1:ahoi/browser/session/session_bridge_session.cc:471] Ahoi last-used tab: index 3 tracked=1 same_model=1 workspace=83699047-edf8-580d-948d-9c37acc35cb6 active=83699047-edf8-580d-948d-9c37acc35cb6
[23876:30540706:0926/013600.240489:VERBOSE1:ahoi/browser/session/session_bridge_session.cc:471] Ahoi last-used tab: index 4 tracked=1 same_model=1 workspace=b5507d97-391d-439e-94c0-4db0adb3c32d active=83699047-edf8-580d-948d-9c37acc35cb6
[23876:30540706:0926/013600.240494:VERBOSE1:ahoi/browser/session/session_bridge_session.cc:471] Ahoi last-used tab: index 5 tracked=1 same_model=1 workspace=83699047-edf8-580d-948d-9c37acc35cb6 active=83699047-edf8-580d-948d-9c37acc35cb6
[23876:30540706:0926/013600.240499:VERBOSE1:ahoi/browser/session/session_bridge_session.cc:491] Ahoi last-used tab: mru=6 eligible=5 target=1
[23876:30540706:0926/013600.240504:VERBOSE1:ahoi/browser/session/session_bridge_session.cc:498] Ahoi last-used tab: activate index 0 from 5 url=about:blank
[23876:30540706:0926/013600.246793:VERBOSE1:ahoi/browser/session/session_bridge_session.cc:504] Ahoi last-used tab: active index now 0
[23876:30540706:0926/013600.246836:VERBOSE1:chrome/browser/ui/views/frame/browser_view.cc:6121] Ahoi shortcut tab.last-used handled
objc[25137]: Class ANGLESwapCGLLayer is implemented in both /Applications/AhoiBrowser.app/Contents/Frameworks/libblink_modules.dylib (0x141dcca50) and /Applications/AhoiBrowser.app/Contents/Frameworks/libgl_init.dylib (0x126ea4a50). This may cause spurious casting failures and mysterious crashes. One of the duplicates must be removed or renamed.
objc[25137]: Class CrashpadHTTPBodyStreamTransport is implemented in both /Applications/AhoiBrowser.app/Contents/Frameworks/libbrowser_ui_views.dylib (0x11dab4188) and /Applications/AhoiBrowser.app/Contents/Frameworks/libchrome_dll.dylib (0x116a96430). This may cause spurious casting failures and mysterious crashes. One of the duplicates must be removed or renamed.
[23876:30540706:0926/013603.561064:ERROR:base/process/kill_posix.cc:33] waitpid(23899): No child processes (10)
objc[25183]: Class ANGLESwapCGLLayer is implemented in both /Applications/AhoiBrowser.app/Contents/Frameworks/libblink_modules.dylib (0x140484a50) and /Applications/AhoiBrowser.app/Contents/Frameworks/libgl_init.dylib (0x12555ca50). This may cause spurious casting failures and mysterious crashes. One of the duplicates must be removed or renamed.
objc[25183]: Class CrashpadHTTPBodyStreamTransport is implemented in both /Applications/AhoiBrowser.app/Contents/Frameworks/libbrowser_ui_views.dylib (0x10e560188) and /Applications/AhoiBrowser.app/Contents/Frameworks/libchrome_dll.dylib (0x11514e430). This may cause spurious casting failures and mysterious crashes. One of the duplicates must be removed or renamed.
[25183:30547516:0926/013606.287369:ERROR:chrome/browser/mac/code_sign_clone_manager.mm:98] error removing quarantine attribute "/var/folders/zn/wn74lz2s2bsfp734gbqytmpr0000gn/X/"
[25183:30547516:0926/013606.314708:ERROR:chrome/browser/mac/code_sign_clone_manager.mm:98] error removing quarantine attribute "/var/folders/zn/wn74lz2s2bsfp734gbqytmpr0000gn/X/"
[25183:30547380:0926/013606.332172:WARNING:chrome/browser/signin/account_consistency_mode_manager.cc:74] Desktop Identity Consistency cannot be enabled as no OAuth client ID and client secret have been configured.

DevTools listening on ws://127.0.0.1:9345/devtools/browser/12790f76-9c4c-4c2f-8bfe-c107b4092212
[25183:30547380:0926/013606.488270:VERBOSE1:ahoi/browser/navigation/keyboard_shortcut_registration.cc:57] Ahoi shortcut registered: cmd+alt+75
[25183:30547380:0926/013606.488302:VERBOSE1:ahoi/browser/navigation/keyboard_shortcut_registration.cc:57] Ahoi shortcut registered: cmd+alt+37
[25183:30547380:0926/013606.488310:VERBOSE1:ahoi/browser/navigation/keyboard_shortcut_registration.cc:57] Ahoi shortcut registered: cmd+alt+39
[25183:30547380:0926/013606.488318:VERBOSE1:ahoi/browser/navigation/keyboard_shortcut_registration.cc:57] Ahoi shortcut registered: ctrl+49
[25183:30547380:0926/013606.488322:VERBOSE1:ahoi/browser/navigation/keyboard_shortcut_registration.cc:57] Ahoi shortcut registered: ctrl+50
[25183:30547380:0926/013606.488326:VERBOSE1:ahoi/browser/navigation/keyboard_shortcut_registration.cc:57] Ahoi shortcut registered: ctrl+51
[25183:30547380:0926/013606.488331:VERBOSE1:ahoi/browser/navigation/keyboard_shortcut_registration.cc:57] Ahoi shortcut registered: ctrl+52
[25183:30547380:0926/013606.488336:VERBOSE1:ahoi/browser/navigation/keyboard_shortcut_registration.cc:57] Ahoi shortcut registered: ctrl+53
[25183:30547380:0926/013606.488339:VERBOSE1:ahoi/browser/navigation/keyboard_shortcut_registration.cc:57] Ahoi shortcut registered: ctrl+54
[25183:30547380:0926/013606.488343:VERBOSE1:ahoi/browser/navigation/keyboard_shortcut_registration.cc:57] Ahoi shortcut registered: ctrl+55
[25183:30547380:0926/013606.488347:VERBOSE1:ahoi/browser/navigation/keyboard_shortcut_registration.cc:57] Ahoi shortcut registered: ctrl+56
[25183:30547380:0926/013606.488350:VERBOSE1:ahoi/browser/navigation/keyboard_shortcut_registration.cc:57] Ahoi shortcut registered: ctrl+57
[25183:30547380:0926/013606.488354:VERBOSE1:ahoi/browser/navigation/keyboard_shortcut_registration.cc:57] Ahoi shortcut registered: cmd+shift+83
[25183:30547380:0926/013606.488358:VERBOSE1:ahoi/browser/navigation/keyboard_shortcut_registration.cc:57] Ahoi shortcut registered: cmd+shift+72
[25183:30547380:0926/013606.488362:VERBOSE1:ahoi/browser/navigation/keyboard_shortcut_registration.cc:57] Ahoi shortcut registered: cmd+shift+70
[25183:30547380:0926/013606.488365:VERBOSE1:ahoi/browser/navigation/keyboard_shortcut_registration.cc:57] Ahoi shortcut registered: cmd+ctrl+49
[25183:30547380:0926/013606.488369:VERBOSE1:ahoi/browser/navigation/keyboard_shortcut_registration.cc:57] Ahoi shortcut registered: cmd+ctrl+50
[25183:30547380:0926/013606.488373:VERBOSE1:ahoi/browser/navigation/keyboard_shortcut_registration.cc:57] Ahoi shortcut registered: cmd+ctrl+51
[25183:30547380:0926/013606.488376:VERBOSE1:ahoi/browser/navigation/keyboard_shortcut_registration.cc:57] Ahoi shortcut registered: cmd+ctrl+52
[25183:30547380:0926/013606.488380:VERBOSE1:ahoi/browser/navigation/keyboard_shortcut_registration.cc:57] Ahoi shortcut registered: cmd+ctrl+shift+37
[25183:30547380:0926/013606.488384:VERBOSE1:ahoi/browser/navigation/keyboard_shortcut_registration.cc:57] Ahoi shortcut registered: cmd+ctrl+shift+39
[25183:30547380:0926/013606.488387:VERBOSE1:ahoi/browser/navigation/keyboard_shortcut_registration.cc:57] Ahoi shortcut registered: cmd+ctrl+37
[25183:30547380:0926/013606.488403:VERBOSE1:ahoi/browser/navigation/keyboard_shortcut_registration.cc:57] Ahoi shortcut registered: cmd+ctrl+39
[25183:30547380:0926/013606.488407:VERBOSE1:ahoi/browser/navigation/keyboard_shortcut_registration.cc:57] Ahoi shortcut registered: cmd+ctrl+76
[25183:30547380:0926/013606.488410:VERBOSE1:ahoi/browser/navigation/keyboard_shortcut_registration.cc:57] Ahoi shortcut registered: cmd+ctrl+48
[25183:30547380:0926/013606.488414:VERBOSE1:ahoi/browser/navigation/keyboard_shortcut_registration.cc:57] Ahoi shortcut registered: cmd+ctrl+87
[25183:30547380:0926/013606.590690:ERROR:ahoi/browser/updater/sparkle_runtime_mac.mm:148] Ahoi updater disabled (fail closed): missing-feed-url
objc[25210]: Class ANGLESwapCGLLayer is implemented in both /Applications/AhoiBrowser.app/Contents/Frameworks/libblink_modules.dylib (0x142788a50) and /Applications/AhoiBrowser.app/Contents/Frameworks/libgl_init.dylib (0x127860a50). This may cause spurious casting failures and mysterious crashes. One of the duplicates must be removed or renamed.
objc[25210]: Class CrashpadHTTPBodyStreamTransport is implemented in both /Applications/AhoiBrowser.app/Contents/Frameworks/libbrowser_ui_views.dylib (0x1108b8188) and /Applications/AhoiBrowser.app/Contents/Frameworks/libchrome_dll.dylib (0x117452430). This may cause spurious casting failures and mysterious crashes. One of the duplicates must be removed or renamed.
objc[25211]: Class ANGLESwapCGLLayer is implemented in both /Applications/AhoiBrowser.app/Contents/Frameworks/libblink_modules.dylib (0x140274a50) and /Applications/AhoiBrowser.app/Contents/Frameworks/libgl_init.dylib (0x12534ca50). This may cause spurious casting failures and mysterious crashes. One of the duplicates must be removed or renamed.
objc[25211]: Class CrashpadHTTPBodyStreamTransport is implemented in both /Applications/AhoiBrowser.app/Contents/Frameworks/libbrowser_ui_views.dylib (0x11c014188) and /Applications/AhoiBrowser.app/Contents/Frameworks/libchrome_dll.dylib (0x114f3e430). This may cause spurious casting failures and mysterious crashes. One of the duplicates must be removed or renamed.
objc[25212]: Class ANGLESwapCGLLayer is implemented in both /Applications/AhoiBrowser.app/Contents/Frameworks/libblink_modules.dylib (0x141bf8a50) and /Applications/AhoiBrowser.app/Contents/Frameworks/libgl_init.dylib (0x126cd0a50). This may cause spurious casting failures and mysterious crashes. One of the duplicates must be removed or renamed.
objc[25212]: Class CrashpadHTTPBodyStreamTransport is implemented in both /Applications/AhoiBrowser.app/Contents/Frameworks/libbrowser_ui_views.dylib (0x10fe08188) and /Applications/AhoiBrowser.app/Contents/Frameworks/libchrome_dll.dylib (0x1168c2430). This may cause spurious casting failures and mysterious crashes. One of the duplicates must be removed or renamed.
objc[25213]: Class ANGLESwapCGLLayer is implemented in both /Applications/AhoiBrowser.app/Contents/Frameworks/libblink_modules.dylib (0x143e7ca50) and /Applications/AhoiBrowser.app/Contents/Frameworks/libgl_init.dylib (0x128f54a50). This may cause spurious casting failures and mysterious crashes. One of the duplicates must be removed or renamed.
objc[25213]: Class CrashpadHTTPBodyStreamTransport is implemented in both /Applications/AhoiBrowser.app/Contents/Frameworks/libbrowser_ui_views.dylib (0x112098188) and /Applications/AhoiBrowser.app/Contents/Frameworks/libchrome_dll.dylib (0x118b46430). This may cause spurious casting failures and mysterious crashes. One of the duplicates must be removed or renamed.
objc[25214]: Class ANGLESwapCGLLayer is implemented in both /Applications/AhoiBrowser.app/Contents/Frameworks/libblink_modules.dylib (0x14469ca50) and /Applications/AhoiBrowser.app/Contents/Frameworks/libgl_init.dylib (0x129774a50). This may cause spurious casting failures and mysterious crashes. One of the duplicates must be removed or renamed.
objc[25214]: Class CrashpadHTTPBodyStreamTransport is implemented in both /Applications/AhoiBrowser.app/Contents/Frameworks/libbrowser_ui_views.dylib (0x1127fc188) and /Applications/AhoiBrowser.app/Contents/Frameworks/libchrome_dll.dylib (0x119366430). This may cause spurious casting failures and mysterious crashes. One of the duplicates must be removed or renamed.
objc[25217]: Class ANGLESwapCGLLayer is implemented in both /Applications/AhoiBrowser.app/Contents/Frameworks/libblink_modules.dylib (0x1447b0a50) and /Applications/AhoiBrowser.app/Contents/Frameworks/libgl_init.dylib (0x129888a50). This may cause spurious casting failures and mysterious crashes. One of the duplicates must be removed or renamed.
objc[25216]: Class ANGLESwapCGLLayer is implemented in both /Applications/AhoiBrowser.app/Contents/Frameworks/libblink_modules.dylib (0x13fabca50) and /Applications/AhoiBrowser.app/Contents/Frameworks/libgl_init.dylib (0x124b94a50). This may cause spurious casting failures and mysterious crashes. One of the duplicates must be removed or renamed.
objc[25217]: Class CrashpadHTTPBodyStreamTransport is implemented in both /Applications/AhoiBrowser.app/Contents/Frameworks/libbrowser_ui_views.dylib (0x112900188) and /Applications/AhoiBrowser.app/Contents/Frameworks/libchrome_dll.dylib (0x11947a430). This may cause spurious casting failures and mysterious crashes. One of the duplicates must be removed or renamed.
objc[25216]: Class CrashpadHTTPBodyStreamTransport is implemented in both /Applications/AhoiBrowser.app/Contents/Frameworks/libbrowser_ui_views.dylib (0x11bb54188) and /Applications/AhoiBrowser.app/Contents/Frameworks/libchrome_dll.dylib (0x114786430). This may cause spurious casting failures and mysterious crashes. One of the duplicates must be removed or renamed.
objc[25268]: Class ANGLESwapCGLLayer is implemented in both /Applications/AhoiBrowser.app/Contents/Frameworks/libblink_modules.dylib (0x1443e4a50) and /Applications/AhoiBrowser.app/Contents/Frameworks/libgl_init.dylib (0x1294bca50). This may cause spurious casting failures and mysterious crashes. One of the duplicates must be removed or renamed.
objc[25268]: Class CrashpadHTTPBodyStreamTransport is implemented in both /Applications/AhoiBrowser.app/Contents/Frameworks/libbrowser_ui_views.dylib (0x112688188) and /Applications/AhoiBrowser.app/Contents/Frameworks/libchrome_dll.dylib (0x1190ae430). This may cause spurious casting failures and mysterious crashes. One of the duplicates must be removed or renamed.
[25183:30547380:0926/013620.830318:VERBOSE1:ahoi/browser/navigation/keyboard_shortcut_registration.cc:51] Ahoi shortcut unregistered: cmd+alt+75
[25183:30547380:0926/013620.830364:VERBOSE1:ahoi/browser/navigation/keyboard_shortcut_registration.cc:57] Ahoi shortcut registered: alt+9
objc[25294]: Class ANGLESwapCGLLayer is implemented in both /Applications/AhoiBrowser.app/Contents/Frameworks/libblink_modules.dylib (0x143a88a50) and /Applications/AhoiBrowser.app/Contents/Frameworks/libgl_init.dylib (0x128b60a50). This may cause spurious casting failures and mysterious crashes. One of the duplicates must be removed or renamed.
objc[25294]: Class CrashpadHTTPBodyStreamTransport is implemented in both /Applications/AhoiBrowser.app/Contents/Frameworks/libbrowser_ui_views.dylib (0x111bd8188) and /Applications/AhoiBrowser.app/Contents/Frameworks/libchrome_dll.dylib (0x118752430). This may cause spurious casting failures and mysterious crashes. One of the duplicates must be removed or renamed.
[25183:30547380:0926/013623.694592:ERROR:base/process/kill_posix.cc:33] waitpid(25211): No child processes (10)
