ready origins 8793 8794 proxy 8797
{"role": "origin", "method": "GET", "route": "/__health", "status": 200, "authorization": false}
{"role": "origin", "method": "GET", "route": "/__seen", "status": 200, "authorization": false}
{"role": "origin", "method": "GET", "route": "/__seen", "status": 200, "authorization": false}
{"role": "origin", "method": "GET", "route": "/__seen", "status": 200, "authorization": false}
{"role": "origin", "method": "GET", "route": "/__seen", "status": 200, "authorization": false}
{"role": "origin", "method": "GET", "route": "/__seen", "status": 200, "authorization": false}
{"role": "origin", "method": "GET", "route": "/__seen", "status": 200, "authorization": false}
{"role": "origin", "method": "GET", "route": "/__seen", "status": 200, "authorization": false}
{"role": "origin", "method": "GET", "route": "/__seen", "status": 200, "authorization": false}
{"role": "origin", "method": "GET", "route": "/__seen", "status": 200, "authorization": false}
{"role": "origin", "method": "GET", "route": "/__seen", "status": 200, "authorization": false}
{"role": "origin", "method": "GET", "route": "/__seen", "status": 200, "authorization": false}
{"role": "origin", "method": "GET", "route": "/__seen", "status": 200, "authorization": false}
{"role": "origin", "method": "GET", "route": "/__seen", "status": 200, "authorization": false}
{"role": "origin", "method": "GET", "route": "/__seen", "status": 200, "authorization": false}
{"role": "origin", "method": "GET", "route": "/__seen", "status": 200, "authorization": false}
{"role": "origin", "method": "GET", "route": "/__seen", "status": 200, "authorization": false}
{"role": "origin", "method": "GET", "route": "/__seen", "status": 200, "authorization": false}
{"role": "origin", "method": "GET", "route": "/__seen", "status": 200, "authorization": false}
{"role": "origin", "method": "GET", "route": "/__seen", "status": 200, "authorization": false}
{"role": "origin", "method": "GET", "route": "/__seen", "status": 200, "authorization": false}
{"role": "origin", "method": "GET", "route": "/__seen", "status": 200, "authorization": false}
{"role": "origin", "method": "GET", "route": "/__seen", "status": 200, "authorization": false}
{"role": "origin", "method": "GET", "route": "/__seen", "status": 200, "authorization": false}
{"role": "origin", "method": "GET", "route": "/__seen", "status": 200, "authorization": false}
{"role": "origin", "method": "GET", "route": "/__seen", "status": 200, "authorization": false}
{"role": "origin", "method": "GET", "route": "/__seen", "status": 200, "authorization": false}
{"role": "origin", "method": "GET", "route": "/__seen", "status": 200, "authorization": false}
{"role": "origin", "method": "GET", "route": "/__seen", "status": 200, "authorization": false}
{"role": "origin", "method": "GET", "route": "/__seen", "status": 200, "authorization": false}
{"role": "origin", "method": "GET", "route": "/__seen", "status": 200, "authorization": false}
{"role": "origin", "method": "GET", "route": "/__seen", "status": 200, "authorization": false}
{"role": "origin", "method": "GET", "route": "/__seen", "status": 200, "authorization": false}
{"role": "origin", "method": "GET", "route": "/__seen", "status": 200, "authorization": false}
{"role": "origin", "method": "GET", "route": "/__seen", "status": 200, "authorization": false}
{"role": "origin", "method": "GET", "route": "/__seen", "status": 200, "authorization": false}
{"role": "origin", "method": "GET", "route": "/__seen", "status": 200, "authorization": false}
{"role": "origin", "method": "GET", "route": "/__seen", "status": 200, "authorization": false}
{"role": "origin", "method": "GET", "route": "/__seen", "status": 200, "authorization": false}
{"role": "origin", "method": "GET", "route": "/__seen", "status": 200, "authorization": false}
{"role": "origin", "method": "GET", "route": "/__seen", "status": 200, "authorization": false}
{"role": "origin", "method": "GET", "route": "/__seen", "status": 200, "authorization": false}
{"role": "origin", "method": "GET", "route": "/__seen", "status": 200, "authorization": false}
{"role": "origin", "method": "GET", "route": "/__seen", "status": 200, "authorization": false}
{"role": "origin", "method": "GET", "route": "/__seen", "status": 200, "authorization": false}
{"role": "origin", "method": "GET", "route": "/__seen", "status": 200, "authorization": false}
{"role": "origin", "method": "GET", "route": "/__seen", "status": 200, "authorization": false}
{"role": "origin", "method": "GET", "route": "/__seen", "status": 200, "authorization": false}
{"role": "origin", "method": "GET", "route": "/__seen", "status": 200, "authorization": false}
{"role": "origin", "method": "GET", "route": "/__seen", "status": 200, "authorization": false}
{"role": "origin", "method": "GET", "route": "/__seen", "status": 200, "authorization": false}
{"role": "origin", "method": "GET", "route": "/__seen", "status": 200, "authorization": false}
{"role": "origin", "method": "GET", "route": "/__rotate", "status": 200, "authorization": false}
{"role": "origin", "method": "GET", "route": "/__seen", "status": 200, "authorization": false}
{"role": "origin", "method": "GET", "route": "/__seen", "status": 200, "authorization": false}
{"role": "origin", "method": "GET", "route": "/__seen", "status": 200, "authorization": false}
{"role": "origin", "method": "GET", "route": "/__seen", "status": 200, "authorization": false}
{"role": "origin", "method": "GET", "route": "/__seen", "status": 200, "authorization": false}
{"role": "origin", "method": "GET", "route": "/__seen", "status": 200, "authorization": false}
{"role": "origin", "method": "GET", "route": "/__seen", "status": 200, "authorization": false}
{"role": "origin", "method": "GET", "route": "/__seen", "status": 200, "authorization": false}
{"role": "origin", "method": "GET", "route": "/__seen", "status": 200, "authorization": false}
{"role": "origin", "method": "GET", "route": "/__seen", "status": 200, "authorization": false}
{"role": "origin", "method": "GET", "route": "/__seen", "status": 200, "authorization": false}
{"role": "origin", "method": "GET", "route": "/__seen", "status": 200, "authorization": false}
{"role": "origin", "method": "GET", "route": "/__seen", "status": 200, "authorization": false}
{"role": "origin", "method": "GET", "route": "/__seen", "status": 200, "authorization": false}
{"role": "origin", "method": "GET", "route": "/__seen", "status": 200, "authorization": false}
{"role": "origin", "method": "GET", "route": "/__seen", "status": 200, "authorization": false}
{"role": "origin", "method": "GET", "route": "/__seen", "status": 200, "authorization": false}
{"role": "origin", "method": "GET", "route": "/__seen", "status": 200, "authorization": false}
{"role": "origin", "method": "GET", "route": "/__seen", "status": 200, "authorization": false}
{"role": "origin", "method": "GET", "route": "/__seen", "status": 200, "authorization": false}
{"role": "origin", "method": "GET", "route": "/__seen", "status": 200, "authorization": false}
{"role": "origin", "method": "GET", "route": "/__seen", "status": 200, "authorization": false}
{"role": "origin", "method": "GET", "route": "/__seen", "status": 200, "authorization": false}
{"role": "origin", "method": "GET", "route": "/__seen", "status": 200, "authorization": false}
{"role": "origin", "method": "GET", "route": "/__seen", "status": 200, "authorization": false}
{"role": "origin", "method": "GET", "route": "/__seen", "status": 200, "authorization": false}
{"role": "origin", "method": "GET", "route": "/__seen", "status": 200, "authorization": false}
{"role": "origin", "method": "GET", "route": "/__seen", "status": 200, "authorization": false}
{"role": "origin", "method": "GET", "route": "/__seen", "status": 200, "authorization": false}
{"role": "origin", "method": "GET", "route": "/__seen", "status": 200, "authorization": false}
{"role": "origin", "method": "GET", "route": "/__seen", "status": 200, "authorization": false}
{"role": "proxy", "method": "CONNECT", "route": "/", "status": 403, "authorization": false}
{"role": "proxy", "method": "CONNECT", "route": "/", "status": 403, "authorization": false}
{"role": "proxy", "method": "CONNECT", "route": "/", "status": 403, "authorization": false}
{"role": "origin", "method": "GET", "route": "/__proxy-report", "status": 200, "authorization": false}
