objc[11617]: Class ANGLESwapCGLLayer is implemented in both /Applications/AhoiBrowser.app/Contents/Frameworks/libblink_modules.dylib (0x1402bca50) and /Applications/AhoiBrowser.app/Contents/Frameworks/libgl_init.dylib (0x125394a50). This may cause spurious casting failures and mysterious crashes. One of the duplicates must be removed or renamed.
objc[11617]: Class CrashpadHTTPBodyStreamTransport is implemented in both /Applications/AhoiBrowser.app/Contents/Frameworks/libbrowser_ui_views.dylib (0x10e520188) and /Applications/AhoiBrowser.app/Contents/Frameworks/libchrome_dll.dylib (0x114f96430). This may cause spurious casting failures and mysterious crashes. One of the duplicates must be removed or renamed.
[11617:25922680:0925/182303.584692:ERROR:chrome/browser/mac/code_sign_clone_manager.mm:98] error removing quarantine attribute "/var/folders/zn/wn74lz2s2bsfp734gbqytmpr0000gn/X/"
[11617:25922680:0925/182303.611268:ERROR:chrome/browser/mac/code_sign_clone_manager.mm:98] error removing quarantine attribute "/var/folders/zn/wn74lz2s2bsfp734gbqytmpr0000gn/X/"

DevTools listening on ws://127.0.0.1:9346/devtools/browser/31cd989d-6370-4b18-b53d-1ed38a379a9d
[11617:25922343:0925/182304.010630:ERROR:ahoi/browser/updater/sparkle_runtime_mac.mm:148] Ahoi updater disabled (fail closed): missing-feed-url
objc[11705]: Class ANGLESwapCGLLayer is implemented in both /Applications/AhoiBrowser.app/Contents/Frameworks/libblink_modules.dylib (0x13f744a50) and /Applications/AhoiBrowser.app/Contents/Frameworks/libgl_init.dylib (0x12481ca50). This may cause spurious casting failures and mysterious crashes. One of the duplicates must be removed or renamed.
objc[11705]: Class CrashpadHTTPBodyStreamTransport is implemented in both /Applications/AhoiBrowser.app/Contents/Frameworks/libbrowser_ui_views.dylib (0x11b4e4188) and /Applications/AhoiBrowser.app/Contents/Frameworks/libchrome_dll.dylib (0x11441e430). This may cause spurious casting failures and mysterious crashes. One of the duplicates must be removed or renamed.
objc[11704]: Class ANGLESwapCGLLayer is implemented in both /Applications/AhoiBrowser.app/Contents/Frameworks/libblink_modules.dylib (0x1440a4a50) and /Applications/AhoiBrowser.app/Contents/Frameworks/libgl_init.dylib (0x12917ca50). This may cause spurious casting failures and mysterious crashes. One of the duplicates must be removed or renamed.
objc[11704]: Class CrashpadHTTPBodyStreamTransport is implemented in both /Applications/AhoiBrowser.app/Contents/Frameworks/libbrowser_ui_views.dylib (0x11fd8c188) and /Applications/AhoiBrowser.app/Contents/Frameworks/libchrome_dll.dylib (0x118d7e430). This may cause spurious casting failures and mysterious crashes. One of the duplicates must be removed or renamed.
objc[11710]: Class ANGLESwapCGLLayer is implemented in both /Applications/AhoiBrowser.app/Contents/Frameworks/libblink_modules.dylib (0x144364a50) and /Applications/AhoiBrowser.app/Contents/Frameworks/libgl_init.dylib (0x12943ca50). This may cause spurious casting failures and mysterious crashes. One of the duplicates must be removed or renamed.
objc[11710]: Class CrashpadHTTPBodyStreamTransport is implemented in both /Applications/AhoiBrowser.app/Contents/Frameworks/libbrowser_ui_views.dylib (0x1203fc188) and /Applications/AhoiBrowser.app/Contents/Frameworks/libchrome_dll.dylib (0x11903e430). This may cause spurious casting failures and mysterious crashes. One of the duplicates must be removed or renamed.
objc[11719]: Class ANGLESwapCGLLayer is implemented in both /Applications/AhoiBrowser.app/Contents/Frameworks/libblink_modules.dylib (0x1416c0a50) and /Applications/AhoiBrowser.app/Contents/Frameworks/libgl_init.dylib (0x126798a50). This may cause spurious casting failures and mysterious crashes. One of the duplicates must be removed or renamed.
objc[11719]: Class CrashpadHTTPBodyStreamTransport is implemented in both /Applications/AhoiBrowser.app/Contents/Frameworks/libbrowser_ui_views.dylib (0x11d4ac188) and /Applications/AhoiBrowser.app/Contents/Frameworks/libchrome_dll.dylib (0x11639a430). This may cause spurious casting failures and mysterious crashes. One of the duplicates must be removed or renamed.
objc[11711]: Class ANGLESwapCGLLayer is implemented in both /Applications/AhoiBrowser.app/Contents/Frameworks/libblink_modules.dylib (0x140460a50) and /Applications/AhoiBrowser.app/Contents/Frameworks/libgl_init.dylib (0x125538a50). This may cause spurious casting failures and mysterious crashes. One of the duplicates must be removed or renamed.
objc[11711]: Class CrashpadHTTPBodyStreamTransport is implemented in both /Applications/AhoiBrowser.app/Contents/Frameworks/libbrowser_ui_views.dylib (0x11c4f8188) and /Applications/AhoiBrowser.app/Contents/Frameworks/libchrome_dll.dylib (0x11513a430). This may cause spurious casting failures and mysterious crashes. One of the duplicates must be removed or renamed.
objc[11717]: Class ANGLESwapCGLLayer is implemented in both /Applications/AhoiBrowser.app/Contents/Frameworks/libblink_modules.dylib (0x1424a0a50) and /Applications/AhoiBrowser.app/Contents/Frameworks/libgl_init.dylib (0x127578a50). This may cause spurious casting failures and mysterious crashes. One of the duplicates must be removed or renamed.
objc[11717]: Class CrashpadHTTPBodyStreamTransport is implemented in both /Applications/AhoiBrowser.app/Contents/Frameworks/libbrowser_ui_views.dylib (0x11e538188) and /Applications/AhoiBrowser.app/Contents/Frameworks/libchrome_dll.dylib (0x11717a430). This may cause spurious casting failures and mysterious crashes. One of the duplicates must be removed or renamed.
objc[11720]: Class ANGLESwapCGLLayer is implemented in both /Applications/AhoiBrowser.app/Contents/Frameworks/libblink_modules.dylib (0x13fbeca50) and /Applications/AhoiBrowser.app/Contents/Frameworks/libgl_init.dylib (0x124cc4a50). This may cause spurious casting failures and mysterious crashes. One of the duplicates must be removed or renamed.
objc[11720]: Class CrashpadHTTPBodyStreamTransport is implemented in both /Applications/AhoiBrowser.app/Contents/Frameworks/libbrowser_ui_views.dylib (0x11b8d4188) and /Applications/AhoiBrowser.app/Contents/Frameworks/libchrome_dll.dylib (0x1148c6430). This may cause spurious casting failures and mysterious crashes. One of the duplicates must be removed or renamed.
objc[12245]: Class ANGLESwapCGLLayer is implemented in both /Applications/AhoiBrowser.app/Contents/Frameworks/libblink_modules.dylib (0x140098a50) and /Applications/AhoiBrowser.app/Contents/Frameworks/libgl_init.dylib (0x125170a50). This may cause spurious casting failures and mysterious crashes. One of the duplicates must be removed or renamed.
objc[12245]: Class CrashpadHTTPBodyStreamTransport is implemented in both /Applications/AhoiBrowser.app/Contents/Frameworks/libbrowser_ui_views.dylib (0x11be38188) and /Applications/AhoiBrowser.app/Contents/Frameworks/libchrome_dll.dylib (0x114d72430). This may cause spurious casting failures and mysterious crashes. One of the duplicates must be removed or renamed.
[11704:25923118:0925/182327.488134:ERROR:components/viz/service/surfaces/surface_manager.cc:479] Old/orphaned temporary reference to SurfaceId(FrameSinkId[DelegatedFrameHost](6, 3), LocalSurfaceId(2, 2, 7B4B...))
objc[12437]: Class ANGLESwapCGLLayer is implemented in both /Applications/AhoiBrowser.app/Contents/Frameworks/libblink_modules.dylib (0x140084a50) and /Applications/AhoiBrowser.app/Contents/Frameworks/libgl_init.dylib (0x12515ca50). This may cause spurious casting failures and mysterious crashes. One of the duplicates must be removed or renamed.
objc[12437]: Class CrashpadHTTPBodyStreamTransport is implemented in both /Applications/AhoiBrowser.app/Contents/Frameworks/libbrowser_ui_views.dylib (0x10e280188) and /Applications/AhoiBrowser.app/Contents/Frameworks/libchrome_dll.dylib (0x114d5e430). This may cause spurious casting failures and mysterious crashes. One of the duplicates must be removed or renamed.
objc[13723]: Class ANGLESwapCGLLayer is implemented in both /Applications/AhoiBrowser.app/Contents/Frameworks/libblink_modules.dylib (0x143f74a50) and /Applications/AhoiBrowser.app/Contents/Frameworks/libgl_init.dylib (0x12904ca50). This may cause spurious casting failures and mysterious crashes. One of the duplicates must be removed or renamed.
objc[13723]: Class CrashpadHTTPBodyStreamTransport is implemented in both /Applications/AhoiBrowser.app/Contents/Frameworks/libbrowser_ui_views.dylib (0x11fd14188) and /Applications/AhoiBrowser.app/Contents/Frameworks/libchrome_dll.dylib (0x118c4e430). This may cause spurious casting failures and mysterious crashes. One of the duplicates must be removed or renamed.
objc[13812]: Class ANGLESwapCGLLayer is implemented in both /Applications/AhoiBrowser.app/Contents/Frameworks/libblink_modules.dylib (0x143d40a50) and /Applications/AhoiBrowser.app/Contents/Frameworks/libgl_init.dylib (0x128e18a50). This may cause spurious casting failures and mysterious crashes. One of the duplicates must be removed or renamed.
objc[13812]: Class CrashpadHTTPBodyStreamTransport is implemented in both /Applications/AhoiBrowser.app/Contents/Frameworks/libbrowser_ui_views.dylib (0x11203c188) and /Applications/AhoiBrowser.app/Contents/Frameworks/libchrome_dll.dylib (0x118a1a430). This may cause spurious casting failures and mysterious crashes. One of the duplicates must be removed or renamed.
objc[14012]: Class ANGLESwapCGLLayer is implemented in both /Applications/AhoiBrowser.app/Contents/Frameworks/libblink_modules.dylib (0x140320a50) and /Applications/AhoiBrowser.app/Contents/Frameworks/libgl_init.dylib (0x1253f8a50). This may cause spurious casting failures and mysterious crashes. One of the duplicates must be removed or renamed.
objc[14012]: Class CrashpadHTTPBodyStreamTransport is implemented in both /Applications/AhoiBrowser.app/Contents/Frameworks/libbrowser_ui_views.dylib (0x11bfbc188) and /Applications/AhoiBrowser.app/Contents/Frameworks/libchrome_dll.dylib (0x114ffa430). This may cause spurious casting failures and mysterious crashes. One of the duplicates must be removed or renamed.
objc[14047]: Class ANGLESwapCGLLayer is implemented in both /Applications/AhoiBrowser.app/Contents/Frameworks/libblink_modules.dylib (0x140638a50) and /Applications/AhoiBrowser.app/Contents/Frameworks/libgl_init.dylib (0x125710a50). This may cause spurious casting failures and mysterious crashes. One of the duplicates must be removed or renamed.
objc[14047]: Class CrashpadHTTPBodyStreamTransport is implemented in both /Applications/AhoiBrowser.app/Contents/Frameworks/libbrowser_ui_views.dylib (0x10e934188) and /Applications/AhoiBrowser.app/Contents/Frameworks/libchrome_dll.dylib (0x115312430). This may cause spurious casting failures and mysterious crashes. One of the duplicates must be removed or renamed.
[11617:25922685:0925/182418.589745:ERROR:services/resource_coordinator/memory_instrumentation/coordinator_impl.cc:331] Global dump request timed out waiting for 1 requests
objc[14372]: Class ANGLESwapCGLLayer is implemented in both /Applications/AhoiBrowser.app/Contents/Frameworks/libblink_modules.dylib (0x14193ca50) and /Applications/AhoiBrowser.app/Contents/Frameworks/libgl_init.dylib (0x126a14a50). This may cause spurious casting failures and mysterious crashes. One of the duplicates must be removed or renamed.
objc[14372]: Class CrashpadHTTPBodyStreamTransport is implemented in both /Applications/AhoiBrowser.app/Contents/Frameworks/libbrowser_ui_views.dylib (0x11da5c188) and /Applications/AhoiBrowser.app/Contents/Frameworks/libchrome_dll.dylib (0x116616430). This may cause spurious casting failures and mysterious crashes. One of the duplicates must be removed or renamed.
objc[14913]: Class ANGLESwapCGLLayer is implemented in both /Applications/AhoiBrowser.app/Contents/Frameworks/libblink_modules.dylib (0x143e3ca50) and /Applications/AhoiBrowser.app/Contents/Frameworks/libgl_init.dylib (0x128f14a50). This may cause spurious casting failures and mysterious crashes. One of the duplicates must be removed or renamed.
objc[14913]: Class CrashpadHTTPBodyStreamTransport is implemented in both /Applications/AhoiBrowser.app/Contents/Frameworks/libbrowser_ui_views.dylib (0x11fb24188) and /Applications/AhoiBrowser.app/Contents/Frameworks/libchrome_dll.dylib (0x118b16430). This may cause spurious casting failures and mysterious crashes. One of the duplicates must be removed or renamed.
[11617:25922685:0925/182447.324547:ERROR:services/resource_coordinator/memory_instrumentation/coordinator_impl.cc:331] Global dump request timed out waiting for 2 requests
objc[15166]: Class ANGLESwapCGLLayer is implemented in both /Applications/AhoiBrowser.app/Contents/Frameworks/libblink_modules.dylib (0x141ca0a50) and /Applications/AhoiBrowser.app/Contents/Frameworks/libgl_init.dylib (0x126d78a50). This may cause spurious casting failures and mysterious crashes. One of the duplicates must be removed or renamed.
objc[15166]: Class CrashpadHTTPBodyStreamTransport is implemented in both /Applications/AhoiBrowser.app/Contents/Frameworks/libbrowser_ui_views.dylib (0x11e3fc188) and /Applications/AhoiBrowser.app/Contents/Frameworks/libchrome_dll.dylib (0x11697a430). This may cause spurious casting failures and mysterious crashes. One of the duplicates must be removed or renamed.
objc[15196]: Class ANGLESwapCGLLayer is implemented in both /Applications/AhoiBrowser.app/Contents/Frameworks/libblink_modules.dylib (0x13fcf4a50) and /Applications/AhoiBrowser.app/Contents/Frameworks/libgl_init.dylib (0x124dcca50). This may cause spurious casting failures and mysterious crashes. One of the duplicates must be removed or renamed.
objc[15196]: Class CrashpadHTTPBodyStreamTransport is implemented in both /Applications/AhoiBrowser.app/Contents/Frameworks/libbrowser_ui_views.dylib (0x11be14188) and /Applications/AhoiBrowser.app/Contents/Frameworks/libchrome_dll.dylib (0x1149ce430). This may cause spurious casting failures and mysterious crashes. One of the duplicates must be removed or renamed.
objc[15215]: Class ANGLESwapCGLLayer is implemented in both /Applications/AhoiBrowser.app/Contents/Frameworks/libblink_modules.dylib (0x13ff5ca50) and /Applications/AhoiBrowser.app/Contents/Frameworks/libgl_init.dylib (0x125034a50). This may cause spurious casting failures and mysterious crashes. One of the duplicates must be removed or renamed.
objc[15215]: Class CrashpadHTTPBodyStreamTransport is implemented in both /Applications/AhoiBrowser.app/Contents/Frameworks/libbrowser_ui_views.dylib (0x11bc44188) and /Applications/AhoiBrowser.app/Contents/Frameworks/libchrome_dll.dylib (0x114c36430). This may cause spurious casting failures and mysterious crashes. One of the duplicates must be removed or renamed.
objc[15231]: Class ANGLESwapCGLLayer is implemented in both /Applications/AhoiBrowser.app/Contents/Frameworks/libblink_modules.dylib (0x13fc84a50) and /Applications/AhoiBrowser.app/Contents/Frameworks/libgl_init.dylib (0x124d5ca50). This may cause spurious casting failures and mysterious crashes. One of the duplicates must be removed or renamed.
objc[15231]: Class CrashpadHTTPBodyStreamTransport is implemented in both /Applications/AhoiBrowser.app/Contents/Frameworks/libbrowser_ui_views.dylib (0x11b96c188) and /Applications/AhoiBrowser.app/Contents/Frameworks/libchrome_dll.dylib (0x11495e430). This may cause spurious casting failures and mysterious crashes. One of the duplicates must be removed or renamed.
objc[15244]: Class ANGLESwapCGLLayer is implemented in both /Applications/AhoiBrowser.app/Contents/Frameworks/libblink_modules.dylib (0x141e84a50) and /Applications/AhoiBrowser.app/Contents/Frameworks/libgl_init.dylib (0x126f5ca50). This may cause spurious casting failures and mysterious crashes. One of the duplicates must be removed or renamed.
objc[15244]: Class CrashpadHTTPBodyStreamTransport is implemented in both /Applications/AhoiBrowser.app/Contents/Frameworks/libbrowser_ui_views.dylib (0x110180188) and /Applications/AhoiBrowser.app/Contents/Frameworks/libchrome_dll.dylib (0x116b5e430). This may cause spurious casting failures and mysterious crashes. One of the duplicates must be removed or renamed.
[11704:25923118:0925/182507.496403:ERROR:components/viz/service/surfaces/surface_manager.cc:479] Old/orphaned temporary reference to SurfaceId(FrameSinkId[DelegatedFrameHost](6, 6), LocalSurfaceId(2, 2, 84A8...))
objc[15370]: Class ANGLESwapCGLLayer is implemented in both /Applications/AhoiBrowser.app/Contents/Frameworks/libblink_modules.dylib (0x13fa44a50) and /Applications/AhoiBrowser.app/Contents/Frameworks/libgl_init.dylib (0x124b1ca50). This may cause spurious casting failures and mysterious crashes. One of the duplicates must be removed or renamed.
objc[15370]: Class CrashpadHTTPBodyStreamTransport is implemented in both /Applications/AhoiBrowser.app/Contents/Frameworks/libbrowser_ui_views.dylib (0x11b7e4188) and /Applications/AhoiBrowser.app/Contents/Frameworks/libchrome_dll.dylib (0x11471e430). This may cause spurious casting failures and mysterious crashes. One of the duplicates must be removed or renamed.
[11617:25922685:0925/182518.594159:ERROR:services/resource_coordinator/memory_instrumentation/coordinator_impl.cc:331] Global dump request timed out waiting for 1 requests
objc[15477]: Class ANGLESwapCGLLayer is implemented in both /Applications/AhoiBrowser.app/Contents/Frameworks/libblink_modules.dylib (0x144684a50) and /Applications/AhoiBrowser.app/Contents/Frameworks/libgl_init.dylib (0x12975ca50). This may cause spurious casting failures and mysterious crashes. One of the duplicates must be removed or renamed.
objc[15477]: Class CrashpadHTTPBodyStreamTransport is implemented in both /Applications/AhoiBrowser.app/Contents/Frameworks/libbrowser_ui_views.dylib (0x112858188) and /Applications/AhoiBrowser.app/Contents/Frameworks/libchrome_dll.dylib (0x11935e430). This may cause spurious casting failures and mysterious crashes. One of the duplicates must be removed or renamed.
objc[15506]: Class ANGLESwapCGLLayer is implemented in both /Applications/AhoiBrowser.app/Contents/Frameworks/libblink_modules.dylib (0x1421c4a50) and /Applications/AhoiBrowser.app/Contents/Frameworks/libgl_init.dylib (0x12729ca50). This may cause spurious casting failures and mysterious crashes. One of the duplicates must be removed or renamed.
objc[15506]: Class CrashpadHTTPBodyStreamTransport is implemented in both /Applications/AhoiBrowser.app/Contents/Frameworks/libbrowser_ui_views.dylib (0x1103c0188) and /Applications/AhoiBrowser.app/Contents/Frameworks/libchrome_dll.dylib (0x116e9e430). This may cause spurious casting failures and mysterious crashes. One of the duplicates must be removed or renamed.
[11617:25922685:0925/182533.600109:ERROR:services/resource_coordinator/memory_instrumentation/coordinator_impl.cc:331] Global dump request timed out waiting for 1 requests
objc[15770]: Class ANGLESwapCGLLayer is implemented in both /Applications/AhoiBrowser.app/Contents/Frameworks/libblink_modules.dylib (0x142564a50) and /Applications/AhoiBrowser.app/Contents/Frameworks/libgl_init.dylib (0x12763ca50). This may cause spurious casting failures and mysterious crashes. One of the duplicates must be removed or renamed.
objc[15770]: Class CrashpadHTTPBodyStreamTransport is implemented in both /Applications/AhoiBrowser.app/Contents/Frameworks/libbrowser_ui_views.dylib (0x110770188) and /Applications/AhoiBrowser.app/Contents/Frameworks/libchrome_dll.dylib (0x11723e430). This may cause spurious casting failures and mysterious crashes. One of the duplicates must be removed or renamed.
[11617:25922685:0925/182548.606289:ERROR:services/resource_coordinator/memory_instrumentation/coordinator_impl.cc:331] Global dump request timed out waiting for 1 requests
objc[16121]: Class ANGLESwapCGLLayer is implemented in both /Applications/AhoiBrowser.app/Contents/Frameworks/libblink_modules.dylib (0x144218a50) and /Applications/AhoiBrowser.app/Contents/Frameworks/libgl_init.dylib (0x1292f0a50). This may cause spurious casting failures and mysterious crashes. One of the duplicates must be removed or renamed.
objc[16121]: Class CrashpadHTTPBodyStreamTransport is implemented in both /Applications/AhoiBrowser.app/Contents/Frameworks/libbrowser_ui_views.dylib (0x1123ec188) and /Applications/AhoiBrowser.app/Contents/Frameworks/libchrome_dll.dylib (0x118ef2430). This may cause spurious casting failures and mysterious crashes. One of the duplicates must be removed or renamed.
[11617:25922685:0925/182603.609592:ERROR:services/resource_coordinator/memory_instrumentation/coordinator_impl.cc:331] Global dump request timed out waiting for 1 requests
objc[16673]: Class ANGLESwapCGLLayer is implemented in both /Applications/AhoiBrowser.app/Contents/Frameworks/libblink_modules.dylib (0x13ffe4a50) and /Applications/AhoiBrowser.app/Contents/Frameworks/libgl_init.dylib (0x1250bca50). This may cause spurious casting failures and mysterious crashes. One of the duplicates must be removed or renamed.
objc[16673]: Class CrashpadHTTPBodyStreamTransport is implemented in both /Applications/AhoiBrowser.app/Contents/Frameworks/libbrowser_ui_views.dylib (0x11c07c188) and /Applications/AhoiBrowser.app/Contents/Frameworks/libchrome_dll.dylib (0x114cbe430). This may cause spurious casting failures and mysterious crashes. One of the duplicates must be removed or renamed.
objc[16766]: Class ANGLESwapCGLLayer is implemented in both /Applications/AhoiBrowser.app/Contents/Frameworks/libblink_modules.dylib (0x140080a50) and /Applications/AhoiBrowser.app/Contents/Frameworks/libgl_init.dylib (0x125158a50). This may cause spurious casting failures and mysterious crashes. One of the duplicates must be removed or renamed.
objc[16766]: Class CrashpadHTTPBodyStreamTransport is implemented in both /Applications/AhoiBrowser.app/Contents/Frameworks/libbrowser_ui_views.dylib (0x11bd68188) and /Applications/AhoiBrowser.app/Contents/Frameworks/libchrome_dll.dylib (0x114d5a430). This may cause spurious casting failures and mysterious crashes. One of the duplicates must be removed or renamed.
[11617:25922685:0925/182618.614523:ERROR:services/resource_coordinator/memory_instrumentation/coordinator_impl.cc:331] Global dump request timed out waiting for 1 requests
objc[17271]: Class ANGLESwapCGLLayer is implemented in both /Applications/AhoiBrowser.app/Contents/Frameworks/libblink_modules.dylib (0x14017ca50) and /Applications/AhoiBrowser.app/Contents/Frameworks/libgl_init.dylib (0x125254a50). This may cause spurious casting failures and mysterious crashes. One of the duplicates must be removed or renamed.
objc[17271]: Class CrashpadHTTPBodyStreamTransport is implemented in both /Applications/AhoiBrowser.app/Contents/Frameworks/libbrowser_ui_views.dylib (0x10e324188) and /Applications/AhoiBrowser.app/Contents/Frameworks/libchrome_dll.dylib (0x114e56430). This may cause spurious casting failures and mysterious crashes. One of the duplicates must be removed or renamed.
objc[17313]: Class ANGLESwapCGLLayer is implemented in both /Applications/AhoiBrowser.app/Contents/Frameworks/libblink_modules.dylib (0x140044a50) and /Applications/AhoiBrowser.app/Contents/Frameworks/libgl_init.dylib (0x12511ca50). This may cause spurious casting failures and mysterious crashes. One of the duplicates must be removed or renamed.
objc[17313]: Class CrashpadHTTPBodyStreamTransport is implemented in both /Applications/AhoiBrowser.app/Contents/Frameworks/libbrowser_ui_views.dylib (0x10e250188) and /Applications/AhoiBrowser.app/Contents/Frameworks/libchrome_dll.dylib (0x114d1e430). This may cause spurious casting failures and mysterious crashes. One of the duplicates must be removed or renamed.
objc[17550]: Class ANGLESwapCGLLayer is implemented in both /Applications/AhoiBrowser.app/Contents/Frameworks/libblink_modules.dylib (0x141a40a50) and /Applications/AhoiBrowser.app/Contents/Frameworks/libgl_init.dylib (0x126b18a50). This may cause spurious casting failures and mysterious crashes. One of the duplicates must be removed or renamed.
objc[17550]: Class CrashpadHTTPBodyStreamTransport is implemented in both /Applications/AhoiBrowser.app/Contents/Frameworks/libbrowser_ui_views.dylib (0x11d7e0188) and /Applications/AhoiBrowser.app/Contents/Frameworks/libchrome_dll.dylib (0x11671a430). This may cause spurious casting failures and mysterious crashes. One of the duplicates must be removed or renamed.
objc[17625]: Class ANGLESwapCGLLayer is implemented in both /Applications/AhoiBrowser.app/Contents/Frameworks/libblink_modules.dylib (0x143a44a50) and /Applications/AhoiBrowser.app/Contents/Frameworks/libgl_init.dylib (0x128b1ca50). This may cause spurious casting failures and mysterious crashes. One of the duplicates must be removed or renamed.
objc[17625]: Class CrashpadHTTPBodyStreamTransport is implemented in both /Applications/AhoiBrowser.app/Contents/Frameworks/libbrowser_ui_views.dylib (0x111d24188) and /Applications/AhoiBrowser.app/Contents/Frameworks/libchrome_dll.dylib (0x11871e430). This may cause spurious casting failures and mysterious crashes. One of the duplicates must be removed or renamed.
objc[17669]: Class ANGLESwapCGLLayer is implemented in both /Applications/AhoiBrowser.app/Contents/Frameworks/libblink_modules.dylib (0x140238a50) and /Applications/AhoiBrowser.app/Contents/Frameworks/libgl_init.dylib (0x125310a50). This may cause spurious casting failures and mysterious crashes. One of the duplicates must be removed or renamed.
objc[17669]: Class CrashpadHTTPBodyStreamTransport is implemented in both /Applications/AhoiBrowser.app/Contents/Frameworks/libbrowser_ui_views.dylib (0x11c2d0188) and /Applications/AhoiBrowser.app/Contents/Frameworks/libchrome_dll.dylib (0x114f12430). This may cause spurious casting failures and mysterious crashes. One of the duplicates must be removed or renamed.
[11617:25922685:0925/182718.596910:ERROR:services/resource_coordinator/memory_instrumentation/coordinator_impl.cc:331] Global dump request timed out waiting for 1 requests
[11617:25922685:0925/182733.601924:ERROR:services/resource_coordinator/memory_instrumentation/coordinator_impl.cc:331] Global dump request timed out waiting for 1 requests
[11617:25922685:0925/182748.604631:ERROR:services/resource_coordinator/memory_instrumentation/coordinator_impl.cc:331] Global dump request timed out waiting for 1 requests
[11617:25922685:0925/182803.607390:ERROR:services/resource_coordinator/memory_instrumentation/coordinator_impl.cc:331] Global dump request timed out waiting for 1 requests
[11617:25922685:0925/182818.612070:ERROR:services/resource_coordinator/memory_instrumentation/coordinator_impl.cc:331] Global dump request timed out waiting for 1 requests
[11617:25922685:0925/182847.326226:ERROR:services/resource_coordinator/memory_instrumentation/coordinator_impl.cc:331] Global dump request timed out waiting for 2 requests
[11617:25922685:0925/182918.597388:ERROR:services/resource_coordinator/memory_instrumentation/coordinator_impl.cc:331] Global dump request timed out waiting for 1 requests
[11617:25922685:0925/182933.601785:ERROR:services/resource_coordinator/memory_instrumentation/coordinator_impl.cc:331] Global dump request timed out waiting for 1 requests
[11617:25922685:0925/182948.609300:ERROR:services/resource_coordinator/memory_instrumentation/coordinator_impl.cc:331] Global dump request timed out waiting for 1 requests
[11617:25922685:0925/183003.614472:ERROR:services/resource_coordinator/memory_instrumentation/coordinator_impl.cc:331] Global dump request timed out waiting for 1 requests
[11617:25922685:0925/183018.619325:ERROR:services/resource_coordinator/memory_instrumentation/coordinator_impl.cc:331] Global dump request timed out waiting for 1 requests
[11617:25922685:0925/183118.596414:ERROR:services/resource_coordinator/memory_instrumentation/coordinator_impl.cc:331] Global dump request timed out waiting for 1 requests
[11617:25922685:0925/183133.602274:ERROR:services/resource_coordinator/memory_instrumentation/coordinator_impl.cc:331] Global dump request timed out waiting for 1 requests
[11617:25922685:0925/183148.606778:ERROR:services/resource_coordinator/memory_instrumentation/coordinator_impl.cc:331] Global dump request timed out waiting for 1 requests
[11617:25922685:0925/183203.614472:ERROR:services/resource_coordinator/memory_instrumentation/coordinator_impl.cc:331] Global dump request timed out waiting for 1 requests
[11617:25922685:0925/183218.621806:ERROR:services/resource_coordinator/memory_instrumentation/coordinator_impl.cc:331] Global dump request timed out waiting for 1 requests
[11617:25922685:0925/183318.601603:ERROR:services/resource_coordinator/memory_instrumentation/coordinator_impl.cc:331] Global dump request timed out waiting for 1 requests
[11617:25922685:0925/183333.608683:ERROR:services/resource_coordinator/memory_instrumentation/coordinator_impl.cc:331] Global dump request timed out waiting for 1 requests
[11617:25922685:0925/183348.617784:ERROR:services/resource_coordinator/memory_instrumentation/coordinator_impl.cc:331] Global dump request timed out waiting for 1 requests
[11617:25922685:0925/183403.628901:ERROR:services/resource_coordinator/memory_instrumentation/coordinator_impl.cc:331] Global dump request timed out waiting for 1 requests
[11617:25922685:0925/183418.676673:ERROR:services/resource_coordinator/memory_instrumentation/coordinator_impl.cc:331] Global dump request timed out waiting for 2 requests
[11617:25922685:0925/183433.683545:ERROR:services/resource_coordinator/memory_instrumentation/coordinator_impl.cc:331] Global dump request timed out waiting for 1 requests
[11617:25922685:0925/183518.609564:ERROR:services/resource_coordinator/memory_instrumentation/coordinator_impl.cc:331] Global dump request timed out waiting for 1 requests
[11617:25922685:0925/183533.620949:ERROR:services/resource_coordinator/memory_instrumentation/coordinator_impl.cc:331] Global dump request timed out waiting for 1 requests
[11617:25922685:0925/183548.631576:ERROR:services/resource_coordinator/memory_instrumentation/coordinator_impl.cc:331] Global dump request timed out waiting for 1 requests
[11617:25922685:0925/183603.643250:ERROR:services/resource_coordinator/memory_instrumentation/coordinator_impl.cc:331] Global dump request timed out waiting for 1 requests
[11617:25922685:0925/183618.648373:ERROR:services/resource_coordinator/memory_instrumentation/coordinator_impl.cc:331] Global dump request timed out waiting for 1 requests
[11617:25922685:0925/183718.606585:ERROR:services/resource_coordinator/memory_instrumentation/coordinator_impl.cc:331] Global dump request timed out waiting for 1 requests
[11617:25922685:0925/183733.611634:ERROR:services/resource_coordinator/memory_instrumentation/coordinator_impl.cc:331] Global dump request timed out waiting for 1 requests
[11617:25922685:0925/183748.618717:ERROR:services/resource_coordinator/memory_instrumentation/coordinator_impl.cc:331] Global dump request timed out waiting for 1 requests
[11617:25922685:0925/183803.628445:ERROR:services/resource_coordinator/memory_instrumentation/coordinator_impl.cc:331] Global dump request timed out waiting for 1 requests
[11617:25922685:0925/183818.632948:ERROR:services/resource_coordinator/memory_instrumentation/coordinator_impl.cc:331] Global dump request timed out waiting for 1 requests
[11617:25922685:0925/183847.330352:ERROR:services/resource_coordinator/memory_instrumentation/coordinator_impl.cc:331] Global dump request timed out waiting for 2 requests
[11617:25922685:0925/183918.609756:ERROR:services/resource_coordinator/memory_instrumentation/coordinator_impl.cc:331] Global dump request timed out waiting for 1 requests
[11617:25922685:0925/183933.617303:ERROR:services/resource_coordinator/memory_instrumentation/coordinator_impl.cc:331] Global dump request timed out waiting for 1 requests
[11617:25922685:0925/183948.624875:ERROR:services/resource_coordinator/memory_instrumentation/coordinator_impl.cc:331] Global dump request timed out waiting for 1 requests
[11617:25922685:0925/184003.630288:ERROR:services/resource_coordinator/memory_instrumentation/coordinator_impl.cc:331] Global dump request timed out waiting for 1 requests
[11617:25922685:0925/184018.635395:ERROR:services/resource_coordinator/memory_instrumentation/coordinator_impl.cc:331] Global dump request timed out waiting for 1 requests
[11617:25922685:0925/184118.610782:ERROR:services/resource_coordinator/memory_instrumentation/coordinator_impl.cc:331] Global dump request timed out waiting for 1 requests
[11617:25922685:0925/184133.621538:ERROR:services/resource_coordinator/memory_instrumentation/coordinator_impl.cc:331] Global dump request timed out waiting for 1 requests
[11617:25922685:0925/184148.628135:ERROR:services/resource_coordinator/memory_instrumentation/coordinator_impl.cc:331] Global dump request timed out waiting for 1 requests
[11617:25922685:0925/184203.634894:ERROR:services/resource_coordinator/memory_instrumentation/coordinator_impl.cc:331] Global dump request timed out waiting for 1 requests
[11617:25922685:0925/184218.642113:ERROR:services/resource_coordinator/memory_instrumentation/coordinator_impl.cc:331] Global dump request timed out waiting for 1 requests
[11617:25922685:0925/184318.620310:ERROR:services/resource_coordinator/memory_instrumentation/coordinator_impl.cc:331] Global dump request timed out waiting for 1 requests
[11617:25922685:0925/184333.632807:ERROR:services/resource_coordinator/memory_instrumentation/coordinator_impl.cc:331] Global dump request timed out waiting for 1 requests
[11617:25922685:0925/184348.641918:ERROR:services/resource_coordinator/memory_instrumentation/coordinator_impl.cc:331] Global dump request timed out waiting for 1 requests
[11617:25922685:0925/184403.651579:ERROR:services/resource_coordinator/memory_instrumentation/coordinator_impl.cc:331] Global dump request timed out waiting for 1 requests
[11617:25922685:0925/184418.660233:ERROR:services/resource_coordinator/memory_instrumentation/coordinator_impl.cc:331] Global dump request timed out waiting for 1 requests
[11617:25922685:0925/184518.614544:ERROR:services/resource_coordinator/memory_instrumentation/coordinator_impl.cc:331] Global dump request timed out waiting for 1 requests
[11617:25922685:0925/184533.618507:ERROR:services/resource_coordinator/memory_instrumentation/coordinator_impl.cc:331] Global dump request timed out waiting for 1 requests
[11617:25922685:0925/184548.622826:ERROR:services/resource_coordinator/memory_instrumentation/coordinator_impl.cc:331] Global dump request timed out waiting for 1 requests
[11617:25922685:0925/184603.625789:ERROR:services/resource_coordinator/memory_instrumentation/coordinator_impl.cc:331] Global dump request timed out waiting for 1 requests
[11617:25922685:0925/184618.637514:ERROR:services/resource_coordinator/memory_instrumentation/coordinator_impl.cc:331] Global dump request timed out waiting for 1 requests
[11617:25922685:0925/184718.647031:ERROR:services/resource_coordinator/memory_instrumentation/coordinator_impl.cc:331] Global dump request timed out waiting for 1 requests
[11617:25922685:0925/184733.656157:ERROR:services/resource_coordinator/memory_instrumentation/coordinator_impl.cc:331] Global dump request timed out waiting for 1 requests
[11617:25922685:0925/184748.660703:ERROR:services/resource_coordinator/memory_instrumentation/coordinator_impl.cc:331] Global dump request timed out waiting for 1 requests
[11617:25922685:0925/184803.668182:ERROR:services/resource_coordinator/memory_instrumentation/coordinator_impl.cc:331] Global dump request timed out waiting for 1 requests
[11617:25922685:0925/184818.675279:ERROR:services/resource_coordinator/memory_instrumentation/coordinator_impl.cc:331] Global dump request timed out waiting for 1 requests
[11617:25922685:0925/184918.624503:ERROR:services/resource_coordinator/memory_instrumentation/coordinator_impl.cc:331] Global dump request timed out waiting for 1 requests
[11617:25922685:0925/184933.627824:ERROR:services/resource_coordinator/memory_instrumentation/coordinator_impl.cc:331] Global dump request timed out waiting for 1 requests
[11617:25922685:0925/184948.633062:ERROR:services/resource_coordinator/memory_instrumentation/coordinator_impl.cc:331] Global dump request timed out waiting for 1 requests
[11617:25922685:0925/185003.637877:ERROR:services/resource_coordinator/memory_instrumentation/coordinator_impl.cc:331] Global dump request timed out waiting for 1 requests
[11617:25922685:0925/185018.644635:ERROR:services/resource_coordinator/memory_instrumentation/coordinator_impl.cc:331] Global dump request timed out waiting for 1 requests
[11617:25922685:0925/185118.619337:ERROR:services/resource_coordinator/memory_instrumentation/coordinator_impl.cc:331] Global dump request timed out waiting for 1 requests
[11617:25922685:0925/185133.625839:ERROR:services/resource_coordinator/memory_instrumentation/coordinator_impl.cc:331] Global dump request timed out waiting for 1 requests
[11617:25922685:0925/185148.631388:ERROR:services/resource_coordinator/memory_instrumentation/coordinator_impl.cc:331] Global dump request timed out waiting for 1 requests
[11617:25922685:0925/185203.634538:ERROR:services/resource_coordinator/memory_instrumentation/coordinator_impl.cc:331] Global dump request timed out waiting for 1 requests
[11617:25922685:0925/185218.639376:ERROR:services/resource_coordinator/memory_instrumentation/coordinator_impl.cc:331] Global dump request timed out waiting for 1 requests
[11617:25922685:0925/185318.624643:ERROR:services/resource_coordinator/memory_instrumentation/coordinator_impl.cc:331] Global dump request timed out waiting for 1 requests
[11617:25922685:0925/185333.631171:ERROR:services/resource_coordinator/memory_instrumentation/coordinator_impl.cc:331] Global dump request timed out waiting for 1 requests
[11617:25922685:0925/185348.637015:ERROR:services/resource_coordinator/memory_instrumentation/coordinator_impl.cc:331] Global dump request timed out waiting for 1 requests
[11617:25922685:0925/185403.641334:ERROR:services/resource_coordinator/memory_instrumentation/coordinator_impl.cc:331] Global dump request timed out waiting for 1 requests
[11617:25922685:0925/185418.653204:ERROR:services/resource_coordinator/memory_instrumentation/coordinator_impl.cc:331] Global dump request timed out waiting for 1 requests
[11617:25922685:0925/185518.634509:ERROR:services/resource_coordinator/memory_instrumentation/coordinator_impl.cc:331] Global dump request timed out waiting for 1 requests
[11617:25922685:0925/185533.644972:ERROR:services/resource_coordinator/memory_instrumentation/coordinator_impl.cc:331] Global dump request timed out waiting for 1 requests
[11617:25922685:0925/185548.650303:ERROR:services/resource_coordinator/memory_instrumentation/coordinator_impl.cc:331] Global dump request timed out waiting for 1 requests
[11617:25922685:0925/185603.655655:ERROR:services/resource_coordinator/memory_instrumentation/coordinator_impl.cc:331] Global dump request timed out waiting for 1 requests
[11617:25922685:0925/185618.660071:ERROR:services/resource_coordinator/memory_instrumentation/coordinator_impl.cc:331] Global dump request timed out waiting for 1 requests
[11617:25922685:0925/185718.636274:ERROR:services/resource_coordinator/memory_instrumentation/coordinator_impl.cc:331] Global dump request timed out waiting for 1 requests
[11617:25922685:0925/185733.646623:ERROR:services/resource_coordinator/memory_instrumentation/coordinator_impl.cc:331] Global dump request timed out waiting for 1 requests
[11617:25922685:0925/185748.656978:ERROR:services/resource_coordinator/memory_instrumentation/coordinator_impl.cc:331] Global dump request timed out waiting for 1 requests
[11617:25922685:0925/185803.666612:ERROR:services/resource_coordinator/memory_instrumentation/coordinator_impl.cc:331] Global dump request timed out waiting for 1 requests
[11617:25922685:0925/185818.671939:ERROR:services/resource_coordinator/memory_instrumentation/coordinator_impl.cc:331] Global dump request timed out waiting for 1 requests
[11617:25922685:0925/185918.628686:ERROR:services/resource_coordinator/memory_instrumentation/coordinator_impl.cc:331] Global dump request timed out waiting for 1 requests
[11617:25922685:0925/185933.637280:ERROR:services/resource_coordinator/memory_instrumentation/coordinator_impl.cc:331] Global dump request timed out waiting for 1 requests
[11617:25922685:0925/185948.642604:ERROR:services/resource_coordinator/memory_instrumentation/coordinator_impl.cc:331] Global dump request timed out waiting for 1 requests
[11617:25922685:0925/190003.647692:ERROR:services/resource_coordinator/memory_instrumentation/coordinator_impl.cc:331] Global dump request timed out waiting for 1 requests
[11617:25922685:0925/190018.654891:ERROR:services/resource_coordinator/memory_instrumentation/coordinator_impl.cc:331] Global dump request timed out waiting for 1 requests
[11617:25922685:0925/190118.639977:ERROR:services/resource_coordinator/memory_instrumentation/coordinator_impl.cc:331] Global dump request timed out waiting for 1 requests
[11617:25922685:0925/190133.648144:ERROR:services/resource_coordinator/memory_instrumentation/coordinator_impl.cc:331] Global dump request timed out waiting for 1 requests
[11617:25922685:0925/190148.656197:ERROR:services/resource_coordinator/memory_instrumentation/coordinator_impl.cc:331] Global dump request timed out waiting for 1 requests
[11617:25922685:0925/190203.666239:ERROR:services/resource_coordinator/memory_instrumentation/coordinator_impl.cc:331] Global dump request timed out waiting for 1 requests
[11617:25922685:0925/190218.678040:ERROR:services/resource_coordinator/memory_instrumentation/coordinator_impl.cc:331] Global dump request timed out waiting for 1 requests
[11617:25922685:0925/190318.637250:ERROR:services/resource_coordinator/memory_instrumentation/coordinator_impl.cc:331] Global dump request timed out waiting for 1 requests
[11617:25922685:0925/190333.657785:ERROR:services/resource_coordinator/memory_instrumentation/coordinator_impl.cc:331] Global dump request timed out waiting for 1 requests
[11617:25922685:0925/190348.673687:ERROR:services/resource_coordinator/memory_instrumentation/coordinator_impl.cc:331] Global dump request timed out waiting for 1 requests
[11617:25922685:0925/190403.681789:ERROR:services/resource_coordinator/memory_instrumentation/coordinator_impl.cc:331] Global dump request timed out waiting for 1 requests
[11617:25922685:0925/190418.690012:ERROR:services/resource_coordinator/memory_instrumentation/coordinator_impl.cc:331] Global dump request timed out waiting for 1 requests
