Command line invocation:
    /Applications/Xcode.app/Contents/Developer/usr/bin/xcodebuild test-without-building -xctestrun /Volumes/Daten/Inhouse/Scratch/ahoi-mobile-home-01a0e047-20261004/DerivedData/Build/Products/AhoiMobile_home_exact_candidate.xctestrun -destination "platform=iOS Simulator,id=A058D204-F3CB-44B7-963C-1F785132EF8B" -parallel-testing-enabled NO "-only-testing:AhoiMobileUITests/MobileBrowserAccessibilityAppearanceUITests/testHardwareEscapeDismissesFocusedAddressPresentationWhenXCUIDeliversIt" -resultBundlePath /Volumes/Daten/Inhouse/Scratch/ahoi-mobile-home-01a0e047-20261004/escape-baseline.xcresult -collect-test-diagnostics never

Writing result bundle at path:
	/Volumes/Daten/Inhouse/Scratch/ahoi-mobile-home-01a0e047-20261004/escape-baseline.xcresult

2026-10-05 11:16:07.548804+0200 AhoiMobileUITests-Runner[62195:10601749] [Default] Running tests...
    t =      nans Interface orientation changed to Portrait
Test Suite 'Selected tests' started at 2026-10-05 11:16:10.582.
Test Suite 'AhoiMobileUITests.xctest' started at 2026-10-05 11:16:10.582.
Test Suite 'MobileBrowserAccessibilityAppearanceUITests' started at 2026-10-05 11:16:10.582.
Test Case '-[AhoiMobileUITests.MobileBrowserAccessibilityAppearanceUITests testHardwareEscapeDismissesFocusedAddressPresentationWhenXCUIDeliversIt]' started.
    t =     0.00s Start Test at 2026-10-05 11:16:10.587
    t =     0.02s Set Up
    t =     0.04s Terminate app.ahoibrowser.AhoiBrowser:0
    t =     0.04s Open app.ahoibrowser.AhoiBrowser
    t =     0.04s     Launch app.ahoibrowser.AhoiBrowser
2026-10-05 11:16:10.730 xcodebuild[62167:10601423] [MT] IDELaunchParametersSnapshot: debugger version lookup failed for path '<nil>': noURL
2026-10-05 11:16:10.730 xcodebuild[62167:10601423] [MT] IDELaunchParametersSnapshot: no debugger version
objc[62195]: Class UIAccessibilityLoaderWebShared is implemented in both /private/var/run/com.apple.security.cryptexd/mnt/com.apple.iPhoneOS.SimulatorRuntime-v24.1.434.0.BFpCaZ/Library/Developer/CoreSimulator/Profiles/Runtimes/iOS 27.0.simruntime/Contents/Resources/RuntimeRoot/System/Library/AccessibilityBundles/WebKit.axbundle/WebKit (0x10945c398) and /private/var/run/com.apple.security.cryptexd/mnt/com.apple.iPhoneOS.SimulatorRuntime-v24.1.434.0.BFpCaZ/Library/Developer/CoreSimulator/Profiles/Runtimes/iOS 27.0.simruntime/Contents/Resources/RuntimeRoot/System/Library/AccessibilityBundles/WebCore.axbundle/WebCore (0x10973c310). This may cause spurious casting failures and mysterious crashes. One of the duplicates must be removed or renamed.
    t =     0.76s         Setting up automation session
    t =     3.18s         Wait for app.ahoibrowser.AhoiBrowser to idle
    t =     5.40s Waiting 8.0s for Button (First Match) to exist
    t =     6.46s     Checking `Expect predicate `existsNoRetry == 1` for object Button (First Match)`
    t =     6.46s         Checking existence of `Button (First Match)`
    t =     6.49s Waiting 5.0s for "browser.e2e.candidate-binding" Any to exist
    t =     7.55s     Checking `Expect predicate `existsNoRetry == 1` for object "browser.e2e.candidate-binding" Any`
    t =     7.55s         Checking existence of `"browser.e2e.candidate-binding" Any`
    t =     7.59s Find the "browser.e2e.candidate-binding" Any
    t =     7.61s Waiting 8.0s for "browser.address" Button to exist
    t =     8.66s     Checking `Expect predicate `existsNoRetry == 1` for object "browser.address" Button`
    t =     8.66s         Checking existence of `"browser.address" Button`
    t =     8.68s Tap "browser.address" Button
    t =     8.68s     Wait for app.ahoibrowser.AhoiBrowser to idle
    t =     8.68s     Find the "browser.address" Button
    t =     8.69s     Check for interrupting elements affecting "browser.address" Button
    t =     8.70s     Synthesize event
    t =     8.99s     Wait for app.ahoibrowser.AhoiBrowser to idle
    t =     9.52s Waiting 3.0s for "browser.address.field" TextField to exist
    t =    10.52s     Checking `Expect predicate `existsNoRetry == 1` for object "browser.address.field" TextField`
    t =    10.52s         Checking existence of `"browser.address.field" TextField`
    t =    10.59s Find the "browser.address.field" TextField
    t =    10.71s Find the "browser.address.field" TextField
    t =    10.80s Find the "browser.address.field" TextField
    t =    10.90s Find the "browser.address.field" TextField
    t =    10.99s Find the "browser.address.field" TextField
    t =    11.08s Find the "browser.address.field" TextField
    t =    11.18s Find the "browser.address.field" TextField
    t =    11.27s Find the "browser.address.field" TextField
    t =    11.37s Find the "browser.address.field" TextField
    t =    11.46s Find the "browser.address.field" TextField
    t =    11.55s Find the "browser.address.field" TextField
    t =    11.65s Find the "browser.address.field" TextField
    t =    11.74s Find the "browser.address.field" TextField
    t =    11.84s Find the "browser.address.field" TextField
    t =    11.94s Find the "browser.address.field" TextField
    t =    12.03s Find the "browser.address.field" TextField
    t =    12.13s Find the "browser.address.field" TextField
    t =    12.22s Find the "browser.address.field" TextField
    t =    12.32s Find the "browser.address.field" TextField
    t =    12.41s Find the "browser.address.field" TextField
    t =    12.50s Find the "browser.address.field" TextField
    t =    12.60s Find the "browser.address.field" TextField
    t =    12.70s Find the "browser.address.field" TextField
    t =    12.78s Find the "browser.address.field" TextField
    t =    12.88s Find the "browser.address.field" TextField
    t =    12.97s Find the "browser.address.field" TextField
    t =    13.06s Find the "browser.address.field" TextField
    t =    13.16s Find the "browser.address.field" TextField
    t =    13.26s Find the "browser.address.field" TextField
    t =    13.36s Find the "browser.address.field" TextField
    t =    13.46s Find the "browser.address.field" TextField
    t =    13.54s Find the "browser.address.field" TextField
    t =    13.64s Find the "browser.address.field" TextField
/Users/vossmedien/inhouse/Projekte/Apps/Plattformuebergreifend/AhoiBrowser/.work/agent-queue/repo78-release-root-cc8bef2b/apps/AhoiMobile/Tests/AhoiMobileUITests/MobileBrowserAccessibilityAppearanceUITests.swift:117: error: -[AhoiMobileUITests.MobileBrowserAccessibilityAppearanceUITests testHardwareEscapeDismissesFocusedAddressPresentationWhenXCUIDeliversIt] : XCTAssertTrue failed - The Escape journey must exercise the focused UIKit-backed address field.
    t =    13.71s Tear Down
Test Case '-[AhoiMobileUITests.MobileBrowserAccessibilityAppearanceUITests testHardwareEscapeDismissesFocusedAddressPresentationWhenXCUIDeliversIt]' failed (13.952 seconds).
Test Suite 'MobileBrowserAccessibilityAppearanceUITests' failed at 2026-10-05 11:16:24.539.
	 Executed 1 test, with 1 failure (0 unexpected) in 13.952 (13.957) seconds
Test Suite 'AhoiMobileUITests.xctest' failed at 2026-10-05 11:16:24.540.
	 Executed 1 test, with 1 failure (0 unexpected) in 13.952 (13.957) seconds
Test Suite 'Selected tests' failed at 2026-10-05 11:16:24.540.
	 Executed 1 test, with 1 failure (0 unexpected) in 13.952 (13.958) seconds
2026-10-05 11:16:24.873 xcodebuild[62167:10601423] [MT] IDETestOperationsObserverDebug: 18.596 elapsed -- Testing started completed.
2026-10-05 11:16:24.873 xcodebuild[62167:10601423] [MT] IDETestOperationsObserverDebug: 0.000 sec, +0.000 sec -- start
2026-10-05 11:16:24.873 xcodebuild[62167:10601423] [MT] IDETestOperationsObserverDebug: 18.596 sec, +18.596 sec -- end

Test session results, code coverage, and logs:
	/Volumes/Daten/Inhouse/Scratch/ahoi-mobile-home-01a0e047-20261004/escape-baseline.xcresult

Failing tests:
	MobileBrowserAccessibilityAppearanceUITests.testHardwareEscapeDismissesFocusedAddressPresentationWhenXCUIDeliversIt()

** TEST EXECUTE FAILED **

Testing started
