Command line invocation:
    /Applications/Xcode.app/Contents/Developer/usr/bin/xcodebuild test-without-building -xctestrun /Volumes/Daten/Inhouse/Scratch/ahoi-mobile-focus-e27dd243/DerivedData/Build/Products/AhoiMobile_c5bf8_exact_candidate.xctestrun -destination "platform=iOS Simulator,id=A058D204-F3CB-44B7-963C-1F785132EF8B" -parallel-testing-enabled NO "-only-testing:AhoiMobileUITests/MobileBrowserAccessibilityAppearanceUITests/testHardwareEscapeDismissesTabPresentationWhenXCUIDeliversIt" -resultBundlePath /Volumes/Daten/Inhouse/Scratch/ahoi-mobile-focus-e27dd243/escape-tabs.xcresult -collect-test-diagnostics never

Writing result bundle at path:
	/Volumes/Daten/Inhouse/Scratch/ahoi-mobile-focus-e27dd243/escape-tabs.xcresult

2026-10-05 11:24:30.852501+0200 AhoiMobileUITests-Runner[68625:10648842] [Default] Running tests...
    t =      nans Interface orientation changed to Portrait
Test Suite 'Selected tests' started at 2026-10-05 11:24:34.681.
Test Suite 'AhoiMobileUITests.xctest' started at 2026-10-05 11:24:34.683.
Test Suite 'MobileBrowserAccessibilityAppearanceUITests' started at 2026-10-05 11:24:34.683.
Test Case '-[AhoiMobileUITests.MobileBrowserAccessibilityAppearanceUITests testHardwareEscapeDismissesTabPresentationWhenXCUIDeliversIt]' started.
    t =     0.31s Start Test at 2026-10-05 11:24:34.997
    t =     0.83s Set Up
    t =     0.93s Terminate app.ahoibrowser.AhoiBrowser:0
    t =     0.94s Open app.ahoibrowser.AhoiBrowser
    t =     0.95s     Launch app.ahoibrowser.AhoiBrowser
2026-10-05 11:24:35.756 xcodebuild[68614:10648573] [MT] IDELaunchParametersSnapshot: debugger version lookup failed for path '<nil>': noURL
2026-10-05 11:24:35.756 xcodebuild[68614:10648573] [MT] IDELaunchParametersSnapshot: no debugger version
    t =     2.90s         Setting up automation session
objc[68625]: Class UIAccessibilityLoaderWebShared is implemented in both /private/var/run/com.apple.security.cryptexd/mnt/com.apple.iPhoneOS.SimulatorRuntime-v24.1.434.0.BFpCaZ/Library/Developer/CoreSimulator/Profiles/Runtimes/iOS 27.0.simruntime/Contents/Resources/RuntimeRoot/System/Library/AccessibilityBundles/WebKit.axbundle/WebKit (0x10840c398) and /private/var/run/com.apple.security.cryptexd/mnt/com.apple.iPhoneOS.SimulatorRuntime-v24.1.434.0.BFpCaZ/Library/Developer/CoreSimulator/Profiles/Runtimes/iOS 27.0.simruntime/Contents/Resources/RuntimeRoot/System/Library/AccessibilityBundles/WebCore.axbundle/WebCore (0x108544310). This may cause spurious casting failures and mysterious crashes. One of the duplicates must be removed or renamed.
    t =     5.27s         Wait for app.ahoibrowser.AhoiBrowser to idle
    t =     7.19s Waiting 8.0s for Button (First Match) to exist
    t =     8.26s     Checking `Expect predicate `existsNoRetry == 1` for object Button (First Match)`
    t =     8.26s         Checking existence of `Button (First Match)`
    t =     8.30s Waiting 5.0s for "browser.e2e.candidate-binding" Any to exist
    t =     9.38s     Checking `Expect predicate `existsNoRetry == 1` for object "browser.e2e.candidate-binding" Any`
    t =     9.38s         Checking existence of `"browser.e2e.candidate-binding" Any`
    t =     9.48s Find the "browser.e2e.candidate-binding" Any
    t =     9.53s Waiting 4.0s for "browser.tabs" Button to exist
    t =    10.59s     Checking `Expect predicate `existsNoRetry == 1` for object "browser.tabs" Button`
    t =    10.59s         Checking existence of `"browser.tabs" Button`
    t =    11.67s Checking `Expect predicate `hittable == 1` for object "browser.tabs" Button`
    t =    11.67s     Find the "browser.tabs" Button
    t =    11.70s Tap "browser.tabs" Button
    t =    11.70s     Wait for app.ahoibrowser.AhoiBrowser to idle
    t =    11.70s     Find the "browser.tabs" Button
    t =    11.72s     Check for interrupting elements affecting "browser.tabs" Button
    t =    11.74s     Synthesize event
    t =    12.03s     Wait for app.ahoibrowser.AhoiBrowser to idle
    t =    12.21s Waiting 3.0s for "browser.tabs.mode" Any to exist
    t =    13.26s     Checking `Expect predicate `existsNoRetry == 1` for object "browser.tabs.mode" Any`
    t =    13.26s         Checking existence of `"browser.tabs.mode" Any`
    t =    13.43s Type '⎋' key (XCUIKeyboardKeyEscape) with no modifiers
    t =    13.43s     Wait for app.ahoibrowser.AhoiBrowser to idle
    t =    13.43s     Find the Target Application 'app.ahoibrowser.AhoiBrowser'
    t =    13.46s     Check for interrupting elements affecting "AhoiBrowser" Application
    t =    13.49s     Synthesize event
    t =    13.71s     Wait for app.ahoibrowser.AhoiBrowser to idle
    t =    13.73s Waiting 3.0s for "browser.tabs.mode" Any to not exist
    t =    14.76s     Checking `Expect predicate `existsNoRetry == 0` for object "browser.tabs.mode" Any`
    t =    14.76s         Checking existence of `"browser.tabs.mode" Any`
    t =    14.86s         Capturing element debug description
    t =    15.79s     Checking `Expect predicate `existsNoRetry == 0` for object "browser.tabs.mode" Any`
    t =    15.79s         Checking existence of `"browser.tabs.mode" Any`
    t =    15.90s         Capturing element debug description
    t =    16.74s     Checking `Expect predicate `existsNoRetry == 0` for object "browser.tabs.mode" Any`
    t =    16.74s         Checking existence of `"browser.tabs.mode" Any`
    t =    16.84s         Capturing element debug description
    t =    16.84s     Checking existence of `"browser.tabs.mode" Any`
    t =    16.93s Collecting debug information to assist test failure triage
    t =    16.93s     Requesting snapshot of accessibility hierarchy for app with pid 68705
/Users/vossmedien/inhouse/Projekte/Apps/Plattformuebergreifend/AhoiBrowser/.work/agent-queue/repo81-mobile-focus-e27dd243/apps/AhoiMobile/Tests/AhoiMobileUITests/MobileBrowserAccessibilityAppearanceUITests.swift:143: error: -[AhoiMobileUITests.MobileBrowserAccessibilityAppearanceUITests testHardwareEscapeDismissesTabPresentationWhenXCUIDeliversIt] : XCTAssertTrue failed - Escape must dismiss the native tab presentation on the selected candidate.
    t =    17.04s Tear Down
Test Case '-[AhoiMobileUITests.MobileBrowserAccessibilityAppearanceUITests testHardwareEscapeDismissesTabPresentationWhenXCUIDeliversIt]' failed (17.538 seconds).
Test Suite 'MobileBrowserAccessibilityAppearanceUITests' failed at 2026-10-05 11:24:52.536.
	 Executed 1 test, with 1 failure (0 unexpected) in 17.538 (17.852) seconds
Test Suite 'AhoiMobileUITests.xctest' failed at 2026-10-05 11:24:52.536.
	 Executed 1 test, with 1 failure (0 unexpected) in 17.538 (17.853) seconds
Test Suite 'Selected tests' failed at 2026-10-05 11:24:52.537.
	 Executed 1 test, with 1 failure (0 unexpected) in 17.538 (17.855) seconds
2026-10-05 11:24:52.910 xcodebuild[68614:10648573] [MT] IDETestOperationsObserverDebug: 23.458 elapsed -- Testing started completed.
2026-10-05 11:24:52.910 xcodebuild[68614:10648573] [MT] IDETestOperationsObserverDebug: 0.000 sec, +0.000 sec -- start
2026-10-05 11:24:52.910 xcodebuild[68614:10648573] [MT] IDETestOperationsObserverDebug: 23.458 sec, +23.458 sec -- end

Test session results, code coverage, and logs:
	/Volumes/Daten/Inhouse/Scratch/ahoi-mobile-focus-e27dd243/escape-tabs.xcresult

Failing tests:
	MobileBrowserAccessibilityAppearanceUITests.testHardwareEscapeDismissesTabPresentationWhenXCUIDeliversIt()

** TEST EXECUTE FAILED **

Testing started
