Command line invocation:
    /Applications/Xcode.app/Contents/Developer/usr/bin/xcodebuild test-without-building -xctestrun /Volumes/Daten/Inhouse/Scratch/ahoi-mobile-focus-e27dd243/DerivedData/Build/Products/AhoiMobile_home_exact_candidate.xctestrun -destination "platform=iOS Simulator,id=A058D204-F3CB-44B7-963C-1F785132EF8B" -parallel-testing-enabled NO "-only-testing:AhoiMobileUITests/MobileSavedPageHomeUITests" -resultBundlePath /Volumes/Daten/Inhouse/Scratch/ahoi-mobile-focus-e27dd243/home-ui.xcresult -test-timeouts-enabled YES -default-test-execution-time-allowance 300 -collect-test-diagnostics never

Writing result bundle at path:
	/Volumes/Daten/Inhouse/Scratch/ahoi-mobile-focus-e27dd243/home-ui.xcresult

2026-10-05 11:08:44.036276+0200 AhoiMobileUITests-Runner[55695:10544918] [Default] Running tests...
    t =      nans Interface orientation changed to Portrait
Test Suite 'Selected tests' started at 2026-10-05 11:08:47.008.
Test Suite 'AhoiMobileUITests.xctest' started at 2026-10-05 11:08:47.008.
Test Suite 'MobileSavedPageHomeUITests' started at 2026-10-05 11:08:47.008.
Test Case '-[AhoiMobileUITests.MobileSavedPageHomeUITests testSavedPageHomeAddressReturnSetAndRestore]' started.
    t =     0.01s Start Test at 2026-10-05 11:08:47.013
    t =     0.08s Set Up
    t =     0.08s Terminate app.ahoibrowser.AhoiBrowser:0
    t =     0.08s Open app.ahoibrowser.AhoiBrowser
    t =     0.08s     Launch app.ahoibrowser.AhoiBrowser
2026-10-05 11:08:47.413 xcodebuild[55687:10544670] [MT] IDELaunchParametersSnapshot: debugger version lookup failed for path '<nil>': noURL
2026-10-05 11:08:47.413 xcodebuild[55687:10544670] [MT] IDELaunchParametersSnapshot: no debugger version
objc[55695]: Class UIAccessibilityLoaderWebShared is implemented in both /private/var/run/com.apple.security.cryptexd/mnt/com.apple.iPhoneOS.SimulatorRuntime-v24.1.434.0.BFpCaZ/Library/Developer/CoreSimulator/Profiles/Runtimes/iOS 27.0.simruntime/Contents/Resources/RuntimeRoot/System/Library/AccessibilityBundles/WebKit.axbundle/WebKit (0x109bd4398) and /private/var/run/com.apple.security.cryptexd/mnt/com.apple.iPhoneOS.SimulatorRuntime-v24.1.434.0.BFpCaZ/Library/Developer/CoreSimulator/Profiles/Runtimes/iOS 27.0.simruntime/Contents/Resources/RuntimeRoot/System/Library/AccessibilityBundles/WebCore.axbundle/WebCore (0x109e2c310). This may cause spurious casting failures and mysterious crashes. One of the duplicates must be removed or renamed.
    t =     1.03s         Setting up automation session
    t =     3.64s         Wait for app.ahoibrowser.AhoiBrowser to idle
    t =     5.81s Waiting 8.0s for Button (First Match) to exist
    t =     6.88s     Checking `Expect predicate `existsNoRetry == 1` for object Button (First Match)`
    t =     6.88s         Checking existence of `Button (First Match)`
    t =     6.94s Waiting 5.0s for "browser.e2e.candidate-binding" Any to exist
    t =     8.01s     Checking `Expect predicate `existsNoRetry == 1` for object "browser.e2e.candidate-binding" Any`
    t =     8.01s         Checking existence of `"browser.e2e.candidate-binding" Any`
    t =     8.08s Find the "browser.e2e.candidate-binding" Any
    t =     8.09s Waiting 10.0s for "browser.more" Button to exist
    t =     9.15s     Checking `Expect predicate `existsNoRetry == 1` for object "browser.more" Button`
    t =     9.15s         Checking existence of `"browser.more" Button`
    t =    10.24s Checking `Expect predicate `hittable == 1` for object "browser.more" Button`
    t =    10.24s     Find the "browser.more" Button
    t =    10.28s Tap "browser.more" Button
    t =    10.28s     Wait for app.ahoibrowser.AhoiBrowser to idle
    t =    10.28s     Find the "browser.more" Button
    t =    10.30s     Check for interrupting elements affecting "browser.more" Button
    t =    10.32s     Synthesize event
    t =    10.61s     Wait for app.ahoibrowser.AhoiBrowser to idle
    t =    10.97s Waiting 10.0s for "browser.actions.new-tab" Button to exist
    t =    12.03s     Checking `Expect predicate `existsNoRetry == 1` for object "browser.actions.new-tab" Button`
    t =    12.03s         Checking existence of `"browser.actions.new-tab" Button`
    t =    13.16s Checking `Expect predicate `hittable == 1` for object "browser.actions.new-tab" Button`
    t =    13.16s     Find the "browser.actions.new-tab" Button
    t =    13.22s Tap "browser.actions.new-tab" Button
    t =    13.22s     Wait for app.ahoibrowser.AhoiBrowser to idle
    t =    13.22s     Find the "browser.actions.new-tab" Button
    t =    13.26s     Check for interrupting elements affecting "browser.actions.new-tab" Button
    t =    13.29s     Synthesize event
    t =    13.58s     Wait for app.ahoibrowser.AhoiBrowser to idle
    t =    13.97s Waiting 10.0s for "browser.focus-voyage.header" Any to exist
    t =    15.03s     Checking `Expect predicate `existsNoRetry == 1` for object "browser.focus-voyage.header" Any`
    t =    15.03s         Checking existence of `"browser.focus-voyage.header" Any`
    t =    15.05s Waiting 10.0s for "browser.address" Button to exist
    t =    16.11s     Checking `Expect predicate `existsNoRetry == 1` for object "browser.address" Button`
    t =    16.11s         Checking existence of `"browser.address" Button`
    t =    16.13s Tap "browser.address" Button
    t =    16.13s     Wait for app.ahoibrowser.AhoiBrowser to idle
    t =    16.13s     Find the "browser.address" Button
    t =    16.15s     Check for interrupting elements affecting "browser.address" Button
    t =    16.16s     Synthesize event
    t =    16.45s     Wait for app.ahoibrowser.AhoiBrowser to idle
    t =    17.33s Waiting 10.0s for "browser.address.field" TextField to exist
    t =    18.39s     Checking `Expect predicate `existsNoRetry == 1` for object "browser.address.field" TextField`
    t =    18.39s         Checking existence of `"browser.address.field" TextField`
    t =    19.51s Checking `Expect predicate `hittable == 1` for object "browser.address.field" TextField`
    t =    19.52s     Find the "browser.address.field" TextField
    t =    19.58s Waiting 1.0s for "browser.address.clear" Button to exist
    t =    20.59s     Checking `Expect predicate `existsNoRetry == 1` for object "browser.address.clear" Button`
    t =    20.59s         Checking existence of `"browser.address.clear" Button`
    t =    20.63s         Capturing element debug description
    t =    20.63s     Checking existence of `"browser.address.clear" Button`
    t =    20.67s Collecting debug information to assist test failure triage
    t =    20.67s     Requesting snapshot of accessibility hierarchy for app with pid 55768
    t =    20.74s Waiting 2.0s for "browser.address.field" TextField to exist
    t =    21.80s     Checking `Expect predicate `existsNoRetry == 1` for object "browser.address.field" TextField`
    t =    21.80s         Checking existence of `"browser.address.field" TextField`
    t =    22.85s Checking `Expect predicate `hittable == 1` for object "browser.address.field" TextField`
    t =    22.85s     Find the "browser.address.field" TextField
    t =    22.92s Find the "browser.address.field" TextField
    t =    22.96s Find the "browser.address.field" TextField
    t =    23.01s Waiting 2.0s for "browser.address.field" TextField to exist
    t =    24.07s     Checking `Expect predicate `existsNoRetry == 1` for object "browser.address.field" TextField`
    t =    24.07s         Checking existence of `"browser.address.field" TextField`
    t =    25.16s Checking `Expect predicate `hittable == 1` for object "browser.address.field" TextField`
    t =    25.16s     Find the "browser.address.field" TextField
    t =    25.23s Tap "browser.address.field" TextField
    t =    25.23s     Wait for app.ahoibrowser.AhoiBrowser to idle
    t =    25.23s     Find the "browser.address.field" TextField
    t =    25.27s     Check for interrupting elements affecting "browser.address.field" TextField
    t =    25.31s     Synthesize event
    t =    25.62s     Wait for app.ahoibrowser.AhoiBrowser to idle
    t =    25.72s Type 'https://example.co...' into "browser.address.field" TextField
    t =    25.72s     Wait for app.ahoibrowser.AhoiBrowser to idle
    t =    26.11s     Find the "browser.address.field" TextField
    t =    26.16s     Check for interrupting elements affecting "browser.address.field" TextField
    t =    26.20s     Synthesize event
    t =    27.07s     Wait for app.ahoibrowser.AhoiBrowser to idle
    t =    27.07s Checking existence of `"browser.address.field" TextField`
    t =    27.11s Find the "browser.address.field" TextField
    t =    27.15s Find the "browser.address.field" TextField
    t =    27.19s Checking existence of `"browser.address.field" TextField`
    t =    27.23s Find the "browser.address.field" TextField
    t =    27.27s Find the "browser.address.field" TextField
    t =    27.31s Find the "browser.address.field" TextField
    t =    27.35s Find the "browser.address.field" TextField
    t =    27.39s Waiting 10.0s for "browser.search.navigate" Button to exist
    t =    28.40s     Checking `Expect predicate `existsNoRetry == 1` for object "browser.search.navigate" Button`
    t =    28.40s         Checking existence of `"browser.search.navigate" Button`
    t =    29.47s Checking `Expect predicate `hittable == 1` for object "browser.search.navigate" Button`
    t =    29.47s     Find the "browser.search.navigate" Button
    t =    29.54s Tap "browser.search.navigate" Button
    t =    29.54s     Wait for app.ahoibrowser.AhoiBrowser to idle
    t =    29.54s     Find the "browser.search.navigate" Button
    t =    29.58s     Check for interrupting elements affecting "browser.search.navigate" Button
    t =    29.62s     Synthesize event
    t =    29.92s     Wait for app.ahoibrowser.AhoiBrowser to idle
    t =    30.72s Waiting 10.0s for "browser.address.field" TextField to not exist
    t =    31.78s     Checking `Expect predicate `existsNoRetry == 0` for object "browser.address.field" TextField`
    t =    31.78s         Checking existence of `"browser.address.field" TextField`
    t =    31.81s Ignoring failure to get hierarchy for remote element in process 56568 (Error getting main window kAXErrorServerNotFound)
    t =    31.81s Waiting 5.0s for "browser.address" Button to exist
    t =    32.89s     Checking `Expect predicate `existsNoRetry == 1` for object "browser.address" Button`
    t =    32.89s         Checking existence of `"browser.address" Button`
    t =    34.00s Checking `Expect predicate `value == "https://example.com/?ahoi-home=25a31f31"` for object "browser.address" Button`
    t =    34.00s     Find the "browser.address" Button
    t =    34.03s Find the "browser.address" Button
    t =    34.04s Find the "browser.address" Button
    t =    34.06s Waiting 20.0s for Any (First Match) to exist
    t =    35.11s     Checking `Expect predicate `existsNoRetry == 1` for object Any (First Match)`
    t =    35.11s         Checking existence of `Any (First Match)`
    t =    35.14s Waiting 1.0s for "browser.actions.done" Button to exist
    t =    36.15s     Checking `Expect predicate `existsNoRetry == 1` for object "browser.actions.done" Button`
    t =    36.15s         Checking existence of `"browser.actions.done" Button`
    t =    36.17s         Capturing element debug description
    t =    36.17s     Checking existence of `"browser.actions.done" Button`
    t =    36.19s Collecting debug information to assist test failure triage
    t =    36.19s     Requesting snapshot of accessibility hierarchy for app with pid 55768
    t =    36.21s Waiting 10.0s for "browser.more" Button to exist
    t =    37.25s     Checking `Expect predicate `existsNoRetry == 1` for object "browser.more" Button`
    t =    37.25s         Checking existence of `"browser.more" Button`
    t =    38.33s Checking `Expect predicate `hittable == 1` for object "browser.more" Button`
    t =    38.33s     Find the "browser.more" Button
    t =    38.37s Tap "browser.more" Button
    t =    38.37s     Wait for app.ahoibrowser.AhoiBrowser to idle
    t =    38.37s     Find the "browser.more" Button
    t =    38.39s     Check for interrupting elements affecting "browser.more" Button
    t =    38.41s     Synthesize event
    t =    38.71s     Wait for app.ahoibrowser.AhoiBrowser to idle
    t =    39.20s Waiting 10.0s for "browser.actions.done" Button to exist
    t =    40.26s     Checking `Expect predicate `existsNoRetry == 1` for object "browser.actions.done" Button`
    t =    40.27s         Checking existence of `"browser.actions.done" Button`
    t =    40.34s Waiting 2.0s for "browser.actions.save-to-workspace" Button to exist
    t =    41.38s     Checking `Expect predicate `existsNoRetry == 1` for object "browser.actions.save-to-workspace" Button`
    t =    41.38s         Checking existence of `"browser.actions.save-to-workspace" Button`
    t =    41.43s         Capturing element debug description
    t =    42.34s     Checking `Expect predicate `existsNoRetry == 1` for object "browser.actions.save-to-workspace" Button`
    t =    42.34s         Checking existence of `"browser.actions.save-to-workspace" Button`
    t =    42.39s         Capturing element debug description
    t =    42.39s     Checking existence of `"browser.actions.save-to-workspace" Button`
    t =    42.44s Collecting debug information to assist test failure triage
    t =    42.44s     Requesting snapshot of accessibility hierarchy for app with pid 55768
    t =    42.50s Waiting 10.0s for "browser.actions.list" CollectionView to exist
    t =    43.54s     Checking `Expect predicate `existsNoRetry == 1` for object "browser.actions.list" CollectionView`
    t =    43.54s         Checking existence of `"browser.actions.list" CollectionView`
    t =    43.59s Find the "browser.actions.list" CollectionView
    t =    43.63s Press Target Application 'app.ahoibrowser.AhoiBrowser'[0.00, 0.00] -> (386.0, 775.8) for 0.1 seconds, then drag to Target Application 'app.ahoibrowser.AhoiBrowser'[0.00, 0.00] -> (386.0, 550.3) with velocity of 500.00 pixels per second, and then hold for 0.0 seconds 
    t =    43.63s     Wait for app.ahoibrowser.AhoiBrowser to idle
    t =    43.64s     Find the Target Application 'app.ahoibrowser.AhoiBrowser'
    t =    43.67s     Check for interrupting elements affecting "AhoiBrowser" Application
    t =    43.70s     Synthesize event
    t =    43.71s         Find the Target Application 'app.ahoibrowser.AhoiBrowser'
    t =    43.73s         Find the Target Application 'app.ahoibrowser.AhoiBrowser'
    t =    43.76s         Find the Target Application 'app.ahoibrowser.AhoiBrowser'
    t =    43.79s         Find the Target Application 'app.ahoibrowser.AhoiBrowser'
    t =    43.82s         Find the Target Application 'app.ahoibrowser.AhoiBrowser'
    t =    44.60s     Wait for app.ahoibrowser.AhoiBrowser to idle
    t =    45.31s Waiting 1.0s for "browser.actions.save-to-workspace" Button to exist
    t =    46.31s     Checking `Expect predicate `existsNoRetry == 1` for object "browser.actions.save-to-workspace" Button`
    t =    46.32s         Checking existence of `"browser.actions.save-to-workspace" Button`
    t =    46.38s         Capturing element debug description
    t =    46.38s     Checking existence of `"browser.actions.save-to-workspace" Button`
    t =    46.43s Collecting debug information to assist test failure triage
    t =    46.43s     Requesting snapshot of accessibility hierarchy for app with pid 55768
    t =    46.50s Press Target Application 'app.ahoibrowser.AhoiBrowser'[0.00, 0.00] -> (386.0, 775.8) for 0.1 seconds, then drag to Target Application 'app.ahoibrowser.AhoiBrowser'[0.00, 0.00] -> (386.0, 550.3) with velocity of 500.00 pixels per second, and then hold for 0.0 seconds 
    t =    46.50s     Wait for app.ahoibrowser.AhoiBrowser to idle
    t =    46.50s     Find the Target Application 'app.ahoibrowser.AhoiBrowser'
    t =    46.54s     Check for interrupting elements affecting "AhoiBrowser" Application
    t =    46.58s     Synthesize event
    t =    46.58s         Find the Target Application 'app.ahoibrowser.AhoiBrowser'
    t =    46.61s         Find the Target Application 'app.ahoibrowser.AhoiBrowser'
    t =    46.65s         Find the Target Application 'app.ahoibrowser.AhoiBrowser'
    t =    46.68s         Find the Target Application 'app.ahoibrowser.AhoiBrowser'
    t =    46.72s         Find the Target Application 'app.ahoibrowser.AhoiBrowser'
    t =    47.51s     Wait for app.ahoibrowser.AhoiBrowser to idle
    t =    47.52s Waiting 1.0s for "browser.actions.save-to-workspace" Button to exist
    t =    48.53s     Checking `Expect predicate `existsNoRetry == 1` for object "browser.actions.save-to-workspace" Button`
    t =    48.53s         Checking existence of `"browser.actions.save-to-workspace" Button`
    t =    48.60s     Checking existence of `"browser.actions.save-to-workspace" Button`
    t =    48.66s Find the "browser.actions.save-to-workspace" Button
    t =    48.72s Find the "browser.actions.save-to-workspace" Button
    t =    49.08s Find the "browser.actions.save-to-workspace" Button
    t =    49.15s Tap "browser.actions.save-to-workspace" Button
    t =    49.15s     Wait for app.ahoibrowser.AhoiBrowser to idle
    t =    49.15s     Find the "browser.actions.save-to-workspace" Button
    t =    49.20s     Check for interrupting elements affecting "browser.actions.save-to-workspace" Button
    t =    49.26s     Synthesize event
    t =    49.55s     Wait for app.ahoibrowser.AhoiBrowser to idle
    t =    50.72s Waiting 5.0s for Button (First Match) to exist
    t =    51.78s     Checking `Expect predicate `existsNoRetry == 1` for object Button (First Match)`
    t =    51.78s         Checking existence of `Button (First Match)`
    t =    51.85s Find the Button (First Match)
    t =    52.20s Find the "browser.actions.save-to-workspace.83699047-edf8-580d-948d-9c37acc35cb6" Button
    t =    52.24s Tap "browser.actions.save-to-workspace.83699047-edf8-580d-948d-9c37acc35cb6" Button
    t =    52.24s     Wait for app.ahoibrowser.AhoiBrowser to idle
    t =    52.24s     Find the "browser.actions.save-to-workspace.83699047-edf8-580d-948d-9c37acc35cb6" Button
    t =    52.28s     Check for interrupting elements affecting "browser.actions.save-to-workspace.83699047-edf8-580d-948d-9c37acc35cb6" Button
    t =    52.33s     Synthesize event
    t =    52.62s     Wait for app.ahoibrowser.AhoiBrowser to idle
    t =    54.03s Waiting 10.0s for "browser.actions.save-to-workspace.83699047-edf8-580d-948d-9c37acc35cb6" Button to not exist
    t =    55.11s     Checking `Expect predicate `existsNoRetry == 0` for object "browser.actions.save-to-workspace.83699047-edf8-580d-948d-9c37acc35cb6" Button`
    t =    55.11s         Checking existence of `"browser.actions.save-to-workspace.83699047-edf8-580d-948d-9c37acc35cb6" Button`
    t =    55.23s Waiting 1.0s for "browser.actions.done" Button to exist
    t =    56.24s     Checking `Expect predicate `existsNoRetry == 1` for object "browser.actions.done" Button`
    t =    56.24s         Checking existence of `"browser.actions.done" Button`
    t =    56.31s     Checking existence of `"browser.actions.done" Button`
    t =    56.36s Waiting 10.0s for "browser.actions.done" Button to exist
    t =    57.42s     Checking `Expect predicate `existsNoRetry == 1` for object "browser.actions.done" Button`
    t =    57.42s         Checking existence of `"browser.actions.done" Button`
    t =    58.55s Checking `Expect predicate `hittable == 1` for object "browser.actions.done" Button`
    t =    58.55s     Find the "browser.actions.done" Button
    t =    58.62s Tap "browser.actions.done" Button
    t =    58.62s     Wait for app.ahoibrowser.AhoiBrowser to idle
    t =    58.63s     Find the "browser.actions.done" Button
    t =    58.68s     Check for interrupting elements affecting "browser.actions.done" Button
    t =    58.73s     Synthesize event
    t =    59.03s     Wait for app.ahoibrowser.AhoiBrowser to idle
    t =    59.45s Waiting 10.0s for "browser.actions.done" Button to not exist
    t =    60.49s     Checking `Expect predicate `existsNoRetry == 0` for object "browser.actions.done" Button`
    t =    60.49s         Checking existence of `"browser.actions.done" Button`
    t =    60.51s Waiting 1.0s for "browser.actions.done" Button to exist
    t =    61.52s     Checking `Expect predicate `existsNoRetry == 1` for object "browser.actions.done" Button`
    t =    61.52s         Checking existence of `"browser.actions.done" Button`
    t =    61.55s         Capturing element debug description
    t =    61.55s     Checking existence of `"browser.actions.done" Button`
    t =    61.56s Collecting debug information to assist test failure triage
    t =    61.57s     Requesting snapshot of accessibility hierarchy for app with pid 55768
    t =    61.59s Waiting 10.0s for "browser.more" Button to exist
    t =    62.68s     Checking `Expect predicate `existsNoRetry == 1` for object "browser.more" Button`
    t =    62.68s         Checking existence of `"browser.more" Button`
    t =    63.76s Checking `Expect predicate `hittable == 1` for object "browser.more" Button`
    t =    63.77s     Find the "browser.more" Button
    t =    63.81s Tap "browser.more" Button
    t =    63.81s     Wait for app.ahoibrowser.AhoiBrowser to idle
    t =    63.81s     Find the "browser.more" Button
    t =    63.83s     Check for interrupting elements affecting "browser.more" Button
    t =    63.86s     Synthesize event
    t =    64.15s     Wait for app.ahoibrowser.AhoiBrowser to idle
    t =    64.56s Waiting 10.0s for "browser.actions.done" Button to exist
    t =    65.60s     Checking `Expect predicate `existsNoRetry == 1` for object "browser.actions.done" Button`
    t =    65.60s         Checking existence of `"browser.actions.done" Button`
    t =    65.67s Waiting 2.0s for "browser.actions.home-state" StaticText to exist
    t =    66.71s     Checking `Expect predicate `existsNoRetry == 1` for object "browser.actions.home-state" StaticText`
    t =    66.72s         Checking existence of `"browser.actions.home-state" StaticText`
    t =    66.77s         Capturing element debug description
    t =    67.68s     Checking `Expect predicate `existsNoRetry == 1` for object "browser.actions.home-state" StaticText`
    t =    67.68s         Checking existence of `"browser.actions.home-state" StaticText`
    t =    67.73s         Capturing element debug description
    t =    67.73s     Checking existence of `"browser.actions.home-state" StaticText`
    t =    67.77s Collecting debug information to assist test failure triage
    t =    67.77s     Requesting snapshot of accessibility hierarchy for app with pid 55768
    t =    67.82s Waiting 10.0s for "browser.actions.list" CollectionView to exist
    t =    68.88s     Checking `Expect predicate `existsNoRetry == 1` for object "browser.actions.list" CollectionView`
    t =    68.88s         Checking existence of `"browser.actions.list" CollectionView`
    t =    68.93s Find the "browser.actions.list" CollectionView
    t =    68.97s Press Target Application 'app.ahoibrowser.AhoiBrowser'[0.00, 0.00] -> (386.0, 775.8) for 0.1 seconds, then drag to Target Application 'app.ahoibrowser.AhoiBrowser'[0.00, 0.00] -> (386.0, 550.3) with velocity of 500.00 pixels per second, and then hold for 0.0 seconds 
    t =    68.97s     Wait for app.ahoibrowser.AhoiBrowser to idle
    t =    68.98s     Find the Target Application 'app.ahoibrowser.AhoiBrowser'
    t =    69.00s     Check for interrupting elements affecting "AhoiBrowser" Application
    t =    69.04s     Synthesize event
    t =    69.04s         Find the Target Application 'app.ahoibrowser.AhoiBrowser'
    t =    69.07s         Find the Target Application 'app.ahoibrowser.AhoiBrowser'
    t =    69.09s         Find the Target Application 'app.ahoibrowser.AhoiBrowser'
    t =    69.12s         Find the Target Application 'app.ahoibrowser.AhoiBrowser'
    t =    69.14s         Find the Target Application 'app.ahoibrowser.AhoiBrowser'
    t =    69.92s     Wait for app.ahoibrowser.AhoiBrowser to idle
    t =    70.61s Waiting 1.0s for "browser.actions.home-state" StaticText to exist
    t =    71.62s     Checking `Expect predicate `existsNoRetry == 1` for object "browser.actions.home-state" StaticText`
    t =    71.62s         Checking existence of `"browser.actions.home-state" StaticText`
    t =    71.68s     Checking existence of `"browser.actions.home-state" StaticText`
    t =    71.74s Find the "browser.actions.home-state" StaticText
    t =    72.86s Checking `Expect predicate `label IN {"An der Ausgangsadresse", "At Home Address"}` for object "browser.actions.home-state" StaticText`
    t =    72.86s     Find the "browser.actions.home-state" StaticText
    t =    72.92s Checking existence of `"browser.actions.home-help" StaticText`
    t =    72.99s Find the "browser.actions.home-help" StaticText
    t =    73.04s Find the "browser.actions.home-return" Button
    t =    73.09s Find the Target Application 'app.ahoibrowser.AhoiBrowser'
    t =    73.22s Added attachment named 'home-at-home-after-save'
    t =    73.22s Waiting 1.0s for "browser.actions.done" Button to exist
    t =    74.23s     Checking `Expect predicate `existsNoRetry == 1` for object "browser.actions.done" Button`
    t =    74.23s         Checking existence of `"browser.actions.done" Button`
    t =    74.29s     Checking existence of `"browser.actions.done" Button`
    t =    74.34s Waiting 10.0s for "browser.actions.done" Button to exist
    t =    75.38s     Checking `Expect predicate `existsNoRetry == 1` for object "browser.actions.done" Button`
    t =    75.38s         Checking existence of `"browser.actions.done" Button`
    t =    76.48s Checking `Expect predicate `hittable == 1` for object "browser.actions.done" Button`
    t =    76.49s     Find the "browser.actions.done" Button
    t =    76.55s Tap "browser.actions.done" Button
    t =    76.55s     Wait for app.ahoibrowser.AhoiBrowser to idle
    t =    76.56s     Find the "browser.actions.done" Button
    t =    76.61s     Check for interrupting elements affecting "browser.actions.done" Button
    t =    76.65s     Synthesize event
    t =    76.96s     Wait for app.ahoibrowser.AhoiBrowser to idle
    t =    77.36s Waiting 10.0s for "browser.actions.done" Button to not exist
    t =    78.41s     Checking `Expect predicate `existsNoRetry == 0` for object "browser.actions.done" Button`
    t =    78.41s         Checking existence of `"browser.actions.done" Button`
    t =    78.44s Waiting 10.0s for "browser.address" Button to exist
    t =    79.45s     Checking `Expect predicate `existsNoRetry == 1` for object "browser.address" Button`
    t =    79.45s         Checking existence of `"browser.address" Button`
    t =    79.48s Tap "browser.address" Button
    t =    79.48s     Wait for app.ahoibrowser.AhoiBrowser to idle
    t =    79.49s     Find the "browser.address" Button
    t =    79.51s     Check for interrupting elements affecting "browser.address" Button
    t =    79.54s     Synthesize event
    t =    79.56s         Scroll element to visible
    t =    79.56s         Find the "browser.address" Button
    t =    79.59s         Computed hit point {-1, -1} after scrolling to visible
    t =    79.88s     Wait for app.ahoibrowser.AhoiBrowser to idle
    t =    80.46s Waiting 10.0s for "browser.address.field" TextField to exist
    t =    81.52s     Checking `Expect predicate `existsNoRetry == 1` for object "browser.address.field" TextField`
    t =    81.52s         Checking existence of `"browser.address.field" TextField`
    t =    82.63s Checking `Expect predicate `hittable == 1` for object "browser.address.field" TextField`
    t =    82.63s     Find the "browser.address.field" TextField
    t =    82.73s Waiting 1.0s for "browser.address.clear" Button to exist
    t =    83.75s     Checking `Expect predicate `existsNoRetry == 1` for object "browser.address.clear" Button`
    t =    83.75s         Checking existence of `"browser.address.clear" Button`
    t =    83.80s     Checking existence of `"browser.address.clear" Button`
    t =    83.85s Waiting 2.0s for "browser.address.clear" Button to exist
    t =    84.92s     Checking `Expect predicate `existsNoRetry == 1` for object "browser.address.clear" Button`
    t =    84.92s         Checking existence of `"browser.address.clear" Button`
    t =    86.03s Checking `Expect predicate `hittable == 1` for object "browser.address.clear" Button`
    t =    86.03s     Find the "browser.address.clear" Button
    t =    86.09s Tap "browser.address.clear" Button
    t =    86.09s     Wait for app.ahoibrowser.AhoiBrowser to idle
    t =    86.10s     Find the "browser.address.clear" Button
    t =    86.14s     Check for interrupting elements affecting "browser.address.clear" Button
    t =    86.19s     Synthesize event
    t =    86.48s     Wait for app.ahoibrowser.AhoiBrowser to idle
    t =    86.49s Waiting 2.0s for "browser.address.clear" Button to not exist
    t =    87.53s     Checking `Expect predicate `existsNoRetry == 0` for object "browser.address.clear" Button`
    t =    87.53s         Checking existence of `"browser.address.clear" Button`
    t =    87.59s Waiting 2.0s for "browser.address.field" TextField to exist
    t =    88.63s     Checking `Expect predicate `existsNoRetry == 1` for object "browser.address.field" TextField`
    t =    88.63s         Checking existence of `"browser.address.field" TextField`
    t =    89.71s Checking `Expect predicate `hittable == 1` for object "browser.address.field" TextField`
    t =    89.71s     Find the "browser.address.field" TextField
    t =    89.78s Find the "browser.address.field" TextField
    t =    89.82s Find the "browser.address.field" TextField
    t =    89.87s Waiting 2.0s for "browser.address.field" TextField to exist
    t =    90.91s     Checking `Expect predicate `existsNoRetry == 1` for object "browser.address.field" TextField`
    t =    90.92s         Checking existence of `"browser.address.field" TextField`
    t =    92.02s Checking `Expect predicate `hittable == 1` for object "browser.address.field" TextField`
    t =    92.02s     Find the "browser.address.field" TextField
    t =    92.08s Tap "browser.address.field" TextField
    t =    92.08s     Wait for app.ahoibrowser.AhoiBrowser to idle
    t =    92.09s     Find the "browser.address.field" TextField
    t =    92.13s     Check for interrupting elements affecting "browser.address.field" TextField
    t =    92.18s     Synthesize event
    t =    92.47s     Wait for app.ahoibrowser.AhoiBrowser to idle
    t =    92.48s Type 'https://example.co...' into "browser.address.field" TextField
    t =    92.48s     Wait for app.ahoibrowser.AhoiBrowser to idle
    t =    92.50s     Find the "browser.address.field" TextField
    t =    92.56s     Check for interrupting elements affecting "browser.address.field" TextField
    t =    92.60s     Synthesize event
    t =    93.47s     Wait for app.ahoibrowser.AhoiBrowser to idle
    t =    93.47s Checking existence of `"browser.address.field" TextField`
    t =    93.52s Find the "browser.address.field" TextField
    t =    93.56s Find the "browser.address.field" TextField
    t =    93.61s Checking existence of `"browser.address.field" TextField`
    t =    93.65s Find the "browser.address.field" TextField
    t =    93.70s Find the "browser.address.field" TextField
    t =    93.74s Find the "browser.address.field" TextField
    t =    93.79s Find the "browser.address.field" TextField
    t =    93.84s Waiting 10.0s for "browser.search.navigate" Button to exist
    t =    94.88s     Checking `Expect predicate `existsNoRetry == 1` for object "browser.search.navigate" Button`
    t =    94.88s         Checking existence of `"browser.search.navigate" Button`
    t =    96.00s Checking `Expect predicate `hittable == 1` for object "browser.search.navigate" Button`
    t =    96.01s     Find the "browser.search.navigate" Button
    t =    96.18s Tap "browser.search.navigate" Button
    t =    96.18s     Wait for app.ahoibrowser.AhoiBrowser to idle
    t =    96.18s     Find the "browser.search.navigate" Button
    t =    96.23s     Check for interrupting elements affecting "browser.search.navigate" Button
    t =    96.28s     Synthesize event
    t =    96.57s     Wait for app.ahoibrowser.AhoiBrowser to idle
    t =    97.03s Waiting 10.0s for "browser.address.field" TextField to not exist
    t =    98.09s     Checking `Expect predicate `existsNoRetry == 0` for object "browser.address.field" TextField`
    t =    98.09s         Checking existence of `"browser.address.field" TextField`
    t =    98.11s Waiting 5.0s for "browser.address" Button to exist
    t =    99.14s     Checking `Expect predicate `existsNoRetry == 1` for object "browser.address" Button`
    t =    99.14s         Checking existence of `"browser.address" Button`
    t =   100.21s Checking `Expect predicate `value == "https://example.com/?ahoi-away=25a31f31"` for object "browser.address" Button`
    t =   100.22s     Find the "browser.address" Button
    t =   100.25s Find the "browser.address" Button
    t =   100.27s Find the "browser.address" Button
    t =   100.29s Waiting 20.0s for Any (First Match) to exist
    t =   101.35s     Checking `Expect predicate `existsNoRetry == 1` for object Any (First Match)`
    t =   101.35s         Checking existence of `Any (First Match)`
    t =   101.39s Waiting 1.0s for "browser.actions.done" Button to exist
    t =   102.40s     Checking `Expect predicate `existsNoRetry == 1` for object "browser.actions.done" Button`
    t =   102.40s         Checking existence of `"browser.actions.done" Button`
    t =   102.42s         Capturing element debug description
    t =   102.42s     Checking existence of `"browser.actions.done" Button`
    t =   102.44s Collecting debug information to assist test failure triage
    t =   102.44s     Requesting snapshot of accessibility hierarchy for app with pid 55768
    t =   102.47s Waiting 10.0s for "browser.more" Button to exist
    t =   103.50s     Checking `Expect predicate `existsNoRetry == 1` for object "browser.more" Button`
    t =   103.50s         Checking existence of `"browser.more" Button`
    t =   104.56s Checking `Expect predicate `hittable == 1` for object "browser.more" Button`
    t =   104.57s     Find the "browser.more" Button
    t =   104.61s Tap "browser.more" Button
    t =   104.61s     Wait for app.ahoibrowser.AhoiBrowser to idle
    t =   104.61s     Find the "browser.more" Button
    t =   104.63s     Check for interrupting elements affecting "browser.more" Button
    t =   104.65s     Synthesize event
    t =   104.95s     Wait for app.ahoibrowser.AhoiBrowser to idle
    t =   105.37s Waiting 10.0s for "browser.actions.done" Button to exist
    t =   106.42s     Checking `Expect predicate `existsNoRetry == 1` for object "browser.actions.done" Button`
    t =   106.42s         Checking existence of `"browser.actions.done" Button`
    t =   106.49s Waiting 2.0s for "browser.actions.home-state" StaticText to exist
    t =   107.51s     Checking `Expect predicate `existsNoRetry == 1` for object "browser.actions.home-state" StaticText`
    t =   107.52s         Checking existence of `"browser.actions.home-state" StaticText`
    t =   107.56s         Capturing element debug description
    t =   107.56s             Requesting snapshot of accessibility hierarchy for app with pid 55768
    t =   107.61s             Find: Descendants matching type StaticText
    t =   107.61s             Find: Elements matching predicate '"browser.actions.home-state" IN identifiers'
    t =   107.61s             Requesting snapshot of accessibility hierarchy for app with pid 55768
    t =   107.66s             Find: Descendants matching type StaticText
    t =   107.66s             Requesting snapshot of accessibility hierarchy for app with pid 55768
    t =   108.50s     Checking `Expect predicate `existsNoRetry == 1` for object "browser.actions.home-state" StaticText`
    t =   108.50s         Checking existence of `"browser.actions.home-state" StaticText`
    t =   108.54s         Capturing element debug description
    t =   108.54s             Requesting snapshot of accessibility hierarchy for app with pid 55768
    t =   108.59s             Find: Descendants matching type StaticText
    t =   108.59s             Find: Elements matching predicate '"browser.actions.home-state" IN identifiers'
    t =   108.60s             Requesting snapshot of accessibility hierarchy for app with pid 55768
    t =   108.65s             Find: Descendants matching type StaticText
    t =   108.65s             Requesting snapshot of accessibility hierarchy for app with pid 55768
    t =   108.89s     Checking existence of `"browser.actions.home-state" StaticText`
    t =   108.93s Collecting debug information to assist test failure triage
    t =   108.93s     Requesting snapshot of accessibility hierarchy for app with pid 55768
    t =   109.00s Waiting 10.0s for "browser.actions.list" CollectionView to exist
    t =   110.01s     Checking `Expect predicate `existsNoRetry == 1` for object "browser.actions.list" CollectionView`
    t =   110.02s         Checking existence of `"browser.actions.list" CollectionView`
    t =   110.06s Find the "browser.actions.list" CollectionView
    t =   110.11s Press Target Application 'app.ahoibrowser.AhoiBrowser'[0.00, 0.00] -> (386.0, 775.8) for 0.1 seconds, then drag to Target Application 'app.ahoibrowser.AhoiBrowser'[0.00, 0.00] -> (386.0, 550.3) with velocity of 500.00 pixels per second, and then hold for 0.0 seconds 
    t =   110.11s     Wait for app.ahoibrowser.AhoiBrowser to idle
    t =   110.11s     Find the Target Application 'app.ahoibrowser.AhoiBrowser'
    t =   110.14s     Check for interrupting elements affecting "AhoiBrowser" Application
    t =   110.18s     Synthesize event
    t =   110.18s         Find the Target Application 'app.ahoibrowser.AhoiBrowser'
    t =   110.21s         Find the Target Application 'app.ahoibrowser.AhoiBrowser'
    t =   110.24s         Find the Target Application 'app.ahoibrowser.AhoiBrowser'
    t =   110.26s         Find the Target Application 'app.ahoibrowser.AhoiBrowser'
    t =   110.30s         Find the Target Application 'app.ahoibrowser.AhoiBrowser'
    t =   111.08s     Wait for app.ahoibrowser.AhoiBrowser to idle
    t =   111.76s Waiting 1.0s for "browser.actions.home-state" StaticText to exist
    t =   112.76s     Checking `Expect predicate `existsNoRetry == 1` for object "browser.actions.home-state" StaticText`
    t =   112.76s         Checking existence of `"browser.actions.home-state" StaticText`
    t =   112.83s     Checking existence of `"browser.actions.home-state" StaticText`
    t =   112.88s Find the "browser.actions.home-state" StaticText
    t =   113.98s Checking `Expect predicate `label IN {"Nicht an der Ausgangsadresse", "Away from Home Address"}` for object "browser.actions.home-state" StaticText`
    t =   113.98s     Find the "browser.actions.home-state" StaticText
    t =   114.03s Find the Target Application 'app.ahoibrowser.AhoiBrowser'
    t =   114.14s Added attachment named 'home-away'
    t =   114.14s Waiting 10.0s for "browser.actions.home-return" Button to exist
    t =   115.18s     Checking `Expect predicate `existsNoRetry == 1` for object "browser.actions.home-return" Button`
    t =   115.19s         Checking existence of `"browser.actions.home-return" Button`
    t =   116.28s Checking `Expect predicate `hittable == 1` for object "browser.actions.home-return" Button`
    t =   116.28s     Find the "browser.actions.home-return" Button
    t =   116.34s Find the "browser.actions.home-return" Button
    t =   116.39s Find the "browser.actions.home-return" Button
    t =   116.74s Find the "browser.actions.home-return" Button
    t =   116.80s Tap "browser.actions.home-return" Button
    t =   116.80s     Wait for app.ahoibrowser.AhoiBrowser to idle
    t =   116.80s     Find the "browser.actions.home-return" Button
    t =   116.85s     Check for interrupting elements affecting "browser.actions.home-return" Button
    t =   116.89s     Synthesize event
    t =   117.19s     Wait for app.ahoibrowser.AhoiBrowser to idle
    t =   117.59s Waiting 5.0s for "browser.address" Button to exist
    t =   118.65s     Checking `Expect predicate `existsNoRetry == 1` for object "browser.address" Button`
    t =   118.65s         Checking existence of `"browser.address" Button`
    t =   119.71s Checking `Expect predicate `value == "https://example.com/?ahoi-home=25a31f31"` for object "browser.address" Button`
    t =   119.71s     Find the "browser.address" Button
    t =   119.74s Find the "browser.address" Button
    t =   119.76s Find the "browser.address" Button
    t =   119.78s Waiting 1.0s for "browser.actions.done" Button to exist
    t =   120.79s     Checking `Expect predicate `existsNoRetry == 1` for object "browser.actions.done" Button`
    t =   120.79s         Checking existence of `"browser.actions.done" Button`
    t =   120.81s         Capturing element debug description
    t =   120.81s     Checking existence of `"browser.actions.done" Button`
    t =   120.83s Collecting debug information to assist test failure triage
    t =   120.83s     Requesting snapshot of accessibility hierarchy for app with pid 55768
    t =   120.85s Waiting 10.0s for "browser.more" Button to exist
    t =   121.89s     Checking `Expect predicate `existsNoRetry == 1` for object "browser.more" Button`
    t =   121.89s         Checking existence of `"browser.more" Button`
    t =   122.94s Checking `Expect predicate `hittable == 1` for object "browser.more" Button`
    t =   122.94s     Find the "browser.more" Button
    t =   122.98s Tap "browser.more" Button
    t =   122.98s     Wait for app.ahoibrowser.AhoiBrowser to idle
    t =   122.99s     Find the "browser.more" Button
    t =   123.01s     Check for interrupting elements affecting "browser.more" Button
    t =   123.03s     Synthesize event
    t =   123.32s     Wait for app.ahoibrowser.AhoiBrowser to idle
    t =   123.72s Waiting 10.0s for "browser.actions.done" Button to exist
    t =   124.75s     Checking `Expect predicate `existsNoRetry == 1` for object "browser.actions.done" Button`
    t =   124.75s         Checking existence of `"browser.actions.done" Button`
    t =   124.81s Waiting 2.0s for "browser.actions.home-state" StaticText to exist
    t =   125.85s     Checking `Expect predicate `existsNoRetry == 1` for object "browser.actions.home-state" StaticText`
    t =   125.85s         Checking existence of `"browser.actions.home-state" StaticText`
    t =   125.90s         Capturing element debug description
    t =   125.90s             Requesting snapshot of accessibility hierarchy for app with pid 55768
    t =   125.95s             Find: Descendants matching type StaticText
    t =   125.95s             Find: Elements matching predicate '"browser.actions.home-state" IN identifiers'
    t =   125.95s             Requesting snapshot of accessibility hierarchy for app with pid 55768
    t =   126.00s             Find: Descendants matching type StaticText
    t =   126.00s             Requesting snapshot of accessibility hierarchy for app with pid 55768
    t =   126.81s     Checking `Expect predicate `existsNoRetry == 1` for object "browser.actions.home-state" StaticText`
    t =   126.81s         Checking existence of `"browser.actions.home-state" StaticText`
    t =   126.86s         Capturing element debug description
    t =   126.86s             Requesting snapshot of accessibility hierarchy for app with pid 55768
    t =   126.91s             Find: Descendants matching type StaticText
    t =   126.91s             Find: Elements matching predicate '"browser.actions.home-state" IN identifiers'
    t =   126.92s             Requesting snapshot of accessibility hierarchy for app with pid 55768
    t =   126.99s             Find: Descendants matching type StaticText
    t =   126.99s             Requesting snapshot of accessibility hierarchy for app with pid 55768
    t =   127.23s     Checking existence of `"browser.actions.home-state" StaticText`
    t =   127.27s Collecting debug information to assist test failure triage
    t =   127.27s     Requesting snapshot of accessibility hierarchy for app with pid 55768
    t =   127.33s Waiting 10.0s for "browser.actions.list" CollectionView to exist
    t =   128.36s     Checking `Expect predicate `existsNoRetry == 1` for object "browser.actions.list" CollectionView`
    t =   128.37s         Checking existence of `"browser.actions.list" CollectionView`
    t =   128.42s Find the "browser.actions.list" CollectionView
    t =   128.46s Press Target Application 'app.ahoibrowser.AhoiBrowser'[0.00, 0.00] -> (386.0, 775.8) for 0.1 seconds, then drag to Target Application 'app.ahoibrowser.AhoiBrowser'[0.00, 0.00] -> (386.0, 550.3) with velocity of 500.00 pixels per second, and then hold for 0.0 seconds 
    t =   128.46s     Wait for app.ahoibrowser.AhoiBrowser to idle
    t =   128.47s     Find the Target Application 'app.ahoibrowser.AhoiBrowser'
    t =   128.49s     Check for interrupting elements affecting "AhoiBrowser" Application
    t =   128.53s     Synthesize event
    t =   128.53s         Find the Target Application 'app.ahoibrowser.AhoiBrowser'
    t =   128.57s         Find the Target Application 'app.ahoibrowser.AhoiBrowser'
    t =   128.60s         Find the Target Application 'app.ahoibrowser.AhoiBrowser'
    t =   128.63s         Find the Target Application 'app.ahoibrowser.AhoiBrowser'
    t =   128.67s         Find the Target Application 'app.ahoibrowser.AhoiBrowser'
    t =   129.45s     Wait for app.ahoibrowser.AhoiBrowser to idle
    t =   130.12s Waiting 1.0s for "browser.actions.home-state" StaticText to exist
    t =   131.12s     Checking `Expect predicate `existsNoRetry == 1` for object "browser.actions.home-state" StaticText`
    t =   131.12s         Checking existence of `"browser.actions.home-state" StaticText`
    t =   131.18s     Checking existence of `"browser.actions.home-state" StaticText`
    t =   131.23s Find the "browser.actions.home-state" StaticText
    t =   132.31s Checking `Expect predicate `label IN {"An der Ausgangsadresse", "At Home Address"}` for object "browser.actions.home-state" StaticText`
    t =   132.31s     Find the "browser.actions.home-state" StaticText
    t =   132.37s Waiting 1.0s for "browser.actions.done" Button to exist
    t =   133.38s     Checking `Expect predicate `existsNoRetry == 1` for object "browser.actions.done" Button`
    t =   133.38s         Checking existence of `"browser.actions.done" Button`
    t =   133.43s     Checking existence of `"browser.actions.done" Button`
    t =   133.49s Waiting 10.0s for "browser.actions.done" Button to exist
    t =   134.51s     Checking `Expect predicate `existsNoRetry == 1` for object "browser.actions.done" Button`
    t =   134.51s         Checking existence of `"browser.actions.done" Button`
    t =   135.60s Checking `Expect predicate `hittable == 1` for object "browser.actions.done" Button`
    t =   135.60s     Find the "browser.actions.done" Button
    t =   135.67s Tap "browser.actions.done" Button
    t =   135.67s     Wait for app.ahoibrowser.AhoiBrowser to idle
    t =   135.67s     Find the "browser.actions.done" Button
    t =   135.72s     Check for interrupting elements affecting "browser.actions.done" Button
    t =   135.76s     Synthesize event
    t =   136.06s     Wait for app.ahoibrowser.AhoiBrowser to idle
    t =   136.44s Waiting 10.0s for "browser.actions.done" Button to not exist
    t =   137.46s     Checking `Expect predicate `existsNoRetry == 0` for object "browser.actions.done" Button`
    t =   137.46s         Checking existence of `"browser.actions.done" Button`
    t =   137.48s Waiting 10.0s for "browser.address" Button to exist
    t =   138.51s     Checking `Expect predicate `existsNoRetry == 1` for object "browser.address" Button`
    t =   138.51s         Checking existence of `"browser.address" Button`
    t =   138.54s Tap "browser.address" Button
    t =   138.54s     Wait for app.ahoibrowser.AhoiBrowser to idle
    t =   138.54s     Find the "browser.address" Button
    t =   138.56s     Check for interrupting elements affecting "browser.address" Button
    t =   138.58s     Synthesize event
    t =   138.60s         Scroll element to visible
    t =   138.60s         Find the "browser.address" Button
    t =   138.64s         Computed hit point {-1, -1} after scrolling to visible
    t =   138.93s     Wait for app.ahoibrowser.AhoiBrowser to idle
    t =   139.48s Waiting 10.0s for "browser.address.field" TextField to exist
    t =   140.51s     Checking `Expect predicate `existsNoRetry == 1` for object "browser.address.field" TextField`
    t =   140.51s         Checking existence of `"browser.address.field" TextField`
    t =   141.60s Checking `Expect predicate `hittable == 1` for object "browser.address.field" TextField`
    t =   141.60s     Find the "browser.address.field" TextField
    t =   141.67s Waiting 1.0s for "browser.address.clear" Button to exist
    t =   142.68s     Checking `Expect predicate `existsNoRetry == 1` for object "browser.address.clear" Button`
    t =   142.68s         Checking existence of `"browser.address.clear" Button`
    t =   142.73s     Checking existence of `"browser.address.clear" Button`
    t =   142.78s Waiting 2.0s for "browser.address.clear" Button to exist
    t =   143.82s     Checking `Expect predicate `existsNoRetry == 1` for object "browser.address.clear" Button`
    t =   143.82s         Checking existence of `"browser.address.clear" Button`
    t =   144.91s Checking `Expect predicate `hittable == 1` for object "browser.address.clear" Button`
    t =   144.91s     Find the "browser.address.clear" Button
    t =   144.97s Tap "browser.address.clear" Button
    t =   144.97s     Wait for app.ahoibrowser.AhoiBrowser to idle
    t =   144.97s     Find the "browser.address.clear" Button
    t =   145.02s     Check for interrupting elements affecting "browser.address.clear" Button
    t =   145.06s     Synthesize event
    t =   145.35s     Wait for app.ahoibrowser.AhoiBrowser to idle
    t =   145.35s Waiting 2.0s for "browser.address.clear" Button to not exist
    t =   146.40s     Checking `Expect predicate `existsNoRetry == 0` for object "browser.address.clear" Button`
    t =   146.40s         Checking existence of `"browser.address.clear" Button`
    t =   146.45s Waiting 2.0s for "browser.address.field" TextField to exist
    t =   147.47s     Checking `Expect predicate `existsNoRetry == 1` for object "browser.address.field" TextField`
    t =   147.47s         Checking existence of `"browser.address.field" TextField`
    t =   148.56s Checking `Expect predicate `hittable == 1` for object "browser.address.field" TextField`
    t =   148.56s     Find the "browser.address.field" TextField
    t =   148.62s Find the "browser.address.field" TextField
    t =   148.67s Find the "browser.address.field" TextField
    t =   148.72s Waiting 2.0s for "browser.address.field" TextField to exist
    t =   149.77s     Checking `Expect predicate `existsNoRetry == 1` for object "browser.address.field" TextField`
    t =   149.77s         Checking existence of `"browser.address.field" TextField`
    t =   150.86s Checking `Expect predicate `hittable == 1` for object "browser.address.field" TextField`
    t =   150.86s     Find the "browser.address.field" TextField
    t =   150.92s Tap "browser.address.field" TextField
    t =   150.92s     Wait for app.ahoibrowser.AhoiBrowser to idle
    t =   150.93s     Find the "browser.address.field" TextField
    t =   150.97s     Check for interrupting elements affecting "browser.address.field" TextField
    t =   151.01s     Synthesize event
    t =   151.30s     Wait for app.ahoibrowser.AhoiBrowser to idle
    t =   151.31s Type 'https://example.co...' into "browser.address.field" TextField
    t =   151.31s     Wait for app.ahoibrowser.AhoiBrowser to idle
    t =   151.31s     Find the "browser.address.field" TextField
    t =   151.38s     Check for interrupting elements affecting "browser.address.field" TextField
    t =   151.43s     Synthesize event
    t =   152.29s     Wait for app.ahoibrowser.AhoiBrowser to idle
    t =   152.29s Checking existence of `"browser.address.field" TextField`
    t =   152.34s Find the "browser.address.field" TextField
    t =   152.38s Find the "browser.address.field" TextField
    t =   152.42s Checking existence of `"browser.address.field" TextField`
    t =   152.47s Find the "browser.address.field" TextField
    t =   152.51s Find the "browser.address.field" TextField
    t =   152.55s Find the "browser.address.field" TextField
    t =   152.60s Find the "browser.address.field" TextField
    t =   152.64s Waiting 10.0s for "browser.search.navigate" Button to exist
    t =   153.68s     Checking `Expect predicate `existsNoRetry == 1` for object "browser.search.navigate" Button`
    t =   153.68s         Checking existence of `"browser.search.navigate" Button`
    t =   154.81s Checking `Expect predicate `hittable == 1` for object "browser.search.navigate" Button`
    t =   154.81s     Find the "browser.search.navigate" Button
    t =   154.88s Tap "browser.search.navigate" Button
    t =   154.88s     Wait for app.ahoibrowser.AhoiBrowser to idle
    t =   154.89s     Find the "browser.search.navigate" Button
    t =   154.93s     Check for interrupting elements affecting "browser.search.navigate" Button
    t =   154.98s     Synthesize event
    t =   155.27s     Wait for app.ahoibrowser.AhoiBrowser to idle
    t =   155.72s Waiting 10.0s for "browser.address.field" TextField to not exist
    t =   156.74s     Checking `Expect predicate `existsNoRetry == 0` for object "browser.address.field" TextField`
    t =   156.75s         Checking existence of `"browser.address.field" TextField`
    t =   156.77s Waiting 5.0s for "browser.address" Button to exist
    t =   157.80s     Checking `Expect predicate `existsNoRetry == 1` for object "browser.address" Button`
    t =   157.80s         Checking existence of `"browser.address" Button`
    t =   158.86s Checking `Expect predicate `value == "https://example.com/?ahoi-away=25a31f31"` for object "browser.address" Button`
    t =   158.87s     Find the "browser.address" Button
    t =   158.90s Find the "browser.address" Button
    t =   158.92s Find the "browser.address" Button
    t =   158.94s Waiting 20.0s for Any (First Match) to exist
    t =   159.98s     Checking `Expect predicate `existsNoRetry == 1` for object Any (First Match)`
    t =   159.98s         Checking existence of `Any (First Match)`
    t =   160.01s Waiting 20.0s for Any (First Match) to exist
    t =   161.08s     Checking `Expect predicate `existsNoRetry == 1` for object Any (First Match)`
    t =   161.08s         Checking existence of `Any (First Match)`
    t =   161.11s Waiting 1.0s for "browser.actions.done" Button to exist
    t =   162.12s     Checking `Expect predicate `existsNoRetry == 1` for object "browser.actions.done" Button`
    t =   162.12s         Checking existence of `"browser.actions.done" Button`
    t =   162.15s         Capturing element debug description
    t =   162.15s     Checking existence of `"browser.actions.done" Button`
    t =   162.17s Collecting debug information to assist test failure triage
    t =   162.17s     Requesting snapshot of accessibility hierarchy for app with pid 55768
    t =   162.19s Waiting 10.0s for "browser.more" Button to exist
    t =   163.23s     Checking `Expect predicate `existsNoRetry == 1` for object "browser.more" Button`
    t =   163.23s         Checking existence of `"browser.more" Button`
    t =   164.30s Checking `Expect predicate `hittable == 1` for object "browser.more" Button`
    t =   164.30s     Find the "browser.more" Button
    t =   164.34s Tap "browser.more" Button
    t =   164.34s     Wait for app.ahoibrowser.AhoiBrowser to idle
    t =   164.34s     Find the "browser.more" Button
    t =   164.37s     Check for interrupting elements affecting "browser.more" Button
    t =   164.40s     Synthesize event
    t =   164.70s     Wait for app.ahoibrowser.AhoiBrowser to idle
    t =   165.08s Waiting 10.0s for "browser.actions.done" Button to exist
    t =   166.11s     Checking `Expect predicate `existsNoRetry == 1` for object "browser.actions.done" Button`
    t =   166.11s         Checking existence of `"browser.actions.done" Button`
    t =   166.17s Waiting 2.0s for "browser.actions.home-state" StaticText to exist
    t =   167.21s     Checking `Expect predicate `existsNoRetry == 1` for object "browser.actions.home-state" StaticText`
    t =   167.21s         Checking existence of `"browser.actions.home-state" StaticText`
    t =   167.25s         Capturing element debug description
    t =   167.25s             Requesting snapshot of accessibility hierarchy for app with pid 55768
    t =   167.31s             Find: Descendants matching type StaticText
    t =   167.31s             Find: Elements matching predicate '"browser.actions.home-state" IN identifiers'
    t =   167.31s             Requesting snapshot of accessibility hierarchy for app with pid 55768
    t =   167.36s             Find: Descendants matching type StaticText
    t =   167.36s             Requesting snapshot of accessibility hierarchy for app with pid 55768
    t =   168.18s     Checking `Expect predicate `existsNoRetry == 1` for object "browser.actions.home-state" StaticText`
    t =   168.18s         Checking existence of `"browser.actions.home-state" StaticText`
    t =   168.23s         Capturing element debug description
    t =   168.23s             Requesting snapshot of accessibility hierarchy for app with pid 55768
    t =   168.28s             Find: Descendants matching type StaticText
    t =   168.28s             Find: Elements matching predicate '"browser.actions.home-state" IN identifiers'
    t =   168.28s             Requesting snapshot of accessibility hierarchy for app with pid 55768
    t =   168.33s             Find: Descendants matching type StaticText
    t =   168.33s             Requesting snapshot of accessibility hierarchy for app with pid 55768
    t =   168.53s     Checking existence of `"browser.actions.home-state" StaticText`
    t =   168.57s Collecting debug information to assist test failure triage
    t =   168.57s     Requesting snapshot of accessibility hierarchy for app with pid 55768
    t =   168.63s Waiting 10.0s for "browser.actions.list" CollectionView to exist
    t =   169.65s     Checking `Expect predicate `existsNoRetry == 1` for object "browser.actions.list" CollectionView`
    t =   169.65s         Checking existence of `"browser.actions.list" CollectionView`
    t =   169.70s Find the "browser.actions.list" CollectionView
    t =   169.74s Press Target Application 'app.ahoibrowser.AhoiBrowser'[0.00, 0.00] -> (386.0, 775.8) for 0.1 seconds, then drag to Target Application 'app.ahoibrowser.AhoiBrowser'[0.00, 0.00] -> (386.0, 550.3) with velocity of 500.00 pixels per second, and then hold for 0.0 seconds 
    t =   169.74s     Wait for app.ahoibrowser.AhoiBrowser to idle
    t =   169.74s     Find the Target Application 'app.ahoibrowser.AhoiBrowser'
    t =   169.77s     Check for interrupting elements affecting "AhoiBrowser" Application
    t =   169.81s     Synthesize event
    t =   169.81s         Find the Target Application 'app.ahoibrowser.AhoiBrowser'
    t =   169.84s         Find the Target Application 'app.ahoibrowser.AhoiBrowser'
    t =   169.87s         Find the Target Application 'app.ahoibrowser.AhoiBrowser'
    t =   169.89s         Find the Target Application 'app.ahoibrowser.AhoiBrowser'
    t =   169.92s         Find the Target Application 'app.ahoibrowser.AhoiBrowser'
    t =   170.70s     Wait for app.ahoibrowser.AhoiBrowser to idle
    t =   171.37s Waiting 1.0s for "browser.actions.home-state" StaticText to exist
    t =   172.38s     Checking `Expect predicate `existsNoRetry == 1` for object "browser.actions.home-state" StaticText`
    t =   172.38s         Checking existence of `"browser.actions.home-state" StaticText`
    t =   172.44s     Checking existence of `"browser.actions.home-state" StaticText`
    t =   172.48s Find the "browser.actions.home-state" StaticText
    t =   173.58s Checking `Expect predicate `label IN {"Nicht an der Ausgangsadresse", "Away from Home Address"}` for object "browser.actions.home-state" StaticText`
    t =   173.58s     Find the "browser.actions.home-state" StaticText
    t =   173.64s Waiting 10.0s for "browser.actions.home-set" Button to exist
    t =   174.66s     Checking `Expect predicate `existsNoRetry == 1` for object "browser.actions.home-set" Button`
    t =   174.66s         Checking existence of `"browser.actions.home-set" Button`
    t =   175.75s Checking `Expect predicate `hittable == 1` for object "browser.actions.home-set" Button`
    t =   175.75s     Find the "browser.actions.home-set" Button
    t =   176.86s Checking `Expect predicate `enabled == 1` for object "browser.actions.home-set" Button`
    t =   176.86s     Find the "browser.actions.home-set" Button
    t =   176.92s Find the "browser.actions.home-set" Button
    t =   177.27s Find the "browser.actions.home-set" Button
    t =   177.33s Tap "browser.actions.home-set" Button
    t =   177.33s     Wait for app.ahoibrowser.AhoiBrowser to idle
    t =   177.33s     Find the "browser.actions.home-set" Button
    t =   177.40s     Check for interrupting elements affecting "browser.actions.home-set" Button
    t =   177.49s     Synthesize event
    t =   177.79s     Wait for app.ahoibrowser.AhoiBrowser to idle
    t =   179.10s Checking `Expect predicate `label IN {"An der Ausgangsadresse", "At Home Address"}` for object "browser.actions.home-state" StaticText`
    t =   179.10s     Find the "browser.actions.home-state" StaticText
    t =   179.15s Find the Target Application 'app.ahoibrowser.AhoiBrowser'
    t =   179.26s Added attachment named 'home-set-to-current'
    t =   179.26s Waiting 1.0s for "browser.actions.done" Button to exist
    t =   180.26s     Checking `Expect predicate `existsNoRetry == 1` for object "browser.actions.done" Button`
    t =   180.27s         Checking existence of `"browser.actions.done" Button`
    t =   180.31s     Checking existence of `"browser.actions.done" Button`
    t =   180.37s Waiting 10.0s for "browser.actions.done" Button to exist
    t =   181.40s     Checking `Expect predicate `existsNoRetry == 1` for object "browser.actions.done" Button`
    t =   181.40s         Checking existence of `"browser.actions.done" Button`
    t =   182.50s Checking `Expect predicate `hittable == 1` for object "browser.actions.done" Button`
    t =   182.50s     Find the "browser.actions.done" Button
    t =   182.56s Tap "browser.actions.done" Button
    t =   182.56s     Wait for app.ahoibrowser.AhoiBrowser to idle
    t =   182.56s     Find the "browser.actions.done" Button
    t =   182.61s     Check for interrupting elements affecting "browser.actions.done" Button
    t =   182.66s     Synthesize event
    t =   182.96s     Wait for app.ahoibrowser.AhoiBrowser to idle
    t =   183.35s Waiting 10.0s for "browser.actions.done" Button to not exist
    t =   184.38s     Checking `Expect predicate `existsNoRetry == 0` for object "browser.actions.done" Button`
    t =   184.38s         Checking existence of `"browser.actions.done" Button`
    t =   184.40s Waiting 10.0s for "browser.address" Button to exist
    t =   185.43s     Checking `Expect predicate `existsNoRetry == 1` for object "browser.address" Button`
    t =   185.43s         Checking existence of `"browser.address" Button`
    t =   185.46s Tap "browser.address" Button
    t =   185.46s     Wait for app.ahoibrowser.AhoiBrowser to idle
    t =   185.46s     Find the "browser.address" Button
    t =   185.48s     Check for interrupting elements affecting "browser.address" Button
    t =   185.50s     Synthesize event
    t =   185.52s         Scroll element to visible
    t =   185.52s         Find the "browser.address" Button
    t =   185.55s         Computed hit point {-1, -1} after scrolling to visible
    t =   185.84s     Wait for app.ahoibrowser.AhoiBrowser to idle
    t =   186.38s Waiting 10.0s for "browser.address.field" TextField to exist
    t =   187.43s     Checking `Expect predicate `existsNoRetry == 1` for object "browser.address.field" TextField`
    t =   187.43s         Checking existence of `"browser.address.field" TextField`
    t =   188.54s Checking `Expect predicate `hittable == 1` for object "browser.address.field" TextField`
    t =   188.54s     Find the "browser.address.field" TextField
    t =   188.61s Waiting 1.0s for "browser.address.clear" Button to exist
    t =   189.62s     Checking `Expect predicate `existsNoRetry == 1` for object "browser.address.clear" Button`
    t =   189.62s         Checking existence of `"browser.address.clear" Button`
    t =   189.67s     Checking existence of `"browser.address.clear" Button`
    t =   189.73s Waiting 2.0s for "browser.address.clear" Button to exist
    t =   190.75s     Checking `Expect predicate `existsNoRetry == 1` for object "browser.address.clear" Button`
    t =   190.75s         Checking existence of `"browser.address.clear" Button`
    t =   191.84s Checking `Expect predicate `hittable == 1` for object "browser.address.clear" Button`
    t =   191.84s     Find the "browser.address.clear" Button
    t =   191.91s Tap "browser.address.clear" Button
    t =   191.91s     Wait for app.ahoibrowser.AhoiBrowser to idle
    t =   191.91s     Find the "browser.address.clear" Button
    t =   191.96s     Check for interrupting elements affecting "browser.address.clear" Button
    t =   192.01s     Synthesize event
    t =   192.31s     Wait for app.ahoibrowser.AhoiBrowser to idle
    t =   192.32s Waiting 2.0s for "browser.address.clear" Button to not exist
    t =   193.35s     Checking `Expect predicate `existsNoRetry == 0` for object "browser.address.clear" Button`
    t =   193.35s         Checking existence of `"browser.address.clear" Button`
    t =   193.40s Waiting 2.0s for "browser.address.field" TextField to exist
    t =   194.42s     Checking `Expect predicate `existsNoRetry == 1` for object "browser.address.field" TextField`
    t =   194.42s         Checking existence of `"browser.address.field" TextField`
    t =   195.52s Checking `Expect predicate `hittable == 1` for object "browser.address.field" TextField`
    t =   195.52s     Find the "browser.address.field" TextField
    t =   195.58s Find the "browser.address.field" TextField
    t =   195.63s Find the "browser.address.field" TextField
    t =   195.67s Waiting 2.0s for "browser.address.field" TextField to exist
    t =   196.71s     Checking `Expect predicate `existsNoRetry == 1` for object "browser.address.field" TextField`
    t =   196.71s         Checking existence of `"browser.address.field" TextField`
    t =   197.81s Checking `Expect predicate `hittable == 1` for object "browser.address.field" TextField`
    t =   197.82s     Find the "browser.address.field" TextField
    t =   197.88s Tap "browser.address.field" TextField
    t =   197.88s     Wait for app.ahoibrowser.AhoiBrowser to idle
    t =   197.88s     Find the "browser.address.field" TextField
    t =   197.93s     Check for interrupting elements affecting "browser.address.field" TextField
    t =   197.97s     Synthesize event
    t =   198.27s     Wait for app.ahoibrowser.AhoiBrowser to idle
    t =   198.28s Type 'https://example.co...' into "browser.address.field" TextField
    t =   198.28s     Wait for app.ahoibrowser.AhoiBrowser to idle
    t =   198.28s     Find the "browser.address.field" TextField
    t =   198.35s     Check for interrupting elements affecting "browser.address.field" TextField
    t =   198.40s     Synthesize event
    t =   199.30s     Wait for app.ahoibrowser.AhoiBrowser to idle
    t =   199.31s Checking existence of `"browser.address.field" TextField`
    t =   199.35s Find the "browser.address.field" TextField
    t =   199.40s Find the "browser.address.field" TextField
    t =   199.45s Checking existence of `"browser.address.field" TextField`
    t =   199.49s Find the "browser.address.field" TextField
    t =   199.54s Find the "browser.address.field" TextField
    t =   199.58s Find the "browser.address.field" TextField
    t =   199.63s Find the "browser.address.field" TextField
    t =   199.68s Waiting 10.0s for "browser.search.navigate" Button to exist
    t =   200.71s     Checking `Expect predicate `existsNoRetry == 1` for object "browser.search.navigate" Button`
    t =   200.71s         Checking existence of `"browser.search.navigate" Button`
    t =   201.83s Checking `Expect predicate `hittable == 1` for object "browser.search.navigate" Button`
    t =   201.83s     Find the "browser.search.navigate" Button
    t =   201.90s Tap "browser.search.navigate" Button
    t =   201.90s     Wait for app.ahoibrowser.AhoiBrowser to idle
    t =   201.90s     Find the "browser.search.navigate" Button
    t =   201.95s     Check for interrupting elements affecting "browser.search.navigate" Button
    t =   201.99s     Synthesize event
    t =   202.29s     Wait for app.ahoibrowser.AhoiBrowser to idle
    t =   202.73s Waiting 10.0s for "browser.address.field" TextField to not exist
    t =   203.78s     Checking `Expect predicate `existsNoRetry == 0` for object "browser.address.field" TextField`
    t =   203.78s         Checking existence of `"browser.address.field" TextField`
    t =   203.80s Waiting 5.0s for "browser.address" Button to exist
    t =   204.86s     Checking `Expect predicate `existsNoRetry == 1` for object "browser.address" Button`
    t =   204.86s         Checking existence of `"browser.address" Button`
    t =   205.93s Checking `Expect predicate `value == "https://example.com/?ahoi-home=25a31f31"` for object "browser.address" Button`
    t =   205.93s     Find the "browser.address" Button
    t =   205.96s Find the "browser.address" Button
    t =   205.98s Find the "browser.address" Button
    t =   206.00s Waiting 20.0s for Any (First Match) to exist
    t =   207.05s     Checking `Expect predicate `existsNoRetry == 1` for object Any (First Match)`
    t =   207.05s         Checking existence of `Any (First Match)`
    t =   207.08s Waiting 1.0s for "browser.actions.done" Button to exist
    t =   208.09s     Checking `Expect predicate `existsNoRetry == 1` for object "browser.actions.done" Button`
    t =   208.09s         Checking existence of `"browser.actions.done" Button`
    t =   208.10s         Capturing element debug description
    t =   208.11s     Checking existence of `"browser.actions.done" Button`
    t =   208.12s Collecting debug information to assist test failure triage
    t =   208.12s     Requesting snapshot of accessibility hierarchy for app with pid 55768
    t =   208.15s Waiting 10.0s for "browser.more" Button to exist
    t =   209.20s     Checking `Expect predicate `existsNoRetry == 1` for object "browser.more" Button`
    t =   209.20s         Checking existence of `"browser.more" Button`
    t =   210.26s Checking `Expect predicate `hittable == 1` for object "browser.more" Button`
    t =   210.26s     Find the "browser.more" Button
    t =   210.30s Tap "browser.more" Button
    t =   210.30s     Wait for app.ahoibrowser.AhoiBrowser to idle
    t =   210.30s     Find the "browser.more" Button
    t =   210.32s     Check for interrupting elements affecting "browser.more" Button
    t =   210.34s     Synthesize event
    t =   210.63s     Wait for app.ahoibrowser.AhoiBrowser to idle
    t =   211.01s Waiting 10.0s for "browser.actions.done" Button to exist
    t =   212.04s     Checking `Expect predicate `existsNoRetry == 1` for object "browser.actions.done" Button`
    t =   212.04s         Checking existence of `"browser.actions.done" Button`
    t =   212.11s Waiting 2.0s for "browser.actions.home-state" StaticText to exist
    t =   213.13s     Checking `Expect predicate `existsNoRetry == 1` for object "browser.actions.home-state" StaticText`
    t =   213.13s         Checking existence of `"browser.actions.home-state" StaticText`
    t =   213.18s         Capturing element debug description
    t =   213.18s             Requesting snapshot of accessibility hierarchy for app with pid 55768
    t =   213.23s             Find: Descendants matching type StaticText
    t =   213.23s             Find: Elements matching predicate '"browser.actions.home-state" IN identifiers'
    t =   213.24s             Requesting snapshot of accessibility hierarchy for app with pid 55768
    t =   213.29s             Find: Descendants matching type StaticText
    t =   213.29s             Requesting snapshot of accessibility hierarchy for app with pid 55768
    t =   214.11s     Checking `Expect predicate `existsNoRetry == 1` for object "browser.actions.home-state" StaticText`
    t =   214.11s         Checking existence of `"browser.actions.home-state" StaticText`
    t =   214.16s         Capturing element debug description
    t =   214.16s             Requesting snapshot of accessibility hierarchy for app with pid 55768
    t =   214.21s             Find: Descendants matching type StaticText
    t =   214.21s             Find: Elements matching predicate '"browser.actions.home-state" IN identifiers'
    t =   214.21s             Requesting snapshot of accessibility hierarchy for app with pid 55768
    t =   214.26s             Find: Descendants matching type StaticText
    t =   214.27s             Requesting snapshot of accessibility hierarchy for app with pid 55768
    t =   214.48s     Checking existence of `"browser.actions.home-state" StaticText`
    t =   214.52s Collecting debug information to assist test failure triage
    t =   214.52s     Requesting snapshot of accessibility hierarchy for app with pid 55768
    t =   214.58s Waiting 10.0s for "browser.actions.list" CollectionView to exist
    t =   215.61s     Checking `Expect predicate `existsNoRetry == 1` for object "browser.actions.list" CollectionView`
    t =   215.61s         Checking existence of `"browser.actions.list" CollectionView`
    t =   215.66s Find the "browser.actions.list" CollectionView
    t =   215.70s Press Target Application 'app.ahoibrowser.AhoiBrowser'[0.00, 0.00] -> (386.0, 775.8) for 0.1 seconds, then drag to Target Application 'app.ahoibrowser.AhoiBrowser'[0.00, 0.00] -> (386.0, 550.3) with velocity of 500.00 pixels per second, and then hold for 0.0 seconds 
    t =   215.70s     Wait for app.ahoibrowser.AhoiBrowser to idle
    t =   215.71s     Find the Target Application 'app.ahoibrowser.AhoiBrowser'
    t =   215.73s     Check for interrupting elements affecting "AhoiBrowser" Application
    t =   215.76s     Synthesize event
    t =   215.77s         Find the Target Application 'app.ahoibrowser.AhoiBrowser'
    t =   215.79s         Find the Target Application 'app.ahoibrowser.AhoiBrowser'
    t =   215.82s         Find the Target Application 'app.ahoibrowser.AhoiBrowser'
    t =   215.85s         Find the Target Application 'app.ahoibrowser.AhoiBrowser'
    t =   215.88s         Find the Target Application 'app.ahoibrowser.AhoiBrowser'
    t =   216.65s     Wait for app.ahoibrowser.AhoiBrowser to idle
    t =   217.32s Waiting 1.0s for "browser.actions.home-state" StaticText to exist
    t =   218.33s     Checking `Expect predicate `existsNoRetry == 1` for object "browser.actions.home-state" StaticText`
    t =   218.33s         Checking existence of `"browser.actions.home-state" StaticText`
    t =   218.39s     Checking existence of `"browser.actions.home-state" StaticText`
    t =   218.43s Find the "browser.actions.home-state" StaticText
    t =   219.52s Checking `Expect predicate `label IN {"Nicht an der Ausgangsadresse", "Away from Home Address"}` for object "browser.actions.home-state" StaticText`
    t =   219.52s     Find the "browser.actions.home-state" StaticText
    t =   219.57s Waiting 1.0s for "browser.actions.done" Button to exist
    t =   220.58s     Checking `Expect predicate `existsNoRetry == 1` for object "browser.actions.done" Button`
    t =   220.58s         Checking existence of `"browser.actions.done" Button`
    t =   220.63s     Checking existence of `"browser.actions.done" Button`
    t =   220.69s Waiting 10.0s for "browser.actions.done" Button to exist
    t =   221.71s     Checking `Expect predicate `existsNoRetry == 1` for object "browser.actions.done" Button`
    t =   221.72s         Checking existence of `"browser.actions.done" Button`
    t =   222.80s Checking `Expect predicate `hittable == 1` for object "browser.actions.done" Button`
    t =   222.80s     Find the "browser.actions.done" Button
    t =   222.86s Tap "browser.actions.done" Button
    t =   222.86s     Wait for app.ahoibrowser.AhoiBrowser to idle
    t =   222.87s     Find the "browser.actions.done" Button
    t =   222.92s     Check for interrupting elements affecting "browser.actions.done" Button
    t =   222.96s     Synthesize event
    t =   223.25s     Wait for app.ahoibrowser.AhoiBrowser to idle
    t =   223.63s Waiting 10.0s for "browser.actions.done" Button to not exist
    t =   224.66s     Checking `Expect predicate `existsNoRetry == 0` for object "browser.actions.done" Button`
    t =   224.66s         Checking existence of `"browser.actions.done" Button`
    t =   224.68s Terminate app.ahoibrowser.AhoiBrowser:55768
    t =   225.76s Open app.ahoibrowser.AhoiBrowser
    t =   225.77s     Launch app.ahoibrowser.AhoiBrowser
2026-10-05 11:12:32.780 xcodebuild[55687:10544670] [MT] IDELaunchParametersSnapshot: debugger version lookup failed for path '<nil>': noURL
2026-10-05 11:12:32.780 xcodebuild[55687:10544670] [MT] IDELaunchParametersSnapshot: no debugger version
    t =   225.98s         Setting up automation session
    t =   228.30s         Wait for app.ahoibrowser.AhoiBrowser to idle
    t =   230.43s Waiting 8.0s for Button (First Match) to exist
    t =   231.48s     Checking `Expect predicate `existsNoRetry == 1` for object Button (First Match)`
    t =   231.48s         Checking existence of `Button (First Match)`
    t =   231.52s Waiting 5.0s for "browser.e2e.candidate-binding" Any to exist
    t =   232.55s     Checking `Expect predicate `existsNoRetry == 1` for object "browser.e2e.candidate-binding" Any`
    t =   232.55s         Checking existence of `"browser.e2e.candidate-binding" Any`
    t =   232.69s Find the "browser.e2e.candidate-binding" Any
    t =   232.74s Waiting 5.0s for "browser.address" Button to exist
    t =   233.76s     Checking `Expect predicate `existsNoRetry == 1` for object "browser.address" Button`
    t =   233.77s         Checking existence of `"browser.address" Button`
    t =   234.83s Checking `Expect predicate `value == "https://example.com/?ahoi-home=25a31f31"` for object "browser.address" Button`
    t =   234.83s     Find the "browser.address" Button
    t =   234.86s Find the "browser.address" Button
    t =   234.87s Find the "browser.address" Button
    t =   234.89s Waiting 1.0s for "browser.actions.done" Button to exist
    t =   235.90s     Checking `Expect predicate `existsNoRetry == 1` for object "browser.actions.done" Button`
    t =   235.90s         Checking existence of `"browser.actions.done" Button`
    t =   235.92s         Capturing element debug description
    t =   235.92s     Checking existence of `"browser.actions.done" Button`
    t =   235.94s Collecting debug information to assist test failure triage
    t =   235.94s     Requesting snapshot of accessibility hierarchy for app with pid 59538
    t =   235.96s Waiting 10.0s for "browser.more" Button to exist
    t =   237.01s     Checking `Expect predicate `existsNoRetry == 1` for object "browser.more" Button`
    t =   237.01s         Checking existence of `"browser.more" Button`
    t =   238.06s Checking `Expect predicate `hittable == 1` for object "browser.more" Button`
    t =   238.07s     Find the "browser.more" Button
    t =   238.11s Tap "browser.more" Button
    t =   238.11s     Wait for app.ahoibrowser.AhoiBrowser to idle
    t =   238.11s     Find the "browser.more" Button
    t =   238.13s     Check for interrupting elements affecting "browser.more" Button
    t =   238.15s     Synthesize event
    t =   238.43s     Wait for app.ahoibrowser.AhoiBrowser to idle
    t =   238.52s Waiting 10.0s for "browser.actions.done" Button to exist
    t =   239.56s     Checking `Expect predicate `existsNoRetry == 1` for object "browser.actions.done" Button`
    t =   239.56s         Checking existence of `"browser.actions.done" Button`
    t =   239.63s Waiting 2.0s for "browser.actions.home-state" StaticText to exist
    t =   240.66s     Checking `Expect predicate `existsNoRetry == 1` for object "browser.actions.home-state" StaticText`
    t =   240.67s         Checking existence of `"browser.actions.home-state" StaticText`
    t =   240.71s         Capturing element debug description
    t =   240.71s             Requesting snapshot of accessibility hierarchy for app with pid 59538
    t =   240.76s             Find: Descendants matching type StaticText
    t =   240.76s             Find: Elements matching predicate '"browser.actions.home-state" IN identifiers'
    t =   240.76s             Requesting snapshot of accessibility hierarchy for app with pid 59538
    t =   240.81s             Find: Descendants matching type StaticText
    t =   240.82s             Requesting snapshot of accessibility hierarchy for app with pid 59538
    t =   241.64s     Checking `Expect predicate `existsNoRetry == 1` for object "browser.actions.home-state" StaticText`
    t =   241.65s         Checking existence of `"browser.actions.home-state" StaticText`
    t =   241.70s         Capturing element debug description
    t =   241.70s             Requesting snapshot of accessibility hierarchy for app with pid 59538
    t =   241.76s             Find: Descendants matching type StaticText
    t =   241.77s             Find: Elements matching predicate '"browser.actions.home-state" IN identifiers'
    t =   241.77s             Requesting snapshot of accessibility hierarchy for app with pid 59538
    t =   241.82s             Find: Descendants matching type StaticText
    t =   241.82s             Requesting snapshot of accessibility hierarchy for app with pid 59538
    t =   242.11s     Checking existence of `"browser.actions.home-state" StaticText`
    t =   242.16s Collecting debug information to assist test failure triage
    t =   242.16s     Requesting snapshot of accessibility hierarchy for app with pid 59538
    t =   242.22s Waiting 10.0s for "browser.actions.list" CollectionView to exist
    t =   243.24s     Checking `Expect predicate `existsNoRetry == 1` for object "browser.actions.list" CollectionView`
    t =   243.25s         Checking existence of `"browser.actions.list" CollectionView`
    t =   243.30s Find the "browser.actions.list" CollectionView
    t =   243.34s Press Target Application 'app.ahoibrowser.AhoiBrowser'[0.00, 0.00] -> (386.0, 775.8) for 0.1 seconds, then drag to Target Application 'app.ahoibrowser.AhoiBrowser'[0.00, 0.00] -> (386.0, 550.3) with velocity of 500.00 pixels per second, and then hold for 0.0 seconds 
    t =   243.34s     Wait for app.ahoibrowser.AhoiBrowser to idle
    t =   243.34s     Find the Target Application 'app.ahoibrowser.AhoiBrowser'
    t =   243.37s     Check for interrupting elements affecting "AhoiBrowser" Application
    t =   243.41s     Synthesize event
    t =   243.42s         Find the Target Application 'app.ahoibrowser.AhoiBrowser'
    t =   243.44s         Find the Target Application 'app.ahoibrowser.AhoiBrowser'
    t =   243.47s         Find the Target Application 'app.ahoibrowser.AhoiBrowser'
    t =   243.50s         Find the Target Application 'app.ahoibrowser.AhoiBrowser'
    t =   243.53s         Find the Target Application 'app.ahoibrowser.AhoiBrowser'
    t =   244.32s     Wait for app.ahoibrowser.AhoiBrowser to idle
    t =   245.03s Waiting 1.0s for "browser.actions.home-state" StaticText to exist
    t =   246.03s     Checking `Expect predicate `existsNoRetry == 1` for object "browser.actions.home-state" StaticText`
    t =   246.03s         Checking existence of `"browser.actions.home-state" StaticText`
    t =   246.10s     Checking existence of `"browser.actions.home-state" StaticText`
    t =   246.15s Find the "browser.actions.home-state" StaticText
    t =   247.25s Checking `Expect predicate `label IN {"Nicht an der Ausgangsadresse", "Away from Home Address"}` for object "browser.actions.home-state" StaticText`
    t =   247.26s     Find the "browser.actions.home-state" StaticText
    t =   247.31s Find the Target Application 'app.ahoibrowser.AhoiBrowser'
    t =   247.42s Added attachment named 'home-away-after-relaunch'
    t =   247.42s Waiting 10.0s for "browser.actions.home-return" Button to exist
    t =   248.47s     Checking `Expect predicate `existsNoRetry == 1` for object "browser.actions.home-return" Button`
    t =   248.47s         Checking existence of `"browser.actions.home-return" Button`
    t =   249.57s Checking `Expect predicate `hittable == 1` for object "browser.actions.home-return" Button`
    t =   249.57s     Find the "browser.actions.home-return" Button
    t =   249.63s Find the "browser.actions.home-return" Button
    t =   250.00s Find the "browser.actions.home-return" Button
    t =   250.06s Tap "browser.actions.home-return" Button
    t =   250.06s     Wait for app.ahoibrowser.AhoiBrowser to idle
    t =   250.07s     Find the "browser.actions.home-return" Button
    t =   250.12s     Check for interrupting elements affecting "browser.actions.home-return" Button
    t =   250.17s     Synthesize event
    t =   250.47s     Wait for app.ahoibrowser.AhoiBrowser to idle
    t =   250.87s Waiting 5.0s for "browser.address" Button to exist
    t =   251.92s     Checking `Expect predicate `existsNoRetry == 1` for object "browser.address" Button`
    t =   251.92s         Checking existence of `"browser.address" Button`
    t =   253.00s Checking `Expect predicate `value == "https://example.com/?ahoi-away=25a31f31"` for object "browser.address" Button`
    t =   253.00s     Find the "browser.address" Button
    t =   253.03s Find the "browser.address" Button
    t =   253.06s Find the "browser.address" Button
    t =   253.09s Waiting 1.0s for "browser.actions.done" Button to exist
    t =   254.10s     Checking `Expect predicate `existsNoRetry == 1` for object "browser.actions.done" Button`
    t =   254.10s         Checking existence of `"browser.actions.done" Button`
    t =   254.13s         Capturing element debug description
    t =   254.13s     Checking existence of `"browser.actions.done" Button`
    t =   254.15s Collecting debug information to assist test failure triage
    t =   254.15s     Requesting snapshot of accessibility hierarchy for app with pid 59538
    t =   254.18s Waiting 10.0s for "browser.more" Button to exist
    t =   255.23s     Checking `Expect predicate `existsNoRetry == 1` for object "browser.more" Button`
    t =   255.23s         Checking existence of `"browser.more" Button`
    t =   256.33s Checking `Expect predicate `hittable == 1` for object "browser.more" Button`
    t =   256.33s     Find the "browser.more" Button
    t =   256.38s Tap "browser.more" Button
    t =   256.38s     Wait for app.ahoibrowser.AhoiBrowser to idle
    t =   256.38s     Find the "browser.more" Button
    t =   256.40s     Check for interrupting elements affecting "browser.more" Button
    t =   256.42s     Synthesize event
    t =   256.72s     Wait for app.ahoibrowser.AhoiBrowser to idle
    t =   257.12s Waiting 10.0s for "browser.actions.done" Button to exist
    t =   258.16s     Checking `Expect predicate `existsNoRetry == 1` for object "browser.actions.done" Button`
    t =   258.16s         Checking existence of `"browser.actions.done" Button`
    t =   258.23s Waiting 2.0s for "browser.actions.home-state" StaticText to exist
    t =   259.28s     Checking `Expect predicate `existsNoRetry == 1` for object "browser.actions.home-state" StaticText`
    t =   259.28s         Checking existence of `"browser.actions.home-state" StaticText`
    t =   259.33s         Capturing element debug description
    t =   259.33s             Requesting snapshot of accessibility hierarchy for app with pid 59538
    t =   259.39s             Find: Descendants matching type StaticText
    t =   259.39s             Find: Elements matching predicate '"browser.actions.home-state" IN identifiers'
    t =   259.39s             Requesting snapshot of accessibility hierarchy for app with pid 59538
    t =   259.45s             Find: Descendants matching type StaticText
    t =   259.45s             Requesting snapshot of accessibility hierarchy for app with pid 59538
    t =   260.23s     Checking `Expect predicate `existsNoRetry == 1` for object "browser.actions.home-state" StaticText`
    t =   260.24s         Checking existence of `"browser.actions.home-state" StaticText`
    t =   260.29s         Capturing element debug description
    t =   260.29s             Requesting snapshot of accessibility hierarchy for app with pid 59538
    t =   260.36s             Find: Descendants matching type StaticText
    t =   260.36s             Find: Elements matching predicate '"browser.actions.home-state" IN identifiers'
    t =   260.37s             Requesting snapshot of accessibility hierarchy for app with pid 59538
    t =   260.43s             Find: Descendants matching type StaticText
    t =   260.44s             Requesting snapshot of accessibility hierarchy for app with pid 59538
    t =   260.75s     Checking existence of `"browser.actions.home-state" StaticText`
    t =   260.79s Collecting debug information to assist test failure triage
    t =   260.79s     Requesting snapshot of accessibility hierarchy for app with pid 59538
    t =   260.85s Waiting 10.0s for "browser.actions.list" CollectionView to exist
    t =   261.90s     Checking `Expect predicate `existsNoRetry == 1` for object "browser.actions.list" CollectionView`
    t =   261.90s         Checking existence of `"browser.actions.list" CollectionView`
    t =   261.95s Find the "browser.actions.list" CollectionView
    t =   261.99s Press Target Application 'app.ahoibrowser.AhoiBrowser'[0.00, 0.00] -> (386.0, 775.8) for 0.1 seconds, then drag to Target Application 'app.ahoibrowser.AhoiBrowser'[0.00, 0.00] -> (386.0, 550.3) with velocity of 500.00 pixels per second, and then hold for 0.0 seconds 
    t =   261.99s     Wait for app.ahoibrowser.AhoiBrowser to idle
    t =   262.00s     Find the Target Application 'app.ahoibrowser.AhoiBrowser'
    t =   262.03s     Check for interrupting elements affecting "AhoiBrowser" Application
    t =   262.07s     Synthesize event
    t =   262.08s         Find the Target Application 'app.ahoibrowser.AhoiBrowser'
    t =   262.11s         Find the Target Application 'app.ahoibrowser.AhoiBrowser'
    t =   262.14s         Find the Target Application 'app.ahoibrowser.AhoiBrowser'
    t =   262.17s         Find the Target Application 'app.ahoibrowser.AhoiBrowser'
    t =   262.30s         Find the Target Application 'app.ahoibrowser.AhoiBrowser'
    t =   263.08s     Wait for app.ahoibrowser.AhoiBrowser to idle
    t =   263.76s Waiting 1.0s for "browser.actions.home-state" StaticText to exist
    t =   264.76s     Checking `Expect predicate `existsNoRetry == 1` for object "browser.actions.home-state" StaticText`
    t =   264.76s         Checking existence of `"browser.actions.home-state" StaticText`
    t =   264.83s     Checking existence of `"browser.actions.home-state" StaticText`
    t =   264.88s Find the "browser.actions.home-state" StaticText
    t =   265.99s Checking `Expect predicate `label IN {"An der Ausgangsadresse", "At Home Address"}` for object "browser.actions.home-state" StaticText`
    t =   266.00s     Find the "browser.actions.home-state" StaticText
    t =   266.06s Find the Target Application 'app.ahoibrowser.AhoiBrowser'
    t =   266.16s Added attachment named 'home-returned-after-relaunch'
    t =   266.17s Waiting 1.0s for "browser.actions.done" Button to exist
    t =   267.17s     Checking `Expect predicate `existsNoRetry == 1` for object "browser.actions.done" Button`
    t =   267.17s         Checking existence of `"browser.actions.done" Button`
    t =   267.23s     Checking existence of `"browser.actions.done" Button`
    t =   267.28s Waiting 10.0s for "browser.actions.done" Button to exist
    t =   268.34s     Checking `Expect predicate `existsNoRetry == 1` for object "browser.actions.done" Button`
    t =   268.34s         Checking existence of `"browser.actions.done" Button`
    t =   269.44s Checking `Expect predicate `hittable == 1` for object "browser.actions.done" Button`
    t =   269.44s     Find the "browser.actions.done" Button
    t =   269.50s Tap "browser.actions.done" Button
    t =   269.50s     Wait for app.ahoibrowser.AhoiBrowser to idle
    t =   269.50s     Find the "browser.actions.done" Button
    t =   269.56s     Check for interrupting elements affecting "browser.actions.done" Button
    t =   269.60s     Synthesize event
    t =   269.90s     Wait for app.ahoibrowser.AhoiBrowser to idle
    t =   270.29s Waiting 10.0s for "browser.actions.done" Button to not exist
    t =   271.33s     Checking `Expect predicate `existsNoRetry == 0` for object "browser.actions.done" Button`
    t =   271.33s         Checking existence of `"browser.actions.done" Button`
    t =   271.36s Terminate app.ahoibrowser.AhoiBrowser:59538
    t =   272.43s Tear Down
Test Case '-[AhoiMobileUITests.MobileSavedPageHomeUITests testSavedPageHomeAddressReturnSetAndRestore]' passed (272.812 seconds).
Test Suite 'MobileSavedPageHomeUITests' passed at 2026-10-05 11:13:19.825.
	 Executed 1 test, with 0 failures (0 unexpected) in 272.812 (272.817) seconds
Test Suite 'AhoiMobileUITests.xctest' passed at 2026-10-05 11:13:19.826.
	 Executed 1 test, with 0 failures (0 unexpected) in 272.812 (272.818) seconds
Test Suite 'Selected tests' passed at 2026-10-05 11:13:19.826.
	 Executed 1 test, with 0 failures (0 unexpected) in 272.812 (272.818) seconds
2026-10-05 11:13:20.141 xcodebuild[55687:10544670] [MT] IDETestOperationsObserverDebug: 277.377 elapsed -- Testing started completed.
2026-10-05 11:13:20.141 xcodebuild[55687:10544670] [MT] IDETestOperationsObserverDebug: 0.000 sec, +0.000 sec -- start
2026-10-05 11:13:20.141 xcodebuild[55687:10544670] [MT] IDETestOperationsObserverDebug: 277.377 sec, +277.377 sec -- end

Test session results, code coverage, and logs:
	/Volumes/Daten/Inhouse/Scratch/ahoi-mobile-focus-e27dd243/home-ui.xcresult

** TEST EXECUTE SUCCEEDED **

Testing started
