Command line invocation:
    /Applications/Xcode.app/Contents/Developer/usr/bin/xcodebuild test-without-building -xctestrun /Volumes/Daten/Inhouse/Scratch/ahoi-mobile-home-01a0e047-20261004/DerivedData/Build/Products/AhoiMobile_home_exact_candidate.xctestrun -destination "platform=iOS Simulator,id=A058D204-F3CB-44B7-963C-1F785132EF8B" -parallel-testing-enabled NO "-only-testing:AhoiMobileUITests/MobileSavedPageHomeUITests/testSavedPageHomeAddressReturnSetAndRestore" -resultBundlePath /Volumes/Daten/Inhouse/Scratch/ahoi-mobile-home-01a0e047-20261004/home-ui-rerun2-20261005.xcresult -test-timeouts-enabled YES -default-test-execution-time-allowance 240 -collect-test-diagnostics never

Writing result bundle at path:
	/Volumes/Daten/Inhouse/Scratch/ahoi-mobile-home-01a0e047-20261004/home-ui-rerun2-20261005.xcresult

2026-10-05 11:01:57.260293+0200 AhoiMobileUITests-Runner[42515:10469007] [Default] Running tests...
    t =      nans Interface orientation changed to Portrait
Test Suite 'Selected tests' started at 2026-10-05 11:02:00.550.
Test Suite 'AhoiMobileUITests.xctest' started at 2026-10-05 11:02:00.551.
Test Suite 'MobileSavedPageHomeUITests' started at 2026-10-05 11:02:00.551.
Test Case '-[AhoiMobileUITests.MobileSavedPageHomeUITests testSavedPageHomeAddressReturnSetAndRestore]' started.
    t =     0.01s Start Test at 2026-10-05 11:02:00.560
    t =     0.06s Set Up
    t =     0.10s Terminate app.ahoibrowser.AhoiBrowser:0
    t =     0.10s Open app.ahoibrowser.AhoiBrowser
    t =     0.10s     Launch app.ahoibrowser.AhoiBrowser
2026-10-05 11:02:01.078 xcodebuild[42251:10468203] [MT] IDELaunchParametersSnapshot: debugger version lookup failed for path '<nil>': noURL
2026-10-05 11:02:01.079 xcodebuild[42251:10468203] [MT] IDELaunchParametersSnapshot: no debugger version
objc[42515]: Class UIAccessibilityLoaderWebShared is implemented in both /private/var/run/com.apple.security.cryptexd/mnt/com.apple.iPhoneOS.SimulatorRuntime-v24.1.434.0.BFpCaZ/Library/Developer/CoreSimulator/Profiles/Runtimes/iOS 27.0.simruntime/Contents/Resources/RuntimeRoot/System/Library/AccessibilityBundles/WebKit.axbundle/WebKit (0x105bbc398) and /private/var/run/com.apple.security.cryptexd/mnt/com.apple.iPhoneOS.SimulatorRuntime-v24.1.434.0.BFpCaZ/Library/Developer/CoreSimulator/Profiles/Runtimes/iOS 27.0.simruntime/Contents/Resources/RuntimeRoot/System/Library/AccessibilityBundles/WebCore.axbundle/WebCore (0x1060e0310). This may cause spurious casting failures and mysterious crashes. One of the duplicates must be removed or renamed.
    t =     1.21s         Setting up automation session
    t =     3.87s         Wait for app.ahoibrowser.AhoiBrowser to idle
    t =     6.48s Waiting 8.0s for Button (First Match) to exist
    t =     7.54s     Checking `Expect predicate `existsNoRetry == 1` for object Button (First Match)`
    t =     7.54s         Checking existence of `Button (First Match)`
    t =     7.59s Waiting 5.0s for "browser.e2e.candidate-binding" Any to exist
    t =     8.66s     Checking `Expect predicate `existsNoRetry == 1` for object "browser.e2e.candidate-binding" Any`
    t =     8.66s         Checking existence of `"browser.e2e.candidate-binding" Any`
    t =     8.72s Find the "browser.e2e.candidate-binding" Any
    t =     8.73s Waiting 10.0s for "browser.more" Button to exist
    t =     9.80s     Checking `Expect predicate `existsNoRetry == 1` for object "browser.more" Button`
    t =     9.80s         Checking existence of `"browser.more" Button`
    t =    10.89s Checking `Expect predicate `hittable == 1` for object "browser.more" Button`
    t =    10.89s     Find the "browser.more" Button
    t =    10.93s Tap "browser.more" Button
    t =    10.93s     Wait for app.ahoibrowser.AhoiBrowser to idle
    t =    10.93s     Find the "browser.more" Button
    t =    10.94s     Check for interrupting elements affecting "browser.more" Button
    t =    10.96s     Synthesize event
    t =    11.26s     Wait for app.ahoibrowser.AhoiBrowser to idle
    t =    11.63s Waiting 10.0s for "browser.actions.new-tab" Button to exist
    t =    12.70s     Checking `Expect predicate `existsNoRetry == 1` for object "browser.actions.new-tab" Button`
    t =    12.70s         Checking existence of `"browser.actions.new-tab" Button`
    t =    13.84s Checking `Expect predicate `hittable == 1` for object "browser.actions.new-tab" Button`
    t =    13.84s     Find the "browser.actions.new-tab" Button
    t =    13.89s Tap "browser.actions.new-tab" Button
    t =    13.89s     Wait for app.ahoibrowser.AhoiBrowser to idle
    t =    13.90s     Find the "browser.actions.new-tab" Button
    t =    13.94s     Check for interrupting elements affecting "browser.actions.new-tab" Button
    t =    13.97s     Synthesize event
    t =    14.26s     Wait for app.ahoibrowser.AhoiBrowser to idle
    t =    14.66s Waiting 10.0s for "browser.focus-voyage.header" Any to exist
    t =    15.72s     Checking `Expect predicate `existsNoRetry == 1` for object "browser.focus-voyage.header" Any`
    t =    15.72s         Checking existence of `"browser.focus-voyage.header" Any`
    t =    15.74s Waiting 10.0s for "browser.address" Button to exist
    t =    16.81s     Checking `Expect predicate `existsNoRetry == 1` for object "browser.address" Button`
    t =    16.81s         Checking existence of `"browser.address" Button`
    t =    16.83s Tap "browser.address" Button
    t =    16.83s     Wait for app.ahoibrowser.AhoiBrowser to idle
    t =    16.83s     Find the "browser.address" Button
    t =    16.85s     Check for interrupting elements affecting "browser.address" Button
    t =    16.86s     Synthesize event
    t =    17.16s     Wait for app.ahoibrowser.AhoiBrowser to idle
    t =    18.02s Waiting 10.0s for "browser.address.field" TextField to exist
    t =    19.09s     Checking `Expect predicate `existsNoRetry == 1` for object "browser.address.field" TextField`
    t =    19.09s         Checking existence of `"browser.address.field" TextField`
    t =    20.22s Checking `Expect predicate `hittable == 1` for object "browser.address.field" TextField`
    t =    20.22s     Find the "browser.address.field" TextField
    t =    20.28s Waiting 1.0s for "browser.address.clear" Button to exist
    t =    21.29s     Checking `Expect predicate `existsNoRetry == 1` for object "browser.address.clear" Button`
    t =    21.29s         Checking existence of `"browser.address.clear" Button`
    t =    21.33s         Capturing element debug description
    t =    21.33s     Checking existence of `"browser.address.clear" Button`
    t =    21.37s Collecting debug information to assist test failure triage
    t =    21.37s     Requesting snapshot of accessibility hierarchy for app with pid 43545
    t =    21.44s Waiting 2.0s for "browser.address.field" TextField to exist
    t =    22.50s     Checking `Expect predicate `existsNoRetry == 1` for object "browser.address.field" TextField`
    t =    22.50s         Checking existence of `"browser.address.field" TextField`
    t =    23.60s Checking `Expect predicate `hittable == 1` for object "browser.address.field" TextField`
    t =    23.60s     Find the "browser.address.field" TextField
    t =    23.67s Find the "browser.address.field" TextField
    t =    23.72s Find the "browser.address.field" TextField
    t =    23.76s Waiting 2.0s for "browser.address.field" TextField to exist
    t =    24.83s     Checking `Expect predicate `existsNoRetry == 1` for object "browser.address.field" TextField`
    t =    24.83s         Checking existence of `"browser.address.field" TextField`
    t =    25.95s Checking `Expect predicate `hittable == 1` for object "browser.address.field" TextField`
    t =    25.95s     Find the "browser.address.field" TextField
    t =    26.01s Tap "browser.address.field" TextField
    t =    26.01s     Wait for app.ahoibrowser.AhoiBrowser to idle
    t =    26.02s     Find the "browser.address.field" TextField
    t =    26.08s     Check for interrupting elements affecting "browser.address.field" TextField
    t =    26.12s     Synthesize event
    t =    26.42s     Wait for app.ahoibrowser.AhoiBrowser to idle
    t =    26.57s Type 'https://example.co...' into "browser.address.field" TextField
    t =    26.57s     Wait for app.ahoibrowser.AhoiBrowser to idle
    t =    26.96s     Find the "browser.address.field" TextField
    t =    27.01s     Check for interrupting elements affecting "browser.address.field" TextField
    t =    27.05s     Synthesize event
    t =    27.93s     Wait for app.ahoibrowser.AhoiBrowser to idle
    t =    27.93s Checking existence of `"browser.address.field" TextField`
    t =    27.98s Find the "browser.address.field" TextField
    t =    28.02s Find the "browser.address.field" TextField
    t =    28.11s Checking existence of `"browser.address.field" TextField`
    t =    28.15s Find the "browser.address.field" TextField
    t =    28.19s Find the "browser.address.field" TextField
    t =    28.27s Checking existence of `"browser.address.field" TextField`
    t =    28.31s Find the "browser.address.field" TextField
    t =    28.37s Find the "browser.address.field" TextField
    t =    28.47s Checking existence of `"browser.address.field" TextField`
    t =    28.50s Find the "browser.address.field" TextField
    t =    28.55s Find the "browser.address.field" TextField
    t =    28.64s Checking existence of `"browser.address.field" TextField`
    t =    28.69s Find the "browser.address.field" TextField
    t =    28.73s Find the "browser.address.field" TextField
    t =    28.83s Checking existence of `"browser.address.field" TextField`
    t =    28.95s Find the "browser.address.field" TextField
    t =    28.98s Find the "browser.address.field" TextField
    t =    29.08s Checking existence of `"browser.address.field" TextField`
    t =    29.12s Find the "browser.address.field" TextField
    t =    29.16s Find the "browser.address.field" TextField
    t =    29.26s Checking existence of `"browser.address.field" TextField`
    t =    29.30s Find the "browser.address.field" TextField
    t =    29.35s Find the "browser.address.field" TextField
    t =    29.45s Checking existence of `"browser.address.field" TextField`
    t =    29.49s Find the "browser.address.field" TextField
    t =    29.53s Find the "browser.address.field" TextField
    t =    29.62s Checking existence of `"browser.address.field" TextField`
    t =    29.66s Find the "browser.address.field" TextField
    t =    29.69s Find the "browser.address.field" TextField
    t =    29.79s Checking existence of `"browser.address.field" TextField`
    t =    29.83s Find the "browser.address.field" TextField
    t =    29.86s Find the "browser.address.field" TextField
    t =    29.96s Checking existence of `"browser.address.field" TextField`
    t =    30.00s Find the "browser.address.field" TextField
    t =    30.04s Find the "browser.address.field" TextField
    t =    30.14s Checking existence of `"browser.address.field" TextField`
    t =    30.17s Find the "browser.address.field" TextField
    t =    30.21s Find the "browser.address.field" TextField
    t =    30.30s Checking existence of `"browser.address.field" TextField`
    t =    30.33s Find the "browser.address.field" TextField
    t =    30.37s Find the "browser.address.field" TextField
    t =    30.47s Checking existence of `"browser.address.field" TextField`
    t =    30.50s Find the "browser.address.field" TextField
    t =    30.54s Find the "browser.address.field" TextField
    t =    30.64s Checking existence of `"browser.address.field" TextField`
    t =    30.68s Find the "browser.address.field" TextField
    t =    30.72s Find the "browser.address.field" TextField
    t =    30.82s Checking existence of `"browser.address.field" TextField`
    t =    30.85s Find the "browser.address.field" TextField
    t =    30.89s Find the "browser.address.field" TextField
    t =    30.99s Checking existence of `"browser.address.field" TextField`
    t =    31.02s Find the "browser.address.field" TextField
    t =    31.07s Find the "browser.address.field" TextField
    t =    31.12s Waiting 1.0s for "browser.address.clear" Button to exist
    t =    32.12s     Checking `Expect predicate `existsNoRetry == 1` for object "browser.address.clear" Button`
    t =    32.12s         Checking existence of `"browser.address.clear" Button`
    t =    32.16s     Checking existence of `"browser.address.clear" Button`
    t =    32.20s Waiting 2.0s for "browser.address.clear" Button to exist
    t =    33.25s     Checking `Expect predicate `existsNoRetry == 1` for object "browser.address.clear" Button`
    t =    33.25s         Checking existence of `"browser.address.clear" Button`
    t =    34.36s Checking `Expect predicate `hittable == 1` for object "browser.address.clear" Button`
    t =    34.36s     Find the "browser.address.clear" Button
    t =    34.42s Tap "browser.address.clear" Button
    t =    34.42s     Wait for app.ahoibrowser.AhoiBrowser to idle
    t =    34.42s     Find the "browser.address.clear" Button
    t =    34.47s     Check for interrupting elements affecting "browser.address.clear" Button
    t =    34.50s     Synthesize event
    t =    34.80s     Wait for app.ahoibrowser.AhoiBrowser to idle
    t =    34.83s Waiting 2.0s for "browser.address.clear" Button to not exist
    t =    35.89s     Checking `Expect predicate `existsNoRetry == 0` for object "browser.address.clear" Button`
    t =    35.89s         Checking existence of `"browser.address.clear" Button`
    t =    35.94s Waiting 2.0s for "browser.address.field" TextField to exist
    t =    37.02s     Checking `Expect predicate `existsNoRetry == 1` for object "browser.address.field" TextField`
    t =    37.03s         Checking existence of `"browser.address.field" TextField`
    t =    38.11s Checking `Expect predicate `hittable == 1` for object "browser.address.field" TextField`
    t =    38.11s     Find the "browser.address.field" TextField
    t =    38.19s Find the "browser.address.field" TextField
    t =    38.24s Find the "browser.address.field" TextField
    t =    38.30s Waiting 5.0s for "browser.address.field" TextField to exist
    t =    39.35s     Checking `Expect predicate `existsNoRetry == 1` for object "browser.address.field" TextField`
    t =    39.35s         Checking existence of `"browser.address.field" TextField`
    t =    40.47s Checking `Expect predicate `hittable == 1` for object "browser.address.field" TextField`
    t =    40.47s     Find the "browser.address.field" TextField
    t =    40.53s Tap "browser.address.field" TextField
    t =    40.53s     Wait for app.ahoibrowser.AhoiBrowser to idle
    t =    40.53s     Find the "browser.address.field" TextField
    t =    40.58s     Check for interrupting elements affecting "browser.address.field" TextField
    t =    40.62s     Synthesize event
    t =    40.92s     Wait for app.ahoibrowser.AhoiBrowser to idle
    t =    40.94s Waiting 4.0s for "browser.address.field" TextField to exist
    t =    41.99s     Checking `Expect predicate `existsNoRetry == 1` for object "browser.address.field" TextField`
    t =    41.99s         Checking existence of `"browser.address.field" TextField`
    t =    43.10s Checking `Expect predicate `hittable == 1` for object "browser.address.field" TextField`
    t =    43.10s     Find the "browser.address.field" TextField
    t =    43.17s Type 'ht' into "browser.address.field" TextField
    t =    43.17s     Wait for app.ahoibrowser.AhoiBrowser to idle
    t =    43.17s     Find the "browser.address.field" TextField
    t =    43.23s     Check for interrupting elements affecting "browser.address.field" TextField
    t =    43.27s     Synthesize event
    t =    43.52s     Wait for app.ahoibrowser.AhoiBrowser to idle
    t =    43.87s Checking existence of `"browser.address.field" TextField`
    t =    43.91s Find the "browser.address.field" TextField
    t =    43.95s Find the "browser.address.field" TextField
    t =    44.05s Checking existence of `"browser.address.field" TextField`
    t =    44.10s Find the "browser.address.field" TextField
    t =    44.14s Find the "browser.address.field" TextField
    t =    44.24s Checking existence of `"browser.address.field" TextField`
    t =    44.29s Find the "browser.address.field" TextField
    t =    44.33s Find the "browser.address.field" TextField
    t =    44.43s Checking existence of `"browser.address.field" TextField`
    t =    44.55s Find the "browser.address.field" TextField
    t =    44.59s Find the "browser.address.field" TextField
    t =    44.68s Checking existence of `"browser.address.field" TextField`
    t =    44.72s Find the "browser.address.field" TextField
    t =    44.76s Find the "browser.address.field" TextField
    t =    44.86s Checking existence of `"browser.address.field" TextField`
    t =    44.91s Find the "browser.address.field" TextField
    t =    44.97s Find the "browser.address.field" TextField
    t =    45.08s Checking existence of `"browser.address.field" TextField`
    t =    45.12s Find the "browser.address.field" TextField
    t =    45.16s Find the "browser.address.field" TextField
    t =    45.26s Checking existence of `"browser.address.field" TextField`
    t =    45.30s Find the "browser.address.field" TextField
    t =    45.34s Find the "browser.address.field" TextField
    t =    45.44s Checking existence of `"browser.address.field" TextField`
    t =    45.48s Find the "browser.address.field" TextField
    t =    45.52s Find the "browser.address.field" TextField
    t =    45.61s Checking existence of `"browser.address.field" TextField`
    t =    45.65s Find the "browser.address.field" TextField
    t =    45.69s Find the "browser.address.field" TextField
    t =    45.79s Checking existence of `"browser.address.field" TextField`
    t =    45.83s Find the "browser.address.field" TextField
    t =    45.87s Find the "browser.address.field" TextField
    t =    45.97s Checking existence of `"browser.address.field" TextField`
    t =    46.01s Find the "browser.address.field" TextField
    t =    46.05s Find the "browser.address.field" TextField
    t =    46.14s Checking existence of `"browser.address.field" TextField`
    t =    46.19s Find the "browser.address.field" TextField
    t =    46.22s Find the "browser.address.field" TextField
    t =    46.31s Checking existence of `"browser.address.field" TextField`
    t =    46.35s Find the "browser.address.field" TextField
    t =    46.40s Find the "browser.address.field" TextField
    t =    46.50s Checking existence of `"browser.address.field" TextField`
    t =    46.57s Find the "browser.address.field" TextField
    t =    46.62s Find the "browser.address.field" TextField
    t =    46.72s Checking existence of `"browser.address.field" TextField`
    t =    46.78s Find the "browser.address.field" TextField
    t =    46.83s Find the "browser.address.field" TextField
    t =    46.93s Checking existence of `"browser.address.field" TextField`
    t =    47.01s Find the "browser.address.field" TextField
    t =    47.06s Find the "browser.address.field" TextField
    t =    47.11s Find the "browser.address.field" TextField
    t =    47.15s Find the "browser.address.field" TextField
/Users/vossmedien/inhouse/Projekte/Apps/Plattformuebergreifend/AhoiBrowser/.work/agent-queue/repo78-release-root-cc8bef2b/apps/AhoiMobile/Tests/AhoiMobileUITests/MobileBrowserRealE2ETestSupport.swift:271: error: -[AhoiMobileUITests.MobileSavedPageHomeUITests testSavedPageHomeAddressReturnSetAndRestore] : failed - The address retry lost input after prefix ht. Actual value: h.
    t =    47.28s Tear Down
Test Case '-[AhoiMobileUITests.MobileSavedPageHomeUITests testSavedPageHomeAddressReturnSetAndRestore]' failed (47.586 seconds).
Test Suite 'MobileSavedPageHomeUITests' failed at 2026-10-05 11:02:48.146.
	 Executed 1 test, with 1 failure (0 unexpected) in 47.586 (47.595) seconds
Test Suite 'AhoiMobileUITests.xctest' failed at 2026-10-05 11:02:48.148.
	 Executed 1 test, with 1 failure (0 unexpected) in 47.586 (47.597) seconds
Test Suite 'Selected tests' failed at 2026-10-05 11:02:48.149.
	 Executed 1 test, with 1 failure (0 unexpected) in 47.586 (47.599) seconds
2026-10-05 11:02:48.693 xcodebuild[42251:10468203] [MT] IDETestOperationsObserverDebug: 52.958 elapsed -- Testing started completed.
2026-10-05 11:02:48.697 xcodebuild[42251:10468203] [MT] IDETestOperationsObserverDebug: 0.000 sec, +0.000 sec -- start
2026-10-05 11:02:48.697 xcodebuild[42251:10468203] [MT] IDETestOperationsObserverDebug: 52.958 sec, +52.958 sec -- end

Test session results, code coverage, and logs:
	/Volumes/Daten/Inhouse/Scratch/ahoi-mobile-home-01a0e047-20261004/home-ui-rerun2-20261005.xcresult

Failing tests:
	MobileSavedPageHomeUITests.testSavedPageHomeAddressReturnSetAndRestore()

** TEST EXECUTE FAILED **

Testing started
