objc[1745]: Class ANGLESwapCGLLayer is implemented in both /Applications/AhoiBrowser.app/Contents/Frameworks/libblink_modules.dylib (0x1427a0a50) and /Applications/AhoiBrowser.app/Contents/Frameworks/libgl_init.dylib (0x127878a50). This may cause spurious casting failures and mysterious crashes. One of the duplicates must be removed or renamed.
objc[1745]: Class CrashpadHTTPBodyStreamTransport is implemented in both /Applications/AhoiBrowser.app/Contents/Frameworks/libbrowser_ui_views.dylib (0x110974188) and /Applications/AhoiBrowser.app/Contents/Frameworks/libchrome_dll.dylib (0x117476430). This may cause spurious casting failures and mysterious crashes. One of the duplicates must be removed or renamed.
[1745:27996321:0925/220015.936417:ERROR:chrome/browser/mac/code_sign_clone_manager.mm:98] error removing quarantine attribute "/var/folders/zn/wn74lz2s2bsfp734gbqytmpr0000gn/X/"
[1745:27996321:0925/220015.963431:ERROR:chrome/browser/mac/code_sign_clone_manager.mm:98] error removing quarantine attribute "/var/folders/zn/wn74lz2s2bsfp734gbqytmpr0000gn/X/"

DevTools listening on ws://127.0.0.1:9345/devtools/browser/11adac9a-2c21-42c6-b822-cc3f35249ed0
[1745:27989755:0925/220016.684918:ERROR:ahoi/browser/updater/sparkle_runtime_mac.mm:148] Ahoi updater disabled (fail closed): missing-feed-url
objc[3205]: Class ANGLESwapCGLLayer is implemented in both /Applications/AhoiBrowser.app/Contents/Frameworks/libblink_modules.dylib (0x142680a50) and /Applications/AhoiBrowser.app/Contents/Frameworks/libgl_init.dylib (0x127758a50). This may cause spurious casting failures and mysterious crashes. One of the duplicates must be removed or renamed.
objc[3205]: Class CrashpadHTTPBodyStreamTransport is implemented in both /Applications/AhoiBrowser.app/Contents/Frameworks/libbrowser_ui_views.dylib (0x11e718188) and /Applications/AhoiBrowser.app/Contents/Frameworks/libchrome_dll.dylib (0x117356430). This may cause spurious casting failures and mysterious crashes. One of the duplicates must be removed or renamed.
objc[3233]: Class ANGLESwapCGLLayer is implemented in both /Applications/AhoiBrowser.app/Contents/Frameworks/libblink_modules.dylib (0x141ae8a50) and /Applications/AhoiBrowser.app/Contents/Frameworks/libgl_init.dylib (0x126bc0a50). This may cause spurious casting failures and mysterious crashes. One of the duplicates must be removed or renamed.
objc[3233]: Class CrashpadHTTPBodyStreamTransport is implemented in both /Applications/AhoiBrowser.app/Contents/Frameworks/libbrowser_ui_views.dylib (0x10fc68188) and /Applications/AhoiBrowser.app/Contents/Frameworks/libchrome_dll.dylib (0x1167be430). This may cause spurious casting failures and mysterious crashes. One of the duplicates must be removed or renamed.
objc[3206]: Class ANGLESwapCGLLayer is implemented in both /Applications/AhoiBrowser.app/Contents/Frameworks/libblink_modules.dylib (0x1424f0a50) and /Applications/AhoiBrowser.app/Contents/Frameworks/libgl_init.dylib (0x1275c8a50). This may cause spurious casting failures and mysterious crashes. One of the duplicates must be removed or renamed.
objc[3206]: Class CrashpadHTTPBodyStreamTransport is implemented in both /Applications/AhoiBrowser.app/Contents/Frameworks/libbrowser_ui_views.dylib (0x11e588188) and /Applications/AhoiBrowser.app/Contents/Frameworks/libchrome_dll.dylib (0x1171c6430). This may cause spurious casting failures and mysterious crashes. One of the duplicates must be removed or renamed.
objc[3200]: Class ANGLESwapCGLLayer is implemented in both /Applications/AhoiBrowser.app/Contents/Frameworks/libblink_modules.dylib (0x140618a50) and /Applications/AhoiBrowser.app/Contents/Frameworks/libgl_init.dylib (0x1256f0a50). This may cause spurious casting failures and mysterious crashes. One of the duplicates must be removed or renamed.
objc[3200]: Class CrashpadHTTPBodyStreamTransport is implemented in both /Applications/AhoiBrowser.app/Contents/Frameworks/libbrowser_ui_views.dylib (0x11c6b0188) and /Applications/AhoiBrowser.app/Contents/Frameworks/libchrome_dll.dylib (0x1152ee430). This may cause spurious casting failures and mysterious crashes. One of the duplicates must be removed or renamed.
objc[3234]: Class ANGLESwapCGLLayer is implemented in both /Applications/AhoiBrowser.app/Contents/Frameworks/libblink_modules.dylib (0x13fdaca50) and /Applications/AhoiBrowser.app/Contents/Frameworks/libgl_init.dylib (0x124e84a50). This may cause spurious casting failures and mysterious crashes. One of the duplicates must be removed or renamed.
objc[3234]: Class CrashpadHTTPBodyStreamTransport is implemented in both /Applications/AhoiBrowser.app/Contents/Frameworks/libbrowser_ui_views.dylib (0x11bb4c188) and /Applications/AhoiBrowser.app/Contents/Frameworks/libchrome_dll.dylib (0x114a82430). This may cause spurious casting failures and mysterious crashes. One of the duplicates must be removed or renamed.
objc[3201]: Class ANGLESwapCGLLayer is implemented in both /Applications/AhoiBrowser.app/Contents/Frameworks/libblink_modules.dylib (0x144270a50) and /Applications/AhoiBrowser.app/Contents/Frameworks/libgl_init.dylib (0x129348a50). This may cause spurious casting failures and mysterious crashes. One of the duplicates must be removed or renamed.
objc[3201]: Class CrashpadHTTPBodyStreamTransport is implemented in both /Applications/AhoiBrowser.app/Contents/Frameworks/libbrowser_ui_views.dylib (0x120390188) and /Applications/AhoiBrowser.app/Contents/Frameworks/libchrome_dll.dylib (0x118f46430). This may cause spurious casting failures and mysterious crashes. One of the duplicates must be removed or renamed.
objc[3232]: Class ANGLESwapCGLLayer is implemented in both /Applications/AhoiBrowser.app/Contents/Frameworks/libblink_modules.dylib (0x1404a0a50) and /Applications/AhoiBrowser.app/Contents/Frameworks/libgl_init.dylib (0x125578a50). This may cause spurious casting failures and mysterious crashes. One of the duplicates must be removed or renamed.
objc[3232]: Class CrashpadHTTPBodyStreamTransport is implemented in both /Applications/AhoiBrowser.app/Contents/Frameworks/libbrowser_ui_views.dylib (0x10e600188) and /Applications/AhoiBrowser.app/Contents/Frameworks/libchrome_dll.dylib (0x115176430). This may cause spurious casting failures and mysterious crashes. One of the duplicates must be removed or renamed.
[3200:28004305:0925/220140.231516:ERROR:components/viz/service/surfaces/surface_manager.cc:479] Old/orphaned temporary reference to SurfaceId(FrameSinkId[DelegatedFrameHost](6, 3), LocalSurfaceId(2, 2, 52C0...))
[1745:27996351:0925/220146.963722:ERROR:base/process/process_mac.cc:53] task_policy_set TASK_CATEGORY_POLICY: (os/kern) invalid argument (4)
[1745:27996351:0925/220146.963766:ERROR:base/process/process_mac.cc:98] task_policy_set TASK_SUPPRESSION_POLICY: (os/kern) invalid argument (4)
[1745:27989755:0925/220153.868292:ERROR:base/process/kill_posix.cc:33] waitpid(3201): No child processes (10)
