objc[47614]: Class ANGLESwapCGLLayer is implemented in both /Applications/AhoiBrowser.app/Contents/Frameworks/libblink_modules.dylib (0x141e58a50) and /Applications/AhoiBrowser.app/Contents/Frameworks/libgl_init.dylib (0x126f30a50). This may cause spurious casting failures and mysterious crashes. One of the duplicates must be removed or renamed.
objc[47614]: Class CrashpadHTTPBodyStreamTransport is implemented in both /Applications/AhoiBrowser.app/Contents/Frameworks/libbrowser_ui_views.dylib (0x10ffb4188) and /Applications/AhoiBrowser.app/Contents/Frameworks/libchrome_dll.dylib (0x116b22430). This may cause spurious casting failures and mysterious crashes. One of the duplicates must be removed or renamed.
[47614:31223520:0926/031029.594111:ERROR:chrome/browser/mac/code_sign_clone_manager.mm:98] error removing quarantine attribute "/var/folders/zn/wn74lz2s2bsfp734gbqytmpr0000gn/X/"
[47614:31223520:0926/031029.616102:ERROR:chrome/browser/mac/code_sign_clone_manager.mm:98] error removing quarantine attribute "/var/folders/zn/wn74lz2s2bsfp734gbqytmpr0000gn/X/"

DevTools listening on ws://127.0.0.1:9379/devtools/browser/9b52b6e6-de41-4211-8323-837b2dcbf77e
[47614:31223333:0926/031030.375873:ERROR:ahoi/browser/updater/sparkle_runtime_mac.mm:148] Ahoi updater disabled (fail closed): missing-feed-url
objc[47638]: Class ANGLESwapCGLLayer is implemented in both /Applications/AhoiBrowser.app/Contents/Frameworks/libblink_modules.dylib (0x1406a8a50) and /Applications/AhoiBrowser.app/Contents/Frameworks/libgl_init.dylib (0x125780a50). This may cause spurious casting failures and mysterious crashes. One of the duplicates must be removed or renamed.
objc[47638]: Class CrashpadHTTPBodyStreamTransport is implemented in both /Applications/AhoiBrowser.app/Contents/Frameworks/libbrowser_ui_views.dylib (0x10e980188) and /Applications/AhoiBrowser.app/Contents/Frameworks/libchrome_dll.dylib (0x115372430). This may cause spurious casting failures and mysterious crashes. One of the duplicates must be removed or renamed.
objc[47639]: Class ANGLESwapCGLLayer is implemented in both /Applications/AhoiBrowser.app/Contents/Frameworks/libblink_modules.dylib (0x140418a50) and /Applications/AhoiBrowser.app/Contents/Frameworks/libgl_init.dylib (0x1254f0a50). This may cause spurious casting failures and mysterious crashes. One of the duplicates must be removed or renamed.
objc[47639]: Class CrashpadHTTPBodyStreamTransport is implemented in both /Applications/AhoiBrowser.app/Contents/Frameworks/libbrowser_ui_views.dylib (0x11caec188) and /Applications/AhoiBrowser.app/Contents/Frameworks/libchrome_dll.dylib (0x1150e2430). This may cause spurious casting failures and mysterious crashes. One of the duplicates must be removed or renamed.
objc[47640]: Class ANGLESwapCGLLayer is implemented in both /Applications/AhoiBrowser.app/Contents/Frameworks/libblink_modules.dylib (0x13fc60a50) and /Applications/AhoiBrowser.app/Contents/Frameworks/libgl_init.dylib (0x124d38a50). This may cause spurious casting failures and mysterious crashes. One of the duplicates must be removed or renamed.
objc[47640]: Class CrashpadHTTPBodyStreamTransport is implemented in both /Applications/AhoiBrowser.app/Contents/Frameworks/libbrowser_ui_views.dylib (0x11c334188) and /Applications/AhoiBrowser.app/Contents/Frameworks/libchrome_dll.dylib (0x11492a430). This may cause spurious casting failures and mysterious crashes. One of the duplicates must be removed or renamed.
objc[47641]: Class ANGLESwapCGLLayer is implemented in both /Applications/AhoiBrowser.app/Contents/Frameworks/libblink_modules.dylib (0x1423b8a50) and /Applications/AhoiBrowser.app/Contents/Frameworks/libgl_init.dylib (0x127490a50). This may cause spurious casting failures and mysterious crashes. One of the duplicates must be removed or renamed.
objc[47641]: Class CrashpadHTTPBodyStreamTransport is implemented in both /Applications/AhoiBrowser.app/Contents/Frameworks/libbrowser_ui_views.dylib (0x11e054188) and /Applications/AhoiBrowser.app/Contents/Frameworks/libchrome_dll.dylib (0x117082430). This may cause spurious casting failures and mysterious crashes. One of the duplicates must be removed or renamed.
objc[47642]: Class ANGLESwapCGLLayer is implemented in both /Applications/AhoiBrowser.app/Contents/Frameworks/libblink_modules.dylib (0x1421d4a50) and /Applications/AhoiBrowser.app/Contents/Frameworks/libgl_init.dylib (0x1272aca50). This may cause spurious casting failures and mysterious crashes. One of the duplicates must be removed or renamed.
objc[47642]: Class CrashpadHTTPBodyStreamTransport is implemented in both /Applications/AhoiBrowser.app/Contents/Frameworks/libbrowser_ui_views.dylib (0x11e8a8188) and /Applications/AhoiBrowser.app/Contents/Frameworks/libchrome_dll.dylib (0x116e9e430). This may cause spurious casting failures and mysterious crashes. One of the duplicates must be removed or renamed.
objc[47645]: Class ANGLESwapCGLLayer is implemented in both /Applications/AhoiBrowser.app/Contents/Frameworks/libblink_modules.dylib (0x1440b0a50) and /Applications/AhoiBrowser.app/Contents/Frameworks/libgl_init.dylib (0x129188a50). This may cause spurious casting failures and mysterious crashes. One of the duplicates must be removed or renamed.
objc[47645]: Class CrashpadHTTPBodyStreamTransport is implemented in both /Applications/AhoiBrowser.app/Contents/Frameworks/libbrowser_ui_views.dylib (0x11fdc8188) and /Applications/AhoiBrowser.app/Contents/Frameworks/libchrome_dll.dylib (0x118d7a430). This may cause spurious casting failures and mysterious crashes. One of the duplicates must be removed or renamed.
objc[47644]: Class ANGLESwapCGLLayer is implemented in both /Applications/AhoiBrowser.app/Contents/Frameworks/libblink_modules.dylib (0x144578a50) and /Applications/AhoiBrowser.app/Contents/Frameworks/libgl_init.dylib (0x129650a50). This may cause spurious casting failures and mysterious crashes. One of the duplicates must be removed or renamed.
objc[47644]: Class CrashpadHTTPBodyStreamTransport is implemented in both /Applications/AhoiBrowser.app/Contents/Frameworks/libbrowser_ui_views.dylib (0x120214188) and /Applications/AhoiBrowser.app/Contents/Frameworks/libchrome_dll.dylib (0x119242430). This may cause spurious casting failures and mysterious crashes. One of the duplicates must be removed or renamed.
[47614:31223333:0926/031036.531468:ERROR:chrome/browser/ui/webui/ntp/new_tab_ui.cc:54] Requested load of chrome://newtab/ for incorrect profile type.
objc[47684]: Class ANGLESwapCGLLayer is implemented in both /Applications/AhoiBrowser.app/Contents/Frameworks/libblink_modules.dylib (0x143a44a50) and /Applications/AhoiBrowser.app/Contents/Frameworks/libgl_init.dylib (0x128b1ca50). This may cause spurious casting failures and mysterious crashes. One of the duplicates must be removed or renamed.
objc[47684]: Class CrashpadHTTPBodyStreamTransport is implemented in both /Applications/AhoiBrowser.app/Contents/Frameworks/libbrowser_ui_views.dylib (0x11f6e0188) and /Applications/AhoiBrowser.app/Contents/Frameworks/libchrome_dll.dylib (0x11870e430). This may cause spurious casting failures and mysterious crashes. One of the duplicates must be removed or renamed.
objc[47695]: Class ANGLESwapCGLLayer is implemented in both /Applications/AhoiBrowser.app/Contents/Frameworks/libblink_modules.dylib (0x14212ca50) and /Applications/AhoiBrowser.app/Contents/Frameworks/libgl_init.dylib (0x127204a50). This may cause spurious casting failures and mysterious crashes. One of the duplicates must be removed or renamed.
objc[47695]: Class CrashpadHTTPBodyStreamTransport is implemented in both /Applications/AhoiBrowser.app/Contents/Frameworks/libbrowser_ui_views.dylib (0x1102a0188) and /Applications/AhoiBrowser.app/Contents/Frameworks/libchrome_dll.dylib (0x116df6430). This may cause spurious casting failures and mysterious crashes. One of the duplicates must be removed or renamed.
objc[47714]: Class ANGLESwapCGLLayer is implemented in both /Applications/AhoiBrowser.app/Contents/Frameworks/libblink_modules.dylib (0x14265ca50) and /Applications/AhoiBrowser.app/Contents/Frameworks/libgl_init.dylib (0x127734a50). This may cause spurious casting failures and mysterious crashes. One of the duplicates must be removed or renamed.
objc[47714]: Class CrashpadHTTPBodyStreamTransport is implemented in both /Applications/AhoiBrowser.app/Contents/Frameworks/libbrowser_ui_views.dylib (0x11ed30188) and /Applications/AhoiBrowser.app/Contents/Frameworks/libchrome_dll.dylib (0x117326430). This may cause spurious casting failures and mysterious crashes. One of the duplicates must be removed or renamed.
objc[47745]: Class ANGLESwapCGLLayer is implemented in both /Applications/AhoiBrowser.app/Contents/Frameworks/libblink_modules.dylib (0x144338a50) and /Applications/AhoiBrowser.app/Contents/Frameworks/libgl_init.dylib (0x129410a50). This may cause spurious casting failures and mysterious crashes. One of the duplicates must be removed or renamed.
objc[47745]: Class CrashpadHTTPBodyStreamTransport is implemented in both /Applications/AhoiBrowser.app/Contents/Frameworks/libbrowser_ui_views.dylib (0x120a0c188) and /Applications/AhoiBrowser.app/Contents/Frameworks/libchrome_dll.dylib (0x119002430). This may cause spurious casting failures and mysterious crashes. One of the duplicates must be removed or renamed.
[47638:31223749:0926/031052.250102:ERROR:components/viz/service/surfaces/surface_manager.cc:479] Old/orphaned temporary reference to SurfaceId(FrameSinkId[DelegatedFrameHost](6, 6), LocalSurfaceId(2, 2, CF5F...))
[47638:31223749:0926/031052.250466:ERROR:components/viz/service/surfaces/surface_manager.cc:479] Old/orphaned temporary reference to SurfaceId(FrameSinkId[DelegatedFrameHost](6, 6), LocalSurfaceId(2, 3, CF5F...))
[47638:31223749:0926/031052.250478:ERROR:components/viz/service/surfaces/surface_manager.cc:479] Old/orphaned temporary reference to SurfaceId(FrameSinkId[DelegatedFrameHost](6, 3), LocalSurfaceId(2, 3, 8CF3...))
[47638:31223749:0926/031052.250485:ERROR:components/viz/service/surfaces/surface_manager.cc:479] Old/orphaned temporary reference to SurfaceId(FrameSinkId[DelegatedFrameHost](6, 3), LocalSurfaceId(2, 2, 8CF3...))
[47638:31223749:0926/031102.250696:ERROR:components/viz/service/surfaces/surface_manager.cc:479] Old/orphaned temporary reference to SurfaceId(FrameSinkId[DelegatedFrameHost](6, 3), LocalSurfaceId(3, 5, 8CF3...))
[47638:31223749:0926/031102.250748:ERROR:components/viz/service/surfaces/surface_manager.cc:479] Old/orphaned temporary reference to SurfaceId(FrameSinkId[DelegatedFrameHost](6, 6), LocalSurfaceId(3, 3, CF5F...))
[47638:31223749:0926/031102.250759:ERROR:components/viz/service/surfaces/surface_manager.cc:479] Old/orphaned temporary reference to SurfaceId(FrameSinkId[DelegatedFrameHost](6, 6), LocalSurfaceId(3, 4, CF5F...))
[47638:31223749:0926/031102.250767:ERROR:components/viz/service/surfaces/surface_manager.cc:479] Old/orphaned temporary reference to SurfaceId(FrameSinkId[DelegatedFrameHost](6, 3), LocalSurfaceId(3, 4, 8CF3...))
objc[47925]: Class ANGLESwapCGLLayer is implemented in both /Applications/AhoiBrowser.app/Contents/Frameworks/libblink_modules.dylib (0x144190a50) and /Applications/AhoiBrowser.app/Contents/Frameworks/libgl_init.dylib (0x129268a50). This may cause spurious casting failures and mysterious crashes. One of the duplicates must be removed or renamed.
objc[47926]: Class ANGLESwapCGLLayer is implemented in both /Applications/AhoiBrowser.app/Contents/Frameworks/libblink_modules.dylib (0x1423d0a50) and /Applications/AhoiBrowser.app/Contents/Frameworks/libgl_init.dylib (0x1274a8a50). This may cause spurious casting failures and mysterious crashes. One of the duplicates must be removed or renamed.
objc[47925]: Class CrashpadHTTPBodyStreamTransport is implemented in both /Applications/AhoiBrowser.app/Contents/Frameworks/libbrowser_ui_views.dylib (0x120864188) and /Applications/AhoiBrowser.app/Contents/Frameworks/libchrome_dll.dylib (0x118e5a430). This may cause spurious casting failures and mysterious crashes. One of the duplicates must be removed or renamed.
objc[47926]: Class CrashpadHTTPBodyStreamTransport is implemented in both /Applications/AhoiBrowser.app/Contents/Frameworks/libbrowser_ui_views.dylib (0x11065c188) and /Applications/AhoiBrowser.app/Contents/Frameworks/libchrome_dll.dylib (0x11709a430). This may cause spurious casting failures and mysterious crashes. One of the duplicates must be removed or renamed.
[47614:31223333:0926/031112.810179:ERROR:base/process/kill_posix.cc:33] waitpid(47639): No child processes (10)
