objc[80234]: Class ANGLESwapCGLLayer is implemented in both /Applications/AhoiBrowser.app/Contents/Frameworks/libblink_modules.dylib (0x13fb18a50) and /Applications/AhoiBrowser.app/Contents/Frameworks/libgl_init.dylib (0x124bf0a50). This may cause spurious casting failures and mysterious crashes. One of the duplicates must be removed or renamed.
objc[80234]: Class CrashpadHTTPBodyStreamTransport is implemented in both /Applications/AhoiBrowser.app/Contents/Frameworks/libbrowser_ui_views.dylib (0x10dc20188) and /Applications/AhoiBrowser.app/Contents/Frameworks/libchrome_dll.dylib (0x1147da430). This may cause spurious casting failures and mysterious crashes. One of the duplicates must be removed or renamed.
[80234:5838691:0928/164023.030963:ERROR:chrome/browser/mac/code_sign_clone_manager.mm:98] error removing quarantine attribute "/var/folders/zn/wn74lz2s2bsfp734gbqytmpr0000gn/X/"
[80234:5838691:0928/164023.060145:ERROR:chrome/browser/mac/code_sign_clone_manager.mm:98] error removing quarantine attribute "/var/folders/zn/wn74lz2s2bsfp734gbqytmpr0000gn/X/"
[80234:5838461:0928/164023.111522:WARNING:chrome/browser/signin/account_consistency_mode_manager.cc:74] Desktop Identity Consistency cannot be enabled as no OAuth client ID and client secret have been configured.

DevTools listening on ws://127.0.0.1:9345/devtools/browser/742a82a2-0e32-4bf8-8512-1fbd02258d93
[80234:5838461:0928/164023.506424:VERBOSE1:ahoi/browser/navigation/keyboard_shortcut_registration.cc:57] Ahoi shortcut registered: ctrl+alt+9
[80234:5838461:0928/164023.506485:VERBOSE1:ahoi/browser/navigation/keyboard_shortcut_registration.cc:57] Ahoi shortcut registered: cmd+alt+37
[80234:5838461:0928/164023.506504:VERBOSE1:ahoi/browser/navigation/keyboard_shortcut_registration.cc:57] Ahoi shortcut registered: cmd+alt+39
[80234:5838461:0928/164023.506516:VERBOSE1:ahoi/browser/navigation/keyboard_shortcut_registration.cc:57] Ahoi shortcut registered: ctrl+49
[80234:5838461:0928/164023.506526:VERBOSE1:ahoi/browser/navigation/keyboard_shortcut_registration.cc:57] Ahoi shortcut registered: ctrl+50
[80234:5838461:0928/164023.506535:VERBOSE1:ahoi/browser/navigation/keyboard_shortcut_registration.cc:57] Ahoi shortcut registered: ctrl+51
[80234:5838461:0928/164023.506544:VERBOSE1:ahoi/browser/navigation/keyboard_shortcut_registration.cc:57] Ahoi shortcut registered: ctrl+52
[80234:5838461:0928/164023.506553:VERBOSE1:ahoi/browser/navigation/keyboard_shortcut_registration.cc:57] Ahoi shortcut registered: ctrl+53
[80234:5838461:0928/164023.506561:VERBOSE1:ahoi/browser/navigation/keyboard_shortcut_registration.cc:57] Ahoi shortcut registered: ctrl+54
[80234:5838461:0928/164023.506568:VERBOSE1:ahoi/browser/navigation/keyboard_shortcut_registration.cc:57] Ahoi shortcut registered: ctrl+55
[80234:5838461:0928/164023.506576:VERBOSE1:ahoi/browser/navigation/keyboard_shortcut_registration.cc:57] Ahoi shortcut registered: ctrl+56
[80234:5838461:0928/164023.506584:VERBOSE1:ahoi/browser/navigation/keyboard_shortcut_registration.cc:57] Ahoi shortcut registered: ctrl+57
[80234:5838461:0928/164023.506591:VERBOSE1:ahoi/browser/navigation/keyboard_shortcut_registration.cc:57] Ahoi shortcut registered: cmd+shift+83
[80234:5838461:0928/164023.506599:VERBOSE1:ahoi/browser/navigation/keyboard_shortcut_registration.cc:57] Ahoi shortcut registered: cmd+shift+72
[80234:5838461:0928/164023.506606:VERBOSE1:ahoi/browser/navigation/keyboard_shortcut_registration.cc:57] Ahoi shortcut registered: cmd+shift+70
[80234:5838461:0928/164023.506614:VERBOSE1:ahoi/browser/navigation/keyboard_shortcut_registration.cc:57] Ahoi shortcut registered: cmd+ctrl+49
[80234:5838461:0928/164023.506621:VERBOSE1:ahoi/browser/navigation/keyboard_shortcut_registration.cc:57] Ahoi shortcut registered: cmd+ctrl+50
[80234:5838461:0928/164023.506628:VERBOSE1:ahoi/browser/navigation/keyboard_shortcut_registration.cc:57] Ahoi shortcut registered: cmd+ctrl+51
[80234:5838461:0928/164023.506636:VERBOSE1:ahoi/browser/navigation/keyboard_shortcut_registration.cc:57] Ahoi shortcut registered: cmd+ctrl+52
[80234:5838461:0928/164023.506643:VERBOSE1:ahoi/browser/navigation/keyboard_shortcut_registration.cc:57] Ahoi shortcut registered: cmd+ctrl+shift+37
[80234:5838461:0928/164023.506672:VERBOSE1:ahoi/browser/navigation/keyboard_shortcut_registration.cc:57] Ahoi shortcut registered: cmd+ctrl+shift+39
[80234:5838461:0928/164023.506681:VERBOSE1:ahoi/browser/navigation/keyboard_shortcut_registration.cc:57] Ahoi shortcut registered: cmd+ctrl+37
[80234:5838461:0928/164023.506687:VERBOSE1:ahoi/browser/navigation/keyboard_shortcut_registration.cc:57] Ahoi shortcut registered: cmd+ctrl+39
[80234:5838461:0928/164023.506692:VERBOSE1:ahoi/browser/navigation/keyboard_shortcut_registration.cc:57] Ahoi shortcut registered: cmd+ctrl+76
[80234:5838461:0928/164023.506698:VERBOSE1:ahoi/browser/navigation/keyboard_shortcut_registration.cc:57] Ahoi shortcut registered: cmd+ctrl+48
[80234:5838461:0928/164023.506704:VERBOSE1:ahoi/browser/navigation/keyboard_shortcut_registration.cc:57] Ahoi shortcut registered: cmd+ctrl+87
[80234:5838461:0928/164023.765082:ERROR:ahoi/browser/updater/sparkle_runtime_mac.mm:148] Ahoi updater disabled (fail closed): missing-feed-url
[80234:5838461:0928/164028.439135:VERBOSE1:ahoi/browser/session/session_bridge_session.cc:549] Ahoi persist window metadata: workspace=83699047-edf8-580d-948d-9c37acc35cb6 service=1 window_id_valid=1
[80234:5838461:0928/164028.440803:VERBOSE1:ahoi/browser/session/session_bridge_session.cc:465] Ahoi last-used record: index 0 url=about:blank
[80234:5838461:0928/164028.442558:VERBOSE1:ahoi/browser/session/session_bridge_session.cc:465] Ahoi last-used record: index 0 url=about:blank
[80234:5838461:0928/164028.442763:VERBOSE1:ahoi/browser/session/session_bridge_session.cc:549] Ahoi persist window metadata: workspace=83699047-edf8-580d-948d-9c37acc35cb6 service=1 window_id_valid=1
objc[80268]: Class ANGLESwapCGLLayer is implemented in both /Applications/AhoiBrowser.app/Contents/Frameworks/libblink_modules.dylib (0x143b54a50) and /Applications/AhoiBrowser.app/Contents/Frameworks/libgl_init.dylib (0x128c2ca50). This may cause spurious casting failures and mysterious crashes. One of the duplicates must be removed or renamed.
objc[80269]: Class ANGLESwapCGLLayer is implemented in both /Applications/AhoiBrowser.app/Contents/Frameworks/libblink_modules.dylib (0x142304a50) and /Applications/AhoiBrowser.app/Contents/Frameworks/libgl_init.dylib (0x1273dca50). This may cause spurious casting failures and mysterious crashes. One of the duplicates must be removed or renamed.
objc[80268]: Class CrashpadHTTPBodyStreamTransport is implemented in both /Applications/AhoiBrowser.app/Contents/Frameworks/libbrowser_ui_views.dylib (0x120228188) and /Applications/AhoiBrowser.app/Contents/Frameworks/libchrome_dll.dylib (0x118816430). This may cause spurious casting failures and mysterious crashes. One of the duplicates must be removed or renamed.
objc[80269]: Class CrashpadHTTPBodyStreamTransport is implemented in both /Applications/AhoiBrowser.app/Contents/Frameworks/libbrowser_ui_views.dylib (0x11df54188) and /Applications/AhoiBrowser.app/Contents/Frameworks/libchrome_dll.dylib (0x116fc6430). This may cause spurious casting failures and mysterious crashes. One of the duplicates must be removed or renamed.
objc[80270]: Class ANGLESwapCGLLayer is implemented in both /Applications/AhoiBrowser.app/Contents/Frameworks/libblink_modules.dylib (0x1424e4a50) and /Applications/AhoiBrowser.app/Contents/Frameworks/libgl_init.dylib (0x1275bca50). This may cause spurious casting failures and mysterious crashes. One of the duplicates must be removed or renamed.
objc[80270]: Class CrashpadHTTPBodyStreamTransport is implemented in both /Applications/AhoiBrowser.app/Contents/Frameworks/libbrowser_ui_views.dylib (0x11ebb8188) and /Applications/AhoiBrowser.app/Contents/Frameworks/libchrome_dll.dylib (0x1171a6430). This may cause spurious casting failures and mysterious crashes. One of the duplicates must be removed or renamed.
objc[80271]: Class ANGLESwapCGLLayer is implemented in both /Applications/AhoiBrowser.app/Contents/Frameworks/libblink_modules.dylib (0x140318a50) and /Applications/AhoiBrowser.app/Contents/Frameworks/libgl_init.dylib (0x1253f0a50). This may cause spurious casting failures and mysterious crashes. One of the duplicates must be removed or renamed.
objc[80271]: Class CrashpadHTTPBodyStreamTransport is implemented in both /Applications/AhoiBrowser.app/Contents/Frameworks/libbrowser_ui_views.dylib (0x10e594188) and /Applications/AhoiBrowser.app/Contents/Frameworks/libchrome_dll.dylib (0x114fda430). This may cause spurious casting failures and mysterious crashes. One of the duplicates must be removed or renamed.
objc[80273]: Class ANGLESwapCGLLayer is implemented in both /Applications/AhoiBrowser.app/Contents/Frameworks/libblink_modules.dylib (0x140028a50) and /Applications/AhoiBrowser.app/Contents/Frameworks/libgl_init.dylib (0x125100a50). This may cause spurious casting failures and mysterious crashes. One of the duplicates must be removed or renamed.
objc[80273]: Class CrashpadHTTPBodyStreamTransport is implemented in both /Applications/AhoiBrowser.app/Contents/Frameworks/libbrowser_ui_views.dylib (0x10e1ac188) and /Applications/AhoiBrowser.app/Contents/Frameworks/libchrome_dll.dylib (0x114cea430). This may cause spurious casting failures and mysterious crashes. One of the duplicates must be removed or renamed.
objc[80275]: Class ANGLESwapCGLLayer is implemented in both /Applications/AhoiBrowser.app/Contents/Frameworks/libblink_modules.dylib (0x1422e0a50) and /Applications/AhoiBrowser.app/Contents/Frameworks/libgl_init.dylib (0x1273b8a50). This may cause spurious casting failures and mysterious crashes. One of the duplicates must be removed or renamed.
objc[80275]: Class CrashpadHTTPBodyStreamTransport is implemented in both /Applications/AhoiBrowser.app/Contents/Frameworks/libbrowser_ui_views.dylib (0x11e44c188) and /Applications/AhoiBrowser.app/Contents/Frameworks/libchrome_dll.dylib (0x116fa2430). This may cause spurious casting failures and mysterious crashes. One of the duplicates must be removed or renamed.
objc[80276]: Class ANGLESwapCGLLayer is implemented in both /Applications/AhoiBrowser.app/Contents/Frameworks/libblink_modules.dylib (0x1424bca50) and /Applications/AhoiBrowser.app/Contents/Frameworks/libgl_init.dylib (0x127594a50). This may cause spurious casting failures and mysterious crashes. One of the duplicates must be removed or renamed.
objc[80276]: Class CrashpadHTTPBodyStreamTransport is implemented in both /Applications/AhoiBrowser.app/Contents/Frameworks/libbrowser_ui_views.dylib (0x11e554188) and /Applications/AhoiBrowser.app/Contents/Frameworks/libchrome_dll.dylib (0x11717e430). This may cause spurious casting failures and mysterious crashes. One of the duplicates must be removed or renamed.
[80234:5838461:0928/164031.502352:VERBOSE1:ahoi/browser/session/session_bridge_session.cc:465] Ahoi last-used record: index 0 url=about:blank
[80234:5838461:0928/164035.398891:VERBOSE1:ahoi/browser/session/session_bridge_session.cc:465] Ahoi last-used record: index 1 url=http://127.0.0.1:8792/alpha.html
[80234:5838461:0928/164035.416321:VERBOSE1:ahoi/browser/session/session_bridge_session.cc:465] Ahoi last-used record: index 1 url=http://127.0.0.1:8792/alpha.html
[80234:5838461:0928/164035.417261:VERBOSE1:ahoi/browser/session/session_bridge_session.cc:465] Ahoi last-used record: index 1 url=http://127.0.0.1:8792/alpha.html
[80269:5839474:0928/164035.423713:WARNING:net/disk_cache/simple/simple_synchronous_entry.cc:1507] Could not open platform files for entry.
[80234:5838461:0928/164035.449478:VERBOSE1:ahoi/browser/session/session_bridge_session.cc:465] Ahoi last-used record: index 1 url=http://127.0.0.1:8792/alpha.html
[80234:5838461:0928/164035.458359:VERBOSE1:ahoi/browser/session/session_bridge_session.cc:465] Ahoi last-used record: index 1 url=http://127.0.0.1:8792/alpha.html
objc[80328]: Class ANGLESwapCGLLayer is implemented in both /Applications/AhoiBrowser.app/Contents/Frameworks/libblink_modules.dylib (0x14255ca50) and /Applications/AhoiBrowser.app/Contents/Frameworks/libgl_init.dylib (0x127634a50). This may cause spurious casting failures and mysterious crashes. One of the duplicates must be removed or renamed.
objc[80328]: Class CrashpadHTTPBodyStreamTransport is implemented in both /Applications/AhoiBrowser.app/Contents/Frameworks/libbrowser_ui_views.dylib (0x11ec30188) and /Applications/AhoiBrowser.app/Contents/Frameworks/libchrome_dll.dylib (0x11721e430). This may cause spurious casting failures and mysterious crashes. One of the duplicates must be removed or renamed.
[80234:5838461:0928/164042.846492:VERBOSE1:ahoi/browser/session/session_bridge_session.cc:465] Ahoi last-used record: index 2 url=http://127.0.0.1:8792/beta.html
[80234:5838461:0928/164042.861546:VERBOSE1:ahoi/browser/session/session_bridge_session.cc:465] Ahoi last-used record: index 2 url=http://127.0.0.1:8792/beta.html
[80234:5838461:0928/164042.862487:VERBOSE1:ahoi/browser/session/session_bridge_session.cc:465] Ahoi last-used record: index 2 url=http://127.0.0.1:8792/beta.html
[80234:5838461:0928/164042.879848:VERBOSE1:ahoi/browser/session/session_bridge_session.cc:465] Ahoi last-used record: index 2 url=http://127.0.0.1:8792/beta.html
[80234:5838461:0928/164042.885302:VERBOSE1:ahoi/browser/session/session_bridge_session.cc:465] Ahoi last-used record: index 2 url=http://127.0.0.1:8792/beta.html
objc[80376]: Class ANGLESwapCGLLayer is implemented in both /Applications/AhoiBrowser.app/Contents/Frameworks/libblink_modules.dylib (0x14037ca50) and /Applications/AhoiBrowser.app/Contents/Frameworks/libgl_init.dylib (0x125454a50). This may cause spurious casting failures and mysterious crashes. One of the duplicates must be removed or renamed.
objc[80376]: Class CrashpadHTTPBodyStreamTransport is implemented in both /Applications/AhoiBrowser.app/Contents/Frameworks/libbrowser_ui_views.dylib (0x11cad8188) and /Applications/AhoiBrowser.app/Contents/Frameworks/libchrome_dll.dylib (0x11503e430). This may cause spurious casting failures and mysterious crashes. One of the duplicates must be removed or renamed.
[80234:5838461:0928/164050.460865:VERBOSE1:ahoi/browser/session/session_bridge_session.cc:465] Ahoi last-used record: index 3 url=http://127.0.0.1:8792/gamma.html
[80234:5838461:0928/164050.486743:VERBOSE1:ahoi/browser/session/session_bridge_session.cc:465] Ahoi last-used record: index 3 url=http://127.0.0.1:8792/gamma.html
[80234:5838461:0928/164050.487715:VERBOSE1:ahoi/browser/session/session_bridge_session.cc:465] Ahoi last-used record: index 3 url=http://127.0.0.1:8792/gamma.html
[80234:5838461:0928/164050.503691:VERBOSE1:ahoi/browser/session/session_bridge_session.cc:465] Ahoi last-used record: index 3 url=http://127.0.0.1:8792/gamma.html
[80234:5838461:0928/164050.509123:VERBOSE1:ahoi/browser/session/session_bridge_session.cc:465] Ahoi last-used record: index 3 url=http://127.0.0.1:8792/gamma.html
[80268:5839514:0928/164050.961740:ERROR:components/viz/service/surfaces/surface_manager.cc:479] Old/orphaned temporary reference to SurfaceId(FrameSinkId[DelegatedFrameHost](6, 3), LocalSurfaceId(2, 2, BE4F...))
objc[80433]: Class ANGLESwapCGLLayer is implemented in both /Applications/AhoiBrowser.app/Contents/Frameworks/libblink_modules.dylib (0x140504a50) and /Applications/AhoiBrowser.app/Contents/Frameworks/libgl_init.dylib (0x1255dca50). This may cause spurious casting failures and mysterious crashes. One of the duplicates must be removed or renamed.
objc[80433]: Class CrashpadHTTPBodyStreamTransport is implemented in both /Applications/AhoiBrowser.app/Contents/Frameworks/libbrowser_ui_views.dylib (0x11c5e8188) and /Applications/AhoiBrowser.app/Contents/Frameworks/libchrome_dll.dylib (0x1151c6430). This may cause spurious casting failures and mysterious crashes. One of the duplicates must be removed or renamed.
[80234:5838461:0928/164054.207398:VERBOSE1:chrome/browser/ui/views/frame/browser_view.cc:3736] Ahoi key trace: PreHandleKeyboardEvent tab modifiers=12 registered=1
[80234:5838461:0928/164054.207737:VERBOSE1:ahoi/browser/session/session_bridge_session.cc:498] Ahoi last-used tab: index 0 tracked=1 same_model=1 workspace=83699047-edf8-580d-948d-9c37acc35cb6 active=83699047-edf8-580d-948d-9c37acc35cb6
[80234:5838461:0928/164054.207780:VERBOSE1:ahoi/browser/session/session_bridge_session.cc:498] Ahoi last-used tab: index 1 tracked=1 same_model=1 workspace=83699047-edf8-580d-948d-9c37acc35cb6 active=83699047-edf8-580d-948d-9c37acc35cb6
[80234:5838461:0928/164054.207792:VERBOSE1:ahoi/browser/session/session_bridge_session.cc:498] Ahoi last-used tab: index 2 tracked=1 same_model=1 workspace=83699047-edf8-580d-948d-9c37acc35cb6 active=83699047-edf8-580d-948d-9c37acc35cb6
[80234:5838461:0928/164054.207801:VERBOSE1:ahoi/browser/session/session_bridge_session.cc:498] Ahoi last-used tab: index 3 tracked=1 same_model=1 workspace=83699047-edf8-580d-948d-9c37acc35cb6 active=83699047-edf8-580d-948d-9c37acc35cb6
[80234:5838461:0928/164054.207813:VERBOSE1:ahoi/browser/session/session_bridge_session.cc:518] Ahoi last-used tab: mru=4 eligible=4 target=1
[80234:5838461:0928/164054.207823:VERBOSE1:ahoi/browser/session/session_bridge_session.cc:525] Ahoi last-used tab: activate index 2 from 3 url=http://127.0.0.1:8792/beta.html
[80234:5838461:0928/164054.220789:VERBOSE1:ahoi/browser/session/session_bridge_session.cc:465] Ahoi last-used record: index 2 url=http://127.0.0.1:8792/beta.html
[80234:5838461:0928/164054.221555:VERBOSE1:ahoi/browser/session/session_bridge_session.cc:531] Ahoi last-used tab: active index now 2
[80234:5838461:0928/164054.221587:VERBOSE1:chrome/browser/ui/views/frame/browser_view.cc:6127] Ahoi shortcut tab.last-used handled
[80234:5838461:0928/164057.148630:VERBOSE1:chrome/browser/ui/views/frame/browser_view.cc:3736] Ahoi key trace: PreHandleKeyboardEvent tab modifiers=12 registered=1
[80234:5838461:0928/164057.148948:VERBOSE1:ahoi/browser/session/session_bridge_session.cc:498] Ahoi last-used tab: index 0 tracked=1 same_model=1 workspace=83699047-edf8-580d-948d-9c37acc35cb6 active=83699047-edf8-580d-948d-9c37acc35cb6
[80234:5838461:0928/164057.148976:VERBOSE1:ahoi/browser/session/session_bridge_session.cc:498] Ahoi last-used tab: index 1 tracked=1 same_model=1 workspace=83699047-edf8-580d-948d-9c37acc35cb6 active=83699047-edf8-580d-948d-9c37acc35cb6
[80234:5838461:0928/164057.148986:VERBOSE1:ahoi/browser/session/session_bridge_session.cc:498] Ahoi last-used tab: index 2 tracked=1 same_model=1 workspace=83699047-edf8-580d-948d-9c37acc35cb6 active=83699047-edf8-580d-948d-9c37acc35cb6
[80234:5838461:0928/164057.148996:VERBOSE1:ahoi/browser/session/session_bridge_session.cc:498] Ahoi last-used tab: index 3 tracked=1 same_model=1 workspace=83699047-edf8-580d-948d-9c37acc35cb6 active=83699047-edf8-580d-948d-9c37acc35cb6
[80234:5838461:0928/164057.149004:VERBOSE1:ahoi/browser/session/session_bridge_session.cc:518] Ahoi last-used tab: mru=4 eligible=4 target=1
[80234:5838461:0928/164057.149014:VERBOSE1:ahoi/browser/session/session_bridge_session.cc:525] Ahoi last-used tab: activate index 3 from 2 url=http://127.0.0.1:8792/gamma.html
[80234:5838461:0928/164057.158553:VERBOSE1:ahoi/browser/session/session_bridge_session.cc:465] Ahoi last-used record: index 3 url=http://127.0.0.1:8792/gamma.html
[80234:5838461:0928/164057.159156:VERBOSE1:ahoi/browser/session/session_bridge_session.cc:531] Ahoi last-used tab: active index now 3
[80234:5838461:0928/164057.159188:VERBOSE1:chrome/browser/ui/views/frame/browser_view.cc:6127] Ahoi shortcut tab.last-used handled
[80234:5838461:0928/164059.425298:VERBOSE1:ahoi/browser/session/session_bridge_session.cc:465] Ahoi last-used record: index 0 url=about:blank
[80234:5838461:0928/164102.773747:VERBOSE1:ahoi/browser/session/session_bridge_session.cc:498] Ahoi last-used tab: index 0 tracked=1 same_model=1 workspace=83699047-edf8-580d-948d-9c37acc35cb6 active=83699047-edf8-580d-948d-9c37acc35cb6
[80234:5838461:0928/164102.773806:VERBOSE1:ahoi/browser/session/session_bridge_session.cc:498] Ahoi last-used tab: index 1 tracked=1 same_model=1 workspace=83699047-edf8-580d-948d-9c37acc35cb6 active=83699047-edf8-580d-948d-9c37acc35cb6
[80234:5838461:0928/164102.773820:VERBOSE1:ahoi/browser/session/session_bridge_session.cc:498] Ahoi last-used tab: index 2 tracked=1 same_model=1 workspace=83699047-edf8-580d-948d-9c37acc35cb6 active=83699047-edf8-580d-948d-9c37acc35cb6
[80234:5838461:0928/164102.773847:VERBOSE1:ahoi/browser/session/session_bridge_session.cc:498] Ahoi last-used tab: index 3 tracked=1 same_model=1 workspace=83699047-edf8-580d-948d-9c37acc35cb6 active=83699047-edf8-580d-948d-9c37acc35cb6
[80234:5838461:0928/164102.773855:VERBOSE1:ahoi/browser/session/session_bridge_session.cc:518] Ahoi last-used tab: mru=4 eligible=4 target=1
[80234:5838461:0928/164102.773862:VERBOSE1:ahoi/browser/session/session_bridge_session.cc:525] Ahoi last-used tab: activate index 3 from 0 url=http://127.0.0.1:8792/gamma.html
[80234:5838461:0928/164102.782948:VERBOSE1:ahoi/browser/session/session_bridge_session.cc:465] Ahoi last-used record: index 3 url=http://127.0.0.1:8792/gamma.html
[80234:5838461:0928/164102.783514:VERBOSE1:ahoi/browser/session/session_bridge_session.cc:531] Ahoi last-used tab: active index now 3
[80234:5838461:0928/164102.783542:VERBOSE1:chrome/browser/ui/views/frame/browser_view.cc:6127] Ahoi shortcut tab.last-used handled
[80234:5838461:0928/164110.696044:VERBOSE1:ahoi/browser/session/session_bridge_session.cc:549] Ahoi persist window metadata: workspace=d9116d46-0465-4d1a-8a97-4c0e21e1795d service=1 window_id_valid=1
[80234:5838461:0928/164116.486995:VERBOSE1:ahoi/browser/session/session_bridge_session.cc:465] Ahoi last-used record: index 4 url=http://127.0.0.1:8792/delta.html
[80234:5838461:0928/164116.497163:VERBOSE1:ahoi/browser/session/session_bridge_session.cc:465] Ahoi last-used record: index 4 url=http://127.0.0.1:8792/delta.html
[80234:5838461:0928/164116.498171:VERBOSE1:ahoi/browser/session/session_bridge_session.cc:465] Ahoi last-used record: index 4 url=http://127.0.0.1:8792/delta.html
[80234:5838461:0928/164116.511965:VERBOSE1:ahoi/browser/session/session_bridge_session.cc:465] Ahoi last-used record: index 4 url=http://127.0.0.1:8792/delta.html
[80234:5838461:0928/164116.522427:VERBOSE1:ahoi/browser/session/session_bridge_session.cc:465] Ahoi last-used record: index 4 url=http://127.0.0.1:8792/delta.html
[80234:5838461:0928/164119.182372:VERBOSE1:chrome/browser/ui/views/frame/browser_view.cc:3736] Ahoi key trace: PreHandleKeyboardEvent tab modifiers=12 registered=1
[80234:5838461:0928/164119.182634:VERBOSE1:ahoi/browser/session/session_bridge_session.cc:498] Ahoi last-used tab: index 0 tracked=1 same_model=1 workspace=83699047-edf8-580d-948d-9c37acc35cb6 active=d9116d46-0465-4d1a-8a97-4c0e21e1795d
[80234:5838461:0928/164119.182655:VERBOSE1:ahoi/browser/session/session_bridge_session.cc:498] Ahoi last-used tab: index 1 tracked=1 same_model=1 workspace=83699047-edf8-580d-948d-9c37acc35cb6 active=d9116d46-0465-4d1a-8a97-4c0e21e1795d
[80234:5838461:0928/164119.182664:VERBOSE1:ahoi/browser/session/session_bridge_session.cc:498] Ahoi last-used tab: index 2 tracked=1 same_model=1 workspace=83699047-edf8-580d-948d-9c37acc35cb6 active=d9116d46-0465-4d1a-8a97-4c0e21e1795d
[80234:5838461:0928/164119.182670:VERBOSE1:ahoi/browser/session/session_bridge_session.cc:498] Ahoi last-used tab: index 3 tracked=1 same_model=1 workspace=83699047-edf8-580d-948d-9c37acc35cb6 active=d9116d46-0465-4d1a-8a97-4c0e21e1795d
[80234:5838461:0928/164119.182677:VERBOSE1:ahoi/browser/session/session_bridge_session.cc:498] Ahoi last-used tab: index 4 tracked=1 same_model=1 workspace=d9116d46-0465-4d1a-8a97-4c0e21e1795d active=d9116d46-0465-4d1a-8a97-4c0e21e1795d
[80234:5838461:0928/164119.182683:VERBOSE1:ahoi/browser/session/session_bridge_session.cc:518] Ahoi last-used tab: mru=5 eligible=1 target=0
[80234:5838461:0928/164119.182689:VERBOSE1:chrome/browser/ui/views/frame/browser_view.cc:6127] Ahoi shortcut tab.last-used not applicable
[80234:5838461:0928/164119.183700:VERBOSE1:ahoi/browser/session/session_bridge_session.cc:498] Ahoi last-used tab: index 0 tracked=1 same_model=1 workspace=83699047-edf8-580d-948d-9c37acc35cb6 active=d9116d46-0465-4d1a-8a97-4c0e21e1795d
[80234:5838461:0928/164119.183718:VERBOSE1:ahoi/browser/session/session_bridge_session.cc:498] Ahoi last-used tab: index 1 tracked=1 same_model=1 workspace=83699047-edf8-580d-948d-9c37acc35cb6 active=d9116d46-0465-4d1a-8a97-4c0e21e1795d
[80234:5838461:0928/164119.183743:VERBOSE1:ahoi/browser/session/session_bridge_session.cc:498] Ahoi last-used tab: index 2 tracked=1 same_model=1 workspace=83699047-edf8-580d-948d-9c37acc35cb6 active=d9116d46-0465-4d1a-8a97-4c0e21e1795d
[80234:5838461:0928/164119.183749:VERBOSE1:ahoi/browser/session/session_bridge_session.cc:498] Ahoi last-used tab: index 3 tracked=1 same_model=1 workspace=83699047-edf8-580d-948d-9c37acc35cb6 active=d9116d46-0465-4d1a-8a97-4c0e21e1795d
[80234:5838461:0928/164119.183755:VERBOSE1:ahoi/browser/session/session_bridge_session.cc:498] Ahoi last-used tab: index 4 tracked=1 same_model=1 workspace=d9116d46-0465-4d1a-8a97-4c0e21e1795d active=d9116d46-0465-4d1a-8a97-4c0e21e1795d
[80234:5838461:0928/164119.183761:VERBOSE1:ahoi/browser/session/session_bridge_session.cc:518] Ahoi last-used tab: mru=5 eligible=1 target=0
[80234:5838461:0928/164119.183766:VERBOSE1:chrome/browser/ui/views/frame/browser_view.cc:6127] Ahoi shortcut tab.last-used not applicable
[80234:5838461:0928/164119.190082:VERBOSE1:ahoi/browser/session/session_bridge_session.cc:498] Ahoi last-used tab: index 0 tracked=1 same_model=1 workspace=83699047-edf8-580d-948d-9c37acc35cb6 active=d9116d46-0465-4d1a-8a97-4c0e21e1795d
[80234:5838461:0928/164119.190117:VERBOSE1:ahoi/browser/session/session_bridge_session.cc:498] Ahoi last-used tab: index 1 tracked=1 same_model=1 workspace=83699047-edf8-580d-948d-9c37acc35cb6 active=d9116d46-0465-4d1a-8a97-4c0e21e1795d
[80234:5838461:0928/164119.190126:VERBOSE1:ahoi/browser/session/session_bridge_session.cc:498] Ahoi last-used tab: index 2 tracked=1 same_model=1 workspace=83699047-edf8-580d-948d-9c37acc35cb6 active=d9116d46-0465-4d1a-8a97-4c0e21e1795d
[80234:5838461:0928/164119.190133:VERBOSE1:ahoi/browser/session/session_bridge_session.cc:498] Ahoi last-used tab: index 3 tracked=1 same_model=1 workspace=83699047-edf8-580d-948d-9c37acc35cb6 active=d9116d46-0465-4d1a-8a97-4c0e21e1795d
[80234:5838461:0928/164119.190139:VERBOSE1:ahoi/browser/session/session_bridge_session.cc:498] Ahoi last-used tab: index 4 tracked=1 same_model=1 workspace=d9116d46-0465-4d1a-8a97-4c0e21e1795d active=d9116d46-0465-4d1a-8a97-4c0e21e1795d
[80234:5838461:0928/164119.190145:VERBOSE1:ahoi/browser/session/session_bridge_session.cc:518] Ahoi last-used tab: mru=5 eligible=1 target=0
[80234:5838461:0928/164119.190151:VERBOSE1:chrome/browser/ui/views/frame/browser_view.cc:6127] Ahoi shortcut tab.last-used not applicable
[80234:5838461:0928/164119.190382:VERBOSE1:ahoi/browser/session/session_bridge_session.cc:498] Ahoi last-used tab: index 0 tracked=1 same_model=1 workspace=83699047-edf8-580d-948d-9c37acc35cb6 active=d9116d46-0465-4d1a-8a97-4c0e21e1795d
[80234:5838461:0928/164119.190394:VERBOSE1:ahoi/browser/session/session_bridge_session.cc:498] Ahoi last-used tab: index 1 tracked=1 same_model=1 workspace=83699047-edf8-580d-948d-9c37acc35cb6 active=d9116d46-0465-4d1a-8a97-4c0e21e1795d
[80234:5838461:0928/164119.190400:VERBOSE1:ahoi/browser/session/session_bridge_session.cc:498] Ahoi last-used tab: index 2 tracked=1 same_model=1 workspace=83699047-edf8-580d-948d-9c37acc35cb6 active=d9116d46-0465-4d1a-8a97-4c0e21e1795d
[80234:5838461:0928/164119.190405:VERBOSE1:ahoi/browser/session/session_bridge_session.cc:498] Ahoi last-used tab: index 3 tracked=1 same_model=1 workspace=83699047-edf8-580d-948d-9c37acc35cb6 active=d9116d46-0465-4d1a-8a97-4c0e21e1795d
[80234:5838461:0928/164119.190410:VERBOSE1:ahoi/browser/session/session_bridge_session.cc:498] Ahoi last-used tab: index 4 tracked=1 same_model=1 workspace=d9116d46-0465-4d1a-8a97-4c0e21e1795d active=d9116d46-0465-4d1a-8a97-4c0e21e1795d
[80234:5838461:0928/164119.190416:VERBOSE1:ahoi/browser/session/session_bridge_session.cc:518] Ahoi last-used tab: mru=5 eligible=1 target=0
[80234:5838461:0928/164119.190421:VERBOSE1:chrome/browser/ui/views/frame/browser_view.cc:6127] Ahoi shortcut tab.last-used not applicable
[80234:5838461:0928/164119.190654:VERBOSE1:ahoi/browser/session/session_bridge_session.cc:498] Ahoi last-used tab: index 0 tracked=1 same_model=1 workspace=83699047-edf8-580d-948d-9c37acc35cb6 active=d9116d46-0465-4d1a-8a97-4c0e21e1795d
[80234:5838461:0928/164119.190679:VERBOSE1:ahoi/browser/session/session_bridge_session.cc:498] Ahoi last-used tab: index 1 tracked=1 same_model=1 workspace=83699047-edf8-580d-948d-9c37acc35cb6 active=d9116d46-0465-4d1a-8a97-4c0e21e1795d
[80234:5838461:0928/164119.190685:VERBOSE1:ahoi/browser/session/session_bridge_session.cc:498] Ahoi last-used tab: index 2 tracked=1 same_model=1 workspace=83699047-edf8-580d-948d-9c37acc35cb6 active=d9116d46-0465-4d1a-8a97-4c0e21e1795d
[80234:5838461:0928/164119.190690:VERBOSE1:ahoi/browser/session/session_bridge_session.cc:498] Ahoi last-used tab: index 3 tracked=1 same_model=1 workspace=83699047-edf8-580d-948d-9c37acc35cb6 active=d9116d46-0465-4d1a-8a97-4c0e21e1795d
[80234:5838461:0928/164119.190698:VERBOSE1:ahoi/browser/session/session_bridge_session.cc:498] Ahoi last-used tab: index 4 tracked=1 same_model=1 workspace=d9116d46-0465-4d1a-8a97-4c0e21e1795d active=d9116d46-0465-4d1a-8a97-4c0e21e1795d
[80234:5838461:0928/164119.190703:VERBOSE1:ahoi/browser/session/session_bridge_session.cc:518] Ahoi last-used tab: mru=5 eligible=1 target=0
[80234:5838461:0928/164119.190709:VERBOSE1:chrome/browser/ui/views/frame/browser_view.cc:6127] Ahoi shortcut tab.last-used not applicable
[80234:5838461:0928/164119.190941:VERBOSE1:ahoi/browser/session/session_bridge_session.cc:498] Ahoi last-used tab: index 0 tracked=1 same_model=1 workspace=83699047-edf8-580d-948d-9c37acc35cb6 active=d9116d46-0465-4d1a-8a97-4c0e21e1795d
[80234:5838461:0928/164119.190951:VERBOSE1:ahoi/browser/session/session_bridge_session.cc:498] Ahoi last-used tab: index 1 tracked=1 same_model=1 workspace=83699047-edf8-580d-948d-9c37acc35cb6 active=d9116d46-0465-4d1a-8a97-4c0e21e1795d
[80234:5838461:0928/164119.190956:VERBOSE1:ahoi/browser/session/session_bridge_session.cc:498] Ahoi last-used tab: index 2 tracked=1 same_model=1 workspace=83699047-edf8-580d-948d-9c37acc35cb6 active=d9116d46-0465-4d1a-8a97-4c0e21e1795d
[80234:5838461:0928/164119.190961:VERBOSE1:ahoi/browser/session/session_bridge_session.cc:498] Ahoi last-used tab: index 3 tracked=1 same_model=1 workspace=83699047-edf8-580d-948d-9c37acc35cb6 active=d9116d46-0465-4d1a-8a97-4c0e21e1795d
[80234:5838461:0928/164119.190966:VERBOSE1:ahoi/browser/session/session_bridge_session.cc:498] Ahoi last-used tab: index 4 tracked=1 same_model=1 workspace=d9116d46-0465-4d1a-8a97-4c0e21e1795d active=d9116d46-0465-4d1a-8a97-4c0e21e1795d
[80234:5838461:0928/164119.190971:VERBOSE1:ahoi/browser/session/session_bridge_session.cc:518] Ahoi last-used tab: mru=5 eligible=1 target=0
[80234:5838461:0928/164119.190976:VERBOSE1:chrome/browser/ui/views/frame/browser_view.cc:6127] Ahoi shortcut tab.last-used not applicable
[80234:5838461:0928/164119.214551:VERBOSE1:chrome/browser/ui/views/frame/browser_view.cc:3736] Ahoi key trace: PreHandleKeyboardEvent tab modifiers=12 registered=0
objc[80718]: Class ANGLESwapCGLLayer is implemented in both /Applications/AhoiBrowser.app/Contents/Frameworks/libblink_modules.dylib (0x1437f8a50) and /Applications/AhoiBrowser.app/Contents/Frameworks/libgl_init.dylib (0x1288d0a50). This may cause spurious casting failures and mysterious crashes. One of the duplicates must be removed or renamed.
objc[80718]: Class CrashpadHTTPBodyStreamTransport is implemented in both /Applications/AhoiBrowser.app/Contents/Frameworks/libbrowser_ui_views.dylib (0x11f9b0188) and /Applications/AhoiBrowser.app/Contents/Frameworks/libchrome_dll.dylib (0x1184ba430). This may cause spurious casting failures and mysterious crashes. One of the duplicates must be removed or renamed.
[80234:5838461:0928/164125.722748:VERBOSE1:ahoi/browser/session/session_bridge_session.cc:465] Ahoi last-used record: index 3 url=http://127.0.0.1:8792/gamma.html
[80234:5838461:0928/164125.723603:VERBOSE1:ahoi/browser/session/session_bridge_session.cc:549] Ahoi persist window metadata: workspace=83699047-edf8-580d-948d-9c37acc35cb6 service=1 window_id_valid=1
objc[80779]: Class ANGLESwapCGLLayer is implemented in both /Applications/AhoiBrowser.app/Contents/Frameworks/libblink_modules.dylib (0x14067ca50) and /Applications/AhoiBrowser.app/Contents/Frameworks/libgl_init.dylib (0x125754a50). This may cause spurious casting failures and mysterious crashes. One of the duplicates must be removed or renamed.
objc[80779]: Class CrashpadHTTPBodyStreamTransport is implemented in both /Applications/AhoiBrowser.app/Contents/Frameworks/libbrowser_ui_views.dylib (0x11c864188) and /Applications/AhoiBrowser.app/Contents/Frameworks/libchrome_dll.dylib (0x11533e430). This may cause spurious casting failures and mysterious crashes. One of the duplicates must be removed or renamed.
[80234:5838461:0928/164131.389971:VERBOSE1:ahoi/browser/session/session_bridge_session.cc:465] Ahoi last-used record: index 5 url=chrome://settings/ahoi
[80234:5838461:0928/164131.420967:VERBOSE1:ahoi/browser/session/session_bridge_session.cc:465] Ahoi last-used record: index 5 url=chrome://settings/ahoi
[80234:5838461:0928/164131.423345:VERBOSE1:ahoi/browser/session/session_bridge_session.cc:465] Ahoi last-used record: index 5 url=chrome://settings/ahoi
[80234:5838461:0928/164131.435079:VERBOSE1:ahoi/browser/session/session_bridge_session.cc:465] Ahoi last-used record: index 5 url=chrome://settings/ahoi
[80234:5838461:0928/164131.453128:VERBOSE1:ahoi/browser/session/session_bridge_session.cc:465] Ahoi last-used record: index 5 url=chrome://settings/ahoi
[80234:5838461:0928/164131.721478:VERBOSE1:ahoi/browser/session/session_bridge_session.cc:465] Ahoi last-used record: index 5 url=chrome://settings/ahoi
objc[80817]: Class ANGLESwapCGLLayer is implemented in both /Applications/AhoiBrowser.app/Contents/Frameworks/libblink_modules.dylib (0x1444cca50) and /Applications/AhoiBrowser.app/Contents/Frameworks/libgl_init.dylib (0x1295a4a50). This may cause spurious casting failures and mysterious crashes. One of the duplicates must be removed or renamed.
objc[80817]: Class CrashpadHTTPBodyStreamTransport is implemented in both /Applications/AhoiBrowser.app/Contents/Frameworks/libbrowser_ui_views.dylib (0x1126e8188) and /Applications/AhoiBrowser.app/Contents/Frameworks/libchrome_dll.dylib (0x11918e430). This may cause spurious casting failures and mysterious crashes. One of the duplicates must be removed or renamed.
objc[80828]: Class ANGLESwapCGLLayer is implemented in both /Applications/AhoiBrowser.app/Contents/Frameworks/libblink_modules.dylib (0x13fc04a50) and /Applications/AhoiBrowser.app/Contents/Frameworks/libgl_init.dylib (0x124cdca50). This may cause spurious casting failures and mysterious crashes. One of the duplicates must be removed or renamed.
objc[80828]: Class CrashpadHTTPBodyStreamTransport is implemented in both /Applications/AhoiBrowser.app/Contents/Frameworks/libbrowser_ui_views.dylib (0x10de80188) and /Applications/AhoiBrowser.app/Contents/Frameworks/libchrome_dll.dylib (0x1148c6430). This may cause spurious casting failures and mysterious crashes. One of the duplicates must be removed or renamed.
objc[80837]: Class ANGLESwapCGLLayer is implemented in both /Applications/AhoiBrowser.app/Contents/Frameworks/libblink_modules.dylib (0x1421d8a50) and /Applications/AhoiBrowser.app/Contents/Frameworks/libgl_init.dylib (0x1272b0a50). This may cause spurious casting failures and mysterious crashes. One of the duplicates must be removed or renamed.
objc[80837]: Class CrashpadHTTPBodyStreamTransport is implemented in both /Applications/AhoiBrowser.app/Contents/Frameworks/libbrowser_ui_views.dylib (0x110354188) and /Applications/AhoiBrowser.app/Contents/Frameworks/libchrome_dll.dylib (0x116e9a430). This may cause spurious casting failures and mysterious crashes. One of the duplicates must be removed or renamed.
[80234:5838461:0928/164139.017254:VERBOSE1:ahoi/browser/navigation/keyboard_shortcut_registration.cc:51] Ahoi shortcut unregistered: ctrl+alt+9
[80234:5838461:0928/164139.017314:VERBOSE1:ahoi/browser/navigation/keyboard_shortcut_registration.cc:57] Ahoi shortcut registered: cmd+alt+75
objc[80987]: Class ANGLESwapCGLLayer is implemented in both /Applications/AhoiBrowser.app/Contents/Frameworks/libblink_modules.dylib (0x13fc6ca50) and /Applications/AhoiBrowser.app/Contents/Frameworks/libgl_init.dylib (0x124d44a50). This may cause spurious casting failures and mysterious crashes. One of the duplicates must be removed or renamed.
objc[80987]: Class CrashpadHTTPBodyStreamTransport is implemented in both /Applications/AhoiBrowser.app/Contents/Frameworks/libbrowser_ui_views.dylib (0x11c340188) and /Applications/AhoiBrowser.app/Contents/Frameworks/libchrome_dll.dylib (0x11492e430). This may cause spurious casting failures and mysterious crashes. One of the duplicates must be removed or renamed.
[80234:5838461:0928/164146.540707:VERBOSE1:chrome/browser/ui/views/frame/browser_view.cc:3736] Ahoi key trace: PreHandleKeyboardEvent tab modifiers=12 registered=0
[80234:5838461:0928/164146.572824:VERBOSE1:chrome/browser/ui/views/frame/browser_view.cc:3736] Ahoi key trace: PreHandleKeyboardEvent tab modifiers=12 registered=0
[80234:5838461:0928/164150.323647:VERBOSE1:ahoi/browser/session/session_bridge_session.cc:498] Ahoi last-used tab: index 0 tracked=1 same_model=1 workspace=83699047-edf8-580d-948d-9c37acc35cb6 active=83699047-edf8-580d-948d-9c37acc35cb6
[80234:5838461:0928/164150.323702:VERBOSE1:ahoi/browser/session/session_bridge_session.cc:498] Ahoi last-used tab: index 1 tracked=1 same_model=1 workspace=83699047-edf8-580d-948d-9c37acc35cb6 active=83699047-edf8-580d-948d-9c37acc35cb6
[80234:5838461:0928/164150.323715:VERBOSE1:ahoi/browser/session/session_bridge_session.cc:498] Ahoi last-used tab: index 2 tracked=1 same_model=1 workspace=83699047-edf8-580d-948d-9c37acc35cb6 active=83699047-edf8-580d-948d-9c37acc35cb6
[80234:5838461:0928/164150.323723:VERBOSE1:ahoi/browser/session/session_bridge_session.cc:498] Ahoi last-used tab: index 3 tracked=1 same_model=1 workspace=83699047-edf8-580d-948d-9c37acc35cb6 active=83699047-edf8-580d-948d-9c37acc35cb6
[80234:5838461:0928/164150.323729:VERBOSE1:ahoi/browser/session/session_bridge_session.cc:498] Ahoi last-used tab: index 4 tracked=1 same_model=1 workspace=d9116d46-0465-4d1a-8a97-4c0e21e1795d active=83699047-edf8-580d-948d-9c37acc35cb6
[80234:5838461:0928/164150.323735:VERBOSE1:ahoi/browser/session/session_bridge_session.cc:498] Ahoi last-used tab: index 5 tracked=1 same_model=1 workspace=83699047-edf8-580d-948d-9c37acc35cb6 active=83699047-edf8-580d-948d-9c37acc35cb6
[80234:5838461:0928/164150.323741:VERBOSE1:ahoi/browser/session/session_bridge_session.cc:518] Ahoi last-used tab: mru=6 eligible=5 target=1
[80234:5838461:0928/164150.323748:VERBOSE1:ahoi/browser/session/session_bridge_session.cc:525] Ahoi last-used tab: activate index 3 from 5 url=http://127.0.0.1:8792/gamma.html
[80234:5838461:0928/164150.333622:VERBOSE1:ahoi/browser/session/session_bridge_session.cc:465] Ahoi last-used record: index 3 url=http://127.0.0.1:8792/gamma.html
[80234:5838461:0928/164150.334244:VERBOSE1:ahoi/browser/session/session_bridge_session.cc:531] Ahoi last-used tab: active index now 3
[80234:5838461:0928/164150.334271:VERBOSE1:chrome/browser/ui/views/frame/browser_view.cc:6127] Ahoi shortcut tab.last-used handled
[80234:5838461:0928/164154.027061:ERROR:base/process/kill_posix.cc:33] waitpid(80269): No child processes (10)
objc[81231]: Class ANGLESwapCGLLayer is implemented in both /Applications/AhoiBrowser.app/Contents/Frameworks/libblink_modules.dylib (0x14227ca50) and /Applications/AhoiBrowser.app/Contents/Frameworks/libgl_init.dylib (0x127354a50). This may cause spurious casting failures and mysterious crashes. One of the duplicates must be removed or renamed.
objc[81231]: Class CrashpadHTTPBodyStreamTransport is implemented in both /Applications/AhoiBrowser.app/Contents/Frameworks/libbrowser_ui_views.dylib (0x110350188) and /Applications/AhoiBrowser.app/Contents/Frameworks/libchrome_dll.dylib (0x116f3e430). This may cause spurious casting failures and mysterious crashes. One of the duplicates must be removed or renamed.
[81231:5847242:0928/164158.063251:ERROR:chrome/browser/mac/code_sign_clone_manager.mm:98] error removing quarantine attribute "/var/folders/zn/wn74lz2s2bsfp734gbqytmpr0000gn/X/"
[81231:5847242:0928/164158.085756:ERROR:chrome/browser/mac/code_sign_clone_manager.mm:98] error removing quarantine attribute "/var/folders/zn/wn74lz2s2bsfp734gbqytmpr0000gn/X/"
[81231:5846941:0928/164158.131793:WARNING:chrome/browser/signin/account_consistency_mode_manager.cc:74] Desktop Identity Consistency cannot be enabled as no OAuth client ID and client secret have been configured.

DevTools listening on ws://127.0.0.1:9345/devtools/browser/8350e66f-709e-4a0a-a3f5-2fdf0461ec37
[81231:5846941:0928/164158.427235:VERBOSE1:ahoi/browser/navigation/keyboard_shortcut_registration.cc:57] Ahoi shortcut registered: cmd+alt+75
[81231:5846941:0928/164158.427285:VERBOSE1:ahoi/browser/navigation/keyboard_shortcut_registration.cc:57] Ahoi shortcut registered: cmd+alt+37
[81231:5846941:0928/164158.427298:VERBOSE1:ahoi/browser/navigation/keyboard_shortcut_registration.cc:57] Ahoi shortcut registered: cmd+alt+39
[81231:5846941:0928/164158.427306:VERBOSE1:ahoi/browser/navigation/keyboard_shortcut_registration.cc:57] Ahoi shortcut registered: ctrl+49
[81231:5846941:0928/164158.427315:VERBOSE1:ahoi/browser/navigation/keyboard_shortcut_registration.cc:57] Ahoi shortcut registered: ctrl+50
[81231:5846941:0928/164158.427323:VERBOSE1:ahoi/browser/navigation/keyboard_shortcut_registration.cc:57] Ahoi shortcut registered: ctrl+51
[81231:5846941:0928/164158.427330:VERBOSE1:ahoi/browser/navigation/keyboard_shortcut_registration.cc:57] Ahoi shortcut registered: ctrl+52
[81231:5846941:0928/164158.427336:VERBOSE1:ahoi/browser/navigation/keyboard_shortcut_registration.cc:57] Ahoi shortcut registered: ctrl+53
[81231:5846941:0928/164158.427342:VERBOSE1:ahoi/browser/navigation/keyboard_shortcut_registration.cc:57] Ahoi shortcut registered: ctrl+54
[81231:5846941:0928/164158.427348:VERBOSE1:ahoi/browser/navigation/keyboard_shortcut_registration.cc:57] Ahoi shortcut registered: ctrl+55
[81231:5846941:0928/164158.427355:VERBOSE1:ahoi/browser/navigation/keyboard_shortcut_registration.cc:57] Ahoi shortcut registered: ctrl+56
[81231:5846941:0928/164158.427362:VERBOSE1:ahoi/browser/navigation/keyboard_shortcut_registration.cc:57] Ahoi shortcut registered: ctrl+57
[81231:5846941:0928/164158.427368:VERBOSE1:ahoi/browser/navigation/keyboard_shortcut_registration.cc:57] Ahoi shortcut registered: cmd+shift+83
[81231:5846941:0928/164158.427375:VERBOSE1:ahoi/browser/navigation/keyboard_shortcut_registration.cc:57] Ahoi shortcut registered: cmd+shift+72
[81231:5846941:0928/164158.427380:VERBOSE1:ahoi/browser/navigation/keyboard_shortcut_registration.cc:57] Ahoi shortcut registered: cmd+shift+70
[81231:5846941:0928/164158.427386:VERBOSE1:ahoi/browser/navigation/keyboard_shortcut_registration.cc:57] Ahoi shortcut registered: cmd+ctrl+49
[81231:5846941:0928/164158.427393:VERBOSE1:ahoi/browser/navigation/keyboard_shortcut_registration.cc:57] Ahoi shortcut registered: cmd+ctrl+50
[81231:5846941:0928/164158.427400:VERBOSE1:ahoi/browser/navigation/keyboard_shortcut_registration.cc:57] Ahoi shortcut registered: cmd+ctrl+51
[81231:5846941:0928/164158.427407:VERBOSE1:ahoi/browser/navigation/keyboard_shortcut_registration.cc:57] Ahoi shortcut registered: cmd+ctrl+52
[81231:5846941:0928/164158.427413:VERBOSE1:ahoi/browser/navigation/keyboard_shortcut_registration.cc:57] Ahoi shortcut registered: cmd+ctrl+shift+37
[81231:5846941:0928/164158.427419:VERBOSE1:ahoi/browser/navigation/keyboard_shortcut_registration.cc:57] Ahoi shortcut registered: cmd+ctrl+shift+39
[81231:5846941:0928/164158.427425:VERBOSE1:ahoi/browser/navigation/keyboard_shortcut_registration.cc:57] Ahoi shortcut registered: cmd+ctrl+37
[81231:5846941:0928/164158.427431:VERBOSE1:ahoi/browser/navigation/keyboard_shortcut_registration.cc:57] Ahoi shortcut registered: cmd+ctrl+39
[81231:5846941:0928/164158.427436:VERBOSE1:ahoi/browser/navigation/keyboard_shortcut_registration.cc:57] Ahoi shortcut registered: cmd+ctrl+76
[81231:5846941:0928/164158.427442:VERBOSE1:ahoi/browser/navigation/keyboard_shortcut_registration.cc:57] Ahoi shortcut registered: cmd+ctrl+48
[81231:5846941:0928/164158.427470:VERBOSE1:ahoi/browser/navigation/keyboard_shortcut_registration.cc:57] Ahoi shortcut registered: cmd+ctrl+87
[81231:5846941:0928/164158.622540:ERROR:ahoi/browser/updater/sparkle_runtime_mac.mm:148] Ahoi updater disabled (fail closed): missing-feed-url
[81231:5846941:0928/164203.391041:VERBOSE1:ahoi/browser/session/session_bridge_session.cc:549] Ahoi persist window metadata: workspace=83699047-edf8-580d-948d-9c37acc35cb6 service=1 window_id_valid=1
[81231:5846941:0928/164203.394154:VERBOSE1:ahoi/browser/session/session_bridge_session.cc:465] Ahoi last-used record: index 0 url=about:blank
[81231:5846941:0928/164203.395107:VERBOSE1:ahoi/browser/session/session_bridge_session.cc:465] Ahoi last-used record: index 0 url=about:blank
[81231:5846941:0928/164203.395455:VERBOSE1:ahoi/browser/session/session_bridge_session.cc:549] Ahoi persist window metadata: workspace=83699047-edf8-580d-948d-9c37acc35cb6 service=1 window_id_valid=1
objc[81255]: Class ANGLESwapCGLLayer is implemented in both /Applications/AhoiBrowser.app/Contents/Frameworks/libblink_modules.dylib (0x143a48a50) and /Applications/AhoiBrowser.app/Contents/Frameworks/libgl_init.dylib (0x128b20a50). This may cause spurious casting failures and mysterious crashes. One of the duplicates must be removed or renamed.
objc[81255]: Class CrashpadHTTPBodyStreamTransport is implemented in both /Applications/AhoiBrowser.app/Contents/Frameworks/libbrowser_ui_views.dylib (0x12011c188) and /Applications/AhoiBrowser.app/Contents/Frameworks/libchrome_dll.dylib (0x11870a430). This may cause spurious casting failures and mysterious crashes. One of the duplicates must be removed or renamed.
objc[81254]: Class ANGLESwapCGLLayer is implemented in both /Applications/AhoiBrowser.app/Contents/Frameworks/libblink_modules.dylib (0x143e04a50) and /Applications/AhoiBrowser.app/Contents/Frameworks/libgl_init.dylib (0x128edca50). This may cause spurious casting failures and mysterious crashes. One of the duplicates must be removed or renamed.
objc[81254]: Class CrashpadHTTPBodyStreamTransport is implemented in both /Applications/AhoiBrowser.app/Contents/Frameworks/libbrowser_ui_views.dylib (0x111f2c188) and /Applications/AhoiBrowser.app/Contents/Frameworks/libchrome_dll.dylib (0x118ac6430). This may cause spurious casting failures and mysterious crashes. One of the duplicates must be removed or renamed.
objc[81256]: Class ANGLESwapCGLLayer is implemented in both /Applications/AhoiBrowser.app/Contents/Frameworks/libblink_modules.dylib (0x144660a50) and /Applications/AhoiBrowser.app/Contents/Frameworks/libgl_init.dylib (0x129738a50). This may cause spurious casting failures and mysterious crashes. One of the duplicates must be removed or renamed.
objc[81256]: Class CrashpadHTTPBodyStreamTransport is implemented in both /Applications/AhoiBrowser.app/Contents/Frameworks/libbrowser_ui_views.dylib (0x1128dc188) and /Applications/AhoiBrowser.app/Contents/Frameworks/libchrome_dll.dylib (0x119322430). This may cause spurious casting failures and mysterious crashes. One of the duplicates must be removed or renamed.
objc[81257]: Class ANGLESwapCGLLayer is implemented in both /Applications/AhoiBrowser.app/Contents/Frameworks/libblink_modules.dylib (0x143f28a50) and /Applications/AhoiBrowser.app/Contents/Frameworks/libgl_init.dylib (0x129000a50). This may cause spurious casting failures and mysterious crashes. One of the duplicates must be removed or renamed.
objc[81257]: Class CrashpadHTTPBodyStreamTransport is implemented in both /Applications/AhoiBrowser.app/Contents/Frameworks/libbrowser_ui_views.dylib (0x120110188) and /Applications/AhoiBrowser.app/Contents/Frameworks/libchrome_dll.dylib (0x118bea430). This may cause spurious casting failures and mysterious crashes. One of the duplicates must be removed or renamed.
objc[81262]: Class ANGLESwapCGLLayer is implemented in both /Applications/AhoiBrowser.app/Contents/Frameworks/libblink_modules.dylib (0x1407aca50) and /Applications/AhoiBrowser.app/Contents/Frameworks/libgl_init.dylib (0x125884a50). This may cause spurious casting failures and mysterious crashes. One of the duplicates must be removed or renamed.
objc[81262]: Class CrashpadHTTPBodyStreamTransport is implemented in both /Applications/AhoiBrowser.app/Contents/Frameworks/libbrowser_ui_views.dylib (0x11cf08188) and /Applications/AhoiBrowser.app/Contents/Frameworks/libchrome_dll.dylib (0x11546e430). This may cause spurious casting failures and mysterious crashes. One of the duplicates must be removed or renamed.
objc[81259]: Class ANGLESwapCGLLayer is implemented in both /Applications/AhoiBrowser.app/Contents/Frameworks/libblink_modules.dylib (0x1424cca50) and /Applications/AhoiBrowser.app/Contents/Frameworks/libgl_init.dylib (0x1275a4a50). This may cause spurious casting failures and mysterious crashes. One of the duplicates must be removed or renamed.
objc[81259]: Class CrashpadHTTPBodyStreamTransport is implemented in both /Applications/AhoiBrowser.app/Contents/Frameworks/libbrowser_ui_views.dylib (0x11e6e0188) and /Applications/AhoiBrowser.app/Contents/Frameworks/libchrome_dll.dylib (0x11718e430). This may cause spurious casting failures and mysterious crashes. One of the duplicates must be removed or renamed.
objc[81261]: Class ANGLESwapCGLLayer is implemented in both /Applications/AhoiBrowser.app/Contents/Frameworks/libblink_modules.dylib (0x1438c4a50) and /Applications/AhoiBrowser.app/Contents/Frameworks/libgl_init.dylib (0x12899ca50). This may cause spurious casting failures and mysterious crashes. One of the duplicates must be removed or renamed.
objc[81261]: Class CrashpadHTTPBodyStreamTransport is implemented in both /Applications/AhoiBrowser.app/Contents/Frameworks/libbrowser_ui_views.dylib (0x11f95c188) and /Applications/AhoiBrowser.app/Contents/Frameworks/libchrome_dll.dylib (0x118586430). This may cause spurious casting failures and mysterious crashes. One of the duplicates must be removed or renamed.
[81231:5846941:0928/164204.811646:VERBOSE1:ahoi/browser/session/session_bridge_session.cc:465] Ahoi last-used record: index 0 url=about:blank
[81231:5846941:0928/164209.070577:VERBOSE1:ahoi/browser/session/session_bridge_session.cc:465] Ahoi last-used record: index 1 url=chrome://settings/ahoi
[81231:5846941:0928/164209.092537:VERBOSE1:ahoi/browser/session/session_bridge_session.cc:465] Ahoi last-used record: index 1 url=chrome://settings/ahoi
[81231:5846941:0928/164209.093948:VERBOSE1:ahoi/browser/session/session_bridge_session.cc:465] Ahoi last-used record: index 1 url=chrome://settings/ahoi
[81231:5846941:0928/164209.101443:VERBOSE1:ahoi/browser/session/session_bridge_session.cc:465] Ahoi last-used record: index 1 url=chrome://settings/ahoi
[81231:5846941:0928/164209.117003:VERBOSE1:ahoi/browser/session/session_bridge_session.cc:465] Ahoi last-used record: index 1 url=chrome://settings/ahoi
[81231:5846941:0928/164209.347436:VERBOSE1:ahoi/browser/session/session_bridge_session.cc:465] Ahoi last-used record: index 1 url=chrome://settings/ahoi
objc[81379]: Class ANGLESwapCGLLayer is implemented in both /Applications/AhoiBrowser.app/Contents/Frameworks/libblink_modules.dylib (0x141ad0a50) and /Applications/AhoiBrowser.app/Contents/Frameworks/libgl_init.dylib (0x126ba8a50). This may cause spurious casting failures and mysterious crashes. One of the duplicates must be removed or renamed.
objc[81379]: Class CrashpadHTTPBodyStreamTransport is implemented in both /Applications/AhoiBrowser.app/Contents/Frameworks/libbrowser_ui_views.dylib (0x11dbb4188) and /Applications/AhoiBrowser.app/Contents/Frameworks/libchrome_dll.dylib (0x116792430). This may cause spurious casting failures and mysterious crashes. One of the duplicates must be removed or renamed.
objc[81387]: Class ANGLESwapCGLLayer is implemented in both /Applications/AhoiBrowser.app/Contents/Frameworks/libblink_modules.dylib (0x13fd5ca50) and /Applications/AhoiBrowser.app/Contents/Frameworks/libgl_init.dylib (0x124e34a50). This may cause spurious casting failures and mysterious crashes. One of the duplicates must be removed or renamed.
objc[81387]: Class CrashpadHTTPBodyStreamTransport is implemented in both /Applications/AhoiBrowser.app/Contents/Frameworks/libbrowser_ui_views.dylib (0x10dee8188) and /Applications/AhoiBrowser.app/Contents/Frameworks/libchrome_dll.dylib (0x114a1e430). This may cause spurious casting failures and mysterious crashes. One of the duplicates must be removed or renamed.
[81231:5846941:0928/164214.754770:VERBOSE1:ahoi/browser/navigation/keyboard_shortcut_registration.cc:51] Ahoi shortcut unregistered: cmd+alt+75
[81231:5846941:0928/164214.754838:VERBOSE1:ahoi/browser/navigation/keyboard_shortcut_registration.cc:57] Ahoi shortcut registered: ctrl+alt+9
[81231:5846941:0928/164217.861906:ERROR:base/process/kill_posix.cc:33] waitpid(81255): No child processes (10)
