objc[34742]: Class ANGLESwapCGLLayer is implemented in both /Applications/AhoiBrowser.app/Contents/Frameworks/libblink_modules.dylib (0x13fae0a50) and /Applications/AhoiBrowser.app/Contents/Frameworks/libgl_init.dylib (0x124bb8a50). This may cause spurious casting failures and mysterious crashes. One of the duplicates must be removed or renamed.
objc[34742]: Class CrashpadHTTPBodyStreamTransport is implemented in both /Applications/AhoiBrowser.app/Contents/Frameworks/libbrowser_ui_views.dylib (0x10dc10188) and /Applications/AhoiBrowser.app/Contents/Frameworks/libchrome_dll.dylib (0x1147aa430). This may cause spurious casting failures and mysterious crashes. One of the duplicates must be removed or renamed.
[34742:30602926:0926/014849.151974:ERROR:chrome/browser/mac/code_sign_clone_manager.mm:98] error removing quarantine attribute "/var/folders/zn/wn74lz2s2bsfp734gbqytmpr0000gn/X/"
[34742:30602926:0926/014849.180501:ERROR:chrome/browser/mac/code_sign_clone_manager.mm:98] error removing quarantine attribute "/var/folders/zn/wn74lz2s2bsfp734gbqytmpr0000gn/X/"

DevTools listening on ws://127.0.0.1:9379/devtools/browser/1b0f3d28-ee89-4e40-9499-bc4c8c989b27
[34742:30602834:0926/014849.487088:ERROR:ahoi/browser/updater/sparkle_runtime_mac.mm:148] Ahoi updater disabled (fail closed): missing-feed-url
objc[34759]: Class ANGLESwapCGLLayer is implemented in both /Applications/AhoiBrowser.app/Contents/Frameworks/libblink_modules.dylib (0x141fe8a50) and /Applications/AhoiBrowser.app/Contents/Frameworks/libgl_init.dylib (0x1270c0a50). This may cause spurious casting failures and mysterious crashes. One of the duplicates must be removed or renamed.
objc[34759]: Class CrashpadHTTPBodyStreamTransport is implemented in both /Applications/AhoiBrowser.app/Contents/Frameworks/libbrowser_ui_views.dylib (0x11dc84188) and /Applications/AhoiBrowser.app/Contents/Frameworks/libchrome_dll.dylib (0x116cb2430). This may cause spurious casting failures and mysterious crashes. One of the duplicates must be removed or renamed.
objc[34760]: Class ANGLESwapCGLLayer is implemented in both /Applications/AhoiBrowser.app/Contents/Frameworks/libblink_modules.dylib (0x13f700a50) and /Applications/AhoiBrowser.app/Contents/Frameworks/libgl_init.dylib (0x1247d8a50). This may cause spurious casting failures and mysterious crashes. One of the duplicates must be removed or renamed.
objc[34760]: Class CrashpadHTTPBodyStreamTransport is implemented in both /Applications/AhoiBrowser.app/Contents/Frameworks/libbrowser_ui_views.dylib (0x11b444188) and /Applications/AhoiBrowser.app/Contents/Frameworks/libchrome_dll.dylib (0x1143ca430). This may cause spurious casting failures and mysterious crashes. One of the duplicates must be removed or renamed.
objc[34761]: Class ANGLESwapCGLLayer is implemented in both /Applications/AhoiBrowser.app/Contents/Frameworks/libblink_modules.dylib (0x142548a50) and /Applications/AhoiBrowser.app/Contents/Frameworks/libgl_init.dylib (0x127620a50). This may cause spurious casting failures and mysterious crashes. One of the duplicates must be removed or renamed.
objc[34761]: Class CrashpadHTTPBodyStreamTransport is implemented in both /Applications/AhoiBrowser.app/Contents/Frameworks/libbrowser_ui_views.dylib (0x11078c188) and /Applications/AhoiBrowser.app/Contents/Frameworks/libchrome_dll.dylib (0x117212430). This may cause spurious casting failures and mysterious crashes. One of the duplicates must be removed or renamed.
objc[34762]: Class ANGLESwapCGLLayer is implemented in both /Applications/AhoiBrowser.app/Contents/Frameworks/libblink_modules.dylib (0x144470a50) and /Applications/AhoiBrowser.app/Contents/Frameworks/libgl_init.dylib (0x129548a50). This may cause spurious casting failures and mysterious crashes. One of the duplicates must be removed or renamed.
objc[34762]: Class CrashpadHTTPBodyStreamTransport is implemented in both /Applications/AhoiBrowser.app/Contents/Frameworks/libbrowser_ui_views.dylib (0x1200c0188) and /Applications/AhoiBrowser.app/Contents/Frameworks/libchrome_dll.dylib (0x11913a430). This may cause spurious casting failures and mysterious crashes. One of the duplicates must be removed or renamed.
objc[34763]: Class ANGLESwapCGLLayer is implemented in both /Applications/AhoiBrowser.app/Contents/Frameworks/libblink_modules.dylib (0x140250a50) and /Applications/AhoiBrowser.app/Contents/Frameworks/libgl_init.dylib (0x125328a50). This may cause spurious casting failures and mysterious crashes. One of the duplicates must be removed or renamed.
objc[34763]: Class CrashpadHTTPBodyStreamTransport is implemented in both /Applications/AhoiBrowser.app/Contents/Frameworks/libbrowser_ui_views.dylib (0x11c9ac188) and /Applications/AhoiBrowser.app/Contents/Frameworks/libchrome_dll.dylib (0x114f1a430). This may cause spurious casting failures and mysterious crashes. One of the duplicates must be removed or renamed.
objc[34766]: Class ANGLESwapCGLLayer is implemented in both /Applications/AhoiBrowser.app/Contents/Frameworks/libblink_modules.dylib (0x144274a50) and /Applications/AhoiBrowser.app/Contents/Frameworks/libgl_init.dylib (0x12934ca50). This may cause spurious casting failures and mysterious crashes. One of the duplicates must be removed or renamed.
objc[34766]: Class CrashpadHTTPBodyStreamTransport is implemented in both /Applications/AhoiBrowser.app/Contents/Frameworks/libbrowser_ui_views.dylib (0x11ff5c188) and /Applications/AhoiBrowser.app/Contents/Frameworks/libchrome_dll.dylib (0x118f3e430). This may cause spurious casting failures and mysterious crashes. One of the duplicates must be removed or renamed.
objc[34767]: Class ANGLESwapCGLLayer is implemented in both /Applications/AhoiBrowser.app/Contents/Frameworks/libblink_modules.dylib (0x144668a50) and /Applications/AhoiBrowser.app/Contents/Frameworks/libgl_init.dylib (0x129740a50). This may cause spurious casting failures and mysterious crashes. One of the duplicates must be removed or renamed.
objc[34767]: Class CrashpadHTTPBodyStreamTransport is implemented in both /Applications/AhoiBrowser.app/Contents/Frameworks/libbrowser_ui_views.dylib (0x11290c188) and /Applications/AhoiBrowser.app/Contents/Frameworks/libchrome_dll.dylib (0x119332430). This may cause spurious casting failures and mysterious crashes. One of the duplicates must be removed or renamed.
[34742:30602834:0926/014855.045224:ERROR:chrome/browser/ui/webui/ntp/new_tab_ui.cc:54] Requested load of chrome://newtab/ for incorrect profile type.
objc[34798]: Class ANGLESwapCGLLayer is implemented in both /Applications/AhoiBrowser.app/Contents/Frameworks/libblink_modules.dylib (0x142324a50) and /Applications/AhoiBrowser.app/Contents/Frameworks/libgl_init.dylib (0x1273fca50). This may cause spurious casting failures and mysterious crashes. One of the duplicates must be removed or renamed.
objc[34798]: Class CrashpadHTTPBodyStreamTransport is implemented in both /Applications/AhoiBrowser.app/Contents/Frameworks/libbrowser_ui_views.dylib (0x110474188) and /Applications/AhoiBrowser.app/Contents/Frameworks/libchrome_dll.dylib (0x116fee430). This may cause spurious casting failures and mysterious crashes. One of the duplicates must be removed or renamed.
objc[34801]: Class ANGLESwapCGLLayer is implemented in both /Applications/AhoiBrowser.app/Contents/Frameworks/libblink_modules.dylib (0x1429d0a50) and /Applications/AhoiBrowser.app/Contents/Frameworks/libgl_init.dylib (0x127aa8a50). This may cause spurious casting failures and mysterious crashes. One of the duplicates must be removed or renamed.
objc[34801]: Class CrashpadHTTPBodyStreamTransport is implemented in both /Applications/AhoiBrowser.app/Contents/Frameworks/libbrowser_ui_views.dylib (0x110b74188) and /Applications/AhoiBrowser.app/Contents/Frameworks/libchrome_dll.dylib (0x11769a430). This may cause spurious casting failures and mysterious crashes. One of the duplicates must be removed or renamed.
objc[34881]: Class ANGLESwapCGLLayer is implemented in both /Applications/AhoiBrowser.app/Contents/Frameworks/libblink_modules.dylib (0x141c40a50) and /Applications/AhoiBrowser.app/Contents/Frameworks/libgl_init.dylib (0x126d18a50). This may cause spurious casting failures and mysterious crashes. One of the duplicates must be removed or renamed.
objc[34881]: Class CrashpadHTTPBodyStreamTransport is implemented in both /Applications/AhoiBrowser.app/Contents/Frameworks/libbrowser_ui_views.dylib (0x10fdf4188) and /Applications/AhoiBrowser.app/Contents/Frameworks/libchrome_dll.dylib (0x11690a430). This may cause spurious casting failures and mysterious crashes. One of the duplicates must be removed or renamed.
objc[34942]: Class ANGLESwapCGLLayer is implemented in both /Applications/AhoiBrowser.app/Contents/Frameworks/libblink_modules.dylib (0x140760a50) and /Applications/AhoiBrowser.app/Contents/Frameworks/libgl_init.dylib (0x125838a50). This may cause spurious casting failures and mysterious crashes. One of the duplicates must be removed or renamed.
objc[34942]: Class CrashpadHTTPBodyStreamTransport is implemented in both /Applications/AhoiBrowser.app/Contents/Frameworks/libbrowser_ui_views.dylib (0x11cebc188) and /Applications/AhoiBrowser.app/Contents/Frameworks/libchrome_dll.dylib (0x11542a430). This may cause spurious casting failures and mysterious crashes. One of the duplicates must be removed or renamed.
[34759:30603117:0926/014911.246777:ERROR:components/viz/service/surfaces/surface_manager.cc:479] Old/orphaned temporary reference to SurfaceId(FrameSinkId[DelegatedFrameHost](6, 6), LocalSurfaceId(2, 3, 5701...))
[34759:30603117:0926/014911.247081:ERROR:components/viz/service/surfaces/surface_manager.cc:479] Old/orphaned temporary reference to SurfaceId(FrameSinkId[DelegatedFrameHost](6, 6), LocalSurfaceId(2, 2, 5701...))
[34759:30603117:0926/014911.247090:ERROR:components/viz/service/surfaces/surface_manager.cc:479] Old/orphaned temporary reference to SurfaceId(FrameSinkId[DelegatedFrameHost](6, 3), LocalSurfaceId(2, 3, 64AE...))
[34759:30603117:0926/014911.247098:ERROR:components/viz/service/surfaces/surface_manager.cc:479] Old/orphaned temporary reference to SurfaceId(FrameSinkId[DelegatedFrameHost](6, 3), LocalSurfaceId(2, 2, 64AE...))
[34759:30603117:0926/014921.246957:ERROR:components/viz/service/surfaces/surface_manager.cc:479] Old/orphaned temporary reference to SurfaceId(FrameSinkId[DelegatedFrameHost](6, 6), LocalSurfaceId(3, 3, 5701...))
[34759:30603117:0926/014921.246996:ERROR:components/viz/service/surfaces/surface_manager.cc:479] Old/orphaned temporary reference to SurfaceId(FrameSinkId[DelegatedFrameHost](6, 6), LocalSurfaceId(3, 4, 5701...))
[34759:30603117:0926/014921.247005:ERROR:components/viz/service/surfaces/surface_manager.cc:479] Old/orphaned temporary reference to SurfaceId(FrameSinkId[DelegatedFrameHost](6, 3), LocalSurfaceId(3, 5, 64AE...))
[34759:30603117:0926/014921.247011:ERROR:components/viz/service/surfaces/surface_manager.cc:479] Old/orphaned temporary reference to SurfaceId(FrameSinkId[DelegatedFrameHost](6, 3), LocalSurfaceId(3, 4, 64AE...))
[34742:30602834:0926/014931.405607:ERROR:base/process/kill_posix.cc:33] waitpid(34760): No child processes (10)
