objc[98609]: Class ANGLESwapCGLLayer is implemented in both /Applications/AhoiBrowser.app/Contents/Frameworks/libblink_modules.dylib (0x13fdaca50) and /Applications/AhoiBrowser.app/Contents/Frameworks/libgl_init.dylib (0x124e84a50). This may cause spurious casting failures and mysterious crashes. One of the duplicates must be removed or renamed.
objc[98609]: Class CrashpadHTTPBodyStreamTransport is implemented in both /Applications/AhoiBrowser.app/Contents/Frameworks/libbrowser_ui_views.dylib (0x10dfa0188) and /Applications/AhoiBrowser.app/Contents/Frameworks/libchrome_dll.dylib (0x114a6e430). This may cause spurious casting failures and mysterious crashes. One of the duplicates must be removed or renamed.
[98609:7335162:0928/194057.221067:ERROR:chrome/browser/mac/code_sign_clone_manager.mm:98] error removing quarantine attribute "/var/folders/zn/wn74lz2s2bsfp734gbqytmpr0000gn/X/"
[98609:7335162:0928/194057.243669:ERROR:chrome/browser/mac/code_sign_clone_manager.mm:98] error removing quarantine attribute "/var/folders/zn/wn74lz2s2bsfp734gbqytmpr0000gn/X/"
[98609:7334936:0928/194057.420050:WARNING:chrome/browser/signin/account_consistency_mode_manager.cc:74] Desktop Identity Consistency cannot be enabled as no OAuth client ID and client secret have been configured.

DevTools listening on ws://127.0.0.1:9381/devtools/browser/7b0deb32-be3d-4d97-936c-7ba1d0a829b4
[98609:7334936:0928/194058.186762:ERROR:ahoi/browser/updater/sparkle_runtime_mac.mm:148] Ahoi updater disabled (fail closed): missing-feed-url
objc[98645]: Class ANGLESwapCGLLayer is implemented in both /Applications/AhoiBrowser.app/Contents/Frameworks/libblink_modules.dylib (0x1420cca50) and /Applications/AhoiBrowser.app/Contents/Frameworks/libgl_init.dylib (0x1271a4a50). This may cause spurious casting failures and mysterious crashes. One of the duplicates must be removed or renamed.
objc[98645]: Class CrashpadHTTPBodyStreamTransport is implemented in both /Applications/AhoiBrowser.app/Contents/Frameworks/libbrowser_ui_views.dylib (0x11e2e0188) and /Applications/AhoiBrowser.app/Contents/Frameworks/libchrome_dll.dylib (0x116d8e430). This may cause spurious casting failures and mysterious crashes. One of the duplicates must be removed or renamed.
objc[98644]: Class ANGLESwapCGLLayer is implemented in both /Applications/AhoiBrowser.app/Contents/Frameworks/libblink_modules.dylib (0x142604a50) and /Applications/AhoiBrowser.app/Contents/Frameworks/libgl_init.dylib (0x1276dca50). This may cause spurious casting failures and mysterious crashes. One of the duplicates must be removed or renamed.
objc[98644]: Class CrashpadHTTPBodyStreamTransport is implemented in both /Applications/AhoiBrowser.app/Contents/Frameworks/libbrowser_ui_views.dylib (0x11e7ec188) and /Applications/AhoiBrowser.app/Contents/Frameworks/libchrome_dll.dylib (0x1172c6430). This may cause spurious casting failures and mysterious crashes. One of the duplicates must be removed or renamed.
objc[98647]: Class ANGLESwapCGLLayer is implemented in both /Applications/AhoiBrowser.app/Contents/Frameworks/libblink_modules.dylib (0x1448f4a50) and /Applications/AhoiBrowser.app/Contents/Frameworks/libgl_init.dylib (0x1299cca50). This may cause spurious casting failures and mysterious crashes. One of the duplicates must be removed or renamed.
objc[98647]: Class CrashpadHTTPBodyStreamTransport is implemented in both /Applications/AhoiBrowser.app/Contents/Frameworks/libbrowser_ui_views.dylib (0x112b10188) and /Applications/AhoiBrowser.app/Contents/Frameworks/libchrome_dll.dylib (0x1195b6430). This may cause spurious casting failures and mysterious crashes. One of the duplicates must be removed or renamed.
objc[98648]: Class ANGLESwapCGLLayer is implemented in both /Applications/AhoiBrowser.app/Contents/Frameworks/libblink_modules.dylib (0x140750a50) and /Applications/AhoiBrowser.app/Contents/Frameworks/libgl_init.dylib (0x125828a50). This may cause spurious casting failures and mysterious crashes. One of the duplicates must be removed or renamed.
objc[98648]: Class CrashpadHTTPBodyStreamTransport is implemented in both /Applications/AhoiBrowser.app/Contents/Frameworks/libbrowser_ui_views.dylib (0x11ce24188) and /Applications/AhoiBrowser.app/Contents/Frameworks/libchrome_dll.dylib (0x115412430). This may cause spurious casting failures and mysterious crashes. One of the duplicates must be removed or renamed.
objc[98657]: Class ANGLESwapCGLLayer is implemented in both /Applications/AhoiBrowser.app/Contents/Frameworks/libblink_modules.dylib (0x142000a50) and /Applications/AhoiBrowser.app/Contents/Frameworks/libgl_init.dylib (0x1270d8a50). This may cause spurious casting failures and mysterious crashes. One of the duplicates must be removed or renamed.
objc[98657]: Class CrashpadHTTPBodyStreamTransport is implemented in both /Applications/AhoiBrowser.app/Contents/Frameworks/libbrowser_ui_views.dylib (0x11e270188) and /Applications/AhoiBrowser.app/Contents/Frameworks/libchrome_dll.dylib (0x116cc2430). This may cause spurious casting failures and mysterious crashes. One of the duplicates must be removed or renamed.
objc[98654]: Class ANGLESwapCGLLayer is implemented in both /Applications/AhoiBrowser.app/Contents/Frameworks/libblink_modules.dylib (0x143e20a50) and /Applications/AhoiBrowser.app/Contents/Frameworks/libgl_init.dylib (0x128ef8a50). This may cause spurious casting failures and mysterious crashes. One of the duplicates must be removed or renamed.
objc[98654]: Class CrashpadHTTPBodyStreamTransport is implemented in both /Applications/AhoiBrowser.app/Contents/Frameworks/libbrowser_ui_views.dylib (0x11fabc188) and /Applications/AhoiBrowser.app/Contents/Frameworks/libchrome_dll.dylib (0x118ae2430). This may cause spurious casting failures and mysterious crashes. One of the duplicates must be removed or renamed.
objc[98658]: Class ANGLESwapCGLLayer is implemented in both /Applications/AhoiBrowser.app/Contents/Frameworks/libblink_modules.dylib (0x143b94a50) and /Applications/AhoiBrowser.app/Contents/Frameworks/libgl_init.dylib (0x128c6ca50). This may cause spurious casting failures and mysterious crashes. One of the duplicates must be removed or renamed.
objc[98658]: Class CrashpadHTTPBodyStreamTransport is implemented in both /Applications/AhoiBrowser.app/Contents/Frameworks/libbrowser_ui_views.dylib (0x11f830188) and /Applications/AhoiBrowser.app/Contents/Frameworks/libchrome_dll.dylib (0x118856430). This may cause spurious casting failures and mysterious crashes. One of the duplicates must be removed or renamed.
objc[98729]: Class ANGLESwapCGLLayer is implemented in both /Applications/AhoiBrowser.app/Contents/Frameworks/libblink_modules.dylib (0x1400fca50) and /Applications/AhoiBrowser.app/Contents/Frameworks/libgl_init.dylib (0x1251d4a50). This may cause spurious casting failures and mysterious crashes. One of the duplicates must be removed or renamed.
objc[98729]: Class CrashpadHTTPBodyStreamTransport is implemented in both /Applications/AhoiBrowser.app/Contents/Frameworks/libbrowser_ui_views.dylib (0x11bd98188) and /Applications/AhoiBrowser.app/Contents/Frameworks/libchrome_dll.dylib (0x114dbe430). This may cause spurious casting failures and mysterious crashes. One of the duplicates must be removed or renamed.
[98609:7334936:0928/194104.125615:VERBOSE1:ahoi/browser/session/session_bridge_observers.cc:69] Ahoi track window: first Workspace until restore metadata
[98609:7334936:0928/194104.126043:VERBOSE1:ahoi/browser/session/session_bridge_session.cc:549] Ahoi persist window metadata: workspace=83699047-edf8-580d-948d-9c37acc35cb6 service=1 window_id_valid=1
[98609:7334936:0928/194104.128128:VERBOSE1:ahoi/browser/session/session_bridge_session.cc:465] Ahoi last-used record: index 0 url=chrome://newtab/
[98609:7334936:0928/194104.130025:VERBOSE1:ahoi/browser/session/session_bridge_session.cc:465] Ahoi last-used record: index 0 url=chrome://newtab/
[98609:7334936:0928/194104.130126:VERBOSE1:ahoi/browser/session/session_bridge_session.cc:549] Ahoi persist window metadata: workspace=83699047-edf8-580d-948d-9c37acc35cb6 service=1 window_id_valid=1
[98609:7334936:0928/194108.723062:ERROR:chrome/browser/ui/webui/ntp/new_tab_ui.cc:54] Requested load of chrome://newtab/ for incorrect profile type.
[98609:7334936:0928/194108.723998:ERROR:chrome/browser/ui/webui/ntp/new_tab_ui.cc:54] Requested load of chrome://newtab/ for incorrect profile type.
[98609:7334936:0928/194108.729161:VERBOSE1:ahoi/browser/session/session_bridge_session.cc:465] Ahoi last-used record: index 1 url=http://127.0.0.1:8803/alpha.html
[98609:7334936:0928/194108.738464:VERBOSE1:ahoi/browser/session/session_bridge_session.cc:465] Ahoi last-used record: index 1 url=http://127.0.0.1:8803/alpha.html
[98609:7334936:0928/194108.739149:VERBOSE1:ahoi/browser/session/session_bridge_session.cc:465] Ahoi last-used record: index 1 url=http://127.0.0.1:8803/alpha.html
[98609:7334936:0928/194108.750028:VERBOSE1:ahoi/browser/session/session_bridge_session.cc:465] Ahoi last-used record: index 1 url=http://127.0.0.1:8803/alpha.html
[98609:7334936:0928/194108.762203:VERBOSE1:ahoi/browser/session/session_bridge_session.cc:465] Ahoi last-used record: index 1 url=http://127.0.0.1:8803/alpha.html
objc[98779]: Class ANGLESwapCGLLayer is implemented in both /Applications/AhoiBrowser.app/Contents/Frameworks/libblink_modules.dylib (0x143938a50) and /Applications/AhoiBrowser.app/Contents/Frameworks/libgl_init.dylib (0x128a10a50). This may cause spurious casting failures and mysterious crashes. One of the duplicates must be removed or renamed.
objc[98779]: Class CrashpadHTTPBodyStreamTransport is implemented in both /Applications/AhoiBrowser.app/Contents/Frameworks/libbrowser_ui_views.dylib (0x11fb4c188) and /Applications/AhoiBrowser.app/Contents/Frameworks/libchrome_dll.dylib (0x1185fa430). This may cause spurious casting failures and mysterious crashes. One of the duplicates must be removed or renamed.
[98609:7334936:0928/194116.500373:VERBOSE1:ahoi/browser/session/session_bridge_session.cc:549] Ahoi persist window metadata: workspace=fe19a70a-4a1b-47eb-b982-5686dfc81d82 service=1 window_id_valid=1
[98644:7335557:0928/194121.014580:ERROR:components/viz/service/surfaces/surface_manager.cc:479] Old/orphaned temporary reference to SurfaceId(FrameSinkId[DelegatedFrameHost](6, 3), LocalSurfaceId(2, 2, BD9D...))
[98609:7334936:0928/194122.865293:VERBOSE1:ahoi/browser/session/session_bridge_session.cc:465] Ahoi last-used record: index 2 url=http://127.0.0.1:8803/beta.html
[98609:7334936:0928/194122.871537:VERBOSE1:ahoi/browser/session/session_bridge_session.cc:465] Ahoi last-used record: index 2 url=http://127.0.0.1:8803/beta.html
[98609:7334936:0928/194122.872324:VERBOSE1:ahoi/browser/session/session_bridge_session.cc:465] Ahoi last-used record: index 2 url=http://127.0.0.1:8803/beta.html
[98609:7334936:0928/194122.882111:VERBOSE1:ahoi/browser/session/session_bridge_session.cc:465] Ahoi last-used record: index 2 url=http://127.0.0.1:8803/beta.html
[98609:7334936:0928/194122.890066:VERBOSE1:ahoi/browser/session/session_bridge_session.cc:465] Ahoi last-used record: index 2 url=http://127.0.0.1:8803/beta.html
objc[99166]: Class ANGLESwapCGLLayer is implemented in both /Applications/AhoiBrowser.app/Contents/Frameworks/libblink_modules.dylib (0x1421b4a50) and /Applications/AhoiBrowser.app/Contents/Frameworks/libgl_init.dylib (0x12728ca50). This may cause spurious casting failures and mysterious crashes. One of the duplicates must be removed or renamed.
objc[99166]: Class CrashpadHTTPBodyStreamTransport is implemented in both /Applications/AhoiBrowser.app/Contents/Frameworks/libbrowser_ui_views.dylib (0x11e888188) and /Applications/AhoiBrowser.app/Contents/Frameworks/libchrome_dll.dylib (0x116e76430). This may cause spurious casting failures and mysterious crashes. One of the duplicates must be removed or renamed.
[98609:7334936:0928/194130.736598:VERBOSE1:ahoi/browser/session/session_bridge_session.cc:465] Ahoi last-used record: index 3 url=http://127.0.0.1:8803/gamma.html
[98609:7334936:0928/194130.745790:VERBOSE1:ahoi/browser/session/session_bridge_session.cc:465] Ahoi last-used record: index 3 url=http://127.0.0.1:8803/gamma.html
[98609:7334936:0928/194130.746868:VERBOSE1:ahoi/browser/session/session_bridge_session.cc:465] Ahoi last-used record: index 3 url=http://127.0.0.1:8803/gamma.html
[98609:7334936:0928/194130.751332:VERBOSE1:ahoi/browser/session/session_bridge_session.cc:465] Ahoi last-used record: index 3 url=http://127.0.0.1:8803/gamma.html
[98609:7334936:0928/194130.763334:VERBOSE1:ahoi/browser/session/session_bridge_session.cc:465] Ahoi last-used record: index 3 url=http://127.0.0.1:8803/gamma.html
objc[99455]: Class ANGLESwapCGLLayer is implemented in both /Applications/AhoiBrowser.app/Contents/Frameworks/libblink_modules.dylib (0x1424e0a50) and /Applications/AhoiBrowser.app/Contents/Frameworks/libgl_init.dylib (0x1275b8a50). This may cause spurious casting failures and mysterious crashes. One of the duplicates must be removed or renamed.
objc[99455]: Class CrashpadHTTPBodyStreamTransport is implemented in both /Applications/AhoiBrowser.app/Contents/Frameworks/libbrowser_ui_views.dylib (0x11e6f4188) and /Applications/AhoiBrowser.app/Contents/Frameworks/libchrome_dll.dylib (0x1171a2430). This may cause spurious casting failures and mysterious crashes. One of the duplicates must be removed or renamed.
[98609:7334936:0928/194137.168963:VERBOSE1:ahoi/browser/session/session_restore_integration.cc:85] Ahoi rebuild window extra data: provider=1 workspace=fe19a70a-4a1b-47eb-b982-5686dfc81d82
[98609:7334936:0928/194137.635001:ERROR:base/process/kill_posix.cc:33] waitpid(98645): No child processes (10)
objc[99814]: Class ANGLESwapCGLLayer is implemented in both /Applications/AhoiBrowser.app/Contents/Frameworks/libblink_modules.dylib (0x143cf4a50) and /Applications/AhoiBrowser.app/Contents/Frameworks/libgl_init.dylib (0x128dcca50). This may cause spurious casting failures and mysterious crashes. One of the duplicates must be removed or renamed.
objc[99814]: Class CrashpadHTTPBodyStreamTransport is implemented in both /Applications/AhoiBrowser.app/Contents/Frameworks/libbrowser_ui_views.dylib (0x111dfc188) and /Applications/AhoiBrowser.app/Contents/Frameworks/libchrome_dll.dylib (0x1189b6430). This may cause spurious casting failures and mysterious crashes. One of the duplicates must be removed or renamed.
[99814:7339574:0928/194142.611621:ERROR:chrome/browser/mac/code_sign_clone_manager.mm:98] error removing quarantine attribute "/var/folders/zn/wn74lz2s2bsfp734gbqytmpr0000gn/X/"
[99814:7339574:0928/194142.631114:ERROR:chrome/browser/mac/code_sign_clone_manager.mm:98] error removing quarantine attribute "/var/folders/zn/wn74lz2s2bsfp734gbqytmpr0000gn/X/"
[99814:7339388:0928/194142.753262:WARNING:chrome/browser/signin/account_consistency_mode_manager.cc:74] Desktop Identity Consistency cannot be enabled as no OAuth client ID and client secret have been configured.
[99814:7339388:0928/194143.294123:ERROR:ahoi/browser/updater/sparkle_runtime_mac.mm:148] Ahoi updater disabled (fail closed): missing-feed-url
[99814:7339388:0928/194143.349933:VERBOSE1:ahoi/browser/session/session_restore_integration.cc:141] Ahoi restore window extra data: provider=1 workspace=fe19a70a-4a1b-47eb-b982-5686dfc81d82
[99814:7339388:0928/194143.349956:VERBOSE1:ahoi/browser/session/session_bridge_session.cc:196] Ahoi restore window metadata: workspace=fe19a70a-4a1b-47eb-b982-5686dfc81d82 valid=1 trackable=1 tree_ready=0
[99814:7339388:0928/194143.402035:ERROR:chrome/browser/ui/webui/ntp/new_tab_ui.cc:54] Requested load of chrome://newtab/ for incorrect profile type.
[99814:7339388:0928/194143.403122:ERROR:chrome/browser/ui/webui/ntp/new_tab_ui.cc:54] Requested load of chrome://newtab/ for incorrect profile type.
objc[99902]: Class ANGLESwapCGLLayer is implemented in both /Applications/AhoiBrowser.app/Contents/Frameworks/libblink_modules.dylib (0x144224a50) and /Applications/AhoiBrowser.app/Contents/Frameworks/libgl_init.dylib (0x1292fca50). This may cause spurious casting failures and mysterious crashes. One of the duplicates must be removed or renamed.
objc[99902]: Class CrashpadHTTPBodyStreamTransport is implemented in both /Applications/AhoiBrowser.app/Contents/Frameworks/libbrowser_ui_views.dylib (0x1208f8188) and /Applications/AhoiBrowser.app/Contents/Frameworks/libchrome_dll.dylib (0x118ee6430). This may cause spurious casting failures and mysterious crashes. One of the duplicates must be removed or renamed.
objc[99903]: Class ANGLESwapCGLLayer is implemented in both /Applications/AhoiBrowser.app/Contents/Frameworks/libblink_modules.dylib (0x1403dca50) and /Applications/AhoiBrowser.app/Contents/Frameworks/libgl_init.dylib (0x1254b4a50). This may cause spurious casting failures and mysterious crashes. One of the duplicates must be removed or renamed.
objc[99903]: Class CrashpadHTTPBodyStreamTransport is implemented in both /Applications/AhoiBrowser.app/Contents/Frameworks/libbrowser_ui_views.dylib (0x11c4c0188) and /Applications/AhoiBrowser.app/Contents/Frameworks/libchrome_dll.dylib (0x11509e430). This may cause spurious casting failures and mysterious crashes. One of the duplicates must be removed or renamed.
objc[99904]: Class ANGLESwapCGLLayer is implemented in both /Applications/AhoiBrowser.app/Contents/Frameworks/libblink_modules.dylib (0x1426d4a50) and /Applications/AhoiBrowser.app/Contents/Frameworks/libgl_init.dylib (0x1277aca50). This may cause spurious casting failures and mysterious crashes. One of the duplicates must be removed or renamed.
objc[99904]: Class CrashpadHTTPBodyStreamTransport is implemented in both /Applications/AhoiBrowser.app/Contents/Frameworks/libbrowser_ui_views.dylib (0x11080c188) and /Applications/AhoiBrowser.app/Contents/Frameworks/libchrome_dll.dylib (0x117396430). This may cause spurious casting failures and mysterious crashes. One of the duplicates must be removed or renamed.
objc[99905]: Class ANGLESwapCGLLayer is implemented in both /Applications/AhoiBrowser.app/Contents/Frameworks/libblink_modules.dylib (0x1403eca50) and /Applications/AhoiBrowser.app/Contents/Frameworks/libgl_init.dylib (0x1254c4a50). This may cause spurious casting failures and mysterious crashes. One of the duplicates must be removed or renamed.
objc[99905]: Class CrashpadHTTPBodyStreamTransport is implemented in both /Applications/AhoiBrowser.app/Contents/Frameworks/libbrowser_ui_views.dylib (0x10e6a8188) and /Applications/AhoiBrowser.app/Contents/Frameworks/libchrome_dll.dylib (0x1150ae430). This may cause spurious casting failures and mysterious crashes. One of the duplicates must be removed or renamed.
objc[99906]: Class ANGLESwapCGLLayer is implemented in both /Applications/AhoiBrowser.app/Contents/Frameworks/libblink_modules.dylib (0x140204a50) and /Applications/AhoiBrowser.app/Contents/Frameworks/libgl_init.dylib (0x1252dca50). This may cause spurious casting failures and mysterious crashes. One of the duplicates must be removed or renamed.
objc[99906]: Class CrashpadHTTPBodyStreamTransport is implemented in both /Applications/AhoiBrowser.app/Contents/Frameworks/libbrowser_ui_views.dylib (0x11be54188) and /Applications/AhoiBrowser.app/Contents/Frameworks/libchrome_dll.dylib (0x114ec6430). This may cause spurious casting failures and mysterious crashes. One of the duplicates must be removed or renamed.
objc[99910]: Class ANGLESwapCGLLayer is implemented in both /Applications/AhoiBrowser.app/Contents/Frameworks/libblink_modules.dylib (0x142320a50) and /Applications/AhoiBrowser.app/Contents/Frameworks/libgl_init.dylib (0x1273f8a50). This may cause spurious casting failures and mysterious crashes. One of the duplicates must be removed or renamed.
objc[99910]: Class CrashpadHTTPBodyStreamTransport is implemented in both /Applications/AhoiBrowser.app/Contents/Frameworks/libbrowser_ui_views.dylib (0x11e404188) and /Applications/AhoiBrowser.app/Contents/Frameworks/libchrome_dll.dylib (0x116fe2430). This may cause spurious casting failures and mysterious crashes. One of the duplicates must be removed or renamed.
objc[99909]: Class ANGLESwapCGLLayer is implemented in both /Applications/AhoiBrowser.app/Contents/Frameworks/libblink_modules.dylib (0x13fb24a50) and /Applications/AhoiBrowser.app/Contents/Frameworks/libgl_init.dylib (0x124bfca50). This may cause spurious casting failures and mysterious crashes. One of the duplicates must be removed or renamed.
objc[99909]: Class CrashpadHTTPBodyStreamTransport is implemented in both /Applications/AhoiBrowser.app/Contents/Frameworks/libbrowser_ui_views.dylib (0x10dd08188) and /Applications/AhoiBrowser.app/Contents/Frameworks/libchrome_dll.dylib (0x1147e6430). This may cause spurious casting failures and mysterious crashes. One of the duplicates must be removed or renamed.
objc[99908]: Class ANGLESwapCGLLayer is implemented in both /Applications/AhoiBrowser.app/Contents/Frameworks/libblink_modules.dylib (0x1443b8a50) and /Applications/AhoiBrowser.app/Contents/Frameworks/libgl_init.dylib (0x129490a50). This may cause spurious casting failures and mysterious crashes. One of the duplicates must be removed or renamed.
objc[99908]: Class CrashpadHTTPBodyStreamTransport is implemented in both /Applications/AhoiBrowser.app/Contents/Frameworks/libbrowser_ui_views.dylib (0x11250c188) and /Applications/AhoiBrowser.app/Contents/Frameworks/libchrome_dll.dylib (0x11907a430). This may cause spurious casting failures and mysterious crashes. One of the duplicates must be removed or renamed.
objc[99911]: Class ANGLESwapCGLLayer is implemented in both /Applications/AhoiBrowser.app/Contents/Frameworks/libblink_modules.dylib (0x1444d0a50) and /Applications/AhoiBrowser.app/Contents/Frameworks/libgl_init.dylib (0x1295a8a50). This may cause spurious casting failures and mysterious crashes. One of the duplicates must be removed or renamed.
objc[99911]: Class CrashpadHTTPBodyStreamTransport is implemented in both /Applications/AhoiBrowser.app/Contents/Frameworks/libbrowser_ui_views.dylib (0x120688188) and /Applications/AhoiBrowser.app/Contents/Frameworks/libchrome_dll.dylib (0x119192430). This may cause spurious casting failures and mysterious crashes. One of the duplicates must be removed or renamed.
objc[99912]: Class ANGLESwapCGLLayer is implemented in both /Applications/AhoiBrowser.app/Contents/Frameworks/libblink_modules.dylib (0x14277ca50) and /Applications/AhoiBrowser.app/Contents/Frameworks/libgl_init.dylib (0x127854a50). This may cause spurious casting failures and mysterious crashes. One of the duplicates must be removed or renamed.
objc[99912]: Class CrashpadHTTPBodyStreamTransport is implemented in both /Applications/AhoiBrowser.app/Contents/Frameworks/libbrowser_ui_views.dylib (0x1109f8188) and /Applications/AhoiBrowser.app/Contents/Frameworks/libchrome_dll.dylib (0x11743e430). This may cause spurious casting failures and mysterious crashes. One of the duplicates must be removed or renamed.
[99814:7339388:0928/194147.694871:VERBOSE1:ahoi/browser/session/session_bridge_observers.cc:69] Ahoi track window: first Workspace until restore metadata
[99814:7339388:0928/194147.695933:VERBOSE1:ahoi/browser/session/session_bridge_session.cc:57] Ahoi window metadata: pending fe19a70a-4a1b-47eb-b982-5686dfc81d82
[99814:7339388:0928/194147.695958:VERBOSE1:ahoi/browser/session/session_bridge_session.cc:549] Ahoi persist window metadata: workspace=fe19a70a-4a1b-47eb-b982-5686dfc81d82 service=1 window_id_valid=1
[99814:7339388:0928/194147.697249:VERBOSE1:ahoi/browser/session/session_bridge_session.cc:465] Ahoi last-used record: index 3 url=http://127.0.0.1:8803/gamma.html
[99814:7339388:0928/194147.698608:VERBOSE1:ahoi/browser/session/session_bridge_session.cc:549] Ahoi persist window metadata: workspace=fe19a70a-4a1b-47eb-b982-5686dfc81d82 service=1 window_id_valid=1
[99814:7339388:0928/194147.698723:VERBOSE1:ahoi/browser/session/session_bridge_session.cc:300] Ahoi apply window metadata: resolved=fe19a70a-4a1b-47eb-b982-5686dfc81d82 applied=1
[99814:7339388:0928/194147.698733:VERBOSE1:ahoi/browser/session/session_bridge_session.cc:549] Ahoi persist window metadata: workspace=fe19a70a-4a1b-47eb-b982-5686dfc81d82 service=1 window_id_valid=1
[99814:7339388:0928/194147.702759:VERBOSE1:ahoi/browser/session/session_bridge_session.cc:549] Ahoi persist window metadata: workspace=fe19a70a-4a1b-47eb-b982-5686dfc81d82 service=1 window_id_valid=1
objc[137]: Class ANGLESwapCGLLayer is implemented in both /Applications/AhoiBrowser.app/Contents/Frameworks/libblink_modules.dylib (0x13fbb8a50) and /Applications/AhoiBrowser.app/Contents/Frameworks/libgl_init.dylib (0x124c90a50). This may cause spurious casting failures and mysterious crashes. One of the duplicates must be removed or renamed.
objc[137]: Class CrashpadHTTPBodyStreamTransport is implemented in both /Applications/AhoiBrowser.app/Contents/Frameworks/libbrowser_ui_views.dylib (0x11bd24188) and /Applications/AhoiBrowser.app/Contents/Frameworks/libchrome_dll.dylib (0x11487a430). This may cause spurious casting failures and mysterious crashes. One of the duplicates must be removed or renamed.
[99814:7339388:0928/194151.735623:VERBOSE1:ahoi/browser/session/session_restore_integration.cc:85] Ahoi rebuild window extra data: provider=1 workspace=fe19a70a-4a1b-47eb-b982-5686dfc81d82
[99903:7340161:0928/194151.869464:WARNING:net/extras/sqlite/sqlite_persistent_store_backend_base.cc:181] Failed to post task from FlushAndNotifyInBackground@net/extras/sqlite/sqlite_persistent_store_backend_base.cc:231 to client_task_runner_.
[99903:7340161:0928/194151.870725:WARNING:net/extras/sqlite/sqlite_persistent_store_backend_base.cc:181] Failed to post task from FlushAndNotifyInBackground@net/extras/sqlite/sqlite_persistent_store_backend_base.cc:231 to client_task_runner_.
[99814:7339388:0928/194151.886912:ERROR:base/process/kill_posix.cc:33] waitpid(99903): No child processes (10)
objc[290]: Class ANGLESwapCGLLayer is implemented in both /Applications/AhoiBrowser.app/Contents/Frameworks/libblink_modules.dylib (0x1442c0a50) and /Applications/AhoiBrowser.app/Contents/Frameworks/libgl_init.dylib (0x129398a50). This may cause spurious casting failures and mysterious crashes. One of the duplicates must be removed or renamed.
objc[290]: Class CrashpadHTTPBodyStreamTransport is implemented in both /Applications/AhoiBrowser.app/Contents/Frameworks/libbrowser_ui_views.dylib (0x1123f4188) and /Applications/AhoiBrowser.app/Contents/Frameworks/libchrome_dll.dylib (0x118f82430). This may cause spurious casting failures and mysterious crashes. One of the duplicates must be removed or renamed.
[290:7341237:0928/194156.548466:ERROR:chrome/browser/mac/code_sign_clone_manager.mm:98] error removing quarantine attribute "/var/folders/zn/wn74lz2s2bsfp734gbqytmpr0000gn/X/"
[290:7341237:0928/194156.565830:ERROR:chrome/browser/mac/code_sign_clone_manager.mm:98] error removing quarantine attribute "/var/folders/zn/wn74lz2s2bsfp734gbqytmpr0000gn/X/"
[290:7341134:0928/194156.587021:WARNING:chrome/browser/signin/account_consistency_mode_manager.cc:74] Desktop Identity Consistency cannot be enabled as no OAuth client ID and client secret have been configured.
[290:7341134:0928/194156.847349:ERROR:ahoi/browser/updater/sparkle_runtime_mac.mm:148] Ahoi updater disabled (fail closed): missing-feed-url
[290:7341134:0928/194156.865442:VERBOSE1:ahoi/browser/session/session_restore_integration.cc:141] Ahoi restore window extra data: provider=1 workspace=fe19a70a-4a1b-47eb-b982-5686dfc81d82
[290:7341134:0928/194156.865474:VERBOSE1:ahoi/browser/session/session_bridge_session.cc:196] Ahoi restore window metadata: workspace=fe19a70a-4a1b-47eb-b982-5686dfc81d82 valid=1 trackable=1 tree_ready=0
[290:7341134:0928/194156.913460:ERROR:chrome/browser/ui/webui/ntp/new_tab_ui.cc:54] Requested load of chrome://newtab/ for incorrect profile type.
[290:7341134:0928/194156.914589:ERROR:chrome/browser/ui/webui/ntp/new_tab_ui.cc:54] Requested load of chrome://newtab/ for incorrect profile type.
objc[337]: Class ANGLESwapCGLLayer is implemented in both /Applications/AhoiBrowser.app/Contents/Frameworks/libblink_modules.dylib (0x1427f4a50) and /Applications/AhoiBrowser.app/Contents/Frameworks/libgl_init.dylib (0x1278cca50). This may cause spurious casting failures and mysterious crashes. One of the duplicates must be removed or renamed.
objc[337]: Class CrashpadHTTPBodyStreamTransport is implemented in both /Applications/AhoiBrowser.app/Contents/Frameworks/libbrowser_ui_views.dylib (0x11ef50188) and /Applications/AhoiBrowser.app/Contents/Frameworks/libchrome_dll.dylib (0x1174b6430). This may cause spurious casting failures and mysterious crashes. One of the duplicates must be removed or renamed.
objc[338]: Class ANGLESwapCGLLayer is implemented in both /Applications/AhoiBrowser.app/Contents/Frameworks/libblink_modules.dylib (0x13fb68a50) and /Applications/AhoiBrowser.app/Contents/Frameworks/libgl_init.dylib (0x124c40a50). This may cause spurious casting failures and mysterious crashes. One of the duplicates must be removed or renamed.
objc[338]: Class CrashpadHTTPBodyStreamTransport is implemented in both /Applications/AhoiBrowser.app/Contents/Frameworks/libbrowser_ui_views.dylib (0x10dde4188) and /Applications/AhoiBrowser.app/Contents/Frameworks/libchrome_dll.dylib (0x11482a430). This may cause spurious casting failures and mysterious crashes. One of the duplicates must be removed or renamed.
objc[341]: Class ANGLESwapCGLLayer is implemented in both /Applications/AhoiBrowser.app/Contents/Frameworks/libblink_modules.dylib (0x13f9bca50) and /Applications/AhoiBrowser.app/Contents/Frameworks/libgl_init.dylib (0x124a94a50). This may cause spurious casting failures and mysterious crashes. One of the duplicates must be removed or renamed.
objc[341]: Class CrashpadHTTPBodyStreamTransport is implemented in both /Applications/AhoiBrowser.app/Contents/Frameworks/libbrowser_ui_views.dylib (0x11bbd0188) and /Applications/AhoiBrowser.app/Contents/Frameworks/libchrome_dll.dylib (0x11467e430). This may cause spurious casting failures and mysterious crashes. One of the duplicates must be removed or renamed.
objc[340]: Class ANGLESwapCGLLayer is implemented in both /Applications/AhoiBrowser.app/Contents/Frameworks/libblink_modules.dylib (0x1420f8a50) and /Applications/AhoiBrowser.app/Contents/Frameworks/libgl_init.dylib (0x1271d0a50). This may cause spurious casting failures and mysterious crashes. One of the duplicates must be removed or renamed.
objc[340]: Class CrashpadHTTPBodyStreamTransport is implemented in both /Applications/AhoiBrowser.app/Contents/Frameworks/libbrowser_ui_views.dylib (0x110364188) and /Applications/AhoiBrowser.app/Contents/Frameworks/libchrome_dll.dylib (0x116dba430). This may cause spurious casting failures and mysterious crashes. One of the duplicates must be removed or renamed.
objc[343]: Class ANGLESwapCGLLayer is implemented in both /Applications/AhoiBrowser.app/Contents/Frameworks/libblink_modules.dylib (0x13fc90a50) and /Applications/AhoiBrowser.app/Contents/Frameworks/libgl_init.dylib (0x124d68a50). This may cause spurious casting failures and mysterious crashes. One of the duplicates must be removed or renamed.
objc[343]: Class CrashpadHTTPBodyStreamTransport is implemented in both /Applications/AhoiBrowser.app/Contents/Frameworks/libbrowser_ui_views.dylib (0x11c364188) and /Applications/AhoiBrowser.app/Contents/Frameworks/libchrome_dll.dylib (0x114952430). This may cause spurious casting failures and mysterious crashes. One of the duplicates must be removed or renamed.
objc[353]: Class ANGLESwapCGLLayer is implemented in both /Applications/AhoiBrowser.app/Contents/Frameworks/libblink_modules.dylib (0x144578a50) and /Applications/AhoiBrowser.app/Contents/Frameworks/libgl_init.dylib (0x129650a50). This may cause spurious casting failures and mysterious crashes. One of the duplicates must be removed or renamed.
objc[353]: Class CrashpadHTTPBodyStreamTransport is implemented in both /Applications/AhoiBrowser.app/Contents/Frameworks/libbrowser_ui_views.dylib (0x112670188) and /Applications/AhoiBrowser.app/Contents/Frameworks/libchrome_dll.dylib (0x11923a430). This may cause spurious casting failures and mysterious crashes. One of the duplicates must be removed or renamed.
objc[355]: Class ANGLESwapCGLLayer is implemented in both /Applications/AhoiBrowser.app/Contents/Frameworks/libblink_modules.dylib (0x140270a50) and /Applications/AhoiBrowser.app/Contents/Frameworks/libgl_init.dylib (0x125348a50). This may cause spurious casting failures and mysterious crashes. One of the duplicates must be removed or renamed.
objc[355]: Class CrashpadHTTPBodyStreamTransport is implemented in both /Applications/AhoiBrowser.app/Contents/Frameworks/libbrowser_ui_views.dylib (0x11be38188) and /Applications/AhoiBrowser.app/Contents/Frameworks/libchrome_dll.dylib (0x114f32430). This may cause spurious casting failures and mysterious crashes. One of the duplicates must be removed or renamed.
objc[352]: Class ANGLESwapCGLLayer is implemented in both /Applications/AhoiBrowser.app/Contents/Frameworks/libblink_modules.dylib (0x1423a4a50) and /Applications/AhoiBrowser.app/Contents/Frameworks/libgl_init.dylib (0x12747ca50). This may cause spurious casting failures and mysterious crashes. One of the duplicates must be removed or renamed.
objc[352]: Class CrashpadHTTPBodyStreamTransport is implemented in both /Applications/AhoiBrowser.app/Contents/Frameworks/libbrowser_ui_views.dylib (0x11e43c188) and /Applications/AhoiBrowser.app/Contents/Frameworks/libchrome_dll.dylib (0x117066430). This may cause spurious casting failures and mysterious crashes. One of the duplicates must be removed or renamed.
objc[362]: Class ANGLESwapCGLLayer is implemented in both /Applications/AhoiBrowser.app/Contents/Frameworks/libblink_modules.dylib (0x141adca50) and /Applications/AhoiBrowser.app/Contents/Frameworks/libgl_init.dylib (0x126bb4a50). This may cause spurious casting failures and mysterious crashes. One of the duplicates must be removed or renamed.
objc[362]: Class CrashpadHTTPBodyStreamTransport is implemented in both /Applications/AhoiBrowser.app/Contents/Frameworks/libbrowser_ui_views.dylib (0x10fc58188) and /Applications/AhoiBrowser.app/Contents/Frameworks/libchrome_dll.dylib (0x11679e430). This may cause spurious casting failures and mysterious crashes. One of the duplicates must be removed or renamed.
objc[359]: Class ANGLESwapCGLLayer is implemented in both /Applications/AhoiBrowser.app/Contents/Frameworks/libblink_modules.dylib (0x143e38a50) and /Applications/AhoiBrowser.app/Contents/Frameworks/libgl_init.dylib (0x128f10a50). This may cause spurious casting failures and mysterious crashes. One of the duplicates must be removed or renamed.
objc[359]: Class CrashpadHTTPBodyStreamTransport is implemented in both /Applications/AhoiBrowser.app/Contents/Frameworks/libbrowser_ui_views.dylib (0x120594188) and /Applications/AhoiBrowser.app/Contents/Frameworks/libchrome_dll.dylib (0x118afa430). This may cause spurious casting failures and mysterious crashes. One of the duplicates must be removed or renamed.
[290:7341134:0928/194200.998829:VERBOSE1:ahoi/browser/session/session_bridge_observers.cc:69] Ahoi track window: first Workspace until restore metadata
[290:7341134:0928/194200.999865:VERBOSE1:ahoi/browser/session/session_bridge_session.cc:57] Ahoi window metadata: pending fe19a70a-4a1b-47eb-b982-5686dfc81d82
[290:7341134:0928/194200.999885:VERBOSE1:ahoi/browser/session/session_bridge_session.cc:549] Ahoi persist window metadata: workspace=fe19a70a-4a1b-47eb-b982-5686dfc81d82 service=1 window_id_valid=1
[290:7341134:0928/194201.001125:VERBOSE1:ahoi/browser/session/session_bridge_session.cc:465] Ahoi last-used record: index 3 url=http://127.0.0.1:8803/gamma.html
[290:7341134:0928/194201.002727:VERBOSE1:ahoi/browser/session/session_bridge_session.cc:549] Ahoi persist window metadata: workspace=fe19a70a-4a1b-47eb-b982-5686dfc81d82 service=1 window_id_valid=1
[290:7341134:0928/194201.002855:VERBOSE1:ahoi/browser/session/session_bridge_session.cc:300] Ahoi apply window metadata: resolved=fe19a70a-4a1b-47eb-b982-5686dfc81d82 applied=1
[290:7341134:0928/194201.002866:VERBOSE1:ahoi/browser/session/session_bridge_session.cc:549] Ahoi persist window metadata: workspace=fe19a70a-4a1b-47eb-b982-5686dfc81d82 service=1 window_id_valid=1
[290:7341134:0928/194201.005260:VERBOSE1:ahoi/browser/session/session_bridge_session.cc:549] Ahoi persist window metadata: workspace=fe19a70a-4a1b-47eb-b982-5686dfc81d82 service=1 window_id_valid=1
objc[460]: Class ANGLESwapCGLLayer is implemented in both /Applications/AhoiBrowser.app/Contents/Frameworks/libblink_modules.dylib (0x1440c4a50) and /Applications/AhoiBrowser.app/Contents/Frameworks/libgl_init.dylib (0x12919ca50). This may cause spurious casting failures and mysterious crashes. One of the duplicates must be removed or renamed.
objc[460]: Class CrashpadHTTPBodyStreamTransport is implemented in both /Applications/AhoiBrowser.app/Contents/Frameworks/libbrowser_ui_views.dylib (0x120798188) and /Applications/AhoiBrowser.app/Contents/Frameworks/libchrome_dll.dylib (0x118d86430). This may cause spurious casting failures and mysterious crashes. One of the duplicates must be removed or renamed.
[290:7341134:0928/194205.269066:VERBOSE1:ahoi/browser/session/session_restore_integration.cc:85] Ahoi rebuild window extra data: provider=1 workspace=fe19a70a-4a1b-47eb-b982-5686dfc81d82
[338:7341574:0928/194205.379517:WARNING:net/extras/sqlite/sqlite_persistent_store_backend_base.cc:181] Failed to post task from FlushAndNotifyInBackground@net/extras/sqlite/sqlite_persistent_store_backend_base.cc:231 to client_task_runner_.
[338:7341574:0928/194205.380647:WARNING:net/extras/sqlite/sqlite_persistent_store_backend_base.cc:181] Failed to post task from FlushAndNotifyInBackground@net/extras/sqlite/sqlite_persistent_store_backend_base.cc:231 to client_task_runner_.
[290:7341134:0928/194205.391289:ERROR:base/process/kill_posix.cc:33] waitpid(338): No child processes (10)
objc[809]: Class ANGLESwapCGLLayer is implemented in both /Applications/AhoiBrowser.app/Contents/Frameworks/libblink_modules.dylib (0x142174a50) and /Applications/AhoiBrowser.app/Contents/Frameworks/libgl_init.dylib (0x12724ca50). This may cause spurious casting failures and mysterious crashes. One of the duplicates must be removed or renamed.
objc[809]: Class CrashpadHTTPBodyStreamTransport is implemented in both /Applications/AhoiBrowser.app/Contents/Frameworks/libbrowser_ui_views.dylib (0x1101dc188) and /Applications/AhoiBrowser.app/Contents/Frameworks/libchrome_dll.dylib (0x116e36430). This may cause spurious casting failures and mysterious crashes. One of the duplicates must be removed or renamed.
[809:7342726:0928/194210.082649:ERROR:chrome/browser/mac/code_sign_clone_manager.mm:98] error removing quarantine attribute "/var/folders/zn/wn74lz2s2bsfp734gbqytmpr0000gn/X/"
[809:7342726:0928/194210.108209:ERROR:chrome/browser/mac/code_sign_clone_manager.mm:98] error removing quarantine attribute "/var/folders/zn/wn74lz2s2bsfp734gbqytmpr0000gn/X/"
[809:7342557:0928/194210.120481:WARNING:chrome/browser/signin/account_consistency_mode_manager.cc:74] Desktop Identity Consistency cannot be enabled as no OAuth client ID and client secret have been configured.
[809:7342557:0928/194210.384034:ERROR:ahoi/browser/updater/sparkle_runtime_mac.mm:148] Ahoi updater disabled (fail closed): missing-feed-url
[809:7342557:0928/194210.419689:VERBOSE1:ahoi/browser/session/session_restore_integration.cc:141] Ahoi restore window extra data: provider=1 workspace=fe19a70a-4a1b-47eb-b982-5686dfc81d82
[809:7342557:0928/194210.419713:VERBOSE1:ahoi/browser/session/session_bridge_session.cc:196] Ahoi restore window metadata: workspace=fe19a70a-4a1b-47eb-b982-5686dfc81d82 valid=1 trackable=1 tree_ready=0
[809:7342557:0928/194210.469465:ERROR:chrome/browser/ui/webui/ntp/new_tab_ui.cc:54] Requested load of chrome://newtab/ for incorrect profile type.
[809:7342557:0928/194210.470619:ERROR:chrome/browser/ui/webui/ntp/new_tab_ui.cc:54] Requested load of chrome://newtab/ for incorrect profile type.
objc[851]: Class ANGLESwapCGLLayer is implemented in both /Applications/AhoiBrowser.app/Contents/Frameworks/libblink_modules.dylib (0x143e5ca50) and /Applications/AhoiBrowser.app/Contents/Frameworks/libgl_init.dylib (0x128f34a50). This may cause spurious casting failures and mysterious crashes. One of the duplicates must be removed or renamed.
objc[851]: Class CrashpadHTTPBodyStreamTransport is implemented in both /Applications/AhoiBrowser.app/Contents/Frameworks/libbrowser_ui_views.dylib (0x11ffc8188) and /Applications/AhoiBrowser.app/Contents/Frameworks/libchrome_dll.dylib (0x118b1e430). This may cause spurious casting failures and mysterious crashes. One of the duplicates must be removed or renamed.
objc[856]: Class ANGLESwapCGLLayer is implemented in both /Applications/AhoiBrowser.app/Contents/Frameworks/libblink_modules.dylib (0x141c4ca50) and /Applications/AhoiBrowser.app/Contents/Frameworks/libgl_init.dylib (0x126d24a50). This may cause spurious casting failures and mysterious crashes. One of the duplicates must be removed or renamed.
objc[856]: Class CrashpadHTTPBodyStreamTransport is implemented in both /Applications/AhoiBrowser.app/Contents/Frameworks/libbrowser_ui_views.dylib (0x11ddb8188) and /Applications/AhoiBrowser.app/Contents/Frameworks/libchrome_dll.dylib (0x11690e430). This may cause spurious casting failures and mysterious crashes. One of the duplicates must be removed or renamed.
objc[857]: Class ANGLESwapCGLLayer is implemented in both /Applications/AhoiBrowser.app/Contents/Frameworks/libblink_modules.dylib (0x142560a50) and /Applications/AhoiBrowser.app/Contents/Frameworks/libgl_init.dylib (0x127638a50). This may cause spurious casting failures and mysterious crashes. One of the duplicates must be removed or renamed.
objc[857]: Class CrashpadHTTPBodyStreamTransport is implemented in both /Applications/AhoiBrowser.app/Contents/Frameworks/libbrowser_ui_views.dylib (0x11ecbc188) and /Applications/AhoiBrowser.app/Contents/Frameworks/libchrome_dll.dylib (0x117222430). This may cause spurious casting failures and mysterious crashes. One of the duplicates must be removed or renamed.
objc[852]: Class ANGLESwapCGLLayer is implemented in both /Applications/AhoiBrowser.app/Contents/Frameworks/libblink_modules.dylib (0x13fc30a50) and /Applications/AhoiBrowser.app/Contents/Frameworks/libgl_init.dylib (0x124d08a50). This may cause spurious casting failures and mysterious crashes. One of the duplicates must be removed or renamed.
objc[852]: Class CrashpadHTTPBodyStreamTransport is implemented in both /Applications/AhoiBrowser.app/Contents/Frameworks/libbrowser_ui_views.dylib (0x11b880188) and /Applications/AhoiBrowser.app/Contents/Frameworks/libchrome_dll.dylib (0x1148f2430). This may cause spurious casting failures and mysterious crashes. One of the duplicates must be removed or renamed.
objc[853]: Class ANGLESwapCGLLayer is implemented in both /Applications/AhoiBrowser.app/Contents/Frameworks/libblink_modules.dylib (0x143b44a50) and /Applications/AhoiBrowser.app/Contents/Frameworks/libgl_init.dylib (0x128c1ca50). This may cause spurious casting failures and mysterious crashes. One of the duplicates must be removed or renamed.
objc[853]: Class CrashpadHTTPBodyStreamTransport is implemented in both /Applications/AhoiBrowser.app/Contents/Frameworks/libbrowser_ui_views.dylib (0x111c6c188) and /Applications/AhoiBrowser.app/Contents/Frameworks/libchrome_dll.dylib (0x118806430). This may cause spurious casting failures and mysterious crashes. One of the duplicates must be removed or renamed.
objc[860]: Class ANGLESwapCGLLayer is implemented in both /Applications/AhoiBrowser.app/Contents/Frameworks/libblink_modules.dylib (0x1425bca50) and /Applications/AhoiBrowser.app/Contents/Frameworks/libgl_init.dylib (0x127694a50). This may cause spurious casting failures and mysterious crashes. One of the duplicates must be removed or renamed.
objc[860]: Class CrashpadHTTPBodyStreamTransport is implemented in both /Applications/AhoiBrowser.app/Contents/Frameworks/libbrowser_ui_views.dylib (0x1107a0188) and /Applications/AhoiBrowser.app/Contents/Frameworks/libchrome_dll.dylib (0x11727e430). This may cause spurious casting failures and mysterious crashes. One of the duplicates must be removed or renamed.
objc[866]: Class ANGLESwapCGLLayer is implemented in both /Applications/AhoiBrowser.app/Contents/Frameworks/libblink_modules.dylib (0x140774a50) and /Applications/AhoiBrowser.app/Contents/Frameworks/libgl_init.dylib (0x12584ca50). This may cause spurious casting failures and mysterious crashes. One of the duplicates must be removed or renamed.
objc[866]: Class CrashpadHTTPBodyStreamTransport is implemented in both /Applications/AhoiBrowser.app/Contents/Frameworks/libbrowser_ui_views.dylib (0x10e9f0188) and /Applications/AhoiBrowser.app/Contents/Frameworks/libchrome_dll.dylib (0x115436430). This may cause spurious casting failures and mysterious crashes. One of the duplicates must be removed or renamed.
objc[869]: Class ANGLESwapCGLLayer is implemented in both /Applications/AhoiBrowser.app/Contents/Frameworks/libblink_modules.dylib (0x13fc54a50) and /Applications/AhoiBrowser.app/Contents/Frameworks/libgl_init.dylib (0x124d2ca50). This may cause spurious casting failures and mysterious crashes. One of the duplicates must be removed or renamed.
objc[859]: Class ANGLESwapCGLLayer is implemented in both /Applications/AhoiBrowser.app/Contents/Frameworks/libblink_modules.dylib (0x13f898a50) and /Applications/AhoiBrowser.app/Contents/Frameworks/libgl_init.dylib (0x124970a50). This may cause spurious casting failures and mysterious crashes. One of the duplicates must be removed or renamed.
objc[869]: Class CrashpadHTTPBodyStreamTransport is implemented in both /Applications/AhoiBrowser.app/Contents/Frameworks/libbrowser_ui_views.dylib (0x10dd8c188) and /Applications/AhoiBrowser.app/Contents/Frameworks/libchrome_dll.dylib (0x114916430). This may cause spurious casting failures and mysterious crashes. One of the duplicates must be removed or renamed.
objc[859]: Class CrashpadHTTPBodyStreamTransport is implemented in both /Applications/AhoiBrowser.app/Contents/Frameworks/libbrowser_ui_views.dylib (0x11ba50188) and /Applications/AhoiBrowser.app/Contents/Frameworks/libchrome_dll.dylib (0x11455a430). This may cause spurious casting failures and mysterious crashes. One of the duplicates must be removed or renamed.
objc[865]: Class ANGLESwapCGLLayer is implemented in both /Applications/AhoiBrowser.app/Contents/Frameworks/libblink_modules.dylib (0x143fd0a50) and /Applications/AhoiBrowser.app/Contents/Frameworks/libgl_init.dylib (0x1290a8a50). This may cause spurious casting failures and mysterious crashes. One of the duplicates must be removed or renamed.
objc[865]: Class CrashpadHTTPBodyStreamTransport is implemented in both /Applications/AhoiBrowser.app/Contents/Frameworks/libbrowser_ui_views.dylib (0x1201e4188) and /Applications/AhoiBrowser.app/Contents/Frameworks/libchrome_dll.dylib (0x118c92430). This may cause spurious casting failures and mysterious crashes. One of the duplicates must be removed or renamed.
[809:7342557:0928/194214.677805:VERBOSE1:ahoi/browser/session/session_bridge_observers.cc:69] Ahoi track window: first Workspace until restore metadata
[809:7342557:0928/194214.678611:VERBOSE1:ahoi/browser/session/session_bridge_session.cc:57] Ahoi window metadata: pending fe19a70a-4a1b-47eb-b982-5686dfc81d82
[809:7342557:0928/194214.678630:VERBOSE1:ahoi/browser/session/session_bridge_session.cc:549] Ahoi persist window metadata: workspace=fe19a70a-4a1b-47eb-b982-5686dfc81d82 service=1 window_id_valid=1
[809:7342557:0928/194214.679612:VERBOSE1:ahoi/browser/session/session_bridge_session.cc:465] Ahoi last-used record: index 3 url=http://127.0.0.1:8803/gamma.html
[809:7342557:0928/194214.680655:VERBOSE1:ahoi/browser/session/session_bridge_session.cc:549] Ahoi persist window metadata: workspace=fe19a70a-4a1b-47eb-b982-5686dfc81d82 service=1 window_id_valid=1
[809:7342557:0928/194214.680767:VERBOSE1:ahoi/browser/session/session_bridge_session.cc:300] Ahoi apply window metadata: resolved=fe19a70a-4a1b-47eb-b982-5686dfc81d82 applied=1
[809:7342557:0928/194214.680777:VERBOSE1:ahoi/browser/session/session_bridge_session.cc:549] Ahoi persist window metadata: workspace=fe19a70a-4a1b-47eb-b982-5686dfc81d82 service=1 window_id_valid=1
[809:7342557:0928/194214.682513:VERBOSE1:ahoi/browser/session/session_bridge_session.cc:549] Ahoi persist window metadata: workspace=fe19a70a-4a1b-47eb-b982-5686dfc81d82 service=1 window_id_valid=1
objc[1116]: Class ANGLESwapCGLLayer is implemented in both /Applications/AhoiBrowser.app/Contents/Frameworks/libblink_modules.dylib (0x1443d8a50) and /Applications/AhoiBrowser.app/Contents/Frameworks/libgl_init.dylib (0x1294b0a50). This may cause spurious casting failures and mysterious crashes. One of the duplicates must be removed or renamed.
objc[1116]: Class CrashpadHTTPBodyStreamTransport is implemented in both /Applications/AhoiBrowser.app/Contents/Frameworks/libbrowser_ui_views.dylib (0x112554188) and /Applications/AhoiBrowser.app/Contents/Frameworks/libchrome_dll.dylib (0x11909a430). This may cause spurious casting failures and mysterious crashes. One of the duplicates must be removed or renamed.
[809:7342557:0928/194219.536536:VERBOSE1:ahoi/browser/session/session_restore_integration.cc:85] Ahoi rebuild window extra data: provider=1 workspace=fe19a70a-4a1b-47eb-b982-5686dfc81d82
[852:7343267:0928/194219.651577:WARNING:net/extras/sqlite/sqlite_persistent_store_backend_base.cc:181] Failed to post task from FlushAndNotifyInBackground@net/extras/sqlite/sqlite_persistent_store_backend_base.cc:231 to client_task_runner_.
[852:7343267:0928/194219.651802:WARNING:net/extras/sqlite/sqlite_persistent_store_backend_base.cc:181] Failed to post task from FlushAndNotifyInBackground@net/extras/sqlite/sqlite_persistent_store_backend_base.cc:231 to client_task_runner_.
[809:7342557:0928/194219.660584:ERROR:base/process/kill_posix.cc:33] waitpid(852): No child processes (10)
objc[1345]: Class ANGLESwapCGLLayer is implemented in both /Applications/AhoiBrowser.app/Contents/Frameworks/libblink_modules.dylib (0x1428aca50) and /Applications/AhoiBrowser.app/Contents/Frameworks/libgl_init.dylib (0x127984a50). This may cause spurious casting failures and mysterious crashes. One of the duplicates must be removed or renamed.
objc[1345]: Class CrashpadHTTPBodyStreamTransport is implemented in both /Applications/AhoiBrowser.app/Contents/Frameworks/libbrowser_ui_views.dylib (0x110a54188) and /Applications/AhoiBrowser.app/Contents/Frameworks/libchrome_dll.dylib (0x11756e430). This may cause spurious casting failures and mysterious crashes. One of the duplicates must be removed or renamed.
[1345:7344870:0928/194224.401577:ERROR:chrome/browser/mac/code_sign_clone_manager.mm:98] error removing quarantine attribute "/var/folders/zn/wn74lz2s2bsfp734gbqytmpr0000gn/X/"
[1345:7344870:0928/194224.420647:ERROR:chrome/browser/mac/code_sign_clone_manager.mm:98] error removing quarantine attribute "/var/folders/zn/wn74lz2s2bsfp734gbqytmpr0000gn/X/"
[1345:7344482:0928/194224.447150:WARNING:chrome/browser/signin/account_consistency_mode_manager.cc:74] Desktop Identity Consistency cannot be enabled as no OAuth client ID and client secret have been configured.
[1345:7344482:0928/194224.734906:ERROR:ahoi/browser/updater/sparkle_runtime_mac.mm:148] Ahoi updater disabled (fail closed): missing-feed-url
[1345:7344482:0928/194224.775767:VERBOSE1:ahoi/browser/session/session_restore_integration.cc:141] Ahoi restore window extra data: provider=1 workspace=fe19a70a-4a1b-47eb-b982-5686dfc81d82
[1345:7344482:0928/194224.775807:VERBOSE1:ahoi/browser/session/session_bridge_session.cc:196] Ahoi restore window metadata: workspace=fe19a70a-4a1b-47eb-b982-5686dfc81d82 valid=1 trackable=1 tree_ready=0
[1345:7344482:0928/194224.832271:ERROR:chrome/browser/ui/webui/ntp/new_tab_ui.cc:54] Requested load of chrome://newtab/ for incorrect profile type.
[1345:7344482:0928/194224.833378:ERROR:chrome/browser/ui/webui/ntp/new_tab_ui.cc:54] Requested load of chrome://newtab/ for incorrect profile type.
objc[1414]: Class ANGLESwapCGLLayer is implemented in both /Applications/AhoiBrowser.app/Contents/Frameworks/libblink_modules.dylib (0x144574a50) and /Applications/AhoiBrowser.app/Contents/Frameworks/libgl_init.dylib (0x12964ca50). This may cause spurious casting failures and mysterious crashes. One of the duplicates must be removed or renamed.
objc[1414]: Class CrashpadHTTPBodyStreamTransport is implemented in both /Applications/AhoiBrowser.app/Contents/Frameworks/libbrowser_ui_views.dylib (0x120788188) and /Applications/AhoiBrowser.app/Contents/Frameworks/libchrome_dll.dylib (0x119236430). This may cause spurious casting failures and mysterious crashes. One of the duplicates must be removed or renamed.
objc[1413]: Class ANGLESwapCGLLayer is implemented in both /Applications/AhoiBrowser.app/Contents/Frameworks/libblink_modules.dylib (0x144150a50) and /Applications/AhoiBrowser.app/Contents/Frameworks/libgl_init.dylib (0x129228a50). This may cause spurious casting failures and mysterious crashes. One of the duplicates must be removed or renamed.
objc[1413]: Class CrashpadHTTPBodyStreamTransport is implemented in both /Applications/AhoiBrowser.app/Contents/Frameworks/libbrowser_ui_views.dylib (0x120824188) and /Applications/AhoiBrowser.app/Contents/Frameworks/libchrome_dll.dylib (0x118e12430). This may cause spurious casting failures and mysterious crashes. One of the duplicates must be removed or renamed.
objc[1415]: Class ANGLESwapCGLLayer is implemented in both /Applications/AhoiBrowser.app/Contents/Frameworks/libblink_modules.dylib (0x143f20a50) and /Applications/AhoiBrowser.app/Contents/Frameworks/libgl_init.dylib (0x128ff8a50). This may cause spurious casting failures and mysterious crashes. One of the duplicates must be removed or renamed.
objc[1415]: Class CrashpadHTTPBodyStreamTransport is implemented in both /Applications/AhoiBrowser.app/Contents/Frameworks/libbrowser_ui_views.dylib (0x1205f4188) and /Applications/AhoiBrowser.app/Contents/Frameworks/libchrome_dll.dylib (0x118be2430). This may cause spurious casting failures and mysterious crashes. One of the duplicates must be removed or renamed.
objc[1412]: Class ANGLESwapCGLLayer is implemented in both /Applications/AhoiBrowser.app/Contents/Frameworks/libblink_modules.dylib (0x13fa7ca50) and /Applications/AhoiBrowser.app/Contents/Frameworks/libgl_init.dylib (0x124b54a50). This may cause spurious casting failures and mysterious crashes. One of the duplicates must be removed or renamed.
objc[1412]: Class CrashpadHTTPBodyStreamTransport is implemented in both /Applications/AhoiBrowser.app/Contents/Frameworks/libbrowser_ui_views.dylib (0x11c150188) and /Applications/AhoiBrowser.app/Contents/Frameworks/libchrome_dll.dylib (0x11473e430). This may cause spurious casting failures and mysterious crashes. One of the duplicates must be removed or renamed.
objc[1417]: Class ANGLESwapCGLLayer is implemented in both /Applications/AhoiBrowser.app/Contents/Frameworks/libblink_modules.dylib (0x14416ca50) and /Applications/AhoiBrowser.app/Contents/Frameworks/libgl_init.dylib (0x129244a50). This may cause spurious casting failures and mysterious crashes. One of the duplicates must be removed or renamed.
objc[1417]: Class CrashpadHTTPBodyStreamTransport is implemented in both /Applications/AhoiBrowser.app/Contents/Frameworks/libbrowser_ui_views.dylib (0x1208c8188) and /Applications/AhoiBrowser.app/Contents/Frameworks/libchrome_dll.dylib (0x118e2e430). This may cause spurious casting failures and mysterious crashes. One of the duplicates must be removed or renamed.
objc[1426]: Class ANGLESwapCGLLayer is implemented in both /Applications/AhoiBrowser.app/Contents/Frameworks/libblink_modules.dylib (0x143a2ca50) and /Applications/AhoiBrowser.app/Contents/Frameworks/libgl_init.dylib (0x128b04a50). This may cause spurious casting failures and mysterious crashes. One of the duplicates must be removed or renamed.
objc[1426]: Class CrashpadHTTPBodyStreamTransport is implemented in both /Applications/AhoiBrowser.app/Contents/Frameworks/libbrowser_ui_views.dylib (0x11fc40188) and /Applications/AhoiBrowser.app/Contents/Frameworks/libchrome_dll.dylib (0x1186ee430). This may cause spurious casting failures and mysterious crashes. One of the duplicates must be removed or renamed.
objc[1429]: Class ANGLESwapCGLLayer is implemented in both /Applications/AhoiBrowser.app/Contents/Frameworks/libblink_modules.dylib (0x13fbb4a50) and /Applications/AhoiBrowser.app/Contents/Frameworks/libgl_init.dylib (0x124c8ca50). This may cause spurious casting failures and mysterious crashes. One of the duplicates must be removed or renamed.
objc[1429]: Class CrashpadHTTPBodyStreamTransport is implemented in both /Applications/AhoiBrowser.app/Contents/Frameworks/libbrowser_ui_views.dylib (0x11c288188) and /Applications/AhoiBrowser.app/Contents/Frameworks/libchrome_dll.dylib (0x114876430). This may cause spurious casting failures and mysterious crashes. One of the duplicates must be removed or renamed.
objc[1428]: Class ANGLESwapCGLLayer is implemented in both /Applications/AhoiBrowser.app/Contents/Frameworks/libblink_modules.dylib (0x1441d0a50) and /Applications/AhoiBrowser.app/Contents/Frameworks/libgl_init.dylib (0x1292a8a50). This may cause spurious casting failures and mysterious crashes. One of the duplicates must be removed or renamed.
objc[1428]: Class CrashpadHTTPBodyStreamTransport is implemented in both /Applications/AhoiBrowser.app/Contents/Frameworks/libbrowser_ui_views.dylib (0x11244c188) and /Applications/AhoiBrowser.app/Contents/Frameworks/libchrome_dll.dylib (0x118e92430). This may cause spurious casting failures and mysterious crashes. One of the duplicates must be removed or renamed.
objc[1430]: Class ANGLESwapCGLLayer is implemented in both /Applications/AhoiBrowser.app/Contents/Frameworks/libblink_modules.dylib (0x13fb2ca50) and /Applications/AhoiBrowser.app/Contents/Frameworks/libgl_init.dylib (0x124c04a50). This may cause spurious casting failures and mysterious crashes. One of the duplicates must be removed or renamed.
objc[1430]: Class CrashpadHTTPBodyStreamTransport is implemented in both /Applications/AhoiBrowser.app/Contents/Frameworks/libbrowser_ui_views.dylib (0x11c200188) and /Applications/AhoiBrowser.app/Contents/Frameworks/libchrome_dll.dylib (0x1147ee430). This may cause spurious casting failures and mysterious crashes. One of the duplicates must be removed or renamed.
objc[1431]: Class ANGLESwapCGLLayer is implemented in both /Applications/AhoiBrowser.app/Contents/Frameworks/libblink_modules.dylib (0x14411ca50) and /Applications/AhoiBrowser.app/Contents/Frameworks/libgl_init.dylib (0x1291f4a50). This may cause spurious casting failures and mysterious crashes. One of the duplicates must be removed or renamed.
objc[1431]: Class CrashpadHTTPBodyStreamTransport is implemented in both /Applications/AhoiBrowser.app/Contents/Frameworks/libbrowser_ui_views.dylib (0x112398188) and /Applications/AhoiBrowser.app/Contents/Frameworks/libchrome_dll.dylib (0x118dde430). This may cause spurious casting failures and mysterious crashes. One of the duplicates must be removed or renamed.
[1345:7344482:0928/194229.420950:VERBOSE1:ahoi/browser/session/session_bridge_observers.cc:69] Ahoi track window: first Workspace until restore metadata
[1345:7344482:0928/194229.421836:VERBOSE1:ahoi/browser/session/session_bridge_session.cc:57] Ahoi window metadata: pending fe19a70a-4a1b-47eb-b982-5686dfc81d82
[1345:7344482:0928/194229.422774:VERBOSE1:ahoi/browser/session/session_bridge_session.cc:549] Ahoi persist window metadata: workspace=fe19a70a-4a1b-47eb-b982-5686dfc81d82 service=1 window_id_valid=1
[1345:7344482:0928/194229.423908:VERBOSE1:ahoi/browser/session/session_bridge_session.cc:465] Ahoi last-used record: index 3 url=http://127.0.0.1:8803/gamma.html
[1345:7344482:0928/194229.425323:VERBOSE1:ahoi/browser/session/session_bridge_session.cc:549] Ahoi persist window metadata: workspace=fe19a70a-4a1b-47eb-b982-5686dfc81d82 service=1 window_id_valid=1
[1345:7344482:0928/194229.425459:VERBOSE1:ahoi/browser/session/session_bridge_session.cc:300] Ahoi apply window metadata: resolved=fe19a70a-4a1b-47eb-b982-5686dfc81d82 applied=1
[1345:7344482:0928/194229.425473:VERBOSE1:ahoi/browser/session/session_bridge_session.cc:549] Ahoi persist window metadata: workspace=fe19a70a-4a1b-47eb-b982-5686dfc81d82 service=1 window_id_valid=1
[1345:7344482:0928/194229.427810:VERBOSE1:ahoi/browser/session/session_bridge_session.cc:549] Ahoi persist window metadata: workspace=fe19a70a-4a1b-47eb-b982-5686dfc81d82 service=1 window_id_valid=1
objc[1498]: Class ANGLESwapCGLLayer is implemented in both /Applications/AhoiBrowser.app/Contents/Frameworks/libblink_modules.dylib (0x140540a50) and /Applications/AhoiBrowser.app/Contents/Frameworks/libgl_init.dylib (0x125618a50). This may cause spurious casting failures and mysterious crashes. One of the duplicates must be removed or renamed.
objc[1498]: Class CrashpadHTTPBodyStreamTransport is implemented in both /Applications/AhoiBrowser.app/Contents/Frameworks/libbrowser_ui_views.dylib (0x11c6ac188) and /Applications/AhoiBrowser.app/Contents/Frameworks/libchrome_dll.dylib (0x115202430). This may cause spurious casting failures and mysterious crashes. One of the duplicates must be removed or renamed.
[1345:7344482:0928/194233.632037:VERBOSE1:ahoi/browser/session/session_restore_integration.cc:85] Ahoi rebuild window extra data: provider=1 workspace=fe19a70a-4a1b-47eb-b982-5686dfc81d82
[1413:7345412:0928/194233.755626:WARNING:net/extras/sqlite/sqlite_persistent_store_backend_base.cc:181] Failed to post task from FlushAndNotifyInBackground@net/extras/sqlite/sqlite_persistent_store_backend_base.cc:231 to client_task_runner_.
[1413:7345412:0928/194233.755835:WARNING:net/extras/sqlite/sqlite_persistent_store_backend_base.cc:181] Failed to post task from FlushAndNotifyInBackground@net/extras/sqlite/sqlite_persistent_store_backend_base.cc:231 to client_task_runner_.
[1345:7344482:0928/194233.765399:ERROR:base/process/kill_posix.cc:33] waitpid(1413): No child processes (10)
objc[1549]: Class ANGLESwapCGLLayer is implemented in both /Applications/AhoiBrowser.app/Contents/Frameworks/libblink_modules.dylib (0x1421b0a50) and /Applications/AhoiBrowser.app/Contents/Frameworks/libgl_init.dylib (0x127288a50). This may cause spurious casting failures and mysterious crashes. One of the duplicates must be removed or renamed.
objc[1549]: Class CrashpadHTTPBodyStreamTransport is implemented in both /Applications/AhoiBrowser.app/Contents/Frameworks/libbrowser_ui_views.dylib (0x110284188) and /Applications/AhoiBrowser.app/Contents/Frameworks/libchrome_dll.dylib (0x116e72430). This may cause spurious casting failures and mysterious crashes. One of the duplicates must be removed or renamed.
[1549:7346245:0928/194238.455446:ERROR:chrome/browser/mac/code_sign_clone_manager.mm:98] error removing quarantine attribute "/var/folders/zn/wn74lz2s2bsfp734gbqytmpr0000gn/X/"
[1549:7346245:0928/194238.482385:ERROR:chrome/browser/mac/code_sign_clone_manager.mm:98] error removing quarantine attribute "/var/folders/zn/wn74lz2s2bsfp734gbqytmpr0000gn/X/"
[1549:7346168:0928/194238.503803:WARNING:chrome/browser/signin/account_consistency_mode_manager.cc:74] Desktop Identity Consistency cannot be enabled as no OAuth client ID and client secret have been configured.
[1549:7346168:0928/194238.772139:ERROR:ahoi/browser/updater/sparkle_runtime_mac.mm:148] Ahoi updater disabled (fail closed): missing-feed-url
[1549:7346168:0928/194238.809814:VERBOSE1:ahoi/browser/session/session_restore_integration.cc:141] Ahoi restore window extra data: provider=1 workspace=fe19a70a-4a1b-47eb-b982-5686dfc81d82
[1549:7346168:0928/194238.809852:VERBOSE1:ahoi/browser/session/session_bridge_session.cc:196] Ahoi restore window metadata: workspace=fe19a70a-4a1b-47eb-b982-5686dfc81d82 valid=1 trackable=1 tree_ready=0
[1549:7346168:0928/194238.861526:ERROR:chrome/browser/ui/webui/ntp/new_tab_ui.cc:54] Requested load of chrome://newtab/ for incorrect profile type.
[1549:7346168:0928/194238.862700:ERROR:chrome/browser/ui/webui/ntp/new_tab_ui.cc:54] Requested load of chrome://newtab/ for incorrect profile type.
objc[1567]: Class ANGLESwapCGLLayer is implemented in both /Applications/AhoiBrowser.app/Contents/Frameworks/libblink_modules.dylib (0x1402eca50) and /Applications/AhoiBrowser.app/Contents/Frameworks/libgl_init.dylib (0x1253c4a50). This may cause spurious casting failures and mysterious crashes. One of the duplicates must be removed or renamed.
objc[1567]: Class CrashpadHTTPBodyStreamTransport is implemented in both /Applications/AhoiBrowser.app/Contents/Frameworks/libbrowser_ui_views.dylib (0x10e4a8188) and /Applications/AhoiBrowser.app/Contents/Frameworks/libchrome_dll.dylib (0x114fae430). This may cause spurious casting failures and mysterious crashes. One of the duplicates must be removed or renamed.
objc[1568]: Class ANGLESwapCGLLayer is implemented in both /Applications/AhoiBrowser.app/Contents/Frameworks/libblink_modules.dylib (0x13fc90a50) and /Applications/AhoiBrowser.app/Contents/Frameworks/libgl_init.dylib (0x124d68a50). This may cause spurious casting failures and mysterious crashes. One of the duplicates must be removed or renamed.
objc[1568]: Class CrashpadHTTPBodyStreamTransport is implemented in both /Applications/AhoiBrowser.app/Contents/Frameworks/libbrowser_ui_views.dylib (0x11bdfc188) and /Applications/AhoiBrowser.app/Contents/Frameworks/libchrome_dll.dylib (0x114952430). This may cause spurious casting failures and mysterious crashes. One of the duplicates must be removed or renamed.
objc[1569]: Class ANGLESwapCGLLayer is implemented in both /Applications/AhoiBrowser.app/Contents/Frameworks/libblink_modules.dylib (0x13f7e4a50) and /Applications/AhoiBrowser.app/Contents/Frameworks/libgl_init.dylib (0x1248bca50). This may cause spurious casting failures and mysterious crashes. One of the duplicates must be removed or renamed.
objc[1569]: Class CrashpadHTTPBodyStreamTransport is implemented in both /Applications/AhoiBrowser.app/Contents/Frameworks/libbrowser_ui_views.dylib (0x11b8c8188) and /Applications/AhoiBrowser.app/Contents/Frameworks/libchrome_dll.dylib (0x1144a6430). This may cause spurious casting failures and mysterious crashes. One of the duplicates must be removed or renamed.
objc[1570]: Class ANGLESwapCGLLayer is implemented in both /Applications/AhoiBrowser.app/Contents/Frameworks/libblink_modules.dylib (0x142434a50) and /Applications/AhoiBrowser.app/Contents/Frameworks/libgl_init.dylib (0x12750ca50). This may cause spurious casting failures and mysterious crashes. One of the duplicates must be removed or renamed.
objc[1570]: Class CrashpadHTTPBodyStreamTransport is implemented in both /Applications/AhoiBrowser.app/Contents/Frameworks/libbrowser_ui_views.dylib (0x11e5a0188) and /Applications/AhoiBrowser.app/Contents/Frameworks/libchrome_dll.dylib (0x1170f6430). This may cause spurious casting failures and mysterious crashes. One of the duplicates must be removed or renamed.
objc[1571]: Class ANGLESwapCGLLayer is implemented in both /Applications/AhoiBrowser.app/Contents/Frameworks/libblink_modules.dylib (0x14050ca50) and /Applications/AhoiBrowser.app/Contents/Frameworks/libgl_init.dylib (0x1255e4a50). This may cause spurious casting failures and mysterious crashes. One of the duplicates must be removed or renamed.
objc[1571]: Class CrashpadHTTPBodyStreamTransport is implemented in both /Applications/AhoiBrowser.app/Contents/Frameworks/libbrowser_ui_views.dylib (0x11cc68188) and /Applications/AhoiBrowser.app/Contents/Frameworks/libchrome_dll.dylib (0x1151ce430). This may cause spurious casting failures and mysterious crashes. One of the duplicates must be removed or renamed.
objc[1589]: Class ANGLESwapCGLLayer is implemented in both /Applications/AhoiBrowser.app/Contents/Frameworks/libblink_modules.dylib (0x142268a50) and /Applications/AhoiBrowser.app/Contents/Frameworks/libgl_init.dylib (0x127340a50). This may cause spurious casting failures and mysterious crashes. One of the duplicates must be removed or renamed.
objc[1589]: Class CrashpadHTTPBodyStreamTransport is implemented in both /Applications/AhoiBrowser.app/Contents/Frameworks/libbrowser_ui_views.dylib (0x11e9c4188) and /Applications/AhoiBrowser.app/Contents/Frameworks/libchrome_dll.dylib (0x116f2a430). This may cause spurious casting failures and mysterious crashes. One of the duplicates must be removed or renamed.
objc[1583]: Class ANGLESwapCGLLayer is implemented in both /Applications/AhoiBrowser.app/Contents/Frameworks/libblink_modules.dylib (0x1402aca50) and /Applications/AhoiBrowser.app/Contents/Frameworks/libgl_init.dylib (0x125384a50). This may cause spurious casting failures and mysterious crashes. One of the duplicates must be removed or renamed.
objc[1583]: Class CrashpadHTTPBodyStreamTransport is implemented in both /Applications/AhoiBrowser.app/Contents/Frameworks/libbrowser_ui_views.dylib (0x11c980188) and /Applications/AhoiBrowser.app/Contents/Frameworks/libchrome_dll.dylib (0x114f6e430). This may cause spurious casting failures and mysterious crashes. One of the duplicates must be removed or renamed.
objc[1588]: Class ANGLESwapCGLLayer is implemented in both /Applications/AhoiBrowser.app/Contents/Frameworks/libblink_modules.dylib (0x1422d0a50) and /Applications/AhoiBrowser.app/Contents/Frameworks/libgl_init.dylib (0x1273a8a50). This may cause spurious casting failures and mysterious crashes. One of the duplicates must be removed or renamed.
objc[1588]: Class CrashpadHTTPBodyStreamTransport is implemented in both /Applications/AhoiBrowser.app/Contents/Frameworks/libbrowser_ui_views.dylib (0x11df6c188) and /Applications/AhoiBrowser.app/Contents/Frameworks/libchrome_dll.dylib (0x116f92430). This may cause spurious casting failures and mysterious crashes. One of the duplicates must be removed or renamed.
objc[1590]: Class ANGLESwapCGLLayer is implemented in both /Applications/AhoiBrowser.app/Contents/Frameworks/libblink_modules.dylib (0x143f64a50) and /Applications/AhoiBrowser.app/Contents/Frameworks/libgl_init.dylib (0x12903ca50). This may cause spurious casting failures and mysterious crashes. One of the duplicates must be removed or renamed.
objc[1590]: Class CrashpadHTTPBodyStreamTransport is implemented in both /Applications/AhoiBrowser.app/Contents/Frameworks/libbrowser_ui_views.dylib (0x11fbb4188) and /Applications/AhoiBrowser.app/Contents/Frameworks/libchrome_dll.dylib (0x118c26430). This may cause spurious casting failures and mysterious crashes. One of the duplicates must be removed or renamed.
objc[1584]: Class ANGLESwapCGLLayer is implemented in both /Applications/AhoiBrowser.app/Contents/Frameworks/libblink_modules.dylib (0x13fb8ca50) and /Applications/AhoiBrowser.app/Contents/Frameworks/libgl_init.dylib (0x124c64a50). This may cause spurious casting failures and mysterious crashes. One of the duplicates must be removed or renamed.
objc[1584]: Class CrashpadHTTPBodyStreamTransport is implemented in both /Applications/AhoiBrowser.app/Contents/Frameworks/libbrowser_ui_views.dylib (0x10dd48188) and /Applications/AhoiBrowser.app/Contents/Frameworks/libchrome_dll.dylib (0x11484e430). This may cause spurious casting failures and mysterious crashes. One of the duplicates must be removed or renamed.
[1549:7346168:0928/194243.297380:VERBOSE1:ahoi/browser/session/session_bridge_observers.cc:69] Ahoi track window: first Workspace until restore metadata
[1549:7346168:0928/194243.298358:VERBOSE1:ahoi/browser/session/session_bridge_session.cc:57] Ahoi window metadata: pending fe19a70a-4a1b-47eb-b982-5686dfc81d82
[1549:7346168:0928/194243.298379:VERBOSE1:ahoi/browser/session/session_bridge_session.cc:549] Ahoi persist window metadata: workspace=fe19a70a-4a1b-47eb-b982-5686dfc81d82 service=1 window_id_valid=1
[1549:7346168:0928/194243.300059:VERBOSE1:ahoi/browser/session/session_bridge_session.cc:465] Ahoi last-used record: index 3 url=http://127.0.0.1:8803/gamma.html
[1549:7346168:0928/194243.303238:VERBOSE1:ahoi/browser/session/session_bridge_session.cc:549] Ahoi persist window metadata: workspace=fe19a70a-4a1b-47eb-b982-5686dfc81d82 service=1 window_id_valid=1
[1549:7346168:0928/194243.303365:VERBOSE1:ahoi/browser/session/session_bridge_session.cc:300] Ahoi apply window metadata: resolved=fe19a70a-4a1b-47eb-b982-5686dfc81d82 applied=1
[1549:7346168:0928/194243.303378:VERBOSE1:ahoi/browser/session/session_bridge_session.cc:549] Ahoi persist window metadata: workspace=fe19a70a-4a1b-47eb-b982-5686dfc81d82 service=1 window_id_valid=1
[1549:7346168:0928/194243.305588:VERBOSE1:ahoi/browser/session/session_bridge_session.cc:549] Ahoi persist window metadata: workspace=fe19a70a-4a1b-47eb-b982-5686dfc81d82 service=1 window_id_valid=1
objc[1810]: Class ANGLESwapCGLLayer is implemented in both /Applications/AhoiBrowser.app/Contents/Frameworks/libblink_modules.dylib (0x143f6ca50) and /Applications/AhoiBrowser.app/Contents/Frameworks/libgl_init.dylib (0x129044a50). This may cause spurious casting failures and mysterious crashes. One of the duplicates must be removed or renamed.
objc[1810]: Class CrashpadHTTPBodyStreamTransport is implemented in both /Applications/AhoiBrowser.app/Contents/Frameworks/libbrowser_ui_views.dylib (0x120124188) and /Applications/AhoiBrowser.app/Contents/Frameworks/libchrome_dll.dylib (0x118c2e430). This may cause spurious casting failures and mysterious crashes. One of the duplicates must be removed or renamed.
[1549:7346168:0928/194248.147358:VERBOSE1:ahoi/browser/session/session_restore_integration.cc:85] Ahoi rebuild window extra data: provider=1 workspace=fe19a70a-4a1b-47eb-b982-5686dfc81d82
[1568:7346557:0928/194248.263974:WARNING:net/extras/sqlite/sqlite_persistent_store_backend_base.cc:181] Failed to post task from FlushAndNotifyInBackground@net/extras/sqlite/sqlite_persistent_store_backend_base.cc:231 to client_task_runner_.
[1568:7346557:0928/194248.264246:WARNING:net/extras/sqlite/sqlite_persistent_store_backend_base.cc:181] Failed to post task from FlushAndNotifyInBackground@net/extras/sqlite/sqlite_persistent_store_backend_base.cc:231 to client_task_runner_.
[1549:7346168:0928/194248.282302:ERROR:base/process/kill_posix.cc:33] waitpid(1568): No child processes (10)
