objc[89031]: Class ANGLESwapCGLLayer is implemented in both /Applications/AhoiBrowser.app/Contents/Frameworks/libblink_modules.dylib (0x143b5ca50) and /Applications/AhoiBrowser.app/Contents/Frameworks/libgl_init.dylib (0x128c34a50). This may cause spurious casting failures and mysterious crashes. One of the duplicates must be removed or renamed.
objc[89031]: Class CrashpadHTTPBodyStreamTransport is implemented in both /Applications/AhoiBrowser.app/Contents/Frameworks/libbrowser_ui_views.dylib (0x111d18188) and /Applications/AhoiBrowser.app/Contents/Frameworks/libchrome_dll.dylib (0x11881e430). This may cause spurious casting failures and mysterious crashes. One of the duplicates must be removed or renamed.
[89031:9503712:0929/071836.413218:ERROR:chrome/browser/mac/code_sign_clone_manager.mm:98] error removing quarantine attribute "/var/folders/zn/wn74lz2s2bsfp734gbqytmpr0000gn/X/"
[89031:9503712:0929/071836.436116:ERROR:chrome/browser/mac/code_sign_clone_manager.mm:98] error removing quarantine attribute "/var/folders/zn/wn74lz2s2bsfp734gbqytmpr0000gn/X/"

DevTools listening on ws://127.0.0.1:9391/devtools/browser/cb9b61d2-04c1-46f9-aead-193256ec43d3
[89031:9503594:0929/071837.130920:ERROR:ahoi/browser/updater/sparkle_runtime_mac.mm:148] Ahoi updater disabled (fail closed): missing-feed-url
objc[89052]: Class ANGLESwapCGLLayer is implemented in both /Applications/AhoiBrowser.app/Contents/Frameworks/libblink_modules.dylib (0x13f99ca50) and /Applications/AhoiBrowser.app/Contents/Frameworks/libgl_init.dylib (0x124a74a50). This may cause spurious casting failures and mysterious crashes. One of the duplicates must be removed or renamed.
objc[89052]: Class CrashpadHTTPBodyStreamTransport is implemented in both /Applications/AhoiBrowser.app/Contents/Frameworks/libbrowser_ui_views.dylib (0x11bb84188) and /Applications/AhoiBrowser.app/Contents/Frameworks/libchrome_dll.dylib (0x11465e430). This may cause spurious casting failures and mysterious crashes. One of the duplicates must be removed or renamed.
objc[89050]: Class ANGLESwapCGLLayer is implemented in both /Applications/AhoiBrowser.app/Contents/Frameworks/libblink_modules.dylib (0x1440f4a50) and /Applications/AhoiBrowser.app/Contents/Frameworks/libgl_init.dylib (0x1291cca50). This may cause spurious casting failures and mysterious crashes. One of the duplicates must be removed or renamed.
objc[89050]: Class CrashpadHTTPBodyStreamTransport is implemented in both /Applications/AhoiBrowser.app/Contents/Frameworks/libbrowser_ui_views.dylib (0x1202dc188) and /Applications/AhoiBrowser.app/Contents/Frameworks/libchrome_dll.dylib (0x118db6430). This may cause spurious casting failures and mysterious crashes. One of the duplicates must be removed or renamed.
objc[89060]: Class ANGLESwapCGLLayer is implemented in both /Applications/AhoiBrowser.app/Contents/Frameworks/libblink_modules.dylib (0x13fdc0a50) and /Applications/AhoiBrowser.app/Contents/Frameworks/libgl_init.dylib (0x124e98a50). This may cause spurious casting failures and mysterious crashes. One of the duplicates must be removed or renamed.
objc[89060]: Class CrashpadHTTPBodyStreamTransport is implemented in both /Applications/AhoiBrowser.app/Contents/Frameworks/libbrowser_ui_views.dylib (0x11bea4188) and /Applications/AhoiBrowser.app/Contents/Frameworks/libchrome_dll.dylib (0x114a82430). This may cause spurious casting failures and mysterious crashes. One of the duplicates must be removed or renamed.
objc[89061]: Class ANGLESwapCGLLayer is implemented in both /Applications/AhoiBrowser.app/Contents/Frameworks/libblink_modules.dylib (0x1419f0a50) and /Applications/AhoiBrowser.app/Contents/Frameworks/libgl_init.dylib (0x126ac8a50). This may cause spurious casting failures and mysterious crashes. One of the duplicates must be removed or renamed.
objc[89061]: Class CrashpadHTTPBodyStreamTransport is implemented in both /Applications/AhoiBrowser.app/Contents/Frameworks/libbrowser_ui_views.dylib (0x10fb98188) and /Applications/AhoiBrowser.app/Contents/Frameworks/libchrome_dll.dylib (0x1166b2430). This may cause spurious casting failures and mysterious crashes. One of the duplicates must be removed or renamed.
objc[89062]: Class ANGLESwapCGLLayer is implemented in both /Applications/AhoiBrowser.app/Contents/Frameworks/libblink_modules.dylib (0x13fd04a50) and /Applications/AhoiBrowser.app/Contents/Frameworks/libgl_init.dylib (0x124ddca50). This may cause spurious casting failures and mysterious crashes. One of the duplicates must be removed or renamed.
objc[89062]: Class CrashpadHTTPBodyStreamTransport is implemented in both /Applications/AhoiBrowser.app/Contents/Frameworks/libbrowser_ui_views.dylib (0x10deec188) and /Applications/AhoiBrowser.app/Contents/Frameworks/libchrome_dll.dylib (0x1149c6430). This may cause spurious casting failures and mysterious crashes. One of the duplicates must be removed or renamed.
objc[89065]: Class ANGLESwapCGLLayer is implemented in both /Applications/AhoiBrowser.app/Contents/Frameworks/libblink_modules.dylib (0x140534a50) and /Applications/AhoiBrowser.app/Contents/Frameworks/libgl_init.dylib (0x12560ca50). This may cause spurious casting failures and mysterious crashes. One of the duplicates must be removed or renamed.
objc[89064]: Class ANGLESwapCGLLayer is implemented in both /Applications/AhoiBrowser.app/Contents/Frameworks/libblink_modules.dylib (0x1406bca50) and /Applications/AhoiBrowser.app/Contents/Frameworks/libgl_init.dylib (0x125794a50). This may cause spurious casting failures and mysterious crashes. One of the duplicates must be removed or renamed.
objc[89064]: Class CrashpadHTTPBodyStreamTransport is implemented in both /Applications/AhoiBrowser.app/Contents/Frameworks/libbrowser_ui_views.dylib (0x10e8a0188) and /Applications/AhoiBrowser.app/Contents/Frameworks/libchrome_dll.dylib (0x11537e430). This may cause spurious casting failures and mysterious crashes. One of the duplicates must be removed or renamed.
objc[89065]: Class CrashpadHTTPBodyStreamTransport is implemented in both /Applications/AhoiBrowser.app/Contents/Frameworks/libbrowser_ui_views.dylib (0x11c618188) and /Applications/AhoiBrowser.app/Contents/Frameworks/libchrome_dll.dylib (0x1151f6430). This may cause spurious casting failures and mysterious crashes. One of the duplicates must be removed or renamed.
objc[89291]: Class ANGLESwapCGLLayer is implemented in both /Applications/AhoiBrowser.app/Contents/Frameworks/libblink_modules.dylib (0x13fb78a50) and /Applications/AhoiBrowser.app/Contents/Frameworks/libgl_init.dylib (0x124c50a50). This may cause spurious casting failures and mysterious crashes. One of the duplicates must be removed or renamed.
objc[89291]: Class CrashpadHTTPBodyStreamTransport is implemented in both /Applications/AhoiBrowser.app/Contents/Frameworks/libbrowser_ui_views.dylib (0x11c24c188) and /Applications/AhoiBrowser.app/Contents/Frameworks/libchrome_dll.dylib (0x11483a430). This may cause spurious casting failures and mysterious crashes. One of the duplicates must be removed or renamed.
objc[89358]: Class ANGLESwapCGLLayer is implemented in both /Applications/AhoiBrowser.app/Contents/Frameworks/libblink_modules.dylib (0x1442bca50) and /Applications/AhoiBrowser.app/Contents/Frameworks/libgl_init.dylib (0x129394a50). This may cause spurious casting failures and mysterious crashes. One of the duplicates must be removed or renamed.
objc[89358]: Class CrashpadHTTPBodyStreamTransport is implemented in both /Applications/AhoiBrowser.app/Contents/Frameworks/libbrowser_ui_views.dylib (0x112538188) and /Applications/AhoiBrowser.app/Contents/Frameworks/libchrome_dll.dylib (0x118f7e430). This may cause spurious casting failures and mysterious crashes. One of the duplicates must be removed or renamed.
[89050:9504087:0929/071859.346441:ERROR:components/viz/service/surfaces/surface_manager.cc:479] Old/orphaned temporary reference to SurfaceId(FrameSinkId[DelegatedFrameHost](6, 3), LocalSurfaceId(2, 2, D9C4...))
[89050:9504087:0929/071909.346650:ERROR:components/viz/service/surfaces/surface_manager.cc:479] Old/orphaned temporary reference to SurfaceId(FrameSinkId[](6, 13), LocalSurfaceId(2, 2, E29E...))
[89031:9503594:0929/071915.631285:ERROR:ui/events/cocoa/events_mac.mm:88] Not implemented reached in EventType ui::EventTypeFromNative(const PlatformEvent &). 21
[89031:9503594:0929/071915.631349:ERROR:ui/events/cocoa/events_mac.mm:88] Not implemented reached in EventType ui::EventTypeFromNative(const PlatformEvent &). 21
[89031:9503594:0929/071915.631360:ERROR:ui/events/cocoa/events_mac.mm:88] Not implemented reached in EventType ui::EventTypeFromNative(const PlatformEvent &). 21
[89031:9503594:0929/071916.396632:ERROR:ui/events/cocoa/events_mac.mm:88] Not implemented reached in EventType ui::EventTypeFromNative(const PlatformEvent &). 21
[89031:9503594:0929/071916.396666:ERROR:ui/events/cocoa/events_mac.mm:88] Not implemented reached in EventType ui::EventTypeFromNative(const PlatformEvent &). 21
[89031:9503594:0929/071916.396674:ERROR:ui/events/cocoa/events_mac.mm:88] Not implemented reached in EventType ui::EventTypeFromNative(const PlatformEvent &). 21
objc[89736]: Class ANGLESwapCGLLayer is implemented in both /Applications/AhoiBrowser.app/Contents/Frameworks/libblink_modules.dylib (0x13f830a50) and /Applications/AhoiBrowser.app/Contents/Frameworks/libgl_init.dylib (0x124908a50). This may cause spurious casting failures and mysterious crashes. One of the duplicates must be removed or renamed.
objc[89736]: Class CrashpadHTTPBodyStreamTransport is implemented in both /Applications/AhoiBrowser.app/Contents/Frameworks/libbrowser_ui_views.dylib (0x11ba44188) and /Applications/AhoiBrowser.app/Contents/Frameworks/libchrome_dll.dylib (0x1144f2430). This may cause spurious casting failures and mysterious crashes. One of the duplicates must be removed or renamed.
[89050:9504087:0929/071919.346966:ERROR:components/viz/service/surfaces/surface_manager.cc:479] Old/orphaned temporary reference to SurfaceId(FrameSinkId[](6, 13), LocalSurfaceId(2, 3, E29E...))
[89031:9503594:0929/071922.490989:ERROR:base/process/kill_posix.cc:33] waitpid(89052): No child processes (10)
