objc[39921]: Class ANGLESwapCGLLayer is implemented in both /Applications/AhoiBrowser.app/Contents/Frameworks/libblink_modules.dylib (0x13fbb0a50) and /Applications/AhoiBrowser.app/Contents/Frameworks/libgl_init.dylib (0x124c88a50). This may cause spurious casting failures and mysterious crashes. One of the duplicates must be removed or renamed.
objc[39921]: Class CrashpadHTTPBodyStreamTransport is implemented in both /Applications/AhoiBrowser.app/Contents/Frameworks/libbrowser_ui_views.dylib (0x10dd60188) and /Applications/AhoiBrowser.app/Contents/Frameworks/libchrome_dll.dylib (0x114872430). This may cause spurious casting failures and mysterious crashes. One of the duplicates must be removed or renamed.
[39921:6787193:0928/181956.897326:ERROR:chrome/browser/mac/code_sign_clone_manager.mm:98] error removing quarantine attribute "/var/folders/zn/wn74lz2s2bsfp734gbqytmpr0000gn/X/"
[39921:6787193:0928/181956.926520:ERROR:chrome/browser/mac/code_sign_clone_manager.mm:98] error removing quarantine attribute "/var/folders/zn/wn74lz2s2bsfp734gbqytmpr0000gn/X/"
[39921:6786667:0928/181957.111947:WARNING:chrome/browser/signin/account_consistency_mode_manager.cc:74] Desktop Identity Consistency cannot be enabled as no OAuth client ID and client secret have been configured.

DevTools listening on ws://127.0.0.1:9345/devtools/browser/79dae01c-3ee3-4880-8e93-b95f8bea0655
[39921:6786667:0928/181957.812710:VERBOSE1:ahoi/browser/navigation/keyboard_shortcut_registration.cc:57] Ahoi shortcut registered: ctrl+alt+9
[39921:6786667:0928/181957.812745:VERBOSE1:ahoi/browser/navigation/keyboard_shortcut_registration.cc:57] Ahoi shortcut registered: cmd+alt+37
[39921:6786667:0928/181957.812756:VERBOSE1:ahoi/browser/navigation/keyboard_shortcut_registration.cc:57] Ahoi shortcut registered: cmd+alt+39
[39921:6786667:0928/181957.812764:VERBOSE1:ahoi/browser/navigation/keyboard_shortcut_registration.cc:57] Ahoi shortcut registered: ctrl+49
[39921:6786667:0928/181957.812771:VERBOSE1:ahoi/browser/navigation/keyboard_shortcut_registration.cc:57] Ahoi shortcut registered: ctrl+50
[39921:6786667:0928/181957.812778:VERBOSE1:ahoi/browser/navigation/keyboard_shortcut_registration.cc:57] Ahoi shortcut registered: ctrl+51
[39921:6786667:0928/181957.812784:VERBOSE1:ahoi/browser/navigation/keyboard_shortcut_registration.cc:57] Ahoi shortcut registered: ctrl+52
[39921:6786667:0928/181957.812790:VERBOSE1:ahoi/browser/navigation/keyboard_shortcut_registration.cc:57] Ahoi shortcut registered: ctrl+53
[39921:6786667:0928/181957.812796:VERBOSE1:ahoi/browser/navigation/keyboard_shortcut_registration.cc:57] Ahoi shortcut registered: ctrl+54
[39921:6786667:0928/181957.812802:VERBOSE1:ahoi/browser/navigation/keyboard_shortcut_registration.cc:57] Ahoi shortcut registered: ctrl+55
[39921:6786667:0928/181957.812808:VERBOSE1:ahoi/browser/navigation/keyboard_shortcut_registration.cc:57] Ahoi shortcut registered: ctrl+56
[39921:6786667:0928/181957.812814:VERBOSE1:ahoi/browser/navigation/keyboard_shortcut_registration.cc:57] Ahoi shortcut registered: ctrl+57
[39921:6786667:0928/181957.812820:VERBOSE1:ahoi/browser/navigation/keyboard_shortcut_registration.cc:57] Ahoi shortcut registered: cmd+shift+83
[39921:6786667:0928/181957.813026:VERBOSE1:ahoi/browser/navigation/keyboard_shortcut_registration.cc:57] Ahoi shortcut registered: cmd+shift+72
[39921:6786667:0928/181957.813033:VERBOSE1:ahoi/browser/navigation/keyboard_shortcut_registration.cc:57] Ahoi shortcut registered: cmd+shift+70
[39921:6786667:0928/181957.813039:VERBOSE1:ahoi/browser/navigation/keyboard_shortcut_registration.cc:57] Ahoi shortcut registered: cmd+ctrl+49
[39921:6786667:0928/181957.813044:VERBOSE1:ahoi/browser/navigation/keyboard_shortcut_registration.cc:57] Ahoi shortcut registered: cmd+ctrl+50
[39921:6786667:0928/181957.813050:VERBOSE1:ahoi/browser/navigation/keyboard_shortcut_registration.cc:57] Ahoi shortcut registered: cmd+ctrl+51
[39921:6786667:0928/181957.813057:VERBOSE1:ahoi/browser/navigation/keyboard_shortcut_registration.cc:57] Ahoi shortcut registered: cmd+ctrl+52
[39921:6786667:0928/181957.813063:VERBOSE1:ahoi/browser/navigation/keyboard_shortcut_registration.cc:57] Ahoi shortcut registered: cmd+ctrl+shift+37
[39921:6786667:0928/181957.813092:VERBOSE1:ahoi/browser/navigation/keyboard_shortcut_registration.cc:57] Ahoi shortcut registered: cmd+ctrl+shift+39
[39921:6786667:0928/181957.813097:VERBOSE1:ahoi/browser/navigation/keyboard_shortcut_registration.cc:57] Ahoi shortcut registered: cmd+ctrl+37
[39921:6786667:0928/181957.813102:VERBOSE1:ahoi/browser/navigation/keyboard_shortcut_registration.cc:57] Ahoi shortcut registered: cmd+ctrl+39
[39921:6786667:0928/181957.813106:VERBOSE1:ahoi/browser/navigation/keyboard_shortcut_registration.cc:57] Ahoi shortcut registered: cmd+ctrl+76
[39921:6786667:0928/181957.813111:VERBOSE1:ahoi/browser/navigation/keyboard_shortcut_registration.cc:57] Ahoi shortcut registered: cmd+ctrl+48
[39921:6786667:0928/181957.813116:VERBOSE1:ahoi/browser/navigation/keyboard_shortcut_registration.cc:57] Ahoi shortcut registered: cmd+ctrl+87
[39921:6786667:0928/181958.070771:ERROR:ahoi/browser/updater/sparkle_runtime_mac.mm:148] Ahoi updater disabled (fail closed): missing-feed-url
objc[40043]: Class ANGLESwapCGLLayer is implemented in both /Applications/AhoiBrowser.app/Contents/Frameworks/libblink_modules.dylib (0x144038a50) and /Applications/AhoiBrowser.app/Contents/Frameworks/libgl_init.dylib (0x129110a50). This may cause spurious casting failures and mysterious crashes. One of the duplicates must be removed or renamed.
objc[40042]: Class ANGLESwapCGLLayer is implemented in both /Applications/AhoiBrowser.app/Contents/Frameworks/libblink_modules.dylib (0x1422f0a50) and /Applications/AhoiBrowser.app/Contents/Frameworks/libgl_init.dylib (0x1273c8a50). This may cause spurious casting failures and mysterious crashes. One of the duplicates must be removed or renamed.
objc[40043]: Class CrashpadHTTPBodyStreamTransport is implemented in both /Applications/AhoiBrowser.app/Contents/Frameworks/libbrowser_ui_views.dylib (0x120794188) and /Applications/AhoiBrowser.app/Contents/Frameworks/libchrome_dll.dylib (0x118cfa430). This may cause spurious casting failures and mysterious crashes. One of the duplicates must be removed or renamed.
objc[40042]: Class CrashpadHTTPBodyStreamTransport is implemented in both /Applications/AhoiBrowser.app/Contents/Frameworks/libbrowser_ui_views.dylib (0x110428188) and /Applications/AhoiBrowser.app/Contents/Frameworks/libchrome_dll.dylib (0x116fb2430). This may cause spurious casting failures and mysterious crashes. One of the duplicates must be removed or renamed.
objc[40045]: Class ANGLESwapCGLLayer is implemented in both /Applications/AhoiBrowser.app/Contents/Frameworks/libblink_modules.dylib (0x14031ca50) and /Applications/AhoiBrowser.app/Contents/Frameworks/libgl_init.dylib (0x1253f4a50). This may cause spurious casting failures and mysterious crashes. One of the duplicates must be removed or renamed.
objc[40045]: Class CrashpadHTTPBodyStreamTransport is implemented in both /Applications/AhoiBrowser.app/Contents/Frameworks/libbrowser_ui_views.dylib (0x11c58c188) and /Applications/AhoiBrowser.app/Contents/Frameworks/libchrome_dll.dylib (0x114fde430). This may cause spurious casting failures and mysterious crashes. One of the duplicates must be removed or renamed.
objc[40046]: Class ANGLESwapCGLLayer is implemented in both /Applications/AhoiBrowser.app/Contents/Frameworks/libblink_modules.dylib (0x143aaca50) and /Applications/AhoiBrowser.app/Contents/Frameworks/libgl_init.dylib (0x128b84a50). This may cause spurious casting failures and mysterious crashes. One of the duplicates must be removed or renamed.
objc[40046]: Class CrashpadHTTPBodyStreamTransport is implemented in both /Applications/AhoiBrowser.app/Contents/Frameworks/libbrowser_ui_views.dylib (0x111d28188) and /Applications/AhoiBrowser.app/Contents/Frameworks/libchrome_dll.dylib (0x11876e430). This may cause spurious casting failures and mysterious crashes. One of the duplicates must be removed or renamed.
objc[40063]: Class ANGLESwapCGLLayer is implemented in both /Applications/AhoiBrowser.app/Contents/Frameworks/libblink_modules.dylib (0x13fbd0a50) and /Applications/AhoiBrowser.app/Contents/Frameworks/libgl_init.dylib (0x124ca8a50). This may cause spurious casting failures and mysterious crashes. One of the duplicates must be removed or renamed.
objc[40059]: Class ANGLESwapCGLLayer is implemented in both /Applications/AhoiBrowser.app/Contents/Frameworks/libblink_modules.dylib (0x13f7dca50) and /Applications/AhoiBrowser.app/Contents/Frameworks/libgl_init.dylib (0x1248b4a50). This may cause spurious casting failures and mysterious crashes. One of the duplicates must be removed or renamed.
objc[40063]: Class CrashpadHTTPBodyStreamTransport is implemented in both /Applications/AhoiBrowser.app/Contents/Frameworks/libbrowser_ui_views.dylib (0x11be40188) and /Applications/AhoiBrowser.app/Contents/Frameworks/libchrome_dll.dylib (0x114892430). This may cause spurious casting failures and mysterious crashes. One of the duplicates must be removed or renamed.
objc[40062]: Class ANGLESwapCGLLayer is implemented in both /Applications/AhoiBrowser.app/Contents/Frameworks/libblink_modules.dylib (0x14477ca50) and /Applications/AhoiBrowser.app/Contents/Frameworks/libgl_init.dylib (0x129854a50). This may cause spurious casting failures and mysterious crashes. One of the duplicates must be removed or renamed.
objc[40059]: Class CrashpadHTTPBodyStreamTransport is implemented in both /Applications/AhoiBrowser.app/Contents/Frameworks/libbrowser_ui_views.dylib (0x11b8c0188) and /Applications/AhoiBrowser.app/Contents/Frameworks/libchrome_dll.dylib (0x11449e430). This may cause spurious casting failures and mysterious crashes. One of the duplicates must be removed or renamed.
objc[40062]: Class CrashpadHTTPBodyStreamTransport is implemented in both /Applications/AhoiBrowser.app/Contents/Frameworks/libbrowser_ui_views.dylib (0x120e50188) and /Applications/AhoiBrowser.app/Contents/Frameworks/libchrome_dll.dylib (0x11943e430). This may cause spurious casting failures and mysterious crashes. One of the duplicates must be removed or renamed.
[39921:6786667:0928/182004.257826:VERBOSE1:ahoi/browser/session/session_bridge_session.cc:549] Ahoi persist window metadata: workspace=83699047-edf8-580d-948d-9c37acc35cb6 service=1 window_id_valid=1
[39921:6786667:0928/182004.262867:VERBOSE1:ahoi/browser/session/session_bridge_session.cc:465] Ahoi last-used record: index 0 url=about:blank
[39921:6786667:0928/182004.265103:VERBOSE1:ahoi/browser/session/session_bridge_session.cc:465] Ahoi last-used record: index 0 url=about:blank
[39921:6786667:0928/182004.265242:VERBOSE1:ahoi/browser/session/session_bridge_session.cc:549] Ahoi persist window metadata: workspace=83699047-edf8-580d-948d-9c37acc35cb6 service=1 window_id_valid=1
[39921:6786667:0928/182007.794066:VERBOSE1:ahoi/browser/session/session_bridge_session.cc:465] Ahoi last-used record: index 1 url=http://127.0.0.1:8792/alpha.html
[39921:6786667:0928/182007.801550:VERBOSE1:ahoi/browser/session/session_bridge_session.cc:465] Ahoi last-used record: index 1 url=http://127.0.0.1:8792/alpha.html
[39921:6786667:0928/182007.802563:VERBOSE1:ahoi/browser/session/session_bridge_session.cc:465] Ahoi last-used record: index 1 url=http://127.0.0.1:8792/alpha.html
[39921:6786667:0928/182007.839430:VERBOSE1:ahoi/browser/session/session_bridge_session.cc:465] Ahoi last-used record: index 1 url=http://127.0.0.1:8792/alpha.html
[39921:6786667:0928/182007.856075:VERBOSE1:ahoi/browser/session/session_bridge_session.cc:465] Ahoi last-used record: index 1 url=http://127.0.0.1:8792/alpha.html
objc[40501]: Class ANGLESwapCGLLayer is implemented in both /Applications/AhoiBrowser.app/Contents/Frameworks/libblink_modules.dylib (0x13fef8a50) and /Applications/AhoiBrowser.app/Contents/Frameworks/libgl_init.dylib (0x124fd0a50). This may cause spurious casting failures and mysterious crashes. One of the duplicates must be removed or renamed.
objc[40501]: Class CrashpadHTTPBodyStreamTransport is implemented in both /Applications/AhoiBrowser.app/Contents/Frameworks/libbrowser_ui_views.dylib (0x10e084188) and /Applications/AhoiBrowser.app/Contents/Frameworks/libchrome_dll.dylib (0x114bba430). This may cause spurious casting failures and mysterious crashes. One of the duplicates must be removed or renamed.
[39921:6786667:0928/182014.979277:VERBOSE1:ahoi/browser/session/session_bridge_session.cc:465] Ahoi last-used record: index 2 url=http://127.0.0.1:8792/beta.html
[39921:6786667:0928/182015.003949:VERBOSE1:ahoi/browser/session/session_bridge_session.cc:465] Ahoi last-used record: index 2 url=http://127.0.0.1:8792/beta.html
[39921:6786667:0928/182015.004835:VERBOSE1:ahoi/browser/session/session_bridge_session.cc:465] Ahoi last-used record: index 2 url=http://127.0.0.1:8792/beta.html
[39921:6786667:0928/182015.012132:VERBOSE1:ahoi/browser/session/session_bridge_session.cc:465] Ahoi last-used record: index 2 url=http://127.0.0.1:8792/beta.html
[39921:6786667:0928/182015.026140:VERBOSE1:ahoi/browser/session/session_bridge_session.cc:465] Ahoi last-used record: index 2 url=http://127.0.0.1:8792/beta.html
objc[40809]: Class ANGLESwapCGLLayer is implemented in both /Applications/AhoiBrowser.app/Contents/Frameworks/libblink_modules.dylib (0x144124a50) and /Applications/AhoiBrowser.app/Contents/Frameworks/libgl_init.dylib (0x1291fca50). This may cause spurious casting failures and mysterious crashes. One of the duplicates must be removed or renamed.
objc[40809]: Class CrashpadHTTPBodyStreamTransport is implemented in both /Applications/AhoiBrowser.app/Contents/Frameworks/libbrowser_ui_views.dylib (0x120208188) and /Applications/AhoiBrowser.app/Contents/Frameworks/libchrome_dll.dylib (0x118de6430). This may cause spurious casting failures and mysterious crashes. One of the duplicates must be removed or renamed.
[40042:6787746:0928/182022.214303:ERROR:components/viz/service/surfaces/surface_manager.cc:479] Old/orphaned temporary reference to SurfaceId(FrameSinkId[DelegatedFrameHost](6, 3), LocalSurfaceId(2, 2, 4D82...))
[39921:6786667:0928/182022.828330:VERBOSE1:ahoi/browser/session/session_bridge_session.cc:465] Ahoi last-used record: index 3 url=http://127.0.0.1:8792/gamma.html
[39921:6786667:0928/182022.856918:VERBOSE1:ahoi/browser/session/session_bridge_session.cc:465] Ahoi last-used record: index 3 url=http://127.0.0.1:8792/gamma.html
[39921:6786667:0928/182022.857998:VERBOSE1:ahoi/browser/session/session_bridge_session.cc:465] Ahoi last-used record: index 3 url=http://127.0.0.1:8792/gamma.html
[39921:6786667:0928/182022.865835:VERBOSE1:ahoi/browser/session/session_bridge_session.cc:465] Ahoi last-used record: index 3 url=http://127.0.0.1:8792/gamma.html
[39921:6786667:0928/182022.881969:VERBOSE1:ahoi/browser/session/session_bridge_session.cc:465] Ahoi last-used record: index 3 url=http://127.0.0.1:8792/gamma.html
objc[41041]: Class ANGLESwapCGLLayer is implemented in both /Applications/AhoiBrowser.app/Contents/Frameworks/libblink_modules.dylib (0x1447a4a50) and /Applications/AhoiBrowser.app/Contents/Frameworks/libgl_init.dylib (0x12987ca50). This may cause spurious casting failures and mysterious crashes. One of the duplicates must be removed or renamed.
objc[41041]: Class CrashpadHTTPBodyStreamTransport is implemented in both /Applications/AhoiBrowser.app/Contents/Frameworks/libbrowser_ui_views.dylib (0x1203f4188) and /Applications/AhoiBrowser.app/Contents/Frameworks/libchrome_dll.dylib (0x119466430). This may cause spurious casting failures and mysterious crashes. One of the duplicates must be removed or renamed.
[39921:6786667:0928/182026.774361:VERBOSE1:chrome/browser/ui/views/frame/browser_view.cc:3736] Ahoi key trace: PreHandleKeyboardEvent tab modifiers=12 registered=1
[39921:6786667:0928/182026.774610:VERBOSE1:ahoi/browser/session/session_bridge_session.cc:498] Ahoi last-used tab: index 0 tracked=1 same_model=1 workspace=83699047-edf8-580d-948d-9c37acc35cb6 active=83699047-edf8-580d-948d-9c37acc35cb6
[39921:6786667:0928/182026.774632:VERBOSE1:ahoi/browser/session/session_bridge_session.cc:498] Ahoi last-used tab: index 1 tracked=1 same_model=1 workspace=83699047-edf8-580d-948d-9c37acc35cb6 active=83699047-edf8-580d-948d-9c37acc35cb6
[39921:6786667:0928/182026.774641:VERBOSE1:ahoi/browser/session/session_bridge_session.cc:498] Ahoi last-used tab: index 2 tracked=1 same_model=1 workspace=83699047-edf8-580d-948d-9c37acc35cb6 active=83699047-edf8-580d-948d-9c37acc35cb6
[39921:6786667:0928/182026.774665:VERBOSE1:ahoi/browser/session/session_bridge_session.cc:498] Ahoi last-used tab: index 3 tracked=1 same_model=1 workspace=83699047-edf8-580d-948d-9c37acc35cb6 active=83699047-edf8-580d-948d-9c37acc35cb6
[39921:6786667:0928/182026.774673:VERBOSE1:ahoi/browser/session/session_bridge_session.cc:518] Ahoi last-used tab: mru=4 eligible=4 target=1
[39921:6786667:0928/182026.774680:VERBOSE1:ahoi/browser/session/session_bridge_session.cc:525] Ahoi last-used tab: activate index 2 from 3 url=http://127.0.0.1:8792/beta.html
[39921:6786667:0928/182026.783843:VERBOSE1:ahoi/browser/session/session_bridge_session.cc:465] Ahoi last-used record: index 2 url=http://127.0.0.1:8792/beta.html
[39921:6786667:0928/182026.784393:VERBOSE1:ahoi/browser/session/session_bridge_session.cc:531] Ahoi last-used tab: active index now 2
[39921:6786667:0928/182026.784491:VERBOSE1:chrome/browser/ui/views/frame/browser_view.cc:6127] Ahoi shortcut tab.last-used handled
[39921:6786667:0928/182028.943936:VERBOSE1:chrome/browser/ui/views/frame/browser_view.cc:3736] Ahoi key trace: PreHandleKeyboardEvent tab modifiers=12 registered=1
[39921:6786667:0928/182028.944170:VERBOSE1:ahoi/browser/session/session_bridge_session.cc:498] Ahoi last-used tab: index 0 tracked=1 same_model=1 workspace=83699047-edf8-580d-948d-9c37acc35cb6 active=83699047-edf8-580d-948d-9c37acc35cb6
[39921:6786667:0928/182028.944191:VERBOSE1:ahoi/browser/session/session_bridge_session.cc:498] Ahoi last-used tab: index 1 tracked=1 same_model=1 workspace=83699047-edf8-580d-948d-9c37acc35cb6 active=83699047-edf8-580d-948d-9c37acc35cb6
[39921:6786667:0928/182028.944199:VERBOSE1:ahoi/browser/session/session_bridge_session.cc:498] Ahoi last-used tab: index 2 tracked=1 same_model=1 workspace=83699047-edf8-580d-948d-9c37acc35cb6 active=83699047-edf8-580d-948d-9c37acc35cb6
[39921:6786667:0928/182028.944206:VERBOSE1:ahoi/browser/session/session_bridge_session.cc:498] Ahoi last-used tab: index 3 tracked=1 same_model=1 workspace=83699047-edf8-580d-948d-9c37acc35cb6 active=83699047-edf8-580d-948d-9c37acc35cb6
[39921:6786667:0928/182028.944211:VERBOSE1:ahoi/browser/session/session_bridge_session.cc:518] Ahoi last-used tab: mru=4 eligible=4 target=1
[39921:6786667:0928/182028.944218:VERBOSE1:ahoi/browser/session/session_bridge_session.cc:525] Ahoi last-used tab: activate index 3 from 2 url=http://127.0.0.1:8792/gamma.html
[39921:6786667:0928/182028.953152:VERBOSE1:ahoi/browser/session/session_bridge_session.cc:465] Ahoi last-used record: index 3 url=http://127.0.0.1:8792/gamma.html
[39921:6786667:0928/182028.953685:VERBOSE1:ahoi/browser/session/session_bridge_session.cc:531] Ahoi last-used tab: active index now 3
[39921:6786667:0928/182028.953709:VERBOSE1:chrome/browser/ui/views/frame/browser_view.cc:6127] Ahoi shortcut tab.last-used handled
[39921:6786667:0928/182030.921343:VERBOSE1:ahoi/browser/session/session_bridge_session.cc:465] Ahoi last-used record: index 0 url=about:blank
[39921:6786667:0928/182033.952322:VERBOSE1:ahoi/browser/session/session_bridge_session.cc:498] Ahoi last-used tab: index 0 tracked=1 same_model=1 workspace=83699047-edf8-580d-948d-9c37acc35cb6 active=83699047-edf8-580d-948d-9c37acc35cb6
[39921:6786667:0928/182033.952353:VERBOSE1:ahoi/browser/session/session_bridge_session.cc:498] Ahoi last-used tab: index 1 tracked=1 same_model=1 workspace=83699047-edf8-580d-948d-9c37acc35cb6 active=83699047-edf8-580d-948d-9c37acc35cb6
[39921:6786667:0928/182033.952361:VERBOSE1:ahoi/browser/session/session_bridge_session.cc:498] Ahoi last-used tab: index 2 tracked=1 same_model=1 workspace=83699047-edf8-580d-948d-9c37acc35cb6 active=83699047-edf8-580d-948d-9c37acc35cb6
[39921:6786667:0928/182033.952368:VERBOSE1:ahoi/browser/session/session_bridge_session.cc:498] Ahoi last-used tab: index 3 tracked=1 same_model=1 workspace=83699047-edf8-580d-948d-9c37acc35cb6 active=83699047-edf8-580d-948d-9c37acc35cb6
[39921:6786667:0928/182033.952386:VERBOSE1:ahoi/browser/session/session_bridge_session.cc:518] Ahoi last-used tab: mru=4 eligible=4 target=1
[39921:6786667:0928/182033.952393:VERBOSE1:ahoi/browser/session/session_bridge_session.cc:525] Ahoi last-used tab: activate index 3 from 0 url=http://127.0.0.1:8792/gamma.html
[39921:6786667:0928/182033.959779:VERBOSE1:ahoi/browser/session/session_bridge_session.cc:465] Ahoi last-used record: index 3 url=http://127.0.0.1:8792/gamma.html
[39921:6786667:0928/182033.960311:VERBOSE1:ahoi/browser/session/session_bridge_session.cc:531] Ahoi last-used tab: active index now 3
[39921:6786667:0928/182033.960327:VERBOSE1:chrome/browser/ui/views/frame/browser_view.cc:6127] Ahoi shortcut tab.last-used handled
[39921:6786667:0928/182040.639314:VERBOSE1:ahoi/browser/session/session_bridge_session.cc:549] Ahoi persist window metadata: workspace=78e85ce0-f0a2-42b6-95d3-a1d189178cf2 service=1 window_id_valid=1
[39921:6786667:0928/182046.040711:VERBOSE1:ahoi/browser/session/session_bridge_session.cc:465] Ahoi last-used record: index 4 url=http://127.0.0.1:8792/delta.html
[39921:6786667:0928/182046.051162:VERBOSE1:ahoi/browser/session/session_bridge_session.cc:465] Ahoi last-used record: index 4 url=http://127.0.0.1:8792/delta.html
[39921:6786667:0928/182046.051959:VERBOSE1:ahoi/browser/session/session_bridge_session.cc:465] Ahoi last-used record: index 4 url=http://127.0.0.1:8792/delta.html
[39921:6786667:0928/182046.062390:VERBOSE1:ahoi/browser/session/session_bridge_session.cc:465] Ahoi last-used record: index 4 url=http://127.0.0.1:8792/delta.html
[39921:6786667:0928/182046.071441:VERBOSE1:ahoi/browser/session/session_bridge_session.cc:465] Ahoi last-used record: index 4 url=http://127.0.0.1:8792/delta.html
objc[42049]: Class ANGLESwapCGLLayer is implemented in both /Applications/AhoiBrowser.app/Contents/Frameworks/libblink_modules.dylib (0x142154a50) and /Applications/AhoiBrowser.app/Contents/Frameworks/libgl_init.dylib (0x12722ca50). This may cause spurious casting failures and mysterious crashes. One of the duplicates must be removed or renamed.
objc[42049]: Class CrashpadHTTPBodyStreamTransport is implemented in both /Applications/AhoiBrowser.app/Contents/Frameworks/libbrowser_ui_views.dylib (0x110364188) and /Applications/AhoiBrowser.app/Contents/Frameworks/libchrome_dll.dylib (0x116e16430). This may cause spurious casting failures and mysterious crashes. One of the duplicates must be removed or renamed.
[39921:6786667:0928/182048.616633:VERBOSE1:chrome/browser/ui/views/frame/browser_view.cc:3736] Ahoi key trace: PreHandleKeyboardEvent tab modifiers=12 registered=1
[39921:6786667:0928/182048.616840:VERBOSE1:ahoi/browser/session/session_bridge_session.cc:498] Ahoi last-used tab: index 0 tracked=1 same_model=1 workspace=83699047-edf8-580d-948d-9c37acc35cb6 active=78e85ce0-f0a2-42b6-95d3-a1d189178cf2
[39921:6786667:0928/182048.616859:VERBOSE1:ahoi/browser/session/session_bridge_session.cc:498] Ahoi last-used tab: index 1 tracked=1 same_model=1 workspace=83699047-edf8-580d-948d-9c37acc35cb6 active=78e85ce0-f0a2-42b6-95d3-a1d189178cf2
[39921:6786667:0928/182048.616867:VERBOSE1:ahoi/browser/session/session_bridge_session.cc:498] Ahoi last-used tab: index 2 tracked=1 same_model=1 workspace=83699047-edf8-580d-948d-9c37acc35cb6 active=78e85ce0-f0a2-42b6-95d3-a1d189178cf2
[39921:6786667:0928/182048.616873:VERBOSE1:ahoi/browser/session/session_bridge_session.cc:498] Ahoi last-used tab: index 3 tracked=1 same_model=1 workspace=83699047-edf8-580d-948d-9c37acc35cb6 active=78e85ce0-f0a2-42b6-95d3-a1d189178cf2
[39921:6786667:0928/182048.616878:VERBOSE1:ahoi/browser/session/session_bridge_session.cc:498] Ahoi last-used tab: index 4 tracked=1 same_model=1 workspace=78e85ce0-f0a2-42b6-95d3-a1d189178cf2 active=78e85ce0-f0a2-42b6-95d3-a1d189178cf2
[39921:6786667:0928/182048.616884:VERBOSE1:ahoi/browser/session/session_bridge_session.cc:518] Ahoi last-used tab: mru=5 eligible=1 target=0
[39921:6786667:0928/182048.616890:VERBOSE1:chrome/browser/ui/views/frame/browser_view.cc:6127] Ahoi shortcut tab.last-used not applicable
[39921:6786667:0928/182048.618166:VERBOSE1:ahoi/browser/session/session_bridge_session.cc:498] Ahoi last-used tab: index 0 tracked=1 same_model=1 workspace=83699047-edf8-580d-948d-9c37acc35cb6 active=78e85ce0-f0a2-42b6-95d3-a1d189178cf2
[39921:6786667:0928/182048.618198:VERBOSE1:ahoi/browser/session/session_bridge_session.cc:498] Ahoi last-used tab: index 1 tracked=1 same_model=1 workspace=83699047-edf8-580d-948d-9c37acc35cb6 active=78e85ce0-f0a2-42b6-95d3-a1d189178cf2
[39921:6786667:0928/182048.618206:VERBOSE1:ahoi/browser/session/session_bridge_session.cc:498] Ahoi last-used tab: index 2 tracked=1 same_model=1 workspace=83699047-edf8-580d-948d-9c37acc35cb6 active=78e85ce0-f0a2-42b6-95d3-a1d189178cf2
[39921:6786667:0928/182048.618211:VERBOSE1:ahoi/browser/session/session_bridge_session.cc:498] Ahoi last-used tab: index 3 tracked=1 same_model=1 workspace=83699047-edf8-580d-948d-9c37acc35cb6 active=78e85ce0-f0a2-42b6-95d3-a1d189178cf2
[39921:6786667:0928/182048.618216:VERBOSE1:ahoi/browser/session/session_bridge_session.cc:498] Ahoi last-used tab: index 4 tracked=1 same_model=1 workspace=78e85ce0-f0a2-42b6-95d3-a1d189178cf2 active=78e85ce0-f0a2-42b6-95d3-a1d189178cf2
[39921:6786667:0928/182048.618221:VERBOSE1:ahoi/browser/session/session_bridge_session.cc:518] Ahoi last-used tab: mru=5 eligible=1 target=0
[39921:6786667:0928/182048.618226:VERBOSE1:chrome/browser/ui/views/frame/browser_view.cc:6127] Ahoi shortcut tab.last-used not applicable
[39921:6786667:0928/182048.621675:VERBOSE1:ahoi/browser/session/session_bridge_session.cc:498] Ahoi last-used tab: index 0 tracked=1 same_model=1 workspace=83699047-edf8-580d-948d-9c37acc35cb6 active=78e85ce0-f0a2-42b6-95d3-a1d189178cf2
[39921:6786667:0928/182048.621696:VERBOSE1:ahoi/browser/session/session_bridge_session.cc:498] Ahoi last-used tab: index 1 tracked=1 same_model=1 workspace=83699047-edf8-580d-948d-9c37acc35cb6 active=78e85ce0-f0a2-42b6-95d3-a1d189178cf2
[39921:6786667:0928/182048.621702:VERBOSE1:ahoi/browser/session/session_bridge_session.cc:498] Ahoi last-used tab: index 2 tracked=1 same_model=1 workspace=83699047-edf8-580d-948d-9c37acc35cb6 active=78e85ce0-f0a2-42b6-95d3-a1d189178cf2
[39921:6786667:0928/182048.621708:VERBOSE1:ahoi/browser/session/session_bridge_session.cc:498] Ahoi last-used tab: index 3 tracked=1 same_model=1 workspace=83699047-edf8-580d-948d-9c37acc35cb6 active=78e85ce0-f0a2-42b6-95d3-a1d189178cf2
[39921:6786667:0928/182048.621712:VERBOSE1:ahoi/browser/session/session_bridge_session.cc:498] Ahoi last-used tab: index 4 tracked=1 same_model=1 workspace=78e85ce0-f0a2-42b6-95d3-a1d189178cf2 active=78e85ce0-f0a2-42b6-95d3-a1d189178cf2
[39921:6786667:0928/182048.621717:VERBOSE1:ahoi/browser/session/session_bridge_session.cc:518] Ahoi last-used tab: mru=5 eligible=1 target=0
[39921:6786667:0928/182048.621722:VERBOSE1:chrome/browser/ui/views/frame/browser_view.cc:6127] Ahoi shortcut tab.last-used not applicable
[39921:6786667:0928/182048.621895:VERBOSE1:ahoi/browser/session/session_bridge_session.cc:498] Ahoi last-used tab: index 0 tracked=1 same_model=1 workspace=83699047-edf8-580d-948d-9c37acc35cb6 active=78e85ce0-f0a2-42b6-95d3-a1d189178cf2
[39921:6786667:0928/182048.621906:VERBOSE1:ahoi/browser/session/session_bridge_session.cc:498] Ahoi last-used tab: index 1 tracked=1 same_model=1 workspace=83699047-edf8-580d-948d-9c37acc35cb6 active=78e85ce0-f0a2-42b6-95d3-a1d189178cf2
[39921:6786667:0928/182048.621911:VERBOSE1:ahoi/browser/session/session_bridge_session.cc:498] Ahoi last-used tab: index 2 tracked=1 same_model=1 workspace=83699047-edf8-580d-948d-9c37acc35cb6 active=78e85ce0-f0a2-42b6-95d3-a1d189178cf2
[39921:6786667:0928/182048.621916:VERBOSE1:ahoi/browser/session/session_bridge_session.cc:498] Ahoi last-used tab: index 3 tracked=1 same_model=1 workspace=83699047-edf8-580d-948d-9c37acc35cb6 active=78e85ce0-f0a2-42b6-95d3-a1d189178cf2
[39921:6786667:0928/182048.621921:VERBOSE1:ahoi/browser/session/session_bridge_session.cc:498] Ahoi last-used tab: index 4 tracked=1 same_model=1 workspace=78e85ce0-f0a2-42b6-95d3-a1d189178cf2 active=78e85ce0-f0a2-42b6-95d3-a1d189178cf2
[39921:6786667:0928/182048.621937:VERBOSE1:ahoi/browser/session/session_bridge_session.cc:518] Ahoi last-used tab: mru=5 eligible=1 target=0
[39921:6786667:0928/182048.621942:VERBOSE1:chrome/browser/ui/views/frame/browser_view.cc:6127] Ahoi shortcut tab.last-used not applicable
[39921:6786667:0928/182048.622123:VERBOSE1:ahoi/browser/session/session_bridge_session.cc:498] Ahoi last-used tab: index 0 tracked=1 same_model=1 workspace=83699047-edf8-580d-948d-9c37acc35cb6 active=78e85ce0-f0a2-42b6-95d3-a1d189178cf2
[39921:6786667:0928/182048.622134:VERBOSE1:ahoi/browser/session/session_bridge_session.cc:498] Ahoi last-used tab: index 1 tracked=1 same_model=1 workspace=83699047-edf8-580d-948d-9c37acc35cb6 active=78e85ce0-f0a2-42b6-95d3-a1d189178cf2
[39921:6786667:0928/182048.622140:VERBOSE1:ahoi/browser/session/session_bridge_session.cc:498] Ahoi last-used tab: index 2 tracked=1 same_model=1 workspace=83699047-edf8-580d-948d-9c37acc35cb6 active=78e85ce0-f0a2-42b6-95d3-a1d189178cf2
[39921:6786667:0928/182048.622145:VERBOSE1:ahoi/browser/session/session_bridge_session.cc:498] Ahoi last-used tab: index 3 tracked=1 same_model=1 workspace=83699047-edf8-580d-948d-9c37acc35cb6 active=78e85ce0-f0a2-42b6-95d3-a1d189178cf2
[39921:6786667:0928/182048.622150:VERBOSE1:ahoi/browser/session/session_bridge_session.cc:498] Ahoi last-used tab: index 4 tracked=1 same_model=1 workspace=78e85ce0-f0a2-42b6-95d3-a1d189178cf2 active=78e85ce0-f0a2-42b6-95d3-a1d189178cf2
[39921:6786667:0928/182048.622155:VERBOSE1:ahoi/browser/session/session_bridge_session.cc:518] Ahoi last-used tab: mru=5 eligible=1 target=0
[39921:6786667:0928/182048.622160:VERBOSE1:chrome/browser/ui/views/frame/browser_view.cc:6127] Ahoi shortcut tab.last-used not applicable
[39921:6786667:0928/182048.622344:VERBOSE1:ahoi/browser/session/session_bridge_session.cc:498] Ahoi last-used tab: index 0 tracked=1 same_model=1 workspace=83699047-edf8-580d-948d-9c37acc35cb6 active=78e85ce0-f0a2-42b6-95d3-a1d189178cf2
[39921:6786667:0928/182048.622351:VERBOSE1:ahoi/browser/session/session_bridge_session.cc:498] Ahoi last-used tab: index 1 tracked=1 same_model=1 workspace=83699047-edf8-580d-948d-9c37acc35cb6 active=78e85ce0-f0a2-42b6-95d3-a1d189178cf2
[39921:6786667:0928/182048.622356:VERBOSE1:ahoi/browser/session/session_bridge_session.cc:498] Ahoi last-used tab: index 2 tracked=1 same_model=1 workspace=83699047-edf8-580d-948d-9c37acc35cb6 active=78e85ce0-f0a2-42b6-95d3-a1d189178cf2
[39921:6786667:0928/182048.622360:VERBOSE1:ahoi/browser/session/session_bridge_session.cc:498] Ahoi last-used tab: index 3 tracked=1 same_model=1 workspace=83699047-edf8-580d-948d-9c37acc35cb6 active=78e85ce0-f0a2-42b6-95d3-a1d189178cf2
[39921:6786667:0928/182048.622363:VERBOSE1:ahoi/browser/session/session_bridge_session.cc:498] Ahoi last-used tab: index 4 tracked=1 same_model=1 workspace=78e85ce0-f0a2-42b6-95d3-a1d189178cf2 active=78e85ce0-f0a2-42b6-95d3-a1d189178cf2
[39921:6786667:0928/182048.622367:VERBOSE1:ahoi/browser/session/session_bridge_session.cc:518] Ahoi last-used tab: mru=5 eligible=1 target=0
[39921:6786667:0928/182048.622371:VERBOSE1:chrome/browser/ui/views/frame/browser_view.cc:6127] Ahoi shortcut tab.last-used not applicable
[39921:6786667:0928/182048.653940:VERBOSE1:chrome/browser/ui/views/frame/browser_view.cc:3736] Ahoi key trace: PreHandleKeyboardEvent tab modifiers=12 registered=0
[39921:6786667:0928/182054.534692:VERBOSE1:ahoi/browser/session/session_bridge_session.cc:465] Ahoi last-used record: index 3 url=http://127.0.0.1:8792/gamma.html
[39921:6786667:0928/182054.535184:VERBOSE1:ahoi/browser/session/session_bridge_session.cc:549] Ahoi persist window metadata: workspace=83699047-edf8-580d-948d-9c37acc35cb6 service=1 window_id_valid=1
[39921:6786667:0928/182059.503242:VERBOSE1:ahoi/browser/session/session_bridge_session.cc:465] Ahoi last-used record: index 5 url=chrome://settings/ahoi
[39921:6786667:0928/182059.519067:VERBOSE1:ahoi/browser/session/session_bridge_session.cc:465] Ahoi last-used record: index 5 url=chrome://settings/ahoi
[39921:6786667:0928/182059.520716:VERBOSE1:ahoi/browser/session/session_bridge_session.cc:465] Ahoi last-used record: index 5 url=chrome://settings/ahoi
[39921:6786667:0928/182059.536960:VERBOSE1:ahoi/browser/session/session_bridge_session.cc:465] Ahoi last-used record: index 5 url=chrome://settings/ahoi
[39921:6786667:0928/182059.544823:VERBOSE1:ahoi/browser/session/session_bridge_session.cc:465] Ahoi last-used record: index 5 url=chrome://settings/ahoi
[39921:6786667:0928/182059.707942:VERBOSE1:ahoi/browser/session/session_bridge_session.cc:465] Ahoi last-used record: index 5 url=chrome://settings/ahoi
objc[42426]: Class ANGLESwapCGLLayer is implemented in both /Applications/AhoiBrowser.app/Contents/Frameworks/libblink_modules.dylib (0x141ef4a50) and /Applications/AhoiBrowser.app/Contents/Frameworks/libgl_init.dylib (0x126fcca50). This may cause spurious casting failures and mysterious crashes. One of the duplicates must be removed or renamed.
objc[42426]: Class CrashpadHTTPBodyStreamTransport is implemented in both /Applications/AhoiBrowser.app/Contents/Frameworks/libbrowser_ui_views.dylib (0x11e060188) and /Applications/AhoiBrowser.app/Contents/Frameworks/libchrome_dll.dylib (0x116bb6430). This may cause spurious casting failures and mysterious crashes. One of the duplicates must be removed or renamed.
objc[42513]: Class ANGLESwapCGLLayer is implemented in both /Applications/AhoiBrowser.app/Contents/Frameworks/libblink_modules.dylib (0x144774a50) and /Applications/AhoiBrowser.app/Contents/Frameworks/libgl_init.dylib (0x12984ca50). This may cause spurious casting failures and mysterious crashes. One of the duplicates must be removed or renamed.
objc[42513]: Class CrashpadHTTPBodyStreamTransport is implemented in both /Applications/AhoiBrowser.app/Contents/Frameworks/libbrowser_ui_views.dylib (0x12033c188) and /Applications/AhoiBrowser.app/Contents/Frameworks/libchrome_dll.dylib (0x119436430). This may cause spurious casting failures and mysterious crashes. One of the duplicates must be removed or renamed.
objc[42541]: Class ANGLESwapCGLLayer is implemented in both /Applications/AhoiBrowser.app/Contents/Frameworks/libblink_modules.dylib (0x141f38a50) and /Applications/AhoiBrowser.app/Contents/Frameworks/libgl_init.dylib (0x127010a50). This may cause spurious casting failures and mysterious crashes. One of the duplicates must be removed or renamed.
objc[42541]: Class CrashpadHTTPBodyStreamTransport is implemented in both /Applications/AhoiBrowser.app/Contents/Frameworks/libbrowser_ui_views.dylib (0x11e60c188) and /Applications/AhoiBrowser.app/Contents/Frameworks/libchrome_dll.dylib (0x116bfa430). This may cause spurious casting failures and mysterious crashes. One of the duplicates must be removed or renamed.
objc[42569]: Class ANGLESwapCGLLayer is implemented in both /Applications/AhoiBrowser.app/Contents/Frameworks/libblink_modules.dylib (0x1402bca50) and /Applications/AhoiBrowser.app/Contents/Frameworks/libgl_init.dylib (0x125394a50). This may cause spurious casting failures and mysterious crashes. One of the duplicates must be removed or renamed.
objc[42569]: Class CrashpadHTTPBodyStreamTransport is implemented in both /Applications/AhoiBrowser.app/Contents/Frameworks/libbrowser_ui_views.dylib (0x10e438188) and /Applications/AhoiBrowser.app/Contents/Frameworks/libchrome_dll.dylib (0x114f7e430). This may cause spurious casting failures and mysterious crashes. One of the duplicates must be removed or renamed.
[39921:6786667:0928/182106.592410:VERBOSE1:ahoi/browser/navigation/keyboard_shortcut_registration.cc:51] Ahoi shortcut unregistered: ctrl+alt+9
[39921:6786667:0928/182106.592447:VERBOSE1:ahoi/browser/navigation/keyboard_shortcut_registration.cc:57] Ahoi shortcut registered: cmd+alt+75
objc[43122]: Class ANGLESwapCGLLayer is implemented in both /Applications/AhoiBrowser.app/Contents/Frameworks/libblink_modules.dylib (0x144474a50) and /Applications/AhoiBrowser.app/Contents/Frameworks/libgl_init.dylib (0x12954ca50). This may cause spurious casting failures and mysterious crashes. One of the duplicates must be removed or renamed.
objc[43122]: Class CrashpadHTTPBodyStreamTransport is implemented in both /Applications/AhoiBrowser.app/Contents/Frameworks/libbrowser_ui_views.dylib (0x1125f8188) and /Applications/AhoiBrowser.app/Contents/Frameworks/libchrome_dll.dylib (0x119136430). This may cause spurious casting failures and mysterious crashes. One of the duplicates must be removed or renamed.
objc[43137]: Class ANGLESwapCGLLayer is implemented in both /Applications/AhoiBrowser.app/Contents/Frameworks/libblink_modules.dylib (0x13f834a50) and /Applications/AhoiBrowser.app/Contents/Frameworks/libgl_init.dylib (0x12490ca50). This may cause spurious casting failures and mysterious crashes. One of the duplicates must be removed or renamed.
objc[43137]: Class CrashpadHTTPBodyStreamTransport is implemented in both /Applications/AhoiBrowser.app/Contents/Frameworks/libbrowser_ui_views.dylib (0x11ba48188) and /Applications/AhoiBrowser.app/Contents/Frameworks/libchrome_dll.dylib (0x1144f6430). This may cause spurious casting failures and mysterious crashes. One of the duplicates must be removed or renamed.
[39921:6786667:0928/182113.598984:VERBOSE1:chrome/browser/ui/views/frame/browser_view.cc:3736] Ahoi key trace: PreHandleKeyboardEvent tab modifiers=12 registered=0
[39921:6786667:0928/182113.629102:VERBOSE1:chrome/browser/ui/views/frame/browser_view.cc:3736] Ahoi key trace: PreHandleKeyboardEvent tab modifiers=12 registered=0
[39921:6786667:0928/182117.113658:VERBOSE1:ahoi/browser/session/session_bridge_session.cc:498] Ahoi last-used tab: index 0 tracked=1 same_model=1 workspace=83699047-edf8-580d-948d-9c37acc35cb6 active=83699047-edf8-580d-948d-9c37acc35cb6
[39921:6786667:0928/182117.113686:VERBOSE1:ahoi/browser/session/session_bridge_session.cc:498] Ahoi last-used tab: index 1 tracked=1 same_model=1 workspace=83699047-edf8-580d-948d-9c37acc35cb6 active=83699047-edf8-580d-948d-9c37acc35cb6
[39921:6786667:0928/182117.113694:VERBOSE1:ahoi/browser/session/session_bridge_session.cc:498] Ahoi last-used tab: index 2 tracked=1 same_model=1 workspace=83699047-edf8-580d-948d-9c37acc35cb6 active=83699047-edf8-580d-948d-9c37acc35cb6
[39921:6786667:0928/182117.113700:VERBOSE1:ahoi/browser/session/session_bridge_session.cc:498] Ahoi last-used tab: index 3 tracked=1 same_model=1 workspace=83699047-edf8-580d-948d-9c37acc35cb6 active=83699047-edf8-580d-948d-9c37acc35cb6
[39921:6786667:0928/182117.113706:VERBOSE1:ahoi/browser/session/session_bridge_session.cc:498] Ahoi last-used tab: index 4 tracked=1 same_model=1 workspace=78e85ce0-f0a2-42b6-95d3-a1d189178cf2 active=83699047-edf8-580d-948d-9c37acc35cb6
[39921:6786667:0928/182117.113711:VERBOSE1:ahoi/browser/session/session_bridge_session.cc:498] Ahoi last-used tab: index 5 tracked=1 same_model=1 workspace=83699047-edf8-580d-948d-9c37acc35cb6 active=83699047-edf8-580d-948d-9c37acc35cb6
[39921:6786667:0928/182117.113718:VERBOSE1:ahoi/browser/session/session_bridge_session.cc:518] Ahoi last-used tab: mru=6 eligible=5 target=1
[39921:6786667:0928/182117.113724:VERBOSE1:ahoi/browser/session/session_bridge_session.cc:525] Ahoi last-used tab: activate index 3 from 5 url=http://127.0.0.1:8792/gamma.html
[39921:6786667:0928/182117.122098:VERBOSE1:ahoi/browser/session/session_bridge_session.cc:465] Ahoi last-used record: index 3 url=http://127.0.0.1:8792/gamma.html
[39921:6786667:0928/182117.122638:VERBOSE1:ahoi/browser/session/session_bridge_session.cc:531] Ahoi last-used tab: active index now 3
[39921:6786667:0928/182117.122659:VERBOSE1:chrome/browser/ui/views/frame/browser_view.cc:6127] Ahoi shortcut tab.last-used handled
objc[44754]: Class ANGLESwapCGLLayer is implemented in both /Applications/AhoiBrowser.app/Contents/Frameworks/libblink_modules.dylib (0x144634a50) and /Applications/AhoiBrowser.app/Contents/Frameworks/libgl_init.dylib (0x12970ca50). This may cause spurious casting failures and mysterious crashes. One of the duplicates must be removed or renamed.
objc[44754]: Class CrashpadHTTPBodyStreamTransport is implemented in both /Applications/AhoiBrowser.app/Contents/Frameworks/libbrowser_ui_views.dylib (0x1207a0188) and /Applications/AhoiBrowser.app/Contents/Frameworks/libchrome_dll.dylib (0x1192f6430). This may cause spurious casting failures and mysterious crashes. One of the duplicates must be removed or renamed.
[39921:6786667:0928/182120.724788:ERROR:base/process/kill_posix.cc:33] waitpid(40043): No child processes (10)
objc[45547]: Class ANGLESwapCGLLayer is implemented in both /Applications/AhoiBrowser.app/Contents/Frameworks/libblink_modules.dylib (0x142664a50) and /Applications/AhoiBrowser.app/Contents/Frameworks/libgl_init.dylib (0x12773ca50). This may cause spurious casting failures and mysterious crashes. One of the duplicates must be removed or renamed.
objc[45547]: Class CrashpadHTTPBodyStreamTransport is implemented in both /Applications/AhoiBrowser.app/Contents/Frameworks/libbrowser_ui_views.dylib (0x110848188) and /Applications/AhoiBrowser.app/Contents/Frameworks/libchrome_dll.dylib (0x117326430). This may cause spurious casting failures and mysterious crashes. One of the duplicates must be removed or renamed.
[45547:6805228:0928/182123.582068:ERROR:chrome/browser/mac/code_sign_clone_manager.mm:98] error removing quarantine attribute "/var/folders/zn/wn74lz2s2bsfp734gbqytmpr0000gn/X/"
[45547:6805228:0928/182123.600715:ERROR:chrome/browser/mac/code_sign_clone_manager.mm:98] error removing quarantine attribute "/var/folders/zn/wn74lz2s2bsfp734gbqytmpr0000gn/X/"
[45547:6803839:0928/182123.663524:WARNING:chrome/browser/signin/account_consistency_mode_manager.cc:74] Desktop Identity Consistency cannot be enabled as no OAuth client ID and client secret have been configured.

DevTools listening on ws://127.0.0.1:9345/devtools/browser/783074ec-4f87-40de-8858-7fe62f8cf69a
[45547:6803839:0928/182123.879108:VERBOSE1:ahoi/browser/navigation/keyboard_shortcut_registration.cc:57] Ahoi shortcut registered: cmd+alt+75
[45547:6803839:0928/182123.879126:VERBOSE1:ahoi/browser/navigation/keyboard_shortcut_registration.cc:57] Ahoi shortcut registered: cmd+alt+37
[45547:6803839:0928/182123.879131:VERBOSE1:ahoi/browser/navigation/keyboard_shortcut_registration.cc:57] Ahoi shortcut registered: cmd+alt+39
[45547:6803839:0928/182123.879136:VERBOSE1:ahoi/browser/navigation/keyboard_shortcut_registration.cc:57] Ahoi shortcut registered: ctrl+49
[45547:6803839:0928/182123.879141:VERBOSE1:ahoi/browser/navigation/keyboard_shortcut_registration.cc:57] Ahoi shortcut registered: ctrl+50
[45547:6803839:0928/182123.879146:VERBOSE1:ahoi/browser/navigation/keyboard_shortcut_registration.cc:57] Ahoi shortcut registered: ctrl+51
[45547:6803839:0928/182123.879151:VERBOSE1:ahoi/browser/navigation/keyboard_shortcut_registration.cc:57] Ahoi shortcut registered: ctrl+52
[45547:6803839:0928/182123.879158:VERBOSE1:ahoi/browser/navigation/keyboard_shortcut_registration.cc:57] Ahoi shortcut registered: ctrl+53
[45547:6803839:0928/182123.879163:VERBOSE1:ahoi/browser/navigation/keyboard_shortcut_registration.cc:57] Ahoi shortcut registered: ctrl+54
[45547:6803839:0928/182123.879167:VERBOSE1:ahoi/browser/navigation/keyboard_shortcut_registration.cc:57] Ahoi shortcut registered: ctrl+55
[45547:6803839:0928/182123.879171:VERBOSE1:ahoi/browser/navigation/keyboard_shortcut_registration.cc:57] Ahoi shortcut registered: ctrl+56
[45547:6803839:0928/182123.879175:VERBOSE1:ahoi/browser/navigation/keyboard_shortcut_registration.cc:57] Ahoi shortcut registered: ctrl+57
[45547:6803839:0928/182123.879179:VERBOSE1:ahoi/browser/navigation/keyboard_shortcut_registration.cc:57] Ahoi shortcut registered: cmd+shift+83
[45547:6803839:0928/182123.879185:VERBOSE1:ahoi/browser/navigation/keyboard_shortcut_registration.cc:57] Ahoi shortcut registered: cmd+shift+72
[45547:6803839:0928/182123.879189:VERBOSE1:ahoi/browser/navigation/keyboard_shortcut_registration.cc:57] Ahoi shortcut registered: cmd+shift+70
[45547:6803839:0928/182123.879193:VERBOSE1:ahoi/browser/navigation/keyboard_shortcut_registration.cc:57] Ahoi shortcut registered: cmd+ctrl+49
[45547:6803839:0928/182123.879197:VERBOSE1:ahoi/browser/navigation/keyboard_shortcut_registration.cc:57] Ahoi shortcut registered: cmd+ctrl+50
[45547:6803839:0928/182123.879215:VERBOSE1:ahoi/browser/navigation/keyboard_shortcut_registration.cc:57] Ahoi shortcut registered: cmd+ctrl+51
[45547:6803839:0928/182123.879220:VERBOSE1:ahoi/browser/navigation/keyboard_shortcut_registration.cc:57] Ahoi shortcut registered: cmd+ctrl+52
[45547:6803839:0928/182123.879227:VERBOSE1:ahoi/browser/navigation/keyboard_shortcut_registration.cc:57] Ahoi shortcut registered: cmd+ctrl+shift+37
[45547:6803839:0928/182123.879232:VERBOSE1:ahoi/browser/navigation/keyboard_shortcut_registration.cc:57] Ahoi shortcut registered: cmd+ctrl+shift+39
[45547:6803839:0928/182123.879236:VERBOSE1:ahoi/browser/navigation/keyboard_shortcut_registration.cc:57] Ahoi shortcut registered: cmd+ctrl+37
[45547:6803839:0928/182123.879241:VERBOSE1:ahoi/browser/navigation/keyboard_shortcut_registration.cc:57] Ahoi shortcut registered: cmd+ctrl+39
[45547:6803839:0928/182123.879244:VERBOSE1:ahoi/browser/navigation/keyboard_shortcut_registration.cc:57] Ahoi shortcut registered: cmd+ctrl+76
[45547:6803839:0928/182123.879248:VERBOSE1:ahoi/browser/navigation/keyboard_shortcut_registration.cc:57] Ahoi shortcut registered: cmd+ctrl+48
[45547:6803839:0928/182123.879252:VERBOSE1:ahoi/browser/navigation/keyboard_shortcut_registration.cc:57] Ahoi shortcut registered: cmd+ctrl+87
[45547:6803839:0928/182124.020856:ERROR:ahoi/browser/updater/sparkle_runtime_mac.mm:148] Ahoi updater disabled (fail closed): missing-feed-url
objc[45986]: Class ANGLESwapCGLLayer is implemented in both /Applications/AhoiBrowser.app/Contents/Frameworks/libblink_modules.dylib (0x143b78a50) and /Applications/AhoiBrowser.app/Contents/Frameworks/libgl_init.dylib (0x128c50a50). This may cause spurious casting failures and mysterious crashes. One of the duplicates must be removed or renamed.
objc[45986]: Class CrashpadHTTPBodyStreamTransport is implemented in both /Applications/AhoiBrowser.app/Contents/Frameworks/libbrowser_ui_views.dylib (0x12024c188) and /Applications/AhoiBrowser.app/Contents/Frameworks/libchrome_dll.dylib (0x11883a430). This may cause spurious casting failures and mysterious crashes. One of the duplicates must be removed or renamed.
objc[45992]: Class ANGLESwapCGLLayer is implemented in both /Applications/AhoiBrowser.app/Contents/Frameworks/libblink_modules.dylib (0x1419b4a50) and /Applications/AhoiBrowser.app/Contents/Frameworks/libgl_init.dylib (0x126a8ca50). This may cause spurious casting failures and mysterious crashes. One of the duplicates must be removed or renamed.
objc[45992]: Class CrashpadHTTPBodyStreamTransport is implemented in both /Applications/AhoiBrowser.app/Contents/Frameworks/libbrowser_ui_views.dylib (0x11db20188) and /Applications/AhoiBrowser.app/Contents/Frameworks/libchrome_dll.dylib (0x116676430). This may cause spurious casting failures and mysterious crashes. One of the duplicates must be removed or renamed.
objc[46011]: Class ANGLESwapCGLLayer is implemented in both /Applications/AhoiBrowser.app/Contents/Frameworks/libblink_modules.dylib (0x143fa8a50) and /Applications/AhoiBrowser.app/Contents/Frameworks/libgl_init.dylib (0x129080a50). This may cause spurious casting failures and mysterious crashes. One of the duplicates must be removed or renamed.
objc[46011]: Class CrashpadHTTPBodyStreamTransport is implemented in both /Applications/AhoiBrowser.app/Contents/Frameworks/libbrowser_ui_views.dylib (0x112208188) and /Applications/AhoiBrowser.app/Contents/Frameworks/libchrome_dll.dylib (0x118c6a430). This may cause spurious casting failures and mysterious crashes. One of the duplicates must be removed or renamed.
objc[46010]: Class ANGLESwapCGLLayer is implemented in both /Applications/AhoiBrowser.app/Contents/Frameworks/libblink_modules.dylib (0x1402aca50) and /Applications/AhoiBrowser.app/Contents/Frameworks/libgl_init.dylib (0x125384a50). This may cause spurious casting failures and mysterious crashes. One of the duplicates must be removed or renamed.
objc[46010]: Class CrashpadHTTPBodyStreamTransport is implemented in both /Applications/AhoiBrowser.app/Contents/Frameworks/libbrowser_ui_views.dylib (0x11c980188) and /Applications/AhoiBrowser.app/Contents/Frameworks/libchrome_dll.dylib (0x114f6e430). This may cause spurious casting failures and mysterious crashes. One of the duplicates must be removed or renamed.
objc[46060]: Class ANGLESwapCGLLayer is implemented in both /Applications/AhoiBrowser.app/Contents/Frameworks/libblink_modules.dylib (0x13faaca50) and /Applications/AhoiBrowser.app/Contents/Frameworks/libgl_init.dylib (0x124b84a50). This may cause spurious casting failures and mysterious crashes. One of the duplicates must be removed or renamed.
objc[46060]: Class CrashpadHTTPBodyStreamTransport is implemented in both /Applications/AhoiBrowser.app/Contents/Frameworks/libbrowser_ui_views.dylib (0x11bd1c188) and /Applications/AhoiBrowser.app/Contents/Frameworks/libchrome_dll.dylib (0x11476e430). This may cause spurious casting failures and mysterious crashes. One of the duplicates must be removed or renamed.
objc[46059]: Class ANGLESwapCGLLayer is implemented in both /Applications/AhoiBrowser.app/Contents/Frameworks/libblink_modules.dylib (0x141db8a50) and /Applications/AhoiBrowser.app/Contents/Frameworks/libgl_init.dylib (0x126e90a50). This may cause spurious casting failures and mysterious crashes. One of the duplicates must be removed or renamed.
objc[46059]: Class CrashpadHTTPBodyStreamTransport is implemented in both /Applications/AhoiBrowser.app/Contents/Frameworks/libbrowser_ui_views.dylib (0x10ffac188) and /Applications/AhoiBrowser.app/Contents/Frameworks/libchrome_dll.dylib (0x116a7a430). This may cause spurious casting failures and mysterious crashes. One of the duplicates must be removed or renamed.
objc[46051]: Class ANGLESwapCGLLayer is implemented in both /Applications/AhoiBrowser.app/Contents/Frameworks/libblink_modules.dylib (0x142520a50) and /Applications/AhoiBrowser.app/Contents/Frameworks/libgl_init.dylib (0x1275f8a50). This may cause spurious casting failures and mysterious crashes. One of the duplicates must be removed or renamed.
objc[46051]: Class CrashpadHTTPBodyStreamTransport is implemented in both /Applications/AhoiBrowser.app/Contents/Frameworks/libbrowser_ui_views.dylib (0x110714188) and /Applications/AhoiBrowser.app/Contents/Frameworks/libchrome_dll.dylib (0x1171e2430). This may cause spurious casting failures and mysterious crashes. One of the duplicates must be removed or renamed.
[45547:6803839:0928/182128.764813:VERBOSE1:ahoi/browser/session/session_bridge_session.cc:549] Ahoi persist window metadata: workspace=83699047-edf8-580d-948d-9c37acc35cb6 service=1 window_id_valid=1
[45547:6803839:0928/182128.767004:VERBOSE1:ahoi/browser/session/session_bridge_session.cc:465] Ahoi last-used record: index 0 url=about:blank
[45547:6803839:0928/182128.767585:VERBOSE1:ahoi/browser/session/session_bridge_session.cc:465] Ahoi last-used record: index 0 url=about:blank
[45547:6803839:0928/182128.767745:VERBOSE1:ahoi/browser/session/session_bridge_session.cc:549] Ahoi persist window metadata: workspace=83699047-edf8-580d-948d-9c37acc35cb6 service=1 window_id_valid=1
[45547:6803839:0928/182134.769272:VERBOSE1:ahoi/browser/session/session_bridge_session.cc:465] Ahoi last-used record: index 1 url=chrome://settings/ahoi
[45547:6803839:0928/182134.785711:VERBOSE1:ahoi/browser/session/session_bridge_session.cc:465] Ahoi last-used record: index 1 url=chrome://settings/ahoi
[45547:6803839:0928/182134.786713:VERBOSE1:ahoi/browser/session/session_bridge_session.cc:465] Ahoi last-used record: index 1 url=chrome://settings/ahoi
[45547:6803839:0928/182134.797339:VERBOSE1:ahoi/browser/session/session_bridge_session.cc:465] Ahoi last-used record: index 1 url=chrome://settings/ahoi
[45547:6803839:0928/182134.808870:VERBOSE1:ahoi/browser/session/session_bridge_session.cc:465] Ahoi last-used record: index 1 url=chrome://settings/ahoi
[45547:6803839:0928/182134.965382:VERBOSE1:ahoi/browser/session/session_bridge_session.cc:465] Ahoi last-used record: index 1 url=chrome://settings/ahoi
objc[46764]: Class ANGLESwapCGLLayer is implemented in both /Applications/AhoiBrowser.app/Contents/Frameworks/libblink_modules.dylib (0x143858a50) and /Applications/AhoiBrowser.app/Contents/Frameworks/libgl_init.dylib (0x128930a50). This may cause spurious casting failures and mysterious crashes. One of the duplicates must be removed or renamed.
objc[46764]: Class CrashpadHTTPBodyStreamTransport is implemented in both /Applications/AhoiBrowser.app/Contents/Frameworks/libbrowser_ui_views.dylib (0x11fa6c188) and /Applications/AhoiBrowser.app/Contents/Frameworks/libchrome_dll.dylib (0x11851a430). This may cause spurious casting failures and mysterious crashes. One of the duplicates must be removed or renamed.
objc[46772]: Class ANGLESwapCGLLayer is implemented in both /Applications/AhoiBrowser.app/Contents/Frameworks/libblink_modules.dylib (0x142530a50) and /Applications/AhoiBrowser.app/Contents/Frameworks/libgl_init.dylib (0x127608a50). This may cause spurious casting failures and mysterious crashes. One of the duplicates must be removed or renamed.
objc[46772]: Class CrashpadHTTPBodyStreamTransport is implemented in both /Applications/AhoiBrowser.app/Contents/Frameworks/libbrowser_ui_views.dylib (0x110638188) and /Applications/AhoiBrowser.app/Contents/Frameworks/libchrome_dll.dylib (0x1171f2430). This may cause spurious casting failures and mysterious crashes. One of the duplicates must be removed or renamed.
[45547:6803839:0928/182140.216191:VERBOSE1:ahoi/browser/navigation/keyboard_shortcut_registration.cc:51] Ahoi shortcut unregistered: cmd+alt+75
[45547:6803839:0928/182140.216386:VERBOSE1:ahoi/browser/navigation/keyboard_shortcut_registration.cc:57] Ahoi shortcut registered: ctrl+alt+9
[45547:6803839:0928/182143.329048:ERROR:base/process/kill_posix.cc:33] waitpid(45992): No child processes (10)
