objc[45386]: Class ANGLESwapCGLLayer is implemented in both /Applications/AhoiBrowser.app/Contents/Frameworks/libblink_modules.dylib (0x1422bca50) and /Applications/AhoiBrowser.app/Contents/Frameworks/libgl_init.dylib (0x127394a50). This may cause spurious casting failures and mysterious crashes. One of the duplicates must be removed or renamed.
objc[45386]: Class CrashpadHTTPBodyStreamTransport is implemented in both /Applications/AhoiBrowser.app/Contents/Frameworks/libbrowser_ui_views.dylib (0x1103e4188) and /Applications/AhoiBrowser.app/Contents/Frameworks/libchrome_dll.dylib (0x116f86430). This may cause spurious casting failures and mysterious crashes. One of the duplicates must be removed or renamed.
[45386:31210438:0926/030715.368784:ERROR:chrome/browser/mac/code_sign_clone_manager.mm:98] error removing quarantine attribute "/var/folders/zn/wn74lz2s2bsfp734gbqytmpr0000gn/X/"
[45386:31210438:0926/030715.384763:ERROR:chrome/browser/mac/code_sign_clone_manager.mm:98] error removing quarantine attribute "/var/folders/zn/wn74lz2s2bsfp734gbqytmpr0000gn/X/"
[45386:31210141:0926/030715.420228:WARNING:chrome/browser/signin/account_consistency_mode_manager.cc:74] Desktop Identity Consistency cannot be enabled as no OAuth client ID and client secret have been configured.

DevTools listening on ws://127.0.0.1:9381/devtools/browser/351049e3-085b-493f-82c0-c03f8caafcfa
[45386:31210141:0926/030715.816820:ERROR:ahoi/browser/updater/sparkle_runtime_mac.mm:148] Ahoi updater disabled (fail closed): missing-feed-url
objc[45443]: Class ANGLESwapCGLLayer is implemented in both /Applications/AhoiBrowser.app/Contents/Frameworks/libblink_modules.dylib (0x13fb30a50) and /Applications/AhoiBrowser.app/Contents/Frameworks/libgl_init.dylib (0x124c08a50). This may cause spurious casting failures and mysterious crashes. One of the duplicates must be removed or renamed.
objc[45443]: Class CrashpadHTTPBodyStreamTransport is implemented in both /Applications/AhoiBrowser.app/Contents/Frameworks/libbrowser_ui_views.dylib (0x10dd34188) and /Applications/AhoiBrowser.app/Contents/Frameworks/libchrome_dll.dylib (0x1147fa430). This may cause spurious casting failures and mysterious crashes. One of the duplicates must be removed or renamed.
objc[45442]: Class ANGLESwapCGLLayer is implemented in both /Applications/AhoiBrowser.app/Contents/Frameworks/libblink_modules.dylib (0x14173ca50) and /Applications/AhoiBrowser.app/Contents/Frameworks/libgl_init.dylib (0x126814a50). This may cause spurious casting failures and mysterious crashes. One of the duplicates must be removed or renamed.
objc[45442]: Class CrashpadHTTPBodyStreamTransport is implemented in both /Applications/AhoiBrowser.app/Contents/Frameworks/libbrowser_ui_views.dylib (0x11d3d8188) and /Applications/AhoiBrowser.app/Contents/Frameworks/libchrome_dll.dylib (0x116406430). This may cause spurious casting failures and mysterious crashes. One of the duplicates must be removed or renamed.
objc[45444]: Class ANGLESwapCGLLayer is implemented in both /Applications/AhoiBrowser.app/Contents/Frameworks/libblink_modules.dylib (0x142138a50) and /Applications/AhoiBrowser.app/Contents/Frameworks/libgl_init.dylib (0x127210a50). This may cause spurious casting failures and mysterious crashes. One of the duplicates must be removed or renamed.
objc[45444]: Class CrashpadHTTPBodyStreamTransport is implemented in both /Applications/AhoiBrowser.app/Contents/Frameworks/libbrowser_ui_views.dylib (0x11e80c188) and /Applications/AhoiBrowser.app/Contents/Frameworks/libchrome_dll.dylib (0x116e02430). This may cause spurious casting failures and mysterious crashes. One of the duplicates must be removed or renamed.
objc[45445]: Class ANGLESwapCGLLayer is implemented in both /Applications/AhoiBrowser.app/Contents/Frameworks/libblink_modules.dylib (0x142200a50) and /Applications/AhoiBrowser.app/Contents/Frameworks/libgl_init.dylib (0x1272d8a50). This may cause spurious casting failures and mysterious crashes. One of the duplicates must be removed or renamed.
objc[45445]: Class CrashpadHTTPBodyStreamTransport is implemented in both /Applications/AhoiBrowser.app/Contents/Frameworks/libbrowser_ui_views.dylib (0x11df44188) and /Applications/AhoiBrowser.app/Contents/Frameworks/libchrome_dll.dylib (0x116eca430). This may cause spurious casting failures and mysterious crashes. One of the duplicates must be removed or renamed.
objc[45446]: Class ANGLESwapCGLLayer is implemented in both /Applications/AhoiBrowser.app/Contents/Frameworks/libblink_modules.dylib (0x144888a50) and /Applications/AhoiBrowser.app/Contents/Frameworks/libgl_init.dylib (0x129960a50). This may cause spurious casting failures and mysterious crashes. One of the duplicates must be removed or renamed.
objc[45446]: Class CrashpadHTTPBodyStreamTransport is implemented in both /Applications/AhoiBrowser.app/Contents/Frameworks/libbrowser_ui_views.dylib (0x112b24188) and /Applications/AhoiBrowser.app/Contents/Frameworks/libchrome_dll.dylib (0x119552430). This may cause spurious casting failures and mysterious crashes. One of the duplicates must be removed or renamed.
objc[45449]: Class ANGLESwapCGLLayer is implemented in both /Applications/AhoiBrowser.app/Contents/Frameworks/libblink_modules.dylib (0x143bd4a50) and /Applications/AhoiBrowser.app/Contents/Frameworks/libgl_init.dylib (0x128caca50). This may cause spurious casting failures and mysterious crashes. One of the duplicates must be removed or renamed.
objc[45449]: Class CrashpadHTTPBodyStreamTransport is implemented in both /Applications/AhoiBrowser.app/Contents/Frameworks/libbrowser_ui_views.dylib (0x111d1c188) and /Applications/AhoiBrowser.app/Contents/Frameworks/libchrome_dll.dylib (0x11889e430). This may cause spurious casting failures and mysterious crashes. One of the duplicates must be removed or renamed.
objc[45448]: Class ANGLESwapCGLLayer is implemented in both /Applications/AhoiBrowser.app/Contents/Frameworks/libblink_modules.dylib (0x143fc8a50) and /Applications/AhoiBrowser.app/Contents/Frameworks/libgl_init.dylib (0x1290a0a50). This may cause spurious casting failures and mysterious crashes. One of the duplicates must be removed or renamed.
objc[45448]: Class CrashpadHTTPBodyStreamTransport is implemented in both /Applications/AhoiBrowser.app/Contents/Frameworks/libbrowser_ui_views.dylib (0x11fd68188) and /Applications/AhoiBrowser.app/Contents/Frameworks/libchrome_dll.dylib (0x118c92430). This may cause spurious casting failures and mysterious crashes. One of the duplicates must be removed or renamed.
[45443:31210780:0926/030717.732551:WARNING:net/disk_cache/simple/simple_synchronous_entry.cc:1507] Could not open platform files for entry.
objc[45491]: Class ANGLESwapCGLLayer is implemented in both /Applications/AhoiBrowser.app/Contents/Frameworks/libblink_modules.dylib (0x1442cca50) and /Applications/AhoiBrowser.app/Contents/Frameworks/libgl_init.dylib (0x1293a4a50). This may cause spurious casting failures and mysterious crashes. One of the duplicates must be removed or renamed.
objc[45491]: Class CrashpadHTTPBodyStreamTransport is implemented in both /Applications/AhoiBrowser.app/Contents/Frameworks/libbrowser_ui_views.dylib (0x11ff68188) and /Applications/AhoiBrowser.app/Contents/Frameworks/libchrome_dll.dylib (0x118f96430). This may cause spurious casting failures and mysterious crashes. One of the duplicates must be removed or renamed.
[45386:31210141:0926/030720.576251:VERBOSE1:ahoi/browser/session/session_bridge_observers.cc:69] Ahoi track window: first Workspace until restore metadata
[45386:31210141:0926/030720.576777:VERBOSE1:ahoi/browser/session/session_bridge_session.cc:549] Ahoi persist window metadata: workspace=83699047-edf8-580d-948d-9c37acc35cb6 service=1 window_id_valid=1
[45386:31210141:0926/030720.577735:VERBOSE1:ahoi/browser/session/session_bridge_session.cc:465] Ahoi last-used record: index 0 url=chrome://newtab/
[45386:31210141:0926/030720.578679:VERBOSE1:ahoi/browser/session/session_bridge_session.cc:465] Ahoi last-used record: index 0 url=chrome://newtab/
[45386:31210141:0926/030720.578772:VERBOSE1:ahoi/browser/session/session_bridge_session.cc:549] Ahoi persist window metadata: workspace=83699047-edf8-580d-948d-9c37acc35cb6 service=1 window_id_valid=1
[45386:31210141:0926/030726.434797:ERROR:chrome/browser/ui/webui/ntp/new_tab_ui.cc:54] Requested load of chrome://newtab/ for incorrect profile type.
[45386:31210141:0926/030726.435859:ERROR:chrome/browser/ui/webui/ntp/new_tab_ui.cc:54] Requested load of chrome://newtab/ for incorrect profile type.
[45386:31210141:0926/030726.441943:VERBOSE1:ahoi/browser/session/session_bridge_session.cc:465] Ahoi last-used record: index 1 url=http://127.0.0.1:8803/alpha.html
[45386:31210141:0926/030726.450119:VERBOSE1:ahoi/browser/session/session_bridge_session.cc:465] Ahoi last-used record: index 1 url=http://127.0.0.1:8803/alpha.html
[45386:31210141:0926/030726.450801:VERBOSE1:ahoi/browser/session/session_bridge_session.cc:465] Ahoi last-used record: index 1 url=http://127.0.0.1:8803/alpha.html
[45386:31210141:0926/030726.454260:VERBOSE1:ahoi/browser/session/session_bridge_session.cc:465] Ahoi last-used record: index 1 url=http://127.0.0.1:8803/alpha.html
[45386:31210141:0926/030726.464010:VERBOSE1:ahoi/browser/session/session_bridge_session.cc:465] Ahoi last-used record: index 1 url=http://127.0.0.1:8803/alpha.html
objc[45555]: Class ANGLESwapCGLLayer is implemented in both /Applications/AhoiBrowser.app/Contents/Frameworks/libblink_modules.dylib (0x140004a50) and /Applications/AhoiBrowser.app/Contents/Frameworks/libgl_init.dylib (0x1250dca50). This may cause spurious casting failures and mysterious crashes. One of the duplicates must be removed or renamed.
objc[45555]: Class CrashpadHTTPBodyStreamTransport is implemented in both /Applications/AhoiBrowser.app/Contents/Frameworks/libbrowser_ui_views.dylib (0x11c09c188) and /Applications/AhoiBrowser.app/Contents/Frameworks/libchrome_dll.dylib (0x114cce430). This may cause spurious casting failures and mysterious crashes. One of the duplicates must be removed or renamed.
[45386:31210141:0926/030734.125217:VERBOSE1:ahoi/browser/session/session_bridge_session.cc:549] Ahoi persist window metadata: workspace=a8164f5d-3ae1-49da-813c-5bcb4ebdd7d4 service=1 window_id_valid=1
[45442:31210817:0926/030737.603949:ERROR:components/viz/service/surfaces/surface_manager.cc:479] Old/orphaned temporary reference to SurfaceId(FrameSinkId[DelegatedFrameHost](6, 3), LocalSurfaceId(2, 2, 80C7...))
[45386:31210141:0926/030739.387785:VERBOSE1:ahoi/browser/session/session_bridge_session.cc:465] Ahoi last-used record: index 2 url=http://127.0.0.1:8803/beta.html
[45386:31210141:0926/030739.393434:VERBOSE1:ahoi/browser/session/session_bridge_session.cc:465] Ahoi last-used record: index 2 url=http://127.0.0.1:8803/beta.html
[45386:31210141:0926/030739.394218:VERBOSE1:ahoi/browser/session/session_bridge_session.cc:465] Ahoi last-used record: index 2 url=http://127.0.0.1:8803/beta.html
[45386:31210141:0926/030739.397942:VERBOSE1:ahoi/browser/session/session_bridge_session.cc:465] Ahoi last-used record: index 2 url=http://127.0.0.1:8803/beta.html
[45386:31210141:0926/030739.407912:VERBOSE1:ahoi/browser/session/session_bridge_session.cc:465] Ahoi last-used record: index 2 url=http://127.0.0.1:8803/beta.html
objc[46010]: Class ANGLESwapCGLLayer is implemented in both /Applications/AhoiBrowser.app/Contents/Frameworks/libblink_modules.dylib (0x140838a50) and /Applications/AhoiBrowser.app/Contents/Frameworks/libgl_init.dylib (0x125910a50). This may cause spurious casting failures and mysterious crashes. One of the duplicates must be removed or renamed.
objc[46010]: Class CrashpadHTTPBodyStreamTransport is implemented in both /Applications/AhoiBrowser.app/Contents/Frameworks/libbrowser_ui_views.dylib (0x10e9e4188) and /Applications/AhoiBrowser.app/Contents/Frameworks/libchrome_dll.dylib (0x115502430). This may cause spurious casting failures and mysterious crashes. One of the duplicates must be removed or renamed.
[45386:31210141:0926/030746.300666:VERBOSE1:ahoi/browser/session/session_bridge_session.cc:465] Ahoi last-used record: index 3 url=http://127.0.0.1:8803/gamma.html
[45386:31210141:0926/030746.308883:VERBOSE1:ahoi/browser/session/session_bridge_session.cc:465] Ahoi last-used record: index 3 url=http://127.0.0.1:8803/gamma.html
[45386:31210141:0926/030746.309625:VERBOSE1:ahoi/browser/session/session_bridge_session.cc:465] Ahoi last-used record: index 3 url=http://127.0.0.1:8803/gamma.html
[45386:31210141:0926/030746.313106:VERBOSE1:ahoi/browser/session/session_bridge_session.cc:465] Ahoi last-used record: index 3 url=http://127.0.0.1:8803/gamma.html
[45386:31210141:0926/030746.323903:VERBOSE1:ahoi/browser/session/session_bridge_session.cc:465] Ahoi last-used record: index 3 url=http://127.0.0.1:8803/gamma.html
objc[46150]: Class ANGLESwapCGLLayer is implemented in both /Applications/AhoiBrowser.app/Contents/Frameworks/libblink_modules.dylib (0x1400a8a50) and /Applications/AhoiBrowser.app/Contents/Frameworks/libgl_init.dylib (0x125180a50). This may cause spurious casting failures and mysterious crashes. One of the duplicates must be removed or renamed.
objc[46150]: Class CrashpadHTTPBodyStreamTransport is implemented in both /Applications/AhoiBrowser.app/Contents/Frameworks/libbrowser_ui_views.dylib (0x11bd44188) and /Applications/AhoiBrowser.app/Contents/Frameworks/libchrome_dll.dylib (0x114d72430). This may cause spurious casting failures and mysterious crashes. One of the duplicates must be removed or renamed.
[45386:31210141:0926/030751.856469:VERBOSE1:ahoi/browser/session/session_restore_integration.cc:85] Ahoi rebuild window extra data: provider=1 workspace=a8164f5d-3ae1-49da-813c-5bcb4ebdd7d4
[45386:31210141:0926/030751.972970:ERROR:base/process/kill_posix.cc:33] waitpid(45443): No child processes (10)
objc[46233]: Class ANGLESwapCGLLayer is implemented in both /Applications/AhoiBrowser.app/Contents/Frameworks/libblink_modules.dylib (0x13fc70a50) and /Applications/AhoiBrowser.app/Contents/Frameworks/libgl_init.dylib (0x124d48a50). This may cause spurious casting failures and mysterious crashes. One of the duplicates must be removed or renamed.
objc[46233]: Class CrashpadHTTPBodyStreamTransport is implemented in both /Applications/AhoiBrowser.app/Contents/Frameworks/libbrowser_ui_views.dylib (0x10dd88188) and /Applications/AhoiBrowser.app/Contents/Frameworks/libchrome_dll.dylib (0x11493a430). This may cause spurious casting failures and mysterious crashes. One of the duplicates must be removed or renamed.
[46233:31214054:0926/030756.880838:ERROR:chrome/browser/mac/code_sign_clone_manager.mm:98] error removing quarantine attribute "/var/folders/zn/wn74lz2s2bsfp734gbqytmpr0000gn/X/"
[46233:31214054:0926/030756.909158:ERROR:chrome/browser/mac/code_sign_clone_manager.mm:98] error removing quarantine attribute "/var/folders/zn/wn74lz2s2bsfp734gbqytmpr0000gn/X/"
[46233:31213925:0926/030756.919931:WARNING:chrome/browser/signin/account_consistency_mode_manager.cc:74] Desktop Identity Consistency cannot be enabled as no OAuth client ID and client secret have been configured.
[46233:31213925:0926/030757.193677:VERBOSE1:ahoi/browser/session/session_restore_integration.cc:141] Ahoi restore window extra data: provider=1 workspace=a8164f5d-3ae1-49da-813c-5bcb4ebdd7d4
[46233:31213925:0926/030757.193727:VERBOSE1:ahoi/browser/session/session_bridge_session.cc:196] Ahoi restore window metadata: workspace=a8164f5d-3ae1-49da-813c-5bcb4ebdd7d4 valid=1 trackable=1 tree_ready=0
[46233:31213925:0926/030757.232584:ERROR:chrome/browser/ui/webui/ntp/new_tab_ui.cc:54] Requested load of chrome://newtab/ for incorrect profile type.
[46233:31213925:0926/030757.232793:ERROR:chrome/browser/ui/webui/ntp/new_tab_ui.cc:54] Requested load of chrome://newtab/ for incorrect profile type.
[46233:31213925:0926/030757.292688:ERROR:ahoi/browser/updater/sparkle_runtime_mac.mm:148] Ahoi updater disabled (fail closed): missing-feed-url
objc[46255]: Class ANGLESwapCGLLayer is implemented in both /Applications/AhoiBrowser.app/Contents/Frameworks/libblink_modules.dylib (0x14259ca50) and /Applications/AhoiBrowser.app/Contents/Frameworks/libgl_init.dylib (0x127674a50). This may cause spurious casting failures and mysterious crashes. One of the duplicates must be removed or renamed.
objc[46255]: Class CrashpadHTTPBodyStreamTransport is implemented in both /Applications/AhoiBrowser.app/Contents/Frameworks/libbrowser_ui_views.dylib (0x110740188) and /Applications/AhoiBrowser.app/Contents/Frameworks/libchrome_dll.dylib (0x117266430). This may cause spurious casting failures and mysterious crashes. One of the duplicates must be removed or renamed.
objc[46258]: Class ANGLESwapCGLLayer is implemented in both /Applications/AhoiBrowser.app/Contents/Frameworks/libblink_modules.dylib (0x13fc44a50) and /Applications/AhoiBrowser.app/Contents/Frameworks/libgl_init.dylib (0x124d1ca50). This may cause spurious casting failures and mysterious crashes. One of the duplicates must be removed or renamed.
objc[46258]: Class CrashpadHTTPBodyStreamTransport is implemented in both /Applications/AhoiBrowser.app/Contents/Frameworks/libbrowser_ui_views.dylib (0x11bcdc188) and /Applications/AhoiBrowser.app/Contents/Frameworks/libchrome_dll.dylib (0x11490e430). This may cause spurious casting failures and mysterious crashes. One of the duplicates must be removed or renamed.
objc[46256]: Class ANGLESwapCGLLayer is implemented in both /Applications/AhoiBrowser.app/Contents/Frameworks/libblink_modules.dylib (0x143b30a50) and /Applications/AhoiBrowser.app/Contents/Frameworks/libgl_init.dylib (0x128c08a50). This may cause spurious casting failures and mysterious crashes. One of the duplicates must be removed or renamed.
objc[46256]: Class CrashpadHTTPBodyStreamTransport is implemented in both /Applications/AhoiBrowser.app/Contents/Frameworks/libbrowser_ui_views.dylib (0x120204188) and /Applications/AhoiBrowser.app/Contents/Frameworks/libchrome_dll.dylib (0x1187fa430). This may cause spurious casting failures and mysterious crashes. One of the duplicates must be removed or renamed.
objc[46259]: Class ANGLESwapCGLLayer is implemented in both /Applications/AhoiBrowser.app/Contents/Frameworks/libblink_modules.dylib (0x1419a8a50) and /Applications/AhoiBrowser.app/Contents/Frameworks/libgl_init.dylib (0x126a80a50). This may cause spurious casting failures and mysterious crashes. One of the duplicates must be removed or renamed.
objc[46259]: Class CrashpadHTTPBodyStreamTransport is implemented in both /Applications/AhoiBrowser.app/Contents/Frameworks/libbrowser_ui_views.dylib (0x10fbe4188) and /Applications/AhoiBrowser.app/Contents/Frameworks/libchrome_dll.dylib (0x116672430). This may cause spurious casting failures and mysterious crashes. One of the duplicates must be removed or renamed.
objc[46260]: Class ANGLESwapCGLLayer is implemented in both /Applications/AhoiBrowser.app/Contents/Frameworks/libblink_modules.dylib (0x141ac4a50) and /Applications/AhoiBrowser.app/Contents/Frameworks/libgl_init.dylib (0x126b9ca50). This may cause spurious casting failures and mysterious crashes. One of the duplicates must be removed or renamed.
objc[46260]: Class CrashpadHTTPBodyStreamTransport is implemented in both /Applications/AhoiBrowser.app/Contents/Frameworks/libbrowser_ui_views.dylib (0x11d864188) and /Applications/AhoiBrowser.app/Contents/Frameworks/libchrome_dll.dylib (0x11678e430). This may cause spurious casting failures and mysterious crashes. One of the duplicates must be removed or renamed.
objc[46266]: Class ANGLESwapCGLLayer is implemented in both /Applications/AhoiBrowser.app/Contents/Frameworks/libblink_modules.dylib (0x1400d8a50) and /Applications/AhoiBrowser.app/Contents/Frameworks/libgl_init.dylib (0x1251b0a50). This may cause spurious casting failures and mysterious crashes. One of the duplicates must be removed or renamed.
objc[46266]: Class CrashpadHTTPBodyStreamTransport is implemented in both /Applications/AhoiBrowser.app/Contents/Frameworks/libbrowser_ui_views.dylib (0x10e284188) and /Applications/AhoiBrowser.app/Contents/Frameworks/libchrome_dll.dylib (0x114da2430). This may cause spurious casting failures and mysterious crashes. One of the duplicates must be removed or renamed.
objc[46267]: Class ANGLESwapCGLLayer is implemented in both /Applications/AhoiBrowser.app/Contents/Frameworks/libblink_modules.dylib (0x1402e0a50) and /Applications/AhoiBrowser.app/Contents/Frameworks/libgl_init.dylib (0x1253b8a50). This may cause spurious casting failures and mysterious crashes. One of the duplicates must be removed or renamed.
objc[46267]: Class CrashpadHTTPBodyStreamTransport is implemented in both /Applications/AhoiBrowser.app/Contents/Frameworks/libbrowser_ui_views.dylib (0x10e57c188) and /Applications/AhoiBrowser.app/Contents/Frameworks/libchrome_dll.dylib (0x114faa430). This may cause spurious casting failures and mysterious crashes. One of the duplicates must be removed or renamed.
objc[46265]: Class ANGLESwapCGLLayer is implemented in both /Applications/AhoiBrowser.app/Contents/Frameworks/libblink_modules.dylib (0x141af8a50) and /Applications/AhoiBrowser.app/Contents/Frameworks/libgl_init.dylib (0x126bd0a50). This may cause spurious casting failures and mysterious crashes. One of the duplicates must be removed or renamed.
objc[46265]: Class CrashpadHTTPBodyStreamTransport is implemented in both /Applications/AhoiBrowser.app/Contents/Frameworks/libbrowser_ui_views.dylib (0x11d898188) and /Applications/AhoiBrowser.app/Contents/Frameworks/libchrome_dll.dylib (0x1167c2430). This may cause spurious casting failures and mysterious crashes. One of the duplicates must be removed or renamed.
objc[46268]: Class ANGLESwapCGLLayer is implemented in both /Applications/AhoiBrowser.app/Contents/Frameworks/libblink_modules.dylib (0x14267ca50) and /Applications/AhoiBrowser.app/Contents/Frameworks/libgl_init.dylib (0x127754a50). This may cause spurious casting failures and mysterious crashes. One of the duplicates must be removed or renamed.
objc[46268]: Class CrashpadHTTPBodyStreamTransport is implemented in both /Applications/AhoiBrowser.app/Contents/Frameworks/libbrowser_ui_views.dylib (0x1108b8188) and /Applications/AhoiBrowser.app/Contents/Frameworks/libchrome_dll.dylib (0x117346430). This may cause spurious casting failures and mysterious crashes. One of the duplicates must be removed or renamed.
objc[46269]: Class ANGLESwapCGLLayer is implemented in both /Applications/AhoiBrowser.app/Contents/Frameworks/libblink_modules.dylib (0x144554a50) and /Applications/AhoiBrowser.app/Contents/Frameworks/libgl_init.dylib (0x12962ca50). This may cause spurious casting failures and mysterious crashes. One of the duplicates must be removed or renamed.
objc[46269]: Class CrashpadHTTPBodyStreamTransport is implemented in both /Applications/AhoiBrowser.app/Contents/Frameworks/libbrowser_ui_views.dylib (0x120cb0188) and /Applications/AhoiBrowser.app/Contents/Frameworks/libchrome_dll.dylib (0x11921e430). This may cause spurious casting failures and mysterious crashes. One of the duplicates must be removed or renamed.
[46233:31213925:0926/030801.493419:VERBOSE1:ahoi/browser/session/session_bridge_observers.cc:69] Ahoi track window: first Workspace until restore metadata
[46233:31213925:0926/030801.494440:VERBOSE1:ahoi/browser/session/session_bridge_session.cc:57] Ahoi window metadata: pending a8164f5d-3ae1-49da-813c-5bcb4ebdd7d4
[46233:31213925:0926/030801.494460:VERBOSE1:ahoi/browser/session/session_bridge_session.cc:549] Ahoi persist window metadata: workspace=a8164f5d-3ae1-49da-813c-5bcb4ebdd7d4 service=1 window_id_valid=1
[46233:31213925:0926/030801.495957:VERBOSE1:ahoi/browser/session/session_bridge_session.cc:465] Ahoi last-used record: index 3 url=http://127.0.0.1:8803/gamma.html
[46233:31213925:0926/030801.497295:VERBOSE1:ahoi/browser/session/session_bridge_session.cc:549] Ahoi persist window metadata: workspace=a8164f5d-3ae1-49da-813c-5bcb4ebdd7d4 service=1 window_id_valid=1
[46233:31213925:0926/030801.497408:VERBOSE1:ahoi/browser/session/session_bridge_session.cc:300] Ahoi apply window metadata: resolved=a8164f5d-3ae1-49da-813c-5bcb4ebdd7d4 applied=1
[46233:31213925:0926/030801.497418:VERBOSE1:ahoi/browser/session/session_bridge_session.cc:549] Ahoi persist window metadata: workspace=a8164f5d-3ae1-49da-813c-5bcb4ebdd7d4 service=1 window_id_valid=1
[46233:31213925:0926/030801.499530:VERBOSE1:ahoi/browser/session/session_bridge_session.cc:549] Ahoi persist window metadata: workspace=a8164f5d-3ae1-49da-813c-5bcb4ebdd7d4 service=1 window_id_valid=1
objc[46350]: Class ANGLESwapCGLLayer is implemented in both /Applications/AhoiBrowser.app/Contents/Frameworks/libblink_modules.dylib (0x1424fca50) and /Applications/AhoiBrowser.app/Contents/Frameworks/libgl_init.dylib (0x1275d4a50). This may cause spurious casting failures and mysterious crashes. One of the duplicates must be removed or renamed.
objc[46350]: Class CrashpadHTTPBodyStreamTransport is implemented in both /Applications/AhoiBrowser.app/Contents/Frameworks/libbrowser_ui_views.dylib (0x1106a8188) and /Applications/AhoiBrowser.app/Contents/Frameworks/libchrome_dll.dylib (0x1171c6430). This may cause spurious casting failures and mysterious crashes. One of the duplicates must be removed or renamed.
[46233:31213925:0926/030804.616417:VERBOSE1:ahoi/browser/session/session_restore_integration.cc:85] Ahoi rebuild window extra data: provider=1 workspace=a8164f5d-3ae1-49da-813c-5bcb4ebdd7d4
[46256:31214361:0926/030804.705083:WARNING:net/extras/sqlite/sqlite_persistent_store_backend_base.cc:181] Failed to post task from FlushAndNotifyInBackground@net/extras/sqlite/sqlite_persistent_store_backend_base.cc:231 to client_task_runner_.
[46256:31214361:0926/030804.705596:WARNING:net/extras/sqlite/sqlite_persistent_store_backend_base.cc:181] Failed to post task from FlushAndNotifyInBackground@net/extras/sqlite/sqlite_persistent_store_backend_base.cc:231 to client_task_runner_.
[46233:31213925:0926/030804.714015:ERROR:base/process/kill_posix.cc:33] waitpid(46256): No child processes (10)
objc[46482]: Class ANGLESwapCGLLayer is implemented in both /Applications/AhoiBrowser.app/Contents/Frameworks/libblink_modules.dylib (0x144134a50) and /Applications/AhoiBrowser.app/Contents/Frameworks/libgl_init.dylib (0x12920ca50). This may cause spurious casting failures and mysterious crashes. One of the duplicates must be removed or renamed.
objc[46482]: Class CrashpadHTTPBodyStreamTransport is implemented in both /Applications/AhoiBrowser.app/Contents/Frameworks/libbrowser_ui_views.dylib (0x112208188) and /Applications/AhoiBrowser.app/Contents/Frameworks/libchrome_dll.dylib (0x118dfe430). This may cause spurious casting failures and mysterious crashes. One of the duplicates must be removed or renamed.
[46482:31215431:0926/030809.448346:ERROR:chrome/browser/mac/code_sign_clone_manager.mm:98] error removing quarantine attribute "/var/folders/zn/wn74lz2s2bsfp734gbqytmpr0000gn/X/"
[46482:31215431:0926/030809.474871:ERROR:chrome/browser/mac/code_sign_clone_manager.mm:98] error removing quarantine attribute "/var/folders/zn/wn74lz2s2bsfp734gbqytmpr0000gn/X/"
[46482:31215280:0926/030809.487416:WARNING:chrome/browser/signin/account_consistency_mode_manager.cc:74] Desktop Identity Consistency cannot be enabled as no OAuth client ID and client secret have been configured.
[46482:31215280:0926/030809.740005:ERROR:ahoi/browser/updater/sparkle_runtime_mac.mm:148] Ahoi updater disabled (fail closed): missing-feed-url
[46482:31215280:0926/030809.774445:VERBOSE1:ahoi/browser/session/session_restore_integration.cc:141] Ahoi restore window extra data: provider=1 workspace=a8164f5d-3ae1-49da-813c-5bcb4ebdd7d4
[46482:31215280:0926/030809.774473:VERBOSE1:ahoi/browser/session/session_bridge_session.cc:196] Ahoi restore window metadata: workspace=a8164f5d-3ae1-49da-813c-5bcb4ebdd7d4 valid=1 trackable=1 tree_ready=0
[46482:31215280:0926/030809.829190:ERROR:chrome/browser/ui/webui/ntp/new_tab_ui.cc:54] Requested load of chrome://newtab/ for incorrect profile type.
[46482:31215280:0926/030809.830283:ERROR:chrome/browser/ui/webui/ntp/new_tab_ui.cc:54] Requested load of chrome://newtab/ for incorrect profile type.
objc[46533]: Class ANGLESwapCGLLayer is implemented in both /Applications/AhoiBrowser.app/Contents/Frameworks/libblink_modules.dylib (0x141ccca50) and /Applications/AhoiBrowser.app/Contents/Frameworks/libgl_init.dylib (0x126da4a50). This may cause spurious casting failures and mysterious crashes. One of the duplicates must be removed or renamed.
objc[46533]: Class CrashpadHTTPBodyStreamTransport is implemented in both /Applications/AhoiBrowser.app/Contents/Frameworks/libbrowser_ui_views.dylib (0x11e3a0188) and /Applications/AhoiBrowser.app/Contents/Frameworks/libchrome_dll.dylib (0x116996430). This may cause spurious casting failures and mysterious crashes. One of the duplicates must be removed or renamed.
objc[46532]: Class ANGLESwapCGLLayer is implemented in both /Applications/AhoiBrowser.app/Contents/Frameworks/libblink_modules.dylib (0x1420cca50) and /Applications/AhoiBrowser.app/Contents/Frameworks/libgl_init.dylib (0x1271a4a50). This may cause spurious casting failures and mysterious crashes. One of the duplicates must be removed or renamed.
objc[46532]: Class CrashpadHTTPBodyStreamTransport is implemented in both /Applications/AhoiBrowser.app/Contents/Frameworks/libbrowser_ui_views.dylib (0x110278188) and /Applications/AhoiBrowser.app/Contents/Frameworks/libchrome_dll.dylib (0x116d96430). This may cause spurious casting failures and mysterious crashes. One of the duplicates must be removed or renamed.
objc[46535]: Class ANGLESwapCGLLayer is implemented in both /Applications/AhoiBrowser.app/Contents/Frameworks/libblink_modules.dylib (0x141a44a50) and /Applications/AhoiBrowser.app/Contents/Frameworks/libgl_init.dylib (0x126b1ca50). This may cause spurious casting failures and mysterious crashes. One of the duplicates must be removed or renamed.
objc[46535]: Class CrashpadHTTPBodyStreamTransport is implemented in both /Applications/AhoiBrowser.app/Contents/Frameworks/libbrowser_ui_views.dylib (0x11d6e0188) and /Applications/AhoiBrowser.app/Contents/Frameworks/libchrome_dll.dylib (0x11670e430). This may cause spurious casting failures and mysterious crashes. One of the duplicates must be removed or renamed.
objc[46534]: Class ANGLESwapCGLLayer is implemented in both /Applications/AhoiBrowser.app/Contents/Frameworks/libblink_modules.dylib (0x140008a50) and /Applications/AhoiBrowser.app/Contents/Frameworks/libgl_init.dylib (0x1250e0a50). This may cause spurious casting failures and mysterious crashes. One of the duplicates must be removed or renamed.
objc[46534]: Class CrashpadHTTPBodyStreamTransport is implemented in both /Applications/AhoiBrowser.app/Contents/Frameworks/libbrowser_ui_views.dylib (0x10e2a4188) and /Applications/AhoiBrowser.app/Contents/Frameworks/libchrome_dll.dylib (0x114cd2430). This may cause spurious casting failures and mysterious crashes. One of the duplicates must be removed or renamed.
objc[46537]: Class ANGLESwapCGLLayer is implemented in both /Applications/AhoiBrowser.app/Contents/Frameworks/libblink_modules.dylib (0x144884a50) and /Applications/AhoiBrowser.app/Contents/Frameworks/libgl_init.dylib (0x12995ca50). This may cause spurious casting failures and mysterious crashes. One of the duplicates must be removed or renamed.
objc[46537]: Class CrashpadHTTPBodyStreamTransport is implemented in both /Applications/AhoiBrowser.app/Contents/Frameworks/libbrowser_ui_views.dylib (0x120f58188) and /Applications/AhoiBrowser.app/Contents/Frameworks/libchrome_dll.dylib (0x11954e430). This may cause spurious casting failures and mysterious crashes. One of the duplicates must be removed or renamed.
objc[46543]: Class ANGLESwapCGLLayer is implemented in both /Applications/AhoiBrowser.app/Contents/Frameworks/libblink_modules.dylib (0x140730a50) and /Applications/AhoiBrowser.app/Contents/Frameworks/libgl_init.dylib (0x125808a50). This may cause spurious casting failures and mysterious crashes. One of the duplicates must be removed or renamed.
objc[46543]: Class CrashpadHTTPBodyStreamTransport is implemented in both /Applications/AhoiBrowser.app/Contents/Frameworks/libbrowser_ui_views.dylib (0x10e8d4188) and /Applications/AhoiBrowser.app/Contents/Frameworks/libchrome_dll.dylib (0x1153fa430). This may cause spurious casting failures and mysterious crashes. One of the duplicates must be removed or renamed.
objc[46544]: Class ANGLESwapCGLLayer is implemented in both /Applications/AhoiBrowser.app/Contents/Frameworks/libblink_modules.dylib (0x1422a4a50) and /Applications/AhoiBrowser.app/Contents/Frameworks/libgl_init.dylib (0x12737ca50). This may cause spurious casting failures and mysterious crashes. One of the duplicates must be removed or renamed.
objc[46544]: Class CrashpadHTTPBodyStreamTransport is implemented in both /Applications/AhoiBrowser.app/Contents/Frameworks/libbrowser_ui_views.dylib (0x11e33c188) and /Applications/AhoiBrowser.app/Contents/Frameworks/libchrome_dll.dylib (0x116f6e430). This may cause spurious casting failures and mysterious crashes. One of the duplicates must be removed or renamed.
objc[46546]: Class ANGLESwapCGLLayer is implemented in both /Applications/AhoiBrowser.app/Contents/Frameworks/libblink_modules.dylib (0x140024a50) and /Applications/AhoiBrowser.app/Contents/Frameworks/libgl_init.dylib (0x1250fca50). This may cause spurious casting failures and mysterious crashes. One of the duplicates must be removed or renamed.
objc[46546]: Class CrashpadHTTPBodyStreamTransport is implemented in both /Applications/AhoiBrowser.app/Contents/Frameworks/libbrowser_ui_views.dylib (0x11c6f8188) and /Applications/AhoiBrowser.app/Contents/Frameworks/libchrome_dll.dylib (0x114cee430). This may cause spurious casting failures and mysterious crashes. One of the duplicates must be removed or renamed.
objc[46542]: Class ANGLESwapCGLLayer is implemented in both /Applications/AhoiBrowser.app/Contents/Frameworks/libblink_modules.dylib (0x143980a50) and /Applications/AhoiBrowser.app/Contents/Frameworks/libgl_init.dylib (0x128a58a50). This may cause spurious casting failures and mysterious crashes. One of the duplicates must be removed or renamed.
objc[46542]: Class CrashpadHTTPBodyStreamTransport is implemented in both /Applications/AhoiBrowser.app/Contents/Frameworks/libbrowser_ui_views.dylib (0x111c00188) and /Applications/AhoiBrowser.app/Contents/Frameworks/libchrome_dll.dylib (0x11864a430). This may cause spurious casting failures and mysterious crashes. One of the duplicates must be removed or renamed.
objc[46545]: Class ANGLESwapCGLLayer is implemented in both /Applications/AhoiBrowser.app/Contents/Frameworks/libblink_modules.dylib (0x142778a50) and /Applications/AhoiBrowser.app/Contents/Frameworks/libgl_init.dylib (0x127850a50). This may cause spurious casting failures and mysterious crashes. One of the duplicates must be removed or renamed.
objc[46545]: Class CrashpadHTTPBodyStreamTransport is implemented in both /Applications/AhoiBrowser.app/Contents/Frameworks/libbrowser_ui_views.dylib (0x110924188) and /Applications/AhoiBrowser.app/Contents/Frameworks/libchrome_dll.dylib (0x117442430). This may cause spurious casting failures and mysterious crashes. One of the duplicates must be removed or renamed.
[46482:31215280:0926/030814.143202:VERBOSE1:ahoi/browser/session/session_bridge_observers.cc:69] Ahoi track window: first Workspace until restore metadata
[46482:31215280:0926/030814.144340:VERBOSE1:ahoi/browser/session/session_bridge_session.cc:57] Ahoi window metadata: pending a8164f5d-3ae1-49da-813c-5bcb4ebdd7d4
[46482:31215280:0926/030814.144898:VERBOSE1:ahoi/browser/session/session_bridge_session.cc:549] Ahoi persist window metadata: workspace=a8164f5d-3ae1-49da-813c-5bcb4ebdd7d4 service=1 window_id_valid=1
[46482:31215280:0926/030814.146210:VERBOSE1:ahoi/browser/session/session_bridge_session.cc:465] Ahoi last-used record: index 3 url=http://127.0.0.1:8803/gamma.html
[46482:31215280:0926/030814.147590:VERBOSE1:ahoi/browser/session/session_bridge_session.cc:549] Ahoi persist window metadata: workspace=a8164f5d-3ae1-49da-813c-5bcb4ebdd7d4 service=1 window_id_valid=1
[46482:31215280:0926/030814.147797:VERBOSE1:ahoi/browser/session/session_bridge_session.cc:300] Ahoi apply window metadata: resolved=a8164f5d-3ae1-49da-813c-5bcb4ebdd7d4 applied=1
[46482:31215280:0926/030814.147813:VERBOSE1:ahoi/browser/session/session_bridge_session.cc:549] Ahoi persist window metadata: workspace=a8164f5d-3ae1-49da-813c-5bcb4ebdd7d4 service=1 window_id_valid=1
[46482:31215280:0926/030814.150307:VERBOSE1:ahoi/browser/session/session_bridge_session.cc:549] Ahoi persist window metadata: workspace=a8164f5d-3ae1-49da-813c-5bcb4ebdd7d4 service=1 window_id_valid=1
objc[46594]: Class ANGLESwapCGLLayer is implemented in both /Applications/AhoiBrowser.app/Contents/Frameworks/libblink_modules.dylib (0x1442c0a50) and /Applications/AhoiBrowser.app/Contents/Frameworks/libgl_init.dylib (0x129398a50). This may cause spurious casting failures and mysterious crashes. One of the duplicates must be removed or renamed.
objc[46594]: Class CrashpadHTTPBodyStreamTransport is implemented in both /Applications/AhoiBrowser.app/Contents/Frameworks/libbrowser_ui_views.dylib (0x11245c188) and /Applications/AhoiBrowser.app/Contents/Frameworks/libchrome_dll.dylib (0x118f8a430). This may cause spurious casting failures and mysterious crashes. One of the duplicates must be removed or renamed.
[46482:31215280:0926/030817.244771:VERBOSE1:ahoi/browser/session/session_restore_integration.cc:85] Ahoi rebuild window extra data: provider=1 workspace=a8164f5d-3ae1-49da-813c-5bcb4ebdd7d4
[46533:31215670:0926/030817.347182:WARNING:net/extras/sqlite/sqlite_persistent_store_backend_base.cc:181] Failed to post task from FlushAndNotifyInBackground@net/extras/sqlite/sqlite_persistent_store_backend_base.cc:231 to client_task_runner_.
[46533:31215670:0926/030817.347488:WARNING:net/extras/sqlite/sqlite_persistent_store_backend_base.cc:181] Failed to post task from FlushAndNotifyInBackground@net/extras/sqlite/sqlite_persistent_store_backend_base.cc:231 to client_task_runner_.
[46482:31215280:0926/030817.367498:ERROR:base/process/kill_posix.cc:33] waitpid(46533): No child processes (10)
objc[46666]: Class ANGLESwapCGLLayer is implemented in both /Applications/AhoiBrowser.app/Contents/Frameworks/libblink_modules.dylib (0x143d5ca50) and /Applications/AhoiBrowser.app/Contents/Frameworks/libgl_init.dylib (0x128e34a50). This may cause spurious casting failures and mysterious crashes. One of the duplicates must be removed or renamed.
objc[46666]: Class CrashpadHTTPBodyStreamTransport is implemented in both /Applications/AhoiBrowser.app/Contents/Frameworks/libbrowser_ui_views.dylib (0x111ef8188) and /Applications/AhoiBrowser.app/Contents/Frameworks/libchrome_dll.dylib (0x118a26430). This may cause spurious casting failures and mysterious crashes. One of the duplicates must be removed or renamed.
[46666:31216580:0926/030822.071604:ERROR:chrome/browser/mac/code_sign_clone_manager.mm:98] error removing quarantine attribute "/var/folders/zn/wn74lz2s2bsfp734gbqytmpr0000gn/X/"
[46666:31216580:0926/030822.099830:ERROR:chrome/browser/mac/code_sign_clone_manager.mm:98] error removing quarantine attribute "/var/folders/zn/wn74lz2s2bsfp734gbqytmpr0000gn/X/"
[46666:31216500:0926/030822.111211:WARNING:chrome/browser/signin/account_consistency_mode_manager.cc:74] Desktop Identity Consistency cannot be enabled as no OAuth client ID and client secret have been configured.
[46666:31216500:0926/030822.364860:ERROR:ahoi/browser/updater/sparkle_runtime_mac.mm:148] Ahoi updater disabled (fail closed): missing-feed-url
[46666:31216500:0926/030822.399532:VERBOSE1:ahoi/browser/session/session_restore_integration.cc:141] Ahoi restore window extra data: provider=1 workspace=a8164f5d-3ae1-49da-813c-5bcb4ebdd7d4
[46666:31216500:0926/030822.399563:VERBOSE1:ahoi/browser/session/session_bridge_session.cc:196] Ahoi restore window metadata: workspace=a8164f5d-3ae1-49da-813c-5bcb4ebdd7d4 valid=1 trackable=1 tree_ready=0
[46666:31216500:0926/030822.452896:ERROR:chrome/browser/ui/webui/ntp/new_tab_ui.cc:54] Requested load of chrome://newtab/ for incorrect profile type.
[46666:31216500:0926/030822.454001:ERROR:chrome/browser/ui/webui/ntp/new_tab_ui.cc:54] Requested load of chrome://newtab/ for incorrect profile type.
objc[46683]: Class ANGLESwapCGLLayer is implemented in both /Applications/AhoiBrowser.app/Contents/Frameworks/libblink_modules.dylib (0x143dcca50) and /Applications/AhoiBrowser.app/Contents/Frameworks/libgl_init.dylib (0x128ea4a50). This may cause spurious casting failures and mysterious crashes. One of the duplicates must be removed or renamed.
objc[46683]: Class CrashpadHTTPBodyStreamTransport is implemented in both /Applications/AhoiBrowser.app/Contents/Frameworks/libbrowser_ui_views.dylib (0x1120a4188) and /Applications/AhoiBrowser.app/Contents/Frameworks/libchrome_dll.dylib (0x118a96430). This may cause spurious casting failures and mysterious crashes. One of the duplicates must be removed or renamed.
objc[46682]: Class ANGLESwapCGLLayer is implemented in both /Applications/AhoiBrowser.app/Contents/Frameworks/libblink_modules.dylib (0x14218ca50) and /Applications/AhoiBrowser.app/Contents/Frameworks/libgl_init.dylib (0x127264a50). This may cause spurious casting failures and mysterious crashes. One of the duplicates must be removed or renamed.
objc[46682]: Class CrashpadHTTPBodyStreamTransport is implemented in both /Applications/AhoiBrowser.app/Contents/Frameworks/libbrowser_ui_views.dylib (0x11040c188) and /Applications/AhoiBrowser.app/Contents/Frameworks/libchrome_dll.dylib (0x116e56430). This may cause spurious casting failures and mysterious crashes. One of the duplicates must be removed or renamed.
objc[46684]: Class ANGLESwapCGLLayer is implemented in both /Applications/AhoiBrowser.app/Contents/Frameworks/libblink_modules.dylib (0x142654a50) and /Applications/AhoiBrowser.app/Contents/Frameworks/libgl_init.dylib (0x12772ca50). This may cause spurious casting failures and mysterious crashes. One of the duplicates must be removed or renamed.
objc[46684]: Class CrashpadHTTPBodyStreamTransport is implemented in both /Applications/AhoiBrowser.app/Contents/Frameworks/libbrowser_ui_views.dylib (0x110858188) and /Applications/AhoiBrowser.app/Contents/Frameworks/libchrome_dll.dylib (0x11731e430). This may cause spurious casting failures and mysterious crashes. One of the duplicates must be removed or renamed.
objc[46685]: Class ANGLESwapCGLLayer is implemented in both /Applications/AhoiBrowser.app/Contents/Frameworks/libblink_modules.dylib (0x13fb94a50) and /Applications/AhoiBrowser.app/Contents/Frameworks/libgl_init.dylib (0x124c6ca50). This may cause spurious casting failures and mysterious crashes. One of the duplicates must be removed or renamed.
objc[46685]: Class CrashpadHTTPBodyStreamTransport is implemented in both /Applications/AhoiBrowser.app/Contents/Frameworks/libbrowser_ui_views.dylib (0x11c268188) and /Applications/AhoiBrowser.app/Contents/Frameworks/libchrome_dll.dylib (0x11485e430). This may cause spurious casting failures and mysterious crashes. One of the duplicates must be removed or renamed.
objc[46687]: Class ANGLESwapCGLLayer is implemented in both /Applications/AhoiBrowser.app/Contents/Frameworks/libblink_modules.dylib (0x140108a50) and /Applications/AhoiBrowser.app/Contents/Frameworks/libgl_init.dylib (0x1251e0a50). This may cause spurious casting failures and mysterious crashes. One of the duplicates must be removed or renamed.
objc[46687]: Class CrashpadHTTPBodyStreamTransport is implemented in both /Applications/AhoiBrowser.app/Contents/Frameworks/libbrowser_ui_views.dylib (0x11c7dc188) and /Applications/AhoiBrowser.app/Contents/Frameworks/libchrome_dll.dylib (0x114dd2430). This may cause spurious casting failures and mysterious crashes. One of the duplicates must be removed or renamed.
objc[46700]: Class ANGLESwapCGLLayer is implemented in both /Applications/AhoiBrowser.app/Contents/Frameworks/libblink_modules.dylib (0x141b0ca50) and /Applications/AhoiBrowser.app/Contents/Frameworks/libgl_init.dylib (0x126be4a50). This may cause spurious casting failures and mysterious crashes. One of the duplicates must be removed or renamed.
objc[46700]: Class CrashpadHTTPBodyStreamTransport is implemented in both /Applications/AhoiBrowser.app/Contents/Frameworks/libbrowser_ui_views.dylib (0x11d75c188) and /Applications/AhoiBrowser.app/Contents/Frameworks/libchrome_dll.dylib (0x1167d6430). This may cause spurious casting failures and mysterious crashes. One of the duplicates must be removed or renamed.
objc[46702]: Class ANGLESwapCGLLayer is implemented in both /Applications/AhoiBrowser.app/Contents/Frameworks/libblink_modules.dylib (0x141cbca50) and /Applications/AhoiBrowser.app/Contents/Frameworks/libgl_init.dylib (0x126d94a50). This may cause spurious casting failures and mysterious crashes. One of the duplicates must be removed or renamed.
objc[46702]: Class CrashpadHTTPBodyStreamTransport is implemented in both /Applications/AhoiBrowser.app/Contents/Frameworks/libbrowser_ui_views.dylib (0x11da00188) and /Applications/AhoiBrowser.app/Contents/Frameworks/libchrome_dll.dylib (0x116986430). This may cause spurious casting failures and mysterious crashes. One of the duplicates must be removed or renamed.
objc[46701]: Class ANGLESwapCGLLayer is implemented in both /Applications/AhoiBrowser.app/Contents/Frameworks/libblink_modules.dylib (0x144120a50) and /Applications/AhoiBrowser.app/Contents/Frameworks/libgl_init.dylib (0x1291f8a50). This may cause spurious casting failures and mysterious crashes. One of the duplicates must be removed or renamed.
objc[46703]: Class ANGLESwapCGLLayer is implemented in both /Applications/AhoiBrowser.app/Contents/Frameworks/libblink_modules.dylib (0x141cc4a50) and /Applications/AhoiBrowser.app/Contents/Frameworks/libgl_init.dylib (0x126d9ca50). This may cause spurious casting failures and mysterious crashes. One of the duplicates must be removed or renamed.
objc[46701]: Class CrashpadHTTPBodyStreamTransport is implemented in both /Applications/AhoiBrowser.app/Contents/Frameworks/libbrowser_ui_views.dylib (0x1207f4188) and /Applications/AhoiBrowser.app/Contents/Frameworks/libchrome_dll.dylib (0x118dea430). This may cause spurious casting failures and mysterious crashes. One of the duplicates must be removed or renamed.
objc[46703]: Class CrashpadHTTPBodyStreamTransport is implemented in both /Applications/AhoiBrowser.app/Contents/Frameworks/libbrowser_ui_views.dylib (0x11da64188) and /Applications/AhoiBrowser.app/Contents/Frameworks/libchrome_dll.dylib (0x11698e430). This may cause spurious casting failures and mysterious crashes. One of the duplicates must be removed or renamed.
objc[46704]: Class ANGLESwapCGLLayer is implemented in both /Applications/AhoiBrowser.app/Contents/Frameworks/libblink_modules.dylib (0x1417f8a50) and /Applications/AhoiBrowser.app/Contents/Frameworks/libgl_init.dylib (0x1268d0a50). This may cause spurious casting failures and mysterious crashes. One of the duplicates must be removed or renamed.
objc[46704]: Class CrashpadHTTPBodyStreamTransport is implemented in both /Applications/AhoiBrowser.app/Contents/Frameworks/libbrowser_ui_views.dylib (0x11d53c188) and /Applications/AhoiBrowser.app/Contents/Frameworks/libchrome_dll.dylib (0x1164c2430). This may cause spurious casting failures and mysterious crashes. One of the duplicates must be removed or renamed.
[46666:31216500:0926/030826.700824:VERBOSE1:ahoi/browser/session/session_bridge_observers.cc:69] Ahoi track window: first Workspace until restore metadata
[46666:31216500:0926/030826.701875:VERBOSE1:ahoi/browser/session/session_bridge_session.cc:57] Ahoi window metadata: pending a8164f5d-3ae1-49da-813c-5bcb4ebdd7d4
[46666:31216500:0926/030826.701899:VERBOSE1:ahoi/browser/session/session_bridge_session.cc:549] Ahoi persist window metadata: workspace=a8164f5d-3ae1-49da-813c-5bcb4ebdd7d4 service=1 window_id_valid=1
[46666:31216500:0926/030826.703063:VERBOSE1:ahoi/browser/session/session_bridge_session.cc:465] Ahoi last-used record: index 3 url=http://127.0.0.1:8803/gamma.html
[46666:31216500:0926/030826.704335:VERBOSE1:ahoi/browser/session/session_bridge_session.cc:549] Ahoi persist window metadata: workspace=a8164f5d-3ae1-49da-813c-5bcb4ebdd7d4 service=1 window_id_valid=1
[46666:31216500:0926/030826.704465:VERBOSE1:ahoi/browser/session/session_bridge_session.cc:300] Ahoi apply window metadata: resolved=a8164f5d-3ae1-49da-813c-5bcb4ebdd7d4 applied=1
[46666:31216500:0926/030826.704476:VERBOSE1:ahoi/browser/session/session_bridge_session.cc:549] Ahoi persist window metadata: workspace=a8164f5d-3ae1-49da-813c-5bcb4ebdd7d4 service=1 window_id_valid=1
[46666:31216500:0926/030826.706771:VERBOSE1:ahoi/browser/session/session_bridge_session.cc:549] Ahoi persist window metadata: workspace=a8164f5d-3ae1-49da-813c-5bcb4ebdd7d4 service=1 window_id_valid=1
objc[46734]: Class ANGLESwapCGLLayer is implemented in both /Applications/AhoiBrowser.app/Contents/Frameworks/libblink_modules.dylib (0x13ff8ca50) and /Applications/AhoiBrowser.app/Contents/Frameworks/libgl_init.dylib (0x125064a50). This may cause spurious casting failures and mysterious crashes. One of the duplicates must be removed or renamed.
objc[46734]: Class CrashpadHTTPBodyStreamTransport is implemented in both /Applications/AhoiBrowser.app/Contents/Frameworks/libbrowser_ui_views.dylib (0x11c6e8188) and /Applications/AhoiBrowser.app/Contents/Frameworks/libchrome_dll.dylib (0x114c56430). This may cause spurious casting failures and mysterious crashes. One of the duplicates must be removed or renamed.
[46666:31216500:0926/030829.990559:VERBOSE1:ahoi/browser/session/session_restore_integration.cc:85] Ahoi rebuild window extra data: provider=1 workspace=a8164f5d-3ae1-49da-813c-5bcb4ebdd7d4
[46683:31216888:0926/030830.078113:WARNING:net/extras/sqlite/sqlite_persistent_store_backend_base.cc:181] Failed to post task from FlushAndNotifyInBackground@net/extras/sqlite/sqlite_persistent_store_backend_base.cc:231 to client_task_runner_.
[46683:31216888:0926/030830.078361:WARNING:net/extras/sqlite/sqlite_persistent_store_backend_base.cc:181] Failed to post task from FlushAndNotifyInBackground@net/extras/sqlite/sqlite_persistent_store_backend_base.cc:231 to client_task_runner_.
[46666:31216500:0926/030830.100299:ERROR:base/process/kill_posix.cc:33] waitpid(46683): No child processes (10)
objc[46770]: Class ANGLESwapCGLLayer is implemented in both /Applications/AhoiBrowser.app/Contents/Frameworks/libblink_modules.dylib (0x142888a50) and /Applications/AhoiBrowser.app/Contents/Frameworks/libgl_init.dylib (0x127960a50). This may cause spurious casting failures and mysterious crashes. One of the duplicates must be removed or renamed.
objc[46770]: Class CrashpadHTTPBodyStreamTransport is implemented in both /Applications/AhoiBrowser.app/Contents/Frameworks/libbrowser_ui_views.dylib (0x11097c188) and /Applications/AhoiBrowser.app/Contents/Frameworks/libchrome_dll.dylib (0x117552430). This may cause spurious casting failures and mysterious crashes. One of the duplicates must be removed or renamed.
[46770:31217640:0926/030834.843172:ERROR:chrome/browser/mac/code_sign_clone_manager.mm:98] error removing quarantine attribute "/var/folders/zn/wn74lz2s2bsfp734gbqytmpr0000gn/X/"
[46770:31217640:0926/030834.866075:ERROR:chrome/browser/mac/code_sign_clone_manager.mm:98] error removing quarantine attribute "/var/folders/zn/wn74lz2s2bsfp734gbqytmpr0000gn/X/"
[46770:31217533:0926/030834.881539:WARNING:chrome/browser/signin/account_consistency_mode_manager.cc:74] Desktop Identity Consistency cannot be enabled as no OAuth client ID and client secret have been configured.
[46770:31217533:0926/030835.128070:ERROR:ahoi/browser/updater/sparkle_runtime_mac.mm:148] Ahoi updater disabled (fail closed): missing-feed-url
[46770:31217533:0926/030835.165561:VERBOSE1:ahoi/browser/session/session_restore_integration.cc:141] Ahoi restore window extra data: provider=1 workspace=a8164f5d-3ae1-49da-813c-5bcb4ebdd7d4
[46770:31217533:0926/030835.165595:VERBOSE1:ahoi/browser/session/session_bridge_session.cc:196] Ahoi restore window metadata: workspace=a8164f5d-3ae1-49da-813c-5bcb4ebdd7d4 valid=1 trackable=1 tree_ready=0
[46770:31217533:0926/030835.218816:ERROR:chrome/browser/ui/webui/ntp/new_tab_ui.cc:54] Requested load of chrome://newtab/ for incorrect profile type.
[46770:31217533:0926/030835.219884:ERROR:chrome/browser/ui/webui/ntp/new_tab_ui.cc:54] Requested load of chrome://newtab/ for incorrect profile type.
objc[46803]: Class ANGLESwapCGLLayer is implemented in both /Applications/AhoiBrowser.app/Contents/Frameworks/libblink_modules.dylib (0x144304a50) and /Applications/AhoiBrowser.app/Contents/Frameworks/libgl_init.dylib (0x1293dca50). This may cause spurious casting failures and mysterious crashes. One of the duplicates must be removed or renamed.
objc[46803]: Class CrashpadHTTPBodyStreamTransport is implemented in both /Applications/AhoiBrowser.app/Contents/Frameworks/libbrowser_ui_views.dylib (0x1124b0188) and /Applications/AhoiBrowser.app/Contents/Frameworks/libchrome_dll.dylib (0x118fce430). This may cause spurious casting failures and mysterious crashes. One of the duplicates must be removed or renamed.
objc[46807]: Class ANGLESwapCGLLayer is implemented in both /Applications/AhoiBrowser.app/Contents/Frameworks/libblink_modules.dylib (0x140498a50) and /Applications/AhoiBrowser.app/Contents/Frameworks/libgl_init.dylib (0x125570a50). This may cause spurious casting failures and mysterious crashes. One of the duplicates must be removed or renamed.
objc[46807]: Class CrashpadHTTPBodyStreamTransport is implemented in both /Applications/AhoiBrowser.app/Contents/Frameworks/libbrowser_ui_views.dylib (0x11cb6c188) and /Applications/AhoiBrowser.app/Contents/Frameworks/libchrome_dll.dylib (0x115162430). This may cause spurious casting failures and mysterious crashes. One of the duplicates must be removed or renamed.
objc[46802]: Class ANGLESwapCGLLayer is implemented in both /Applications/AhoiBrowser.app/Contents/Frameworks/libblink_modules.dylib (0x142650a50) and /Applications/AhoiBrowser.app/Contents/Frameworks/libgl_init.dylib (0x127728a50). This may cause spurious casting failures and mysterious crashes. One of the duplicates must be removed or renamed.
objc[46802]: Class CrashpadHTTPBodyStreamTransport is implemented in both /Applications/AhoiBrowser.app/Contents/Frameworks/libbrowser_ui_views.dylib (0x1107ec188) and /Applications/AhoiBrowser.app/Contents/Frameworks/libchrome_dll.dylib (0x11731a430). This may cause spurious casting failures and mysterious crashes. One of the duplicates must be removed or renamed.
objc[46806]: Class ANGLESwapCGLLayer is implemented in both /Applications/AhoiBrowser.app/Contents/Frameworks/libblink_modules.dylib (0x14412ca50) and /Applications/AhoiBrowser.app/Contents/Frameworks/libgl_init.dylib (0x129204a50). This may cause spurious casting failures and mysterious crashes. One of the duplicates must be removed or renamed.
objc[46806]: Class CrashpadHTTPBodyStreamTransport is implemented in both /Applications/AhoiBrowser.app/Contents/Frameworks/libbrowser_ui_views.dylib (0x11235c188) and /Applications/AhoiBrowser.app/Contents/Frameworks/libchrome_dll.dylib (0x118df6430). This may cause spurious casting failures and mysterious crashes. One of the duplicates must be removed or renamed.
objc[46811]: Class ANGLESwapCGLLayer is implemented in both /Applications/AhoiBrowser.app/Contents/Frameworks/libblink_modules.dylib (0x1404a4a50) and /Applications/AhoiBrowser.app/Contents/Frameworks/libgl_init.dylib (0x12557ca50). This may cause spurious casting failures and mysterious crashes. One of the duplicates must be removed or renamed.
objc[46811]: Class CrashpadHTTPBodyStreamTransport is implemented in both /Applications/AhoiBrowser.app/Contents/Frameworks/libbrowser_ui_views.dylib (0x11cb78188) and /Applications/AhoiBrowser.app/Contents/Frameworks/libchrome_dll.dylib (0x11516e430). This may cause spurious casting failures and mysterious crashes. One of the duplicates must be removed or renamed.
objc[46818]: Class ANGLESwapCGLLayer is implemented in both /Applications/AhoiBrowser.app/Contents/Frameworks/libblink_modules.dylib (0x142434a50) and /Applications/AhoiBrowser.app/Contents/Frameworks/libgl_init.dylib (0x12750ca50). This may cause spurious casting failures and mysterious crashes. One of the duplicates must be removed or renamed.
objc[46818]: Class CrashpadHTTPBodyStreamTransport is implemented in both /Applications/AhoiBrowser.app/Contents/Frameworks/libbrowser_ui_views.dylib (0x1106d0188) and /Applications/AhoiBrowser.app/Contents/Frameworks/libchrome_dll.dylib (0x1170fe430). This may cause spurious casting failures and mysterious crashes. One of the duplicates must be removed or renamed.
objc[46819]: Class ANGLESwapCGLLayer is implemented in both /Applications/AhoiBrowser.app/Contents/Frameworks/libblink_modules.dylib (0x143964a50) and /Applications/AhoiBrowser.app/Contents/Frameworks/libgl_init.dylib (0x128a3ca50). This may cause spurious casting failures and mysterious crashes. One of the duplicates must be removed or renamed.
objc[46819]: Class CrashpadHTTPBodyStreamTransport is implemented in both /Applications/AhoiBrowser.app/Contents/Frameworks/libbrowser_ui_views.dylib (0x11f9fc188) and /Applications/AhoiBrowser.app/Contents/Frameworks/libchrome_dll.dylib (0x11862e430). This may cause spurious casting failures and mysterious crashes. One of the duplicates must be removed or renamed.
objc[46822]: Class ANGLESwapCGLLayer is implemented in both /Applications/AhoiBrowser.app/Contents/Frameworks/libblink_modules.dylib (0x143db0a50) and /Applications/AhoiBrowser.app/Contents/Frameworks/libgl_init.dylib (0x128e88a50). This may cause spurious casting failures and mysterious crashes. One of the duplicates must be removed or renamed.
objc[46822]: Class CrashpadHTTPBodyStreamTransport is implemented in both /Applications/AhoiBrowser.app/Contents/Frameworks/libbrowser_ui_views.dylib (0x11fa4c188) and /Applications/AhoiBrowser.app/Contents/Frameworks/libchrome_dll.dylib (0x118a7a430). This may cause spurious casting failures and mysterious crashes. One of the duplicates must be removed or renamed.
objc[46820]: Class ANGLESwapCGLLayer is implemented in both /Applications/AhoiBrowser.app/Contents/Frameworks/libblink_modules.dylib (0x144700a50) and /Applications/AhoiBrowser.app/Contents/Frameworks/libgl_init.dylib (0x1297d8a50). This may cause spurious casting failures and mysterious crashes. One of the duplicates must be removed or renamed.
objc[46820]: Class CrashpadHTTPBodyStreamTransport is implemented in both /Applications/AhoiBrowser.app/Contents/Frameworks/libbrowser_ui_views.dylib (0x120798188) and /Applications/AhoiBrowser.app/Contents/Frameworks/libchrome_dll.dylib (0x1193ca430). This may cause spurious casting failures and mysterious crashes. One of the duplicates must be removed or renamed.
objc[46821]: Class ANGLESwapCGLLayer is implemented in both /Applications/AhoiBrowser.app/Contents/Frameworks/libblink_modules.dylib (0x14001ca50) and /Applications/AhoiBrowser.app/Contents/Frameworks/libgl_init.dylib (0x1250f4a50). This may cause spurious casting failures and mysterious crashes. One of the duplicates must be removed or renamed.
objc[46821]: Class CrashpadHTTPBodyStreamTransport is implemented in both /Applications/AhoiBrowser.app/Contents/Frameworks/libbrowser_ui_views.dylib (0x10e174188) and /Applications/AhoiBrowser.app/Contents/Frameworks/libchrome_dll.dylib (0x114ce6430). This may cause spurious casting failures and mysterious crashes. One of the duplicates must be removed or renamed.
[46770:31217533:0926/030839.659840:VERBOSE1:ahoi/browser/session/session_bridge_observers.cc:69] Ahoi track window: first Workspace until restore metadata
[46770:31217533:0926/030839.660850:VERBOSE1:ahoi/browser/session/session_bridge_session.cc:57] Ahoi window metadata: pending a8164f5d-3ae1-49da-813c-5bcb4ebdd7d4
[46770:31217533:0926/030839.660868:VERBOSE1:ahoi/browser/session/session_bridge_session.cc:549] Ahoi persist window metadata: workspace=a8164f5d-3ae1-49da-813c-5bcb4ebdd7d4 service=1 window_id_valid=1
[46770:31217533:0926/030839.661858:VERBOSE1:ahoi/browser/session/session_bridge_session.cc:465] Ahoi last-used record: index 3 url=http://127.0.0.1:8803/gamma.html
[46770:31217533:0926/030839.663093:VERBOSE1:ahoi/browser/session/session_bridge_session.cc:549] Ahoi persist window metadata: workspace=a8164f5d-3ae1-49da-813c-5bcb4ebdd7d4 service=1 window_id_valid=1
[46770:31217533:0926/030839.663206:VERBOSE1:ahoi/browser/session/session_bridge_session.cc:300] Ahoi apply window metadata: resolved=a8164f5d-3ae1-49da-813c-5bcb4ebdd7d4 applied=1
[46770:31217533:0926/030839.663215:VERBOSE1:ahoi/browser/session/session_bridge_session.cc:549] Ahoi persist window metadata: workspace=a8164f5d-3ae1-49da-813c-5bcb4ebdd7d4 service=1 window_id_valid=1
[46770:31217533:0926/030839.665435:VERBOSE1:ahoi/browser/session/session_bridge_session.cc:549] Ahoi persist window metadata: workspace=a8164f5d-3ae1-49da-813c-5bcb4ebdd7d4 service=1 window_id_valid=1
objc[46835]: Class ANGLESwapCGLLayer is implemented in both /Applications/AhoiBrowser.app/Contents/Frameworks/libblink_modules.dylib (0x13fed4a50) and /Applications/AhoiBrowser.app/Contents/Frameworks/libgl_init.dylib (0x124faca50). This may cause spurious casting failures and mysterious crashes. One of the duplicates must be removed or renamed.
objc[46835]: Class CrashpadHTTPBodyStreamTransport is implemented in both /Applications/AhoiBrowser.app/Contents/Frameworks/libbrowser_ui_views.dylib (0x11bb70188) and /Applications/AhoiBrowser.app/Contents/Frameworks/libchrome_dll.dylib (0x114b9e430). This may cause spurious casting failures and mysterious crashes. One of the duplicates must be removed or renamed.
[46770:31217533:0926/030842.511097:VERBOSE1:ahoi/browser/session/session_restore_integration.cc:85] Ahoi rebuild window extra data: provider=1 workspace=a8164f5d-3ae1-49da-813c-5bcb4ebdd7d4
[46803:31217966:0926/030842.610420:WARNING:net/extras/sqlite/sqlite_persistent_store_backend_base.cc:181] Failed to post task from FlushAndNotifyInBackground@net/extras/sqlite/sqlite_persistent_store_backend_base.cc:231 to client_task_runner_.
[46803:31217966:0926/030842.610639:WARNING:net/extras/sqlite/sqlite_persistent_store_backend_base.cc:181] Failed to post task from FlushAndNotifyInBackground@net/extras/sqlite/sqlite_persistent_store_backend_base.cc:231 to client_task_runner_.
[46770:31217533:0926/030842.622719:ERROR:base/process/kill_posix.cc:33] waitpid(46803): No child processes (10)
objc[46878]: Class ANGLESwapCGLLayer is implemented in both /Applications/AhoiBrowser.app/Contents/Frameworks/libblink_modules.dylib (0x144464a50) and /Applications/AhoiBrowser.app/Contents/Frameworks/libgl_init.dylib (0x12953ca50). This may cause spurious casting failures and mysterious crashes. One of the duplicates must be removed or renamed.
objc[46878]: Class CrashpadHTTPBodyStreamTransport is implemented in both /Applications/AhoiBrowser.app/Contents/Frameworks/libbrowser_ui_views.dylib (0x112668188) and /Applications/AhoiBrowser.app/Contents/Frameworks/libchrome_dll.dylib (0x11912e430). This may cause spurious casting failures and mysterious crashes. One of the duplicates must be removed or renamed.
[46878:31218668:0926/030847.350709:ERROR:chrome/browser/mac/code_sign_clone_manager.mm:98] error removing quarantine attribute "/var/folders/zn/wn74lz2s2bsfp734gbqytmpr0000gn/X/"
[46878:31218668:0926/030847.372281:ERROR:chrome/browser/mac/code_sign_clone_manager.mm:98] error removing quarantine attribute "/var/folders/zn/wn74lz2s2bsfp734gbqytmpr0000gn/X/"
[46878:31218522:0926/030847.389939:WARNING:chrome/browser/signin/account_consistency_mode_manager.cc:74] Desktop Identity Consistency cannot be enabled as no OAuth client ID and client secret have been configured.
[46878:31218522:0926/030847.640248:ERROR:ahoi/browser/updater/sparkle_runtime_mac.mm:148] Ahoi updater disabled (fail closed): missing-feed-url
[46878:31218522:0926/030847.676149:VERBOSE1:ahoi/browser/session/session_restore_integration.cc:141] Ahoi restore window extra data: provider=1 workspace=a8164f5d-3ae1-49da-813c-5bcb4ebdd7d4
[46878:31218522:0926/030847.676182:VERBOSE1:ahoi/browser/session/session_bridge_session.cc:196] Ahoi restore window metadata: workspace=a8164f5d-3ae1-49da-813c-5bcb4ebdd7d4 valid=1 trackable=1 tree_ready=0
[46878:31218522:0926/030847.729397:ERROR:chrome/browser/ui/webui/ntp/new_tab_ui.cc:54] Requested load of chrome://newtab/ for incorrect profile type.
[46878:31218522:0926/030847.730458:ERROR:chrome/browser/ui/webui/ntp/new_tab_ui.cc:54] Requested load of chrome://newtab/ for incorrect profile type.
objc[46899]: Class ANGLESwapCGLLayer is implemented in both /Applications/AhoiBrowser.app/Contents/Frameworks/libblink_modules.dylib (0x14459ca50) and /Applications/AhoiBrowser.app/Contents/Frameworks/libgl_init.dylib (0x129674a50). This may cause spurious casting failures and mysterious crashes. One of the duplicates must be removed or renamed.
objc[46899]: Class CrashpadHTTPBodyStreamTransport is implemented in both /Applications/AhoiBrowser.app/Contents/Frameworks/libbrowser_ui_views.dylib (0x11281c188) and /Applications/AhoiBrowser.app/Contents/Frameworks/libchrome_dll.dylib (0x119266430). This may cause spurious casting failures and mysterious crashes. One of the duplicates must be removed or renamed.
objc[46900]: Class ANGLESwapCGLLayer is implemented in both /Applications/AhoiBrowser.app/Contents/Frameworks/libblink_modules.dylib (0x141b88a50) and /Applications/AhoiBrowser.app/Contents/Frameworks/libgl_init.dylib (0x126c60a50). This may cause spurious casting failures and mysterious crashes. One of the duplicates must be removed or renamed.
objc[46900]: Class CrashpadHTTPBodyStreamTransport is implemented in both /Applications/AhoiBrowser.app/Contents/Frameworks/libbrowser_ui_views.dylib (0x11e25c188) and /Applications/AhoiBrowser.app/Contents/Frameworks/libchrome_dll.dylib (0x116852430). This may cause spurious casting failures and mysterious crashes. One of the duplicates must be removed or renamed.
objc[46902]: Class ANGLESwapCGLLayer is implemented in both /Applications/AhoiBrowser.app/Contents/Frameworks/libblink_modules.dylib (0x142308a50) and /Applications/AhoiBrowser.app/Contents/Frameworks/libgl_init.dylib (0x1273e0a50). This may cause spurious casting failures and mysterious crashes. One of the duplicates must be removed or renamed.
objc[46902]: Class CrashpadHTTPBodyStreamTransport is implemented in both /Applications/AhoiBrowser.app/Contents/Frameworks/libbrowser_ui_views.dylib (0x11e0a8188) and /Applications/AhoiBrowser.app/Contents/Frameworks/libchrome_dll.dylib (0x116fd2430). This may cause spurious casting failures and mysterious crashes. One of the duplicates must be removed or renamed.
objc[46901]: Class ANGLESwapCGLLayer is implemented in both /Applications/AhoiBrowser.app/Contents/Frameworks/libblink_modules.dylib (0x1403a8a50) and /Applications/AhoiBrowser.app/Contents/Frameworks/libgl_init.dylib (0x125480a50). This may cause spurious casting failures and mysterious crashes. One of the duplicates must be removed or renamed.
objc[46901]: Class CrashpadHTTPBodyStreamTransport is implemented in both /Applications/AhoiBrowser.app/Contents/Frameworks/libbrowser_ui_views.dylib (0x10e644188) and /Applications/AhoiBrowser.app/Contents/Frameworks/libchrome_dll.dylib (0x115072430). This may cause spurious casting failures and mysterious crashes. One of the duplicates must be removed or renamed.
objc[46903]: Class ANGLESwapCGLLayer is implemented in both /Applications/AhoiBrowser.app/Contents/Frameworks/libblink_modules.dylib (0x143ab0a50) and /Applications/AhoiBrowser.app/Contents/Frameworks/libgl_init.dylib (0x128b88a50). This may cause spurious casting failures and mysterious crashes. One of the duplicates must be removed or renamed.
objc[46903]: Class CrashpadHTTPBodyStreamTransport is implemented in both /Applications/AhoiBrowser.app/Contents/Frameworks/libbrowser_ui_views.dylib (0x11f798188) and /Applications/AhoiBrowser.app/Contents/Frameworks/libchrome_dll.dylib (0x11877a430). This may cause spurious casting failures and mysterious crashes. One of the duplicates must be removed or renamed.
objc[46908]: Class ANGLESwapCGLLayer is implemented in both /Applications/AhoiBrowser.app/Contents/Frameworks/libblink_modules.dylib (0x13fa04a50) and /Applications/AhoiBrowser.app/Contents/Frameworks/libgl_init.dylib (0x124adca50). This may cause spurious casting failures and mysterious crashes. One of the duplicates must be removed or renamed.
objc[46910]: Class ANGLESwapCGLLayer is implemented in both /Applications/AhoiBrowser.app/Contents/Frameworks/libblink_modules.dylib (0x144224a50) and /Applications/AhoiBrowser.app/Contents/Frameworks/libgl_init.dylib (0x1292fca50). This may cause spurious casting failures and mysterious crashes. One of the duplicates must be removed or renamed.
objc[46908]: Class CrashpadHTTPBodyStreamTransport is implemented in both /Applications/AhoiBrowser.app/Contents/Frameworks/libbrowser_ui_views.dylib (0x11b6a0188) and /Applications/AhoiBrowser.app/Contents/Frameworks/libchrome_dll.dylib (0x1146ce430). This may cause spurious casting failures and mysterious crashes. One of the duplicates must be removed or renamed.
objc[46910]: Class CrashpadHTTPBodyStreamTransport is implemented in both /Applications/AhoiBrowser.app/Contents/Frameworks/libbrowser_ui_views.dylib (0x11ffc4188) and /Applications/AhoiBrowser.app/Contents/Frameworks/libchrome_dll.dylib (0x118eee430). This may cause spurious casting failures and mysterious crashes. One of the duplicates must be removed or renamed.
objc[46912]: Class ANGLESwapCGLLayer is implemented in both /Applications/AhoiBrowser.app/Contents/Frameworks/libblink_modules.dylib (0x141ed4a50) and /Applications/AhoiBrowser.app/Contents/Frameworks/libgl_init.dylib (0x126faca50). This may cause spurious casting failures and mysterious crashes. One of the duplicates must be removed or renamed.
objc[46912]: Class CrashpadHTTPBodyStreamTransport is implemented in both /Applications/AhoiBrowser.app/Contents/Frameworks/libbrowser_ui_views.dylib (0x11db24188) and /Applications/AhoiBrowser.app/Contents/Frameworks/libchrome_dll.dylib (0x116b9e430). This may cause spurious casting failures and mysterious crashes. One of the duplicates must be removed or renamed.
objc[46909]: Class ANGLESwapCGLLayer is implemented in both /Applications/AhoiBrowser.app/Contents/Frameworks/libblink_modules.dylib (0x13ff14a50) and /Applications/AhoiBrowser.app/Contents/Frameworks/libgl_init.dylib (0x124feca50). This may cause spurious casting failures and mysterious crashes. One of the duplicates must be removed or renamed.
objc[46909]: Class CrashpadHTTPBodyStreamTransport is implemented in both /Applications/AhoiBrowser.app/Contents/Frameworks/libbrowser_ui_views.dylib (0x10e03c188) and /Applications/AhoiBrowser.app/Contents/Frameworks/libchrome_dll.dylib (0x114bde430). This may cause spurious casting failures and mysterious crashes. One of the duplicates must be removed or renamed.
objc[46911]: Class ANGLESwapCGLLayer is implemented in both /Applications/AhoiBrowser.app/Contents/Frameworks/libblink_modules.dylib (0x13ff48a50) and /Applications/AhoiBrowser.app/Contents/Frameworks/libgl_init.dylib (0x125020a50). This may cause spurious casting failures and mysterious crashes. One of the duplicates must be removed or renamed.
objc[46911]: Class CrashpadHTTPBodyStreamTransport is implemented in both /Applications/AhoiBrowser.app/Contents/Frameworks/libbrowser_ui_views.dylib (0x11bc30188) and /Applications/AhoiBrowser.app/Contents/Frameworks/libchrome_dll.dylib (0x114c12430). This may cause spurious casting failures and mysterious crashes. One of the duplicates must be removed or renamed.
[46878:31218522:0926/030851.856453:VERBOSE1:ahoi/browser/session/session_bridge_observers.cc:69] Ahoi track window: first Workspace until restore metadata
[46878:31218522:0926/030851.857684:VERBOSE1:ahoi/browser/session/session_bridge_session.cc:57] Ahoi window metadata: pending a8164f5d-3ae1-49da-813c-5bcb4ebdd7d4
[46878:31218522:0926/030851.857703:VERBOSE1:ahoi/browser/session/session_bridge_session.cc:549] Ahoi persist window metadata: workspace=a8164f5d-3ae1-49da-813c-5bcb4ebdd7d4 service=1 window_id_valid=1
[46878:31218522:0926/030851.858735:VERBOSE1:ahoi/browser/session/session_bridge_session.cc:465] Ahoi last-used record: index 3 url=http://127.0.0.1:8803/gamma.html
[46878:31218522:0926/030851.860213:VERBOSE1:ahoi/browser/session/session_bridge_session.cc:549] Ahoi persist window metadata: workspace=a8164f5d-3ae1-49da-813c-5bcb4ebdd7d4 service=1 window_id_valid=1
[46878:31218522:0926/030851.860392:VERBOSE1:ahoi/browser/session/session_bridge_session.cc:300] Ahoi apply window metadata: resolved=a8164f5d-3ae1-49da-813c-5bcb4ebdd7d4 applied=1
[46878:31218522:0926/030851.860404:VERBOSE1:ahoi/browser/session/session_bridge_session.cc:549] Ahoi persist window metadata: workspace=a8164f5d-3ae1-49da-813c-5bcb4ebdd7d4 service=1 window_id_valid=1
[46878:31218522:0926/030851.863320:VERBOSE1:ahoi/browser/session/session_bridge_session.cc:549] Ahoi persist window metadata: workspace=a8164f5d-3ae1-49da-813c-5bcb4ebdd7d4 service=1 window_id_valid=1
objc[46924]: Class ANGLESwapCGLLayer is implemented in both /Applications/AhoiBrowser.app/Contents/Frameworks/libblink_modules.dylib (0x143eeca50) and /Applications/AhoiBrowser.app/Contents/Frameworks/libgl_init.dylib (0x128fc4a50). This may cause spurious casting failures and mysterious crashes. One of the duplicates must be removed or renamed.
objc[46924]: Class CrashpadHTTPBodyStreamTransport is implemented in both /Applications/AhoiBrowser.app/Contents/Frameworks/libbrowser_ui_views.dylib (0x111ffc188) and /Applications/AhoiBrowser.app/Contents/Frameworks/libchrome_dll.dylib (0x118bb6430). This may cause spurious casting failures and mysterious crashes. One of the duplicates must be removed or renamed.
[46878:31218522:0926/030855.074075:VERBOSE1:ahoi/browser/session/session_restore_integration.cc:85] Ahoi rebuild window extra data: provider=1 workspace=a8164f5d-3ae1-49da-813c-5bcb4ebdd7d4
[46900:31218964:0926/030855.177818:WARNING:net/extras/sqlite/sqlite_persistent_store_backend_base.cc:181] Failed to post task from FlushAndNotifyInBackground@net/extras/sqlite/sqlite_persistent_store_backend_base.cc:231 to client_task_runner_.
[46900:31218964:0926/030855.178059:WARNING:net/extras/sqlite/sqlite_persistent_store_backend_base.cc:181] Failed to post task from FlushAndNotifyInBackground@net/extras/sqlite/sqlite_persistent_store_backend_base.cc:231 to client_task_runner_.
[46878:31218522:0926/030855.200667:ERROR:base/process/kill_posix.cc:33] waitpid(46900): No child processes (10)
