objc[75819]: Class ANGLESwapCGLLayer is implemented in both /Applications/AhoiBrowser.app/Contents/Frameworks/libblink_modules.dylib (0x144634a50) and /Applications/AhoiBrowser.app/Contents/Frameworks/libgl_init.dylib (0x12970ca50). This may cause spurious casting failures and mysterious crashes. One of the duplicates must be removed or renamed.
objc[75819]: Class CrashpadHTTPBodyStreamTransport is implemented in both /Applications/AhoiBrowser.app/Contents/Frameworks/libbrowser_ui_views.dylib (0x112740188) and /Applications/AhoiBrowser.app/Contents/Frameworks/libchrome_dll.dylib (0x11930a430). This may cause spurious casting failures and mysterious crashes. One of the duplicates must be removed or renamed.
[75819:28193226:0925/221653.597006:ERROR:chrome/browser/mac/code_sign_clone_manager.mm:98] error removing quarantine attribute "/var/folders/zn/wn74lz2s2bsfp734gbqytmpr0000gn/X/"
[75819:28193226:0925/221653.631472:ERROR:chrome/browser/mac/code_sign_clone_manager.mm:98] error removing quarantine attribute "/var/folders/zn/wn74lz2s2bsfp734gbqytmpr0000gn/X/"

DevTools listening on ws://127.0.0.1:9347/devtools/browser/f7060204-e228-4dd5-ad3a-c35ad3722b34
[75819:28191777:0925/221654.708862:ERROR:ahoi/browser/updater/sparkle_runtime_mac.mm:148] Ahoi updater disabled (fail closed): missing-feed-url
objc[76226]: Class ANGLESwapCGLLayer is implemented in both /Applications/AhoiBrowser.app/Contents/Frameworks/libblink_modules.dylib (0x141948a50) and /Applications/AhoiBrowser.app/Contents/Frameworks/libgl_init.dylib (0x126a20a50). This may cause spurious casting failures and mysterious crashes. One of the duplicates must be removed or renamed.
objc[76226]: Class CrashpadHTTPBodyStreamTransport is implemented in both /Applications/AhoiBrowser.app/Contents/Frameworks/libbrowser_ui_views.dylib (0x10fc00188) and /Applications/AhoiBrowser.app/Contents/Frameworks/libchrome_dll.dylib (0x11661e430). This may cause spurious casting failures and mysterious crashes. One of the duplicates must be removed or renamed.
objc[76232]: Class ANGLESwapCGLLayer is implemented in both /Applications/AhoiBrowser.app/Contents/Frameworks/libblink_modules.dylib (0x14081ca50) and /Applications/AhoiBrowser.app/Contents/Frameworks/libgl_init.dylib (0x1258f4a50). This may cause spurious casting failures and mysterious crashes. One of the duplicates must be removed or renamed.
objc[76232]: Class CrashpadHTTPBodyStreamTransport is implemented in both /Applications/AhoiBrowser.app/Contents/Frameworks/libbrowser_ui_views.dylib (0x11c8b4188) and /Applications/AhoiBrowser.app/Contents/Frameworks/libchrome_dll.dylib (0x1154f2430). This may cause spurious casting failures and mysterious crashes. One of the duplicates must be removed or renamed.
objc[76287]: Class ANGLESwapCGLLayer is implemented in both /Applications/AhoiBrowser.app/Contents/Frameworks/libblink_modules.dylib (0x143b34a50) and /Applications/AhoiBrowser.app/Contents/Frameworks/libgl_init.dylib (0x128c0ca50). This may cause spurious casting failures and mysterious crashes. One of the duplicates must be removed or renamed.
objc[76287]: Class CrashpadHTTPBodyStreamTransport is implemented in both /Applications/AhoiBrowser.app/Contents/Frameworks/libbrowser_ui_views.dylib (0x11fbcc188) and /Applications/AhoiBrowser.app/Contents/Frameworks/libchrome_dll.dylib (0x11880a430). This may cause spurious casting failures and mysterious crashes. One of the duplicates must be removed or renamed.
objc[76247]: Class ANGLESwapCGLLayer is implemented in both /Applications/AhoiBrowser.app/Contents/Frameworks/libblink_modules.dylib (0x1440dca50) and /Applications/AhoiBrowser.app/Contents/Frameworks/libgl_init.dylib (0x1291b4a50). This may cause spurious casting failures and mysterious crashes. One of the duplicates must be removed or renamed.
objc[76247]: Class CrashpadHTTPBodyStreamTransport is implemented in both /Applications/AhoiBrowser.app/Contents/Frameworks/libbrowser_ui_views.dylib (0x120174188) and /Applications/AhoiBrowser.app/Contents/Frameworks/libchrome_dll.dylib (0x118db2430). This may cause spurious casting failures and mysterious crashes. One of the duplicates must be removed or renamed.
objc[76248]: Class ANGLESwapCGLLayer is implemented in both /Applications/AhoiBrowser.app/Contents/Frameworks/libblink_modules.dylib (0x143990a50) and /Applications/AhoiBrowser.app/Contents/Frameworks/libgl_init.dylib (0x128a68a50). This may cause spurious casting failures and mysterious crashes. One of the duplicates must be removed or renamed.
objc[76248]: Class CrashpadHTTPBodyStreamTransport is implemented in both /Applications/AhoiBrowser.app/Contents/Frameworks/libbrowser_ui_views.dylib (0x111c64188) and /Applications/AhoiBrowser.app/Contents/Frameworks/libchrome_dll.dylib (0x118666430). This may cause spurious casting failures and mysterious crashes. One of the duplicates must be removed or renamed.
objc[76297]: Class ANGLESwapCGLLayer is implemented in both /Applications/AhoiBrowser.app/Contents/Frameworks/libblink_modules.dylib (0x141d7ca50) and /Applications/AhoiBrowser.app/Contents/Frameworks/libgl_init.dylib (0x126e54a50). This may cause spurious casting failures and mysterious crashes. One of the duplicates must be removed or renamed.
objc[76299]: Class ANGLESwapCGLLayer is implemented in both /Applications/AhoiBrowser.app/Contents/Frameworks/libblink_modules.dylib (0x13fe88a50) and /Applications/AhoiBrowser.app/Contents/Frameworks/libgl_init.dylib (0x124f60a50). This may cause spurious casting failures and mysterious crashes. One of the duplicates must be removed or renamed.
objc[76299]: Class CrashpadHTTPBodyStreamTransport is implemented in both /Applications/AhoiBrowser.app/Contents/Frameworks/libbrowser_ui_views.dylib (0x10e15c188) and /Applications/AhoiBrowser.app/Contents/Frameworks/libchrome_dll.dylib (0x114b5e430). This may cause spurious casting failures and mysterious crashes. One of the duplicates must be removed or renamed.
objc[76297]: Class CrashpadHTTPBodyStreamTransport is implemented in both /Applications/AhoiBrowser.app/Contents/Frameworks/libbrowser_ui_views.dylib (0x11de9c188) and /Applications/AhoiBrowser.app/Contents/Frameworks/libchrome_dll.dylib (0x116a52430). This may cause spurious casting failures and mysterious crashes. One of the duplicates must be removed or renamed.
[76226:28196407:0925/221732.643430:ERROR:components/viz/service/surfaces/surface_manager.cc:479] Old/orphaned temporary reference to SurfaceId(FrameSinkId[DelegatedFrameHost](6, 3), LocalSurfaceId(2, 2, 68DF...))
objc[78191]: Class ANGLESwapCGLLayer is implemented in both /Applications/AhoiBrowser.app/Contents/Frameworks/libblink_modules.dylib (0x141924a50) and /Applications/AhoiBrowser.app/Contents/Frameworks/libgl_init.dylib (0x1269fca50). This may cause spurious casting failures and mysterious crashes. One of the duplicates must be removed or renamed.
objc[78191]: Class CrashpadHTTPBodyStreamTransport is implemented in both /Applications/AhoiBrowser.app/Contents/Frameworks/libbrowser_ui_views.dylib (0x10fbf8188) and /Applications/AhoiBrowser.app/Contents/Frameworks/libchrome_dll.dylib (0x1165fa430). This may cause spurious casting failures and mysterious crashes. One of the duplicates must be removed or renamed.
[75819:28191777:0925/221742.418359:ERROR:chrome/browser/renderer_context_menu/render_view_context_menu.cc:1749] Update UmaEnumForCommand(). Unhandled IDC: 50119
[75819:28191777:0925/221745.359499:FATAL:chrome/browser/renderer_context_menu/render_view_context_menu.cc:1629] NOTREACHED hit. Update UmaEnumForCommand(). Unhandled IDC: 50119
0   libbase.dylib                       0x000000010595f9a8 base::debug::CollectStackTrace(base::span<void const*, 18446744073709551615ul, void const**>) + 24
1   libbase.dylib                       0x00000001059413a0 base::debug::StackTrace::StackTrace(unsigned long) + 224
2   libbase.dylib                       0x00000001057f3d2c logging::LogMessage::Flush() + 172
3   libbase.dylib                       0x00000001057f3bd0 logging::LogMessage::~LogMessage() + 36
4   libbase.dylib                       0x00000001057d37a0 logging::(anonymous namespace)::NotReachedLogMessage::~NotReachedLogMessage() + 76
5   libbase.dylib                       0x0000000105a50678 logging::NotReachedNoreturnError::~NotReachedNoreturnError() + 16
6   libbase.dylib                       0x0000000105a50688 base::debug::AsanHeapOverflow() + 0
7   libchrome_dll.dylib                 0x0000000115eec4dc (anonymous namespace)::FindUMAEnumValueForCommand(int, (anonymous namespace)::UmaEnumIdLookupType) + 0
8   libchrome_dll.dylib                 0x0000000117c5acd0 RenderViewContextMenuBase::ExecuteCommand(int, int) + 56
9   libchrome_dll.dylib                 0x0000000115eef3a8 RenderViewContextMenu::ExecuteCommand(int, int) + 44
10  libui_menus.dylib                   0x00000001065943f0 ui::SimpleMenuModel::ActivatedAt(unsigned long, int) + 136
11  libui_menus.dylib                   0x0000000106597688 -[MenuControllerCocoa itemSelected:] + 352
12  AppKit                              0x000000019a051610 -[NSApplication(NSResponder) sendAction:to:from:] + 540
13  libcomponents_remote_cocoa_app_shim 0x0000000120ff13c0 __36-[CrApplication sendAction:to:from:]_block_invoke + 60
14  libbase.dylib                       0x000000010596ba84 base::apple::CallWithEHFrame(void () block_pointer) + 16
15  libcomponents_remote_cocoa_app_shim 0x0000000120ff123c -[CrApplication sendAction:to:from:] + 720
16  AppKit                              0x000000019a4c4200 -[NSMenuItem _corePerformAction:] + 540
17  AppKit                              0x000000019a7592b8 _NSMenuPerformActionWithHighlighting + 156
18  AppKit                              0x000000019a1515cc -[NSMenu performActionForItemAtIndex:] + 208
19  AppKit                              0x000000019a4aec80 -[NSMenu _internalPerformActionForItemAtIndex:invocationType:] + 84
20  AppKit                              0x000000019a74e148 +[NSCocoaMenuImpl _performActionForMenuItem:invocationType:] + 180
21  AppKit                              0x000000019a46300c -[NSMenuTrackingSession _performPostTrackingDismissalActions] + 532
22  AppKit                              0x000000019a462b88 -[NSMenuTrackingSession startRunningMenuEventLoop:] + 1980
23  AppKit                              0x000000019a462210 -[NSMenuTrackingSession startMonitoringEvents:] + 284
24  AppKit                              0x000000019ac17f98 -[NSContextMenuTrackingSession startMonitoringEvents:] + 160
25  AppKit                              0x000000019a41609c +[NSContextMenuImpl presentPopup:fromView:withContext:animated:async:completionBlock:] + 1696
26  AppKit                              0x000000019a75a880 _NSPopUpMenu + 1992
27  AppKit                              0x000000019a760aec -[NSCocoaMenuImpl _popUpContextMenu:withEvent:forView:withFont:async:completionBlock:] + 328
28  AppKit                              0x000000019a4af4b4 -[NSMenu _popUpContextMenu:withEvent:forView:withFont:async:completionBlock:] + 384
29  libui_base.dylib                    0x0000000106ddf23c ui::ShowContextMenu(NSMenu*, NSEvent*, NSView*, bool, ui::ElementContext) + 276
30  libchrome_dll.dylib                 0x0000000114969e80 RenderViewContextMenuMacCocoa::Show() + 424
31  libchrome_dll.dylib                 0x00000001158e730c base::OnceCallback<void (std::__Cr::unique_ptr<RenderViewContextMenuBase, std::__Cr::default_delete<RenderViewContextMenuBase>>)>::Run(std::__Cr::unique_ptr<RenderViewContextMenuBase, std::__Cr::default_delete<RenderViewContextMenuBase>>) && + 120
32  libchrome_dll.dylib                 0x00000001158e7254 ChromeWebContentsViewDelegateViewsMac::OnGetAllAvailableFormats(content::GlobalRenderFrameHostId, content::ContextMenuParams const&, base::OnceCallback<void (std::__Cr::unique_ptr<RenderViewContextMenuBase, std::__Cr::default_delete<RenderViewContextMenuBase>>)>, base::internal::flat_tree<ui::ClipboardFormatType, std::__Cr::identity, std::__Cr::less<void>, std::__Cr::vector<ui::ClipboardFormatType, std::__Cr::allocator<ui::ClipboardFormatType>>>) + 220
33  libchrome_dll.dylib                 0x00000001158e7fe4 void base::internal::DecayedFunctorTraits<void (ChromeWebContentsViewDelegateViewsMac::*)(content::GlobalRenderFrameHostId, content::ContextMenuParams const&, base::OnceCallback<void (std::__Cr::unique_ptr<RenderViewContextMenuBase, std::__Cr::default_delete<RenderViewContextMenuBase>>)>, base::internal::flat_tree<ui::ClipboardFormatType, std::__Cr::identity, std::__Cr::less<void>, std::__Cr::vector<ui::ClipboardFormatType, std::__Cr::allocator<ui::ClipboardFormatType>>>), base::WeakPtr<ChromeWebContentsViewDelegateViewsMac>&&, content::GlobalRenderFrameHostId&&, content::ContextMenuParams&&, base::OnceCallback<void (std::__Cr::unique_ptr<RenderViewContextMenuBase, std::__Cr::default_delete<RenderViewContextMenuBase>>)>&&>::Invoke<void (ChromeWebContentsViewDelegateViewsMac::*)(content::GlobalRenderFrameHostId, content::ContextMenuParams const&, base::OnceCallback<void (std::__Cr::unique_ptr<RenderViewContextMenuBase, std::__Cr::default_delete<RenderViewContextMenuBase>>)>, base::internal::flat_tree<ui::ClipboardFormatType, std::__Cr::identity, std::__Cr::less<void>, std::__Cr::vector<ui::ClipboardFormatType, std::__Cr::allocator<ui::ClipboardFormatType>>>), base::WeakPtr<ChromeWebContentsViewDelegateViewsMac> const&, content::GlobalRenderFrameHostId, content::ContextMenuParams, base::OnceCallback<void (std::__Cr::unique_ptr<RenderViewContextMenuBase, std::__Cr::default_delete<RenderViewContextMenuBase>>)>, base::internal::flat_tree<ui::ClipboardFormatType, std::__Cr::identity, std::__Cr::less<void>, std::__Cr::vector<ui::ClipboardFormatType, std::__Cr::allocator<ui::ClipboardFormatType>>>>(void (ChromeWebContentsViewDelegateViewsMac::*)(content::GlobalRenderFrameHostId, content::ContextMenuParams const&, base::OnceCallback<void (std::__Cr::unique_ptr<RenderViewContextMenuBase, std::__Cr::default_delete<RenderViewContextMenuBase>>)>, base::internal::flat_tree<ui::ClipboardFormatType, std::__Cr::identity, std::__Cr::less<void>, std::__Cr::vector<ui::ClipboardFormatType, std::__Cr::allocator<ui::ClipboardFormatType>>>), base::WeakPtr<ChromeWebContentsViewDelegateViewsMac> const&, content::GlobalRenderFrameHostId&&, content::ContextMenuParams&&, base::OnceCallback<void (std::__Cr::unique_ptr<RenderViewContextMenuBase, std::__Cr::default_delete<RenderViewContextMenuBase>>)>&&, base::internal::flat_tree<ui::ClipboardFormatType, std::__Cr::identity, std::__Cr::less<void>, std::__Cr::vector<ui::ClipboardFormatType, std::__Cr::allocator<ui::ClipboardFormatType>>>&&) + 144
34  libui_base_clipboard.dylib          0x00000001098dbfac base::OnceCallback<void (base::internal::flat_tree<ui::ClipboardFormatType, std::__Cr::identity, std::__Cr::less<void>, std::__Cr::vector<ui::ClipboardFormatType, std::__Cr::allocator<ui::ClipboardFormatType>>>)>::Run(base::internal::flat_tree<ui::ClipboardFormatType, std::__Cr::identity, std::__Cr::less<void>, std::__Cr::vector<ui::ClipboardFormatType, std::__Cr::allocator<ui::ClipboardFormatType>>>) && + 120
35  libui_base_clipboard.dylib          0x00000001098ef38c ui::ClipboardMac::GetAllAvailableFormats(ui::ClipboardBuffer, std::__Cr::optional<ui::DataTransferEndpoint> const&, base::OnceCallback<void (base::internal::flat_tree<ui::ClipboardFormatType, std::__Cr::identity, std::__Cr::less<void>, std::__Cr::vector<ui::ClipboardFormatType, std::__Cr::allocator<ui::ClipboardFormatType>>>)>) const + 1108
36  libchrome_dll.dylib                 0x00000001158e710c ChromeWebContentsViewDelegateViewsMac::OnReadAvailableTypes(content::GlobalRenderFrameHostId, content::ContextMenuParams const&, std::__Cr::optional<ui::DataTransferEndpoint>, base::OnceCallback<void (std::__Cr::unique_ptr<RenderViewContextMenuBase, std::__Cr::default_delete<RenderViewContextMenuBase>>)>, std::__Cr::vector<std::__Cr::basic_string<char16_t, std::__Cr::char_traits<char16_t>, std::__Cr::allocator<char16_t>>, std::__Cr::allocator<std::__Cr::basic_string<char16_t, std::__Cr::char_traits<char16_t>, std::__Cr::allocator<char16_t>>>>) + 164
37  libchrome_dll.dylib                 0x00000001158e7b3c void base::internal::DecayedFunctorTraits<void (ChromeWebContentsViewDelegateViewsMac::*)(content::GlobalRenderFrameHostId, content::ContextMenuParams const&, std::__Cr::optional<ui::DataTransferEndpoint>, base::OnceCallback<void (std::__Cr::unique_ptr<RenderViewContextMenuBase, std::__Cr::default_delete<RenderViewContextMenuBase>>)>, std::__Cr::vector<std::__Cr::basic_string<char16_t, std::__Cr::char_traits<char16_t>, std::__Cr::allocator<char16_t>>, std::__Cr::allocator<std::__Cr::basic_string<char16_t, std::__Cr::char_traits<char16_t>, std::__Cr::allocator<char16_t>>>>), base::WeakPtr<ChromeWebContentsViewDelegateViewsMac>&&, content::GlobalRenderFrameHostId&&, content::ContextMenuParams&&, std::__Cr::optional<ui::DataTransferEndpoint>&&, base::OnceCallback<void (std::__Cr::unique_ptr<RenderViewContextMenuBase, std::__Cr::default_delete<RenderViewContextMenuBase>>)>&&>::Invoke<void (ChromeWebContentsViewDelegateViewsMac::*)(content::GlobalRenderFrameHostId, content::ContextMenuParams const&, std::__Cr::optional<ui::DataTransferEndpoint>, base::OnceCallback<void (std::__Cr::unique_ptr<RenderViewContextMenuBase, std::__Cr::default_delete<RenderViewContextMenuBase>>)>, std::__Cr::vector<std::__Cr::basic_string<char16_t, std::__Cr::char_traits<char16_t>, std::__Cr::allocator<char16_t>>, std::__Cr::allocator<std::__Cr::basic_string<char16_t, std::__Cr::char_traits<char16_t>, std::__Cr::allocator<char16_t>>>>), base::WeakPtr<ChromeWebContentsViewDelegateViewsMac> const&, content::GlobalRenderFrameHostId, content::ContextMenuParams, std::__Cr::optional<ui::DataTransferEndpoint>, base::OnceCallback<void (std::__Cr::unique_ptr<RenderViewContextMenuBase, std::__Cr::default_delete<RenderViewContextMenuBase>>)>, std::__Cr::vector<std::__Cr::basic_string<char16_t, std::__Cr::char_traits<char16_t>, std::__Cr::allocator<char16_t>>, std::__Cr::allocator<std::__Cr::basic_string<char16_t, std::__Cr::char_traits<char16_t>, std::__Cr::allocator<char16_t>>>>>(void (ChromeWebContentsViewDelegateViewsMac::*)(content::GlobalRenderFrameHostId, content::ContextMenuParams const&, std::__Cr::optional<ui::DataTransferEndpoint>, base::OnceCallback<void (std::__Cr::unique_ptr<RenderViewContextMenuBase, std::__Cr::default_delete<RenderViewContextMenuBase>>)>, std::__Cr::vector<std::__Cr::basic_string<char16_t, std::__Cr::char_traits<char16_t>, std::__Cr::allocator<char16_t>>, std::__Cr::allocator<std::__Cr::basic_string<char16_t, std::__Cr::char_traits<char16_t>, std::__Cr::allocator<char16_t>>>>), base::WeakPtr<ChromeWebContentsViewDelegateViewsMac> const&, content::GlobalRenderFrameHostId&&, content::ContextMenuParams&&, std::__Cr::optional<ui::DataTransferEndpoint>&&, base::OnceCallback<void (std::__Cr::unique_ptr<RenderViewContextMenuBase, std::__Cr::default_delete<RenderViewContextMenuBase>>)>&&, std::__Cr::vector<std::__Cr::basic_string<char16_t, std::__Cr::char_traits<char16_t>, std::__Cr::allocator<char16_t>>, std::__Cr::allocator<std::__Cr::basic_string<char16_t, std::__Cr::char_traits<char16_t>, std::__Cr::allocator<char16_t>>>>&&) + 200
38  libui_base_clipboard.dylib          0x00000001098d9c94 base::OnceCallback<void (std::__Cr::vector<std::__Cr::basic_string<char16_t, std::__Cr::char_traits<char16_t>, std::__Cr::allocator<char16_t>>, std::__Cr::allocator<std::__Cr::basic_string<char16_t, std::__Cr::char_traits<char16_t>, std::__Cr::allocator<char16_t>>>>)>::Run(std::__Cr::vector<std::__Cr::basic_string<char16_t, std::__Cr::char_traits<char16_t>, std::__Cr::allocator<char16_t>>, std::__Cr::allocator<std::__Cr::basic_string<char16_t, std::__Cr::char_traits<char16_t>, std::__Cr::allocator<char16_t>>>>) && + 120
39  libui_base_clipboard.dylib          0x00000001098f2fb4 _ZN4base8internal7InvokerINS0_13FunctorTraitsIOZNK2ui12ClipboardMac18ReadAvailableTypesENS3_15ClipboardBufferERKNSt4__Cr8optionalINS3_20DataTransferEndpointEEENS_12OnceCallbackIFvNS6_6vectorINS6_12basic_stringIDsNS6_11char_traitsIDsEENS6_9allocatorIDsEEEENSH_ISJ_EEEEEEEE3$_0JOSN_EEENS0_9BindStateILb0ELb0ELb0ESO_JSN_EEESM_E7RunOnceEPNS0_13BindStateBaseEOSL_ + 272
40  libui_base_clipboard.dylib          0x00000001098d9c94 base::OnceCallback<void (std::__Cr::vector<std::__Cr::basic_string<char16_t, std::__Cr::char_traits<char16_t>, std::__Cr::allocator<char16_t>>, std::__Cr::allocator<std::__Cr::basic_string<char16_t, std::__Cr::char_traits<char16_t>, std::__Cr::allocator<char16_t>>>>)>::Run(std::__Cr::vector<std::__Cr::basic_string<char16_t, std::__Cr::char_traits<char16_t>, std::__Cr::allocator<char16_t>>, std::__Cr::allocator<std::__Cr::basic_string<char16_t, std::__Cr::char_traits<char16_t>, std::__Cr::allocator<char16_t>>>>) && + 120
41  libui_base_clipboard.dylib          0x00000001098f2ae8 _ZN4base8internal7InvokerINS0_13FunctorTraitsIOZNK2ui12ClipboardMac18GetStandardFormatsENS3_15ClipboardBufferERKNSt4__Cr8optionalINS3_20DataTransferEndpointEEENS_12OnceCallbackIFvNS6_6vectorINS6_12basic_stringIDsNS6_11char_traitsIDsEENS6_9allocatorIDsEEEENSH_ISJ_EEEEEEEE3$_0JOS5_OS9_OSN_EEENS0_9BindStateILb0ELb0ELb0ESO_JS5_S9_SN_EEEFvNS0_9flat_treeINS3_19ClipboardFormatTypeENS6_8identityENS6_4lessIvEENSD_ISX_NSH_ISX_EEEEEEEE7RunOnceEPNS0_13BindStateBaseEOS13_ + 1828
42  libui_base_clipboard.dylib          0x00000001098dbfac base::OnceCallback<void (base::internal::flat_tree<ui::ClipboardFormatType, std::__Cr::identity, std::__Cr::less<void>, std::__Cr::vector<ui::ClipboardFormatType, std::__Cr::allocator<ui::ClipboardFormatType>>>)>::Run(base::internal::flat_tree<ui::ClipboardFormatType, std::__Cr::identity, std::__Cr::less<void>, std::__Cr::vector<ui::ClipboardFormatType, std::__Cr::allocator<ui::ClipboardFormatType>>>) && + 120
43  libui_base_clipboard.dylib          0x00000001098ef38c ui::ClipboardMac::GetAllAvailableFormats(ui::ClipboardBuffer, std::__Cr::optional<ui::DataTransferEndpoint> const&, base::OnceCallback<void (base::internal::flat_tree<ui::ClipboardFormatType, std::__Cr::identity, std::__Cr::less<void>, std::__Cr::vector<ui::ClipboardFormatType, std::__Cr::allocator<ui::ClipboardFormatType>>>)>) const + 1108
44  libui_base_clipboard.dylib          0x00000001098ef90c ui::ClipboardMac::GetStandardFormats(ui::ClipboardBuffer, std::__Cr::optional<ui::DataTransferEndpoint> const&, base::OnceCallback<void (std::__Cr::vector<std::__Cr::basic_string<char16_t, std::__Cr::char_traits<char16_t>, std::__Cr::allocator<char16_t>>, std::__Cr::allocator<std::__Cr::basic_string<char16_t, std::__Cr::char_traits<char16_t>, std::__Cr::allocator<char16_t>>>>)>) const + 164
45  libui_base_clipboard.dylib          0x00000001098efa28 ui::ClipboardMac::ReadAvailableTypes(ui::ClipboardBuffer, std::__Cr::optional<ui::DataTransferEndpoint> const&, base::OnceCallback<void (std::__Cr::vector<std::__Cr::basic_string<char16_t, std::__Cr::char_traits<char16_t>, std::__Cr::allocator<char16_t>>, std::__Cr::allocator<std::__Cr::basic_string<char16_t, std::__Cr::char_traits<char16_t>, std::__Cr::allocator<char16_t>>>>)>) const + 180
46  libchrome_dll.dylib                 0x00000001158e6fb0 ChromeWebContentsViewDelegateViewsMac::BuildMenuAsync(content::RenderFrameHost&, content::ContextMenuParams const&, base::OnceCallback<void (std::__Cr::unique_ptr<RenderViewContextMenuBase, std::__Cr::default_delete<RenderViewContextMenuBase>>)>) + 364
47  libchrome_dll.dylib                 0x00000001158e6d64 ChromeWebContentsViewDelegateViewsMac::ShowContextMenu(content::RenderFrameHost&, content::ContextMenuParams const&) + 124
48  libcontent.dylib                    0x0000000124db5c4c content::WebContentsImpl::ShowContextMenu(content::RenderFrameHostImpl&, mojo::PendingAssociatedRemote<blink::mojom::ContextMenuClient>, content::ContextMenuParams const&) + 376
49  libcontent.dylib                    0x0000000124ac9b08 content::RenderFrameHostImpl::ShowContextMenu(mojo::PendingAssociatedRemote<blink::mojom::ContextMenuClient>, blink::UntrustworthyContextMenuParams const&) + 512
50  libblink_common.dylib               0x000000010eb87e78 blink::mojom::LocalFrameHostStubDispatch::Accept(blink::mojom::LocalFrameHost*, mojo::Message*) + 548
51  libmojo_public_cpp_bindings.dylib   0x0000000104d8fbfc mojo::InterfaceEndpointClient::HandleValidatedMessage(mojo::Message*) + 1472
52  libmojo_public_cpp_bindings.dylib   0x0000000104d97df4 mojo::MessageDispatcher::Accept(mojo::Message*) + 236
53  libmojo_public_cpp_bindings.dylib   0x0000000104d9172c mojo::InterfaceEndpointClient::HandleIncomingMessage(mojo::Message*) + 148
54  libipc.dylib                        0x0000000108158928 IPC::ChannelAssociatedGroupController::AcceptOnEndpointThread(mojo::Message, IPC::(anonymous namespace)::ScopedUrgentMessageNotification) + 612
55  libipc.dylib                        0x00000001081592a8 base::internal::Invoker<base::internal::FunctorTraits<void (IPC::ChannelAssociatedGroupController::*&&)(mojo::Message, IPC::(anonymous namespace)::ScopedUrgentMessageNotification), IPC::ChannelAssociatedGroupController*&&, mojo::Message&&, IPC::(anonymous namespace)::ScopedUrgentMessageNotification&&>, base::internal::BindState<true, true, false, void (IPC::ChannelAssociatedGroupController::*)(mojo::Message, IPC::(anonymous namespace)::ScopedUrgentMessageNotification), scoped_refptr<IPC::ChannelAssociatedGroupController>, mojo::Message, IPC::(anonymous namespace)::ScopedUrgentMessageNotification>, void ()>::RunOnce(base::internal::BindStateBase*) + 152
56  libbase.dylib                       0x00000001057ce5d0 base::OnceCallback<void ()>::Run() && + 108
57  libbase.dylib                       0x00000001058a0654 base::TaskAnnotator::RunTaskImpl(base::PendingTask&) + 276
58  libbase.dylib                       0x00000001058d450c base::sequence_manager::internal::ThreadControllerWithMessagePumpImpl::DoWorkImpl(base::LazyNow*) + 1664
59  libbase.dylib                       0x00000001058d3c58 base::sequence_manager::internal::ThreadControllerWithMessagePumpImpl::DoWork() + 96
60  libbase.dylib                       0x0000000105974c00 base::MessagePumpCFRunLoopBase::RunWork() + 156
61  libbase.dylib                       0x000000010596ba84 base::apple::CallWithEHFrame(void () block_pointer) + 16
62  libbase.dylib                       0x00000001059743d0 base::MessagePumpCFRunLoopBase::RunWorkSource(void*) + 60
63  CoreFoundation                      0x00000001958fe944 __CFRUNLOOP_IS_CALLING_OUT_TO_A_SOURCE0_PERFORM_FUNCTION__ + 28
64  CoreFoundation                      0x00000001958fe8d8 __CFRunLoopDoSource0 + 224
65  CoreFoundation                      0x00000001958fe610 __CFRunLoopDoSources0 + 232
66  CoreFoundation                      0x00000001958fd1e0 __CFRunLoopRun + 832
67  CoreFoundation                      0x00000001959d782c _CFRunLoopRunSpecificWithOptions + 536
68  HIToolbox                           0x00000001a2d30590 RunCurrentEventLoopInMode + 320
69  HIToolbox                           0x00000001a2d3391c ReceiveNextEventCommon + 492
70  HIToolbox                           0x00000001a2eb6380 _BlockUntilNextEventMatchingListInMode + 48
71  AppKit                              0x000000019a1f729c _DPSBlockUntilNextEventMatchingListInMode + 292
72  AppKit                              0x0000000199eb44fc _DPSNextEvent + 580
73  AppKit                              0x000000019a72c748 -[NSApplication(NSEventRouting) _nextEventMatchingEventMask:untilDate:inMode:dequeue:] + 780
74  AppKit                              0x000000019a72c26c -[NSApplication(NSEventRouting) nextEventMatchingMask:untilDate:inMode:dequeue:] + 292
75  libcomponents_remote_cocoa_app_shim 0x0000000120ff15dc __64-[CrApplication nextEventMatchingMask:untilDate:inMode:dequeue:]_block_invoke + 64
76  libbase.dylib                       0x000000010596ba84 base::apple::CallWithEHFrame(void () block_pointer) + 16
77  libcomponents_remote_cocoa_app_shim 0x0000000120ff150c -[CrApplication nextEventMatchingMask:untilDate:inMode:dequeue:] + 176
78  AppKit                              0x0000000199ea790c -[NSApplication run] + 396
79  libbase.dylib                       0x00000001059755a0 base::MessagePumpNSApplication::DoRun(base::MessagePump::Delegate*) + 316
80  libbase.dylib                       0x0000000105973d14 base::MessagePumpCFRunLoopBase::Run(base::MessagePump::Delegate*) + 120
81  libbase.dylib                       0x00000001058d4fa8 base::sequence_manager::internal::ThreadControllerWithMessagePumpImpl::Run(bool, base::TimeDelta) + 684
82  libbase.dylib                       0x00000001058642bc base::RunLoop::Run(base::Location const&) + 436
83  libcontent.dylib                    0x000000012440c9b4 content::BrowserMainLoop::RunMainMessageLoop() + 232
84  libcontent.dylib                    0x000000012440ee44 content::BrowserMainRunnerImpl::Run() + 140
85  libcontent.dylib                    0x0000000124409eb8 content::BrowserMain(content::MainFunctionParams) + 132
86  libcontent.dylib                    0x000000012541cee0 content::RunBrowserProcessMain(content::MainFunctionParams, content::ContentMainDelegate*) + 136
87  libcontent.dylib                    0x000000012541e680 content::ContentMainRunnerImpl::RunBrowser(content::MainFunctionParams, bool) + 1356
88  libcontent.dylib                    0x000000012541e0d0 content::ContentMainRunnerImpl::Run() + 792
89  libcontent.dylib                    0x000000012541c56c content::RunContentProcess(content::ContentMainParams, content::ContentMainRunner*) + 1012
90  libcontent.dylib                    0x000000012541c730 content::ContentMain(content::ContentMainParams) + 112
91  libchrome_dll.dylib                 0x0000000112987184 ChromeMain + 388
92  AhoiBrowser                         0x0000000104bd46dc main + 292
93  dyld                                0x0000000195467e80 start + 6688
Task trace:
0   libipc.dylib                        0x0000000108154b8c IPC::ChannelAssociatedGroupController::Accept(mojo::Message*) + 1216
1   libmojo_public_system_cpp.dylib     0x0000000104f72714 mojo::SimpleWatcher::Context::Notify(unsigned int, MojoHandleSignalsState, unsigned int) + 316
Crash keys:
  "ax_focus_top_frame" = "id=1 rootWebArea FOCUSABLE name=page name_from=relatedElement url=http://127.0.0.1:8794/page.html clips_children child_ids=5 unignored_child_ids=2,7,8"
  "ax_focus" = "id=7 link FOCUSABLE HOVERED LINKED name=target link name_from=contents url=http://127.0.0.1:8794/target.html child_ids=3 unignored_child_ids=3"
  "ax_mode" = "kNativeAPIs | kWebContents"
  "component-extension-1" = "Chromium PDF Viewer"
  "num-component-extensions" = "1"
  "num-extensions" = "0"
  "chrome-trace-id" = "91804734170094340"
  "reentry_guard_tls_slot" = "389"
  "switch-5" = "about:blank"
  "switch-4" = "--remote-debugging-port=9347"
  "switch-3" = "--no-default-browser-check"
  "switch-2" = "--no-first-run"
  "switch-1" = "--user-data-dir=/private/tmp/ahoi-peek-profile.DXlOVw"
  "num-switches" = "9"
  "commandline-disabled-feature-21" = "AIWriterAPI"
  "commandline-disabled-feature-20" = "AISummarizationAPI"
  "commandline-disabled-feature-19" = "AIRewriterAPI"
  "commandline-disabled-feature-18" = "AIProofreadingAPI"
  "commandline-disabled-feature-17" = "AIPromptAPI"
  "commandline-disabled-feature-16" = "HistoryEmbeddingsAnswers"
  "commandline-disabled-feature-15" = "HistoryEmbeddings"
  "commandline-disabled-feature-14" = "BuiltInAIEagerInit"
  "commandline-disabled-feature-13" = "ModelQualityLogging"
  "commandline-disabled-feature-12" = "OptimizationGuideManifestBroker"
  "commandline-disabled-feature-11" = "OptimizationGuideOnDeviceModel"
  "commandline-disabled-feature-10" = "OptimizationGuideModelExecution"
  "commandline-disabled-feature-9" = "OptimizationHintsFetchingSRP"
  "commandline-disabled-feature-8" = "OptimizationHints"
  "commandline-disabled-feature-7" = "ContextualTasksContext"
  "commandline-disabled-feature-6" = "ContextualTasksSidePanel"
  "commandline-disabled-feature-5" = "ContextualTasks"
  "commandline-disabled-feature-4" = "AimServerRequestOnIdentityChangeEnabled"
  "commandline-disabled-feature-3" = "AimServerRequestOnStartupEnabled"
  "commandline-disabled-feature-2" = "AimServerEligibilityEnabled"
  "commandline-disabled-feature-1" = "AimEnabled"
  "commandline-enabled-feature-1" = "SplitViewHorizontal"
  "osarch" = "arm64"
  "pid" = "75819"
  "ptype" = "browser"

Received signal 6
0   libbase.dylib                       0x000000010595f9a8 base::debug::CollectStackTrace(base::span<void const*, 18446744073709551615ul, void const**>) + 24
1   libbase.dylib                       0x00000001059413a0 base::debug::StackTrace::StackTrace(unsigned long) + 224
2   libbase.dylib                       0x000000010595f894 base::debug::(anonymous namespace)::StackDumpSignalHandler(int, __siginfo*, void*) + 924
3   libsystem_platform.dylib            0x0000000195848144 _sigtramp + 56
4   libsystem_pthread.dylib             0x000000019583d97c pthread_kill + 296
5   libsystem_c.dylib                   0x0000000195740458 abort + 148
6   libbase.dylib                       0x00000001057f48bc logging::LogMessage::HandleFatal(unsigned long, std::__Cr::basic_string<char, std::__Cr::char_traits<char>, std::__Cr::allocator<char>> const&) const + 456
7   libbase.dylib                       0x00000001057f432c logging::LogMessage::Flush() + 1708
8   libbase.dylib                       0x00000001057f3bd0 logging::LogMessage::~LogMessage() + 36
9   libbase.dylib                       0x00000001057d37a0 logging::(anonymous namespace)::NotReachedLogMessage::~NotReachedLogMessage() + 76
10  libbase.dylib                       0x0000000105a50678 logging::NotReachedNoreturnError::~NotReachedNoreturnError() + 16
11  libbase.dylib                       0x0000000105a50688 base::debug::AsanHeapOverflow() + 0
12  libchrome_dll.dylib                 0x0000000115eec4dc (anonymous namespace)::FindUMAEnumValueForCommand(int, (anonymous namespace)::UmaEnumIdLookupType) + 0
13  libchrome_dll.dylib                 0x0000000117c5acd0 RenderViewContextMenuBase::ExecuteCommand(int, int) + 56
14  libchrome_dll.dylib                 0x0000000115eef3a8 RenderViewContextMenu::ExecuteCommand(int, int) + 44
15  libui_menus.dylib                   0x00000001065943f0 ui::SimpleMenuModel::ActivatedAt(unsigned long, int) + 136
16  libui_menus.dylib                   0x0000000106597688 -[MenuControllerCocoa itemSelected:] + 352
17  AppKit                              0x000000019a051610 -[NSApplication(NSResponder) sendAction:to:from:] + 540
18  libcomponents_remote_cocoa_app_shim 0x0000000120ff13c0 __36-[CrApplication sendAction:to:from:]_block_invoke + 60
19  libbase.dylib                       0x000000010596ba84 base::apple::CallWithEHFrame(void () block_pointer) + 16
20  libcomponents_remote_cocoa_app_shim 0x0000000120ff123c -[CrApplication sendAction:to:from:] + 720
21  AppKit                              0x000000019a4c4200 -[NSMenuItem _corePerformAction:] + 540
22  AppKit                              0x000000019a7592b8 _NSMenuPerformActionWithHighlighting + 156
23  AppKit                              0x000000019a1515cc -[NSMenu performActionForItemAtIndex:] + 208
24  AppKit                              0x000000019a4aec80 -[NSMenu _internalPerformActionForItemAtIndex:invocationType:] + 84
25  AppKit                              0x000000019a74e148 +[NSCocoaMenuImpl _performActionForMenuItem:invocationType:] + 180
26  AppKit                              0x000000019a46300c -[NSMenuTrackingSession _performPostTrackingDismissalActions] + 532
27  AppKit                              0x000000019a462b88 -[NSMenuTrackingSession startRunningMenuEventLoop:] + 1980
28  AppKit                              0x000000019a462210 -[NSMenuTrackingSession startMonitoringEvents:] + 284
29  AppKit                              0x000000019ac17f98 -[NSContextMenuTrackingSession startMonitoringEvents:] + 160
30  AppKit                              0x000000019a41609c +[NSContextMenuImpl presentPopup:fromView:withContext:animated:async:completionBlock:] + 1696
31  AppKit                              0x000000019a75a880 _NSPopUpMenu + 1992
32  AppKit                              0x000000019a760aec -[NSCocoaMenuImpl _popUpContextMenu:withEvent:forView:withFont:async:completionBlock:] + 328
33  AppKit                              0x000000019a4af4b4 -[NSMenu _popUpContextMenu:withEvent:forView:withFont:async:completionBlock:] + 384
34  libui_base.dylib                    0x0000000106ddf23c ui::ShowContextMenu(NSMenu*, NSEvent*, NSView*, bool, ui::ElementContext) + 276
35  libchrome_dll.dylib                 0x0000000114969e80 RenderViewContextMenuMacCocoa::Show() + 424
36  libchrome_dll.dylib                 0x00000001158e730c base::OnceCallback<void (std::__Cr::unique_ptr<RenderViewContextMenuBase, std::__Cr::default_delete<RenderViewContextMenuBase>>)>::Run(std::__Cr::unique_ptr<RenderViewContextMenuBase, std::__Cr::default_delete<RenderViewContextMenuBase>>) && + 120
37  libchrome_dll.dylib                 0x00000001158e7254 ChromeWebContentsViewDelegateViewsMac::OnGetAllAvailableFormats(content::GlobalRenderFrameHostId, content::ContextMenuParams const&, base::OnceCallback<void (std::__Cr::unique_ptr<RenderViewContextMenuBase, std::__Cr::default_delete<RenderViewContextMenuBase>>)>, base::internal::flat_tree<ui::ClipboardFormatType, std::__Cr::identity, std::__Cr::less<void>, std::__Cr::vector<ui::ClipboardFormatType, std::__Cr::allocator<ui::ClipboardFormatType>>>) + 220
38  libchrome_dll.dylib                 0x00000001158e7fe4 void base::internal::DecayedFunctorTraits<void (ChromeWebContentsViewDelegateViewsMac::*)(content::GlobalRenderFrameHostId, content::ContextMenuParams const&, base::OnceCallback<void (std::__Cr::unique_ptr<RenderViewContextMenuBase, std::__Cr::default_delete<RenderViewContextMenuBase>>)>, base::internal::flat_tree<ui::ClipboardFormatType, std::__Cr::identity, std::__Cr::less<void>, std::__Cr::vector<ui::ClipboardFormatType, std::__Cr::allocator<ui::ClipboardFormatType>>>), base::WeakPtr<ChromeWebContentsViewDelegateViewsMac>&&, content::GlobalRenderFrameHostId&&, content::ContextMenuParams&&, base::OnceCallback<void (std::__Cr::unique_ptr<RenderViewContextMenuBase, std::__Cr::default_delete<RenderViewContextMenuBase>>)>&&>::Invoke<void (ChromeWebContentsViewDelegateViewsMac::*)(content::GlobalRenderFrameHostId, content::ContextMenuParams const&, base::OnceCallback<void (std::__Cr::unique_ptr<RenderViewContextMenuBase, std::__Cr::default_delete<RenderViewContextMenuBase>>)>, base::internal::flat_tree<ui::ClipboardFormatType, std::__Cr::identity, std::__Cr::less<void>, std::__Cr::vector<ui::ClipboardFormatType, std::__Cr::allocator<ui::ClipboardFormatType>>>), base::WeakPtr<ChromeWebContentsViewDelegateViewsMac> const&, content::GlobalRenderFrameHostId, content::ContextMenuParams, base::OnceCallback<void (std::__Cr::unique_ptr<RenderViewContextMenuBase, std::__Cr::default_delete<RenderViewContextMenuBase>>)>, base::internal::flat_tree<ui::ClipboardFormatType, std::__Cr::identity, std::__Cr::less<void>, std::__Cr::vector<ui::ClipboardFormatType, std::__Cr::allocator<ui::ClipboardFormatType>>>>(void (ChromeWebContentsViewDelegateViewsMac::*)(content::GlobalRenderFrameHostId, content::ContextMenuParams const&, base::OnceCallback<void (std::__Cr::unique_ptr<RenderViewContextMenuBase, std::__Cr::default_delete<RenderViewContextMenuBase>>)>, base::internal::flat_tree<ui::ClipboardFormatType, std::__Cr::identity, std::__Cr::less<void>, std::__Cr::vector<ui::ClipboardFormatType, std::__Cr::allocator<ui::ClipboardFormatType>>>), base::WeakPtr<ChromeWebContentsViewDelegateViewsMac> const&, content::GlobalRenderFrameHostId&&, content::ContextMenuParams&&, base::OnceCallback<void (std::__Cr::unique_ptr<RenderViewContextMenuBase, std::__Cr::default_delete<RenderViewContextMenuBase>>)>&&, base::internal::flat_tree<ui::ClipboardFormatType, std::__Cr::identity, std::__Cr::less<void>, std::__Cr::vector<ui::ClipboardFormatType, std::__Cr::allocator<ui::ClipboardFormatType>>>&&) + 144
39  libui_base_clipboard.dylib          0x00000001098dbfac base::OnceCallback<void (base::internal::flat_tree<ui::ClipboardFormatType, std::__Cr::identity, std::__Cr::less<void>, std::__Cr::vector<ui::ClipboardFormatType, std::__Cr::allocator<ui::ClipboardFormatType>>>)>::Run(base::internal::flat_tree<ui::ClipboardFormatType, std::__Cr::identity, std::__Cr::less<void>, std::__Cr::vector<ui::ClipboardFormatType, std::__Cr::allocator<ui::ClipboardFormatType>>>) && + 120
40  libui_base_clipboard.dylib          0x00000001098ef38c ui::ClipboardMac::GetAllAvailableFormats(ui::ClipboardBuffer, std::__Cr::optional<ui::DataTransferEndpoint> const&, base::OnceCallback<void (base::internal::flat_tree<ui::ClipboardFormatType, std::__Cr::identity, std::__Cr::less<void>, std::__Cr::vector<ui::ClipboardFormatType, std::__Cr::allocator<ui::ClipboardFormatType>>>)>) const + 1108
41  libchrome_dll.dylib                 0x00000001158e710c ChromeWebContentsViewDelegateViewsMac::OnReadAvailableTypes(content::GlobalRenderFrameHostId, content::ContextMenuParams const&, std::__Cr::optional<ui::DataTransferEndpoint>, base::OnceCallback<void (std::__Cr::unique_ptr<RenderViewContextMenuBase, std::__Cr::default_delete<RenderViewContextMenuBase>>)>, std::__Cr::vector<std::__Cr::basic_string<char16_t, std::__Cr::char_traits<char16_t>, std::__Cr::allocator<char16_t>>, std::__Cr::allocator<std::__Cr::basic_string<char16_t, std::__Cr::char_traits<char16_t>, std::__Cr::allocator<char16_t>>>>) + 164
42  libchrome_dll.dylib                 0x00000001158e7b3c void base::internal::DecayedFunctorTraits<void (ChromeWebContentsViewDelegateViewsMac::*)(content::GlobalRenderFrameHostId, content::ContextMenuParams const&, std::__Cr::optional<ui::DataTransferEndpoint>, base::OnceCallback<void (std::__Cr::unique_ptr<RenderViewContextMenuBase, std::__Cr::default_delete<RenderViewContextMenuBase>>)>, std::__Cr::vector<std::__Cr::basic_string<char16_t, std::__Cr::char_traits<char16_t>, std::__Cr::allocator<char16_t>>, std::__Cr::allocator<std::__Cr::basic_string<char16_t, std::__Cr::char_traits<char16_t>, std::__Cr::allocator<char16_t>>>>), base::WeakPtr<ChromeWebContentsViewDelegateViewsMac>&&, content::GlobalRenderFrameHostId&&, content::ContextMenuParams&&, std::__Cr::optional<ui::DataTransferEndpoint>&&, base::OnceCallback<void (std::__Cr::unique_ptr<RenderViewContextMenuBase, std::__Cr::default_delete<RenderViewContextMenuBase>>)>&&>::Invoke<void (ChromeWebContentsViewDelegateViewsMac::*)(content::GlobalRenderFrameHostId, content::ContextMenuParams const&, std::__Cr::optional<ui::DataTransferEndpoint>, base::OnceCallback<void (std::__Cr::unique_ptr<RenderViewContextMenuBase, std::__Cr::default_delete<RenderViewContextMenuBase>>)>, std::__Cr::vector<std::__Cr::basic_string<char16_t, std::__Cr::char_traits<char16_t>, std::__Cr::allocator<char16_t>>, std::__Cr::allocator<std::__Cr::basic_string<char16_t, std::__Cr::char_traits<char16_t>, std::__Cr::allocator<char16_t>>>>), base::WeakPtr<ChromeWebContentsViewDelegateViewsMac> const&, content::GlobalRenderFrameHostId, content::ContextMenuParams, std::__Cr::optional<ui::DataTransferEndpoint>, base::OnceCallback<void (std::__Cr::unique_ptr<RenderViewContextMenuBase, std::__Cr::default_delete<RenderViewContextMenuBase>>)>, std::__Cr::vector<std::__Cr::basic_string<char16_t, std::__Cr::char_traits<char16_t>, std::__Cr::allocator<char16_t>>, std::__Cr::allocator<std::__Cr::basic_string<char16_t, std::__Cr::char_traits<char16_t>, std::__Cr::allocator<char16_t>>>>>(void (ChromeWebContentsViewDelegateViewsMac::*)(content::GlobalRenderFrameHostId, content::ContextMenuParams const&, std::__Cr::optional<ui::DataTransferEndpoint>, base::OnceCallback<void (std::__Cr::unique_ptr<RenderViewContextMenuBase, std::__Cr::default_delete<RenderViewContextMenuBase>>)>, std::__Cr::vector<std::__Cr::basic_string<char16_t, std::__Cr::char_traits<char16_t>, std::__Cr::allocator<char16_t>>, std::__Cr::allocator<std::__Cr::basic_string<char16_t, std::__Cr::char_traits<char16_t>, std::__Cr::allocator<char16_t>>>>), base::WeakPtr<ChromeWebContentsViewDelegateViewsMac> const&, content::GlobalRenderFrameHostId&&, content::ContextMenuParams&&, std::__Cr::optional<ui::DataTransferEndpoint>&&, base::OnceCallback<void (std::__Cr::unique_ptr<RenderViewContextMenuBase, std::__Cr::default_delete<RenderViewContextMenuBase>>)>&&, std::__Cr::vector<std::__Cr::basic_string<char16_t, std::__Cr::char_traits<char16_t>, std::__Cr::allocator<char16_t>>, std::__Cr::allocator<std::__Cr::basic_string<char16_t, std::__Cr::char_traits<char16_t>, std::__Cr::allocator<char16_t>>>>&&) + 200
43  libui_base_clipboard.dylib          0x00000001098d9c94 base::OnceCallback<void (std::__Cr::vector<std::__Cr::basic_string<char16_t, std::__Cr::char_traits<char16_t>, std::__Cr::allocator<char16_t>>, std::__Cr::allocator<std::__Cr::basic_string<char16_t, std::__Cr::char_traits<char16_t>, std::__Cr::allocator<char16_t>>>>)>::Run(std::__Cr::vector<std::__Cr::basic_string<char16_t, std::__Cr::char_traits<char16_t>, std::__Cr::allocator<char16_t>>, std::__Cr::allocator<std::__Cr::basic_string<char16_t, std::__Cr::char_traits<char16_t>, std::__Cr::allocator<char16_t>>>>) && + 120
44  libui_base_clipboard.dylib          0x00000001098f2fb4 _ZN4base8internal7InvokerINS0_13FunctorTraitsIOZNK2ui12ClipboardMac18ReadAvailableTypesENS3_15ClipboardBufferERKNSt4__Cr8optionalINS3_20DataTransferEndpointEEENS_12OnceCallbackIFvNS6_6vectorINS6_12basic_stringIDsNS6_11char_traitsIDsEENS6_9allocatorIDsEEEENSH_ISJ_EEEEEEEE3$_0JOSN_EEENS0_9BindStateILb0ELb0ELb0ESO_JSN_EEESM_E7RunOnceEPNS0_13BindStateBaseEOSL_ + 272
45  libui_base_clipboard.dylib          0x00000001098d9c94 base::OnceCallback<void (std::__Cr::vector<std::__Cr::basic_string<char16_t, std::__Cr::char_traits<char16_t>, std::__Cr::allocator<char16_t>>, std::__Cr::allocator<std::__Cr::basic_string<char16_t, std::__Cr::char_traits<char16_t>, std::__Cr::allocator<char16_t>>>>)>::Run(std::__Cr::vector<std::__Cr::basic_string<char16_t, std::__Cr::char_traits<char16_t>, std::__Cr::allocator<char16_t>>, std::__Cr::allocator<std::__Cr::basic_string<char16_t, std::__Cr::char_traits<char16_t>, std::__Cr::allocator<char16_t>>>>) && + 120
46  libui_base_clipboard.dylib          0x00000001098f2ae8 _ZN4base8internal7InvokerINS0_13FunctorTraitsIOZNK2ui12ClipboardMac18GetStandardFormatsENS3_15ClipboardBufferERKNSt4__Cr8optionalINS3_20DataTransferEndpointEEENS_12OnceCallbackIFvNS6_6vectorINS6_12basic_stringIDsNS6_11char_traitsIDsEENS6_9allocatorIDsEEEENSH_ISJ_EEEEEEEE3$_0JOS5_OS9_OSN_EEENS0_9BindStateILb0ELb0ELb0ESO_JS5_S9_SN_EEEFvNS0_9flat_treeINS3_19ClipboardFormatTypeENS6_8identityENS6_4lessIvEENSD_ISX_NSH_ISX_EEEEEEEE7RunOnceEPNS0_13BindStateBaseEOS13_ + 1828
47  libui_base_clipboard.dylib          0x00000001098dbfac base::OnceCallback<void (base::internal::flat_tree<ui::ClipboardFormatType, std::__Cr::identity, std::__Cr::less<void>, std::__Cr::vector<ui::ClipboardFormatType, std::__Cr::allocator<ui::ClipboardFormatType>>>)>::Run(base::internal::flat_tree<ui::ClipboardFormatType, std::__Cr::identity, std::__Cr::less<void>, std::__Cr::vector<ui::ClipboardFormatType, std::__Cr::allocator<ui::ClipboardFormatType>>>) && + 120
48  libui_base_clipboard.dylib          0x00000001098ef38c ui::ClipboardMac::GetAllAvailableFormats(ui::ClipboardBuffer, std::__Cr::optional<ui::DataTransferEndpoint> const&, base::OnceCallback<void (base::internal::flat_tree<ui::ClipboardFormatType, std::__Cr::identity, std::__Cr::less<void>, std::__Cr::vector<ui::ClipboardFormatType, std::__Cr::allocator<ui::ClipboardFormatType>>>)>) const + 1108
49  libui_base_clipboard.dylib          0x00000001098ef90c ui::ClipboardMac::GetStandardFormats(ui::ClipboardBuffer, std::__Cr::optional<ui::DataTransferEndpoint> const&, base::OnceCallback<void (std::__Cr::vector<std::__Cr::basic_string<char16_t, std::__Cr::char_traits<char16_t>, std::__Cr::allocator<char16_t>>, std::__Cr::allocator<std::__Cr::basic_string<char16_t, std::__Cr::char_traits<char16_t>, std::__Cr::allocator<char16_t>>>>)>) const + 164
50  libui_base_clipboard.dylib          0x00000001098efa28 ui::ClipboardMac::ReadAvailableTypes(ui::ClipboardBuffer, std::__Cr::optional<ui::DataTransferEndpoint> const&, base::OnceCallback<void (std::__Cr::vector<std::__Cr::basic_string<char16_t, std::__Cr::char_traits<char16_t>, std::__Cr::allocator<char16_t>>, std::__Cr::allocator<std::__Cr::basic_string<char16_t, std::__Cr::char_traits<char16_t>, std::__Cr::allocator<char16_t>>>>)>) const + 180
51  libchrome_dll.dylib                 0x00000001158e6fb0 ChromeWebContentsViewDelegateViewsMac::BuildMenuAsync(content::RenderFrameHost&, content::ContextMenuParams const&, base::OnceCallback<void (std::__Cr::unique_ptr<RenderViewContextMenuBase, std::__Cr::default_delete<RenderViewContextMenuBase>>)>) + 364
52  libchrome_dll.dylib                 0x00000001158e6d64 ChromeWebContentsViewDelegateViewsMac::ShowContextMenu(content::RenderFrameHost&, content::ContextMenuParams const&) + 124
53  libcontent.dylib                    0x0000000124db5c4c content::WebContentsImpl::ShowContextMenu(content::RenderFrameHostImpl&, mojo::PendingAssociatedRemote<blink::mojom::ContextMenuClient>, content::ContextMenuParams const&) + 376
54  libcontent.dylib                    0x0000000124ac9b08 content::RenderFrameHostImpl::ShowContextMenu(mojo::PendingAssociatedRemote<blink::mojom::ContextMenuClient>, blink::UntrustworthyContextMenuParams const&) + 512
55  libblink_common.dylib               0x000000010eb87e78 blink::mojom::LocalFrameHostStubDispatch::Accept(blink::mojom::LocalFrameHost*, mojo::Message*) + 548
56  libmojo_public_cpp_bindings.dylib   0x0000000104d8fbfc mojo::InterfaceEndpointClient::HandleValidatedMessage(mojo::Message*) + 1472
57  libmojo_public_cpp_bindings.dylib   0x0000000104d97df4 mojo::MessageDispatcher::Accept(mojo::Message*) + 236
58  libmojo_public_cpp_bindings.dylib   0x0000000104d9172c mojo::InterfaceEndpointClient::HandleIncomingMessage(mojo::Message*) + 148
59  libipc.dylib                        0x0000000108158928 IPC::ChannelAssociatedGroupController::AcceptOnEndpointThread(mojo::Message, IPC::(anonymous namespace)::ScopedUrgentMessageNotification) + 612
60  libipc.dylib                        0x00000001081592a8 base::internal::Invoker<base::internal::FunctorTraits<void (IPC::ChannelAssociatedGroupController::*&&)(mojo::Message, IPC::(anonymous namespace)::ScopedUrgentMessageNotification), IPC::ChannelAssociatedGroupController*&&, mojo::Message&&, IPC::(anonymous namespace)::ScopedUrgentMessageNotification&&>, base::internal::BindState<true, true, false, void (IPC::ChannelAssociatedGroupController::*)(mojo::Message, IPC::(anonymous namespace)::ScopedUrgentMessageNotification), scoped_refptr<IPC::ChannelAssociatedGroupController>, mojo::Message, IPC::(anonymous namespace)::ScopedUrgentMessageNotification>, void ()>::RunOnce(base::internal::BindStateBase*) + 152
61  libbase.dylib                       0x00000001057ce5d0 base::OnceCallback<void ()>::Run() && + 108
62  libbase.dylib                       0x00000001058a0654 base::TaskAnnotator::RunTaskImpl(base::PendingTask&) + 276
63  libbase.dylib                       0x00000001058d450c base::sequence_manager::internal::ThreadControllerWithMessagePumpImpl::DoWorkImpl(base::LazyNow*) + 1664
64  libbase.dylib                       0x00000001058d3c58 base::sequence_manager::internal::ThreadControllerWithMessagePumpImpl::DoWork() + 96
65  libbase.dylib                       0x0000000105974c00 base::MessagePumpCFRunLoopBase::RunWork() + 156
66  libbase.dylib                       0x000000010596ba84 base::apple::CallWithEHFrame(void () block_pointer) + 16
67  libbase.dylib                       0x00000001059743d0 base::MessagePumpCFRunLoopBase::RunWorkSource(void*) + 60
68  CoreFoundation                      0x00000001958fe944 __CFRUNLOOP_IS_CALLING_OUT_TO_A_SOURCE0_PERFORM_FUNCTION__ + 28
69  CoreFoundation                      0x00000001958fe8d8 __CFRunLoopDoSource0 + 224
70  CoreFoundation                      0x00000001958fe610 __CFRunLoopDoSources0 + 232
71  CoreFoundation                      0x00000001958fd1e0 __CFRunLoopRun + 832
72  CoreFoundation                      0x00000001959d782c _CFRunLoopRunSpecificWithOptions + 536
73  HIToolbox                           0x00000001a2d30590 RunCurrentEventLoopInMode + 320
74  HIToolbox                           0x00000001a2d3391c ReceiveNextEventCommon + 492
75  HIToolbox                           0x00000001a2eb6380 _BlockUntilNextEventMatchingListInMode + 48
76  AppKit                              0x000000019a1f729c _DPSBlockUntilNextEventMatchingListInMode + 292
77  AppKit                              0x0000000199eb44fc _DPSNextEvent + 580
78  AppKit                              0x000000019a72c748 -[NSApplication(NSEventRouting) _nextEventMatchingEventMask:untilDate:inMode:dequeue:] + 780
79  AppKit                              0x000000019a72c26c -[NSApplication(NSEventRouting) nextEventMatchingMask:untilDate:inMode:dequeue:] + 292
80  libcomponents_remote_cocoa_app_shim 0x0000000120ff15dc __64-[CrApplication nextEventMatchingMask:untilDate:inMode:dequeue:]_block_invoke + 64
81  libbase.dylib                       0x000000010596ba84 base::apple::CallWithEHFrame(void () block_pointer) + 16
82  libcomponents_remote_cocoa_app_shim 0x0000000120ff150c -[CrApplication nextEventMatchingMask:untilDate:inMode:dequeue:] + 176
83  AppKit                              0x0000000199ea790c -[NSApplication run] + 396
84  libbase.dylib                       0x00000001059755a0 base::MessagePumpNSApplication::DoRun(base::MessagePump::Delegate*) + 316
85  libbase.dylib                       0x0000000105973d14 base::MessagePumpCFRunLoopBase::Run(base::MessagePump::Delegate*) + 120
86  libbase.dylib                       0x00000001058d4fa8 base::sequence_manager::internal::ThreadControllerWithMessagePumpImpl::Run(bool, base::TimeDelta) + 684
87  libbase.dylib                       0x00000001058642bc base::RunLoop::Run(base::Location const&) + 436
88  libcontent.dylib                    0x000000012440c9b4 content::BrowserMainLoop::RunMainMessageLoop() + 232
89  libcontent.dylib                    0x000000012440ee44 content::BrowserMainRunnerImpl::Run() + 140
90  libcontent.dylib                    0x0000000124409eb8 content::BrowserMain(content::MainFunctionParams) + 132
91  libcontent.dylib                    0x000000012541cee0 content::RunBrowserProcessMain(content::MainFunctionParams, content::ContentMainDelegate*) + 136
92  libcontent.dylib                    0x000000012541e680 content::ContentMainRunnerImpl::RunBrowser(content::MainFunctionParams, bool) + 1356
93  libcontent.dylib                    0x000000012541e0d0 content::ContentMainRunnerImpl::Run() + 792
94  libcontent.dylib                    0x000000012541c56c content::RunContentProcess(content::ContentMainParams, content::ContentMainRunner*) + 1012
95  libcontent.dylib                    0x000000012541c730 content::ContentMain(content::ContentMainParams) + 112
96  libchrome_dll.dylib                 0x0000000112987184 ChromeMain + 388
97  AhoiBrowser                         0x0000000104bd46dc main + 292
98  dyld                                0x0000000195467e80 start + 6688
[end of stack trace]
[0925/221745.485292:WARNING:third_party/crashpad/crashpad/util/process/process_memory_mac.cc:94] mach_vm_read(0x16b228000, 0x8000): (os/kern) invalid address (1)
[0925/221746.660604:WARNING:third_party/crashpad/crashpad/util/numeric/in_range_cast.h:38] value -634136515 out of range
