warning: proceeding with explicit low-disk build override: 45.9 GiB available, 64.0 GiB recommended
==> host: macOS 26.6 (25G72), arm64
==> hardware: Apple M2 Max, 32 GiB RAM
==> toolchain (compatible-development): Xcode 26.6 Build version 17F113 , macOS SDK 26.5 (25F70), iOS SDK 26.5 (23F81a)
==> work root: /Volumes/Macintosh HD - Daten/Cloud/Projekte/Apps/Plattformuebergreifend/AhoiBrowser/.work
==> free disk: 45.9 GiB; required: 64.0 GiB
warning: proceeding with explicit low-disk build override: 45.9 GiB available, 64.0 GiB recommended
==> host check passed
==> Sparkle 2.9.6 verified from fetched-material receipt (ac2def288cbff5cfc7df3ffef6abdf45b72bcb0a)
warning: proceeding with explicit low-disk build override: 45.9 GiB available, 64.0 GiB recommended
==> host: macOS 26.6 (25G72), arm64
==> hardware: Apple M2 Max, 32 GiB RAM
==> toolchain (compatible-development): Xcode 26.6 Build version 17F113 , macOS SDK 26.5 (25F70), iOS SDK 26.5 (23F81a)
==> work root: /Volumes/Macintosh HD - Daten/Cloud/Projekte/Apps/Plattformuebergreifend/AhoiBrowser/.work
==> free disk: 45.9 GiB; required: 64.0 GiB
warning: proceeding with explicit low-disk build override: 45.9 GiB available, 64.0 GiB recommended
==> host check passed
/private/tmp/ahoi-native-sync-recovery.DxdGLK/repo/artifacts/build/chromium-dependencies.json
==> running Chromium hooks with compatible-development Xcode/SDK (overlay checkout)
________ running 'vpython3 -vpython-spec src/.vpython3 -vpython-tool install' in '/Volumes/Macintosh HD - Daten/Cloud/Projekte/Apps/Plattformuebergreifend/AhoiBrowser/.work/chromium'
________ running 'python3 src/build/landmines.py' in '/Volumes/Macintosh HD - Daten/Cloud/Projekte/Apps/Plattformuebergreifend/AhoiBrowser/.work/chromium'
________ running 'python3 src/third_party/depot_tools/update_depot_tools_toggle.py --disable' in '/Volumes/Macintosh HD - Daten/Cloud/Projekte/Apps/Plattformuebergreifend/AhoiBrowser/.work/chromium'
________ running 'python3 src/tools/remove_stale_files.py src/third_party/test_fonts/test_fonts.tar.gz src/third_party/node/node_modules.tar.gz src/third_party/tfhub_models src/tools/clang/crashreports' in '/Volumes/Macintosh HD - Daten/Cloud/Projekte/Apps/Plattformuebergreifend/AhoiBrowser/.work/chromium'
________ running 'python3 src/tools/remove_stale_pyc_files.py src/android_webview/tools src/build/android src/gpu/gles2_conform_support src/infra src/ppapi src/printing src/third_party/blink/renderer/build/scripts src/third_party/blink/tools src/third_party/catapult src/third_party/mako src/tools' in '/Volumes/Macintosh HD - Daten/Cloud/Projekte/Apps/Plattformuebergreifend/AhoiBrowser/.work/chromium'
________ running 'python3 src/build/mac_toolchain.py' in '/Volumes/Macintosh HD - Daten/Cloud/Projekte/Apps/Plattformuebergreifend/AhoiBrowser/.work/chromium'
Skipping Mac toolchain installation for mac
________ running 'python3 src/build/util/lastchange.py -o src/build/util/LASTCHANGE' in '/Volumes/Macintosh HD - Daten/Cloud/Projekte/Apps/Plattformuebergreifend/AhoiBrowser/.work/chromium'
________ running 'python3 src/build/util/lastchange.py -m GPU_LISTS_VERSION --revision-id-only --header src/gpu/config/gpu_lists_version.h' in '/Volumes/Macintosh HD - Daten/Cloud/Projekte/Apps/Plattformuebergreifend/AhoiBrowser/.work/chromium'
________ running 'python3 src/build/util/lastchange.py -m SKIA_COMMIT_HASH -s src/third_party/skia --header src/skia/ext/skia_commit_hash.h' in '/Volumes/Macintosh HD - Daten/Cloud/Projekte/Apps/Plattformuebergreifend/AhoiBrowser/.work/chromium'
________ running 'python3 src/build/util/lastchange.py -m DAWN_COMMIT_HASH -s src/third_party/dawn --revision src/gpu/webgpu/DAWN_VERSION --header src/gpu/webgpu/dawn_commit_hash.h' in '/Volumes/Macintosh HD - Daten/Cloud/Projekte/Apps/Plattformuebergreifend/AhoiBrowser/.work/chromium'
________ running 'python3 src/third_party/depot_tools/download_from_google_storage.py --no_resume --bucket chromium-browser-clang -s src/tools/clang/dsymutil/bin/dsymutil.arm64.sha1 -o src/tools/clang/dsymutil/bin/dsymutil' in '/Volumes/Macintosh HD - Daten/Cloud/Projekte/Apps/Plattformuebergreifend/AhoiBrowser/.work/chromium'
________ running 'python3 src/testing/generate_location_tags.py --out src/testing/location_tags.json' in '/Volumes/Macintosh HD - Daten/Cloud/Projekte/Apps/Plattformuebergreifend/AhoiBrowser/.work/chromium'
________ running 'python3 src/buildtools/reclient_cfgs/configure_reclient_cfgs.py --rbe_instance projects/rbe-chrome-untrusted/instances/default_instance --reproxy_cfg_template reproxy.cfg.template --rewrapper_cfg_project  --skip_remoteexec_cfg_fetch --quiet' in '/Volumes/Macintosh HD - Daten/Cloud/Projekte/Apps/Plattformuebergreifend/AhoiBrowser/.work/chromium'
________ running 'python3 src/build/config/siso/configure_siso.py --rbe_instance projects/rbe-chrome-untrusted/instances/default_instance --reapi_instance  --reapi_address  --reapi_backend_config_path  --credential-helper ' in '/Volumes/Macintosh HD - Daten/Cloud/Projekte/Apps/Plattformuebergreifend/AhoiBrowser/.work/chromium'
________ running 'python3 src/build/util/tast_control.py -o src/chromeos/tast_control.gni -t src/chromeos/tast_control.gni.template -i src/chromeos/tast_control_disabled_tests.txt --input-public src/chromeos/tast_control_disabled_tests_public_builders.txt -f src/chromeos/tast_control_flaky_tests.txt' in '/Volumes/Macintosh HD - Daten/Cloud/Projekte/Apps/Plattformuebergreifend/AhoiBrowser/.work/chromium'
________ running 'vpython3 scripts/deps/sync_rollup_libs.py' in '/Volumes/Macintosh HD - Daten/Cloud/Projekte/Apps/Plattformuebergreifend/AhoiBrowser/.work/chromium/src/third_party/devtools-frontend/src'
/private/tmp/ahoi-native-sync-recovery.DxdGLK/repo/artifacts/build/chromium-dependencies.json
==> pinned Chromium hooks verified: /Volumes/Macintosh HD - Daten/Cloud/Projekte/Apps/Plattformuebergreifend/AhoiBrowser/.work/state/hooks-fc4d67f1788019a27e32511137ceccbd2fafdaaa.json
==> generating Ahoi dev build
==> applying chromium-rust-depfile-space-paths and v8-inspector-protocol-relative-depfile-paths only for gn gen and autoninja
Done. Made 32148 targets from 4939 files in 33228ms
ninja: Entering directory `/Volumes/Macintosh HD - Daten/Cloud/Projekte/Apps/Plattformuebergreifend/AhoiBrowser/.work/chromium/src/out/AhoiDev'
[0/1] Regenerating ninja files
[1/82] CXX obj/ahoi/browser/sync/profile_sync_service/profile_sync_backend_bookmarks.o
[2/82] CXX obj/ahoi/browser/sync/profile_sync_service/native_tree_sync_journal.o
[3/82] CXX obj/ahoi/browser/sync/profile_sync_service/profile_sync_backend.o
[4/82] CXX obj/ahoi/browser/sync/profile_sync_service/profile_sync_backend_provider.o
[5/82] CXX obj/ahoi/browser/sync/profile_sync_service/profile_sync_backend_settings.o
[6/82] CXX obj/ahoi/browser/sync/profile_sync_service/profile_sync_backend_shared_tabs.o
[7/82] CXX obj/ahoi/browser/sync/profile_sync_service/profile_sync_service_authorization.o
[8/82] CXX obj/ahoi/browser/sync/profile_sync_service/profile_sync_service.o
[9/82] CXX obj/ahoi/browser/sync/profile_sync_service/profile_sync_service_bookmarks.o
[10/82] CXX obj/ahoi/browser/sync/profile_sync_service/profile_sync_service_extension_setup.o
[11/82] CXX obj/ahoi/browser/sync/profile_sync_service/profile_sync_service_factory.o
[12/82] CXX obj/ahoi/browser/sync/profile_sync_service/profile_sync_service_extension_storage.o
[13/82] CXX obj/ahoi/browser/sync/profile_sync_service/profile_sync_service_history.o
[14/82] CXX obj/ahoi/browser/sync/profile_sync_service/profile_sync_service_search_setting.o
[15/82] CXX obj/ahoi/browser/sync/profile_sync_service/profile_sync_service_product.o
[16/82] CXX obj/ahoi/browser/sync/profile_sync_service/profile_sync_service_settings.o
[17/82] CXX obj/ahoi/browser/sync/profile_sync_service/profile_sync_service_shared_capture.o
[18/82] CXX obj/ahoi/browser/sync/profile_sync_service/profile_sync_service_shared_projection.o
[19/82] CXX obj/ahoi/browser/sync/sync/bookmark_sync_journal.o
[20/82] CXX obj/ahoi/browser/sync/sync/bookmark_sync_journal_receipts.o
[21/82] CXX obj/ahoi/browser/sync/sync/sync_provider.o
[22/82] CXX obj/ahoi/browser/sync/sync/device_tabs_service.o
[23/82] CXX obj/ahoi/browser/sync/sync/sync_pump.o
[24/82] CXX obj/ahoi/browser/sync/sync/sync_store.o
[25/82] CXX obj/ahoi/browser/sync/sync/sync_store_acknowledgements.o
[26/82] CXX obj/ahoi/browser/sync/sync/sync_store_local.o
[27/82] CXX obj/ahoi/browser/sync/sync/sync_store_maintenance.o
[28/82] CXX obj/ahoi/browser/sync/sync/sync_store_replay.o
[29/82] CXX obj/ahoi/browser/sync/sync/sync_store_schema.o
[30/82] OBJCXX obj/ahoi/browser/sync/sync/cloudkit_sync_provider_mac.o
[31/82] OBJCXX obj/ahoi/browser/sync/sync/cloudkit_sync_provider_mac_persistence.o
[32/82] OBJCXX obj/ahoi/browser/sync/sync/cloudkit_sync_provider_mac_consent.o
[33/82] OBJCXX obj/ahoi/browser/sync/sync/cloudkit_sync_record_codec_mac.o
[34/82] CXX obj/ahoi/browser/ui/settings/settings_handler/ahoi_settings_handler.o
[35/82] CXX obj/ahoi/browser/ui/sidebar/browser_sidebar/browser_sidebar_host.o
[36/82] CXX obj/ahoi/browser/ui/sidebar/browser_sidebar/browser_sidebar_host_command_dispatch.o
[37/82] CXX obj/ahoi/browser/ui/sidebar/browser_sidebar/browser_sidebar_host_context_menu.o
[38/82] CXX obj/ahoi/browser/ui/sidebar/browser_sidebar/browser_sidebar_host_device_tabs.o
[39/82] CXX obj/ahoi/browser/ui/sidebar/browser_sidebar/browser_sidebar_host_drag_presentation.o
[40/82] CXX obj/ahoi/browser/ui/sidebar/browser_sidebar/browser_sidebar_host_discovery.o
[41/82] CXX obj/ahoi/browser/ui/sidebar/browser_sidebar/browser_sidebar_host_drag_routing.o
[42/82] CXX obj/ahoi/browser/ui/sidebar/browser_sidebar/browser_sidebar_host_core.o
[43/82] CXX obj/ahoi/browser/ui/sidebar/browser_sidebar/browser_sidebar_host_group_dialog.o
[44/82] CXX obj/ahoi/browser/ui/sidebar/browser_sidebar/browser_sidebar_host_media.o
[45/82] CXX obj/ahoi/browser/ui/sidebar/browser_sidebar/browser_sidebar_host_page_actions.o
[46/82] CXX obj/ahoi/browser/ui/sidebar/browser_sidebar/browser_sidebar_host_layout.o
[47/82] CXX obj/ahoi/browser/ui/sidebar/browser_sidebar/browser_sidebar_host_previews.o
[48/82] CXX obj/ahoi/browser/ui/sidebar/browser_sidebar/browser_sidebar_host_presentation.o
[49/82] CXX obj/ahoi/browser/ui/sidebar/browser_sidebar/browser_sidebar_host_runtime_refresh.o
[50/82] CXX obj/ahoi/browser/ui/sidebar/browser_sidebar/browser_sidebar_host_recent_links.o
[51/82] CXX obj/ahoi/browser/ui/sidebar/browser_sidebar/browser_sidebar_host_split_actions.o
[52/82] CXX obj/ahoi/browser/ui/sidebar/browser_sidebar/browser_sidebar_host_runtime_actions.o
[53/82] CXX obj/ahoi/browser/ui/sidebar/browser_sidebar/browser_sidebar_host_tree_actions.o
[54/82] CXX obj/ahoi/browser/ui/sidebar/browser_sidebar/browser_sidebar_host_workspace_dialog.o
[55/82] CXX obj/ahoi/browser/ui/sidebar/browser_sidebar/sidebar_bookmark_sync_control.o
[56/82] CXX obj/ahoi/browser/ui/sidebar/browser_sidebar/browser_sidebar_host_workspace_transition.o
[57/82] CXX obj/ahoi/browser/ui/sidebar/browser_sidebar/sidebar_sync_setup_controls.o
[58/82] CXX obj/ahoi/browser/ui/sidebar/browser_sidebar/sidebar_sync_controls.o
[59/82] CXX obj/ahoi/browser/session/session/session_bridge_extension_setup.o
[60/82] CXX obj/chrome/browser/ui/webui/settings/impl/settings_ui.o
[61/82] SOLINK libchrome_dll.dylib libchrome_dll.dylib.TOC
==> restored Chromium and V8 sources after timestamp-stable temporary build workarounds
==> staged current component framework and verified its resource manifest
==> staged 533 component runtime dylibs into the portable development app
==> stamped product/revision provenance and fail-closed Sparkle 2.9.6 configuration into Info.plist
/Volumes/Macintosh HD - Daten/Cloud/Projekte/Apps/Plattformuebergreifend/AhoiBrowser/.work/chromium/src/out/AhoiDev/AhoiBrowser.app/Contents/Frameworks/AhoiBrowser Framework.framework/Versions/Current/Helpers/AhoiBrowser Helper (Alerts).app: replacing existing signature
/Volumes/Macintosh HD - Daten/Cloud/Projekte/Apps/Plattformuebergreifend/AhoiBrowser/.work/chromium/src/out/AhoiDev/AhoiBrowser.app/Contents/Frameworks/AhoiBrowser Framework.framework/Versions/Current/Helpers/AhoiBrowser Helper (GPU).app: replacing existing signature
/Volumes/Macintosh HD - Daten/Cloud/Projekte/Apps/Plattformuebergreifend/AhoiBrowser/.work/chromium/src/out/AhoiDev/AhoiBrowser.app/Contents/Frameworks/AhoiBrowser Framework.framework/Versions/Current/Helpers/AhoiBrowser Helper (Renderer).app: replacing existing signature
/Volumes/Macintosh HD - Daten/Cloud/Projekte/Apps/Plattformuebergreifend/AhoiBrowser/.work/chromium/src/out/AhoiDev/AhoiBrowser.app/Contents/Frameworks/AhoiBrowser Framework.framework/Versions/Current/Helpers/AhoiBrowser Helper.app: replacing existing signature
/Volumes/Macintosh HD - Daten/Cloud/Projekte/Apps/Plattformuebergreifend/AhoiBrowser/.work/chromium/src/out/AhoiDev/AhoiBrowser.app/Contents/Frameworks/AhoiBrowser Framework.framework: replacing existing signature
/Volumes/Macintosh HD - Daten/Cloud/Projekte/Apps/Plattformuebergreifend/AhoiBrowser/.work/chromium/src/out/AhoiDev/AhoiBrowser.app: replacing existing signature
==> signed development app with stable identity: Apple Development: Christian Voss (2265UJB5KF)
==> verified nested development code
==> portable component runtime: 533 verified dylibs; 238 verified framework resources
==> bundle: AhoiBrowser 0.0.1 (app.ahoibrowser.AhoiBrowser)
==> Ahoi product/build/channel: 0.0.1-dev (1, nightly)
==> Ahoi source: 455f1bbf6190f1970d096120e36669b48082af65
==> Chromium: 152.0.7977.65 (fc4d67f1788019a27e32511137ceccbd2fafdaaa); dev GN args: 866027eb6fc429784f9cc95557344d2c8bc0be2ac554a6fcff932197e4e81c64
==> Sparkle: 2.9.6; reviewed feed configured: false
==> binary: /Volumes/Macintosh HD - Daten/Cloud/Projekte/Apps/Plattformuebergreifend/AhoiBrowser/.work/chromium/src/out/AhoiDev/AhoiBrowser.app/Contents/MacOS/AhoiBrowser: Mach-O 64-bit executable arm64
==> binary SHA-256: e206ffd48ea913dd2ab3e9332cc377d06c1006e753d7402506c6b374e491e66c
/private/tmp/ahoi-native-sync-recovery.DxdGLK/repo/artifacts/build/ahoi-dev-build.json
==> Ahoi dev build complete: /Volumes/Macintosh HD - Daten/Cloud/Projekte/Apps/Plattformuebergreifend/AhoiBrowser/.work/chromium/src/out/AhoiDev/AhoiBrowser.app
