objc[59161]: Class ANGLESwapCGLLayer is implemented in both /Applications/AhoiBrowser.app/Contents/Frameworks/libblink_modules.dylib (0x1403a4a50) and /Applications/AhoiBrowser.app/Contents/Frameworks/libgl_init.dylib (0x12547ca50). This may cause spurious casting failures and mysterious crashes. One of the duplicates must be removed or renamed.
objc[59161]: Class CrashpadHTTPBodyStreamTransport is implemented in both /Applications/AhoiBrowser.app/Contents/Frameworks/libbrowser_ui_views.dylib (0x10e548188) and /Applications/AhoiBrowser.app/Contents/Frameworks/libchrome_dll.dylib (0x11506e430). This may cause spurious casting failures and mysterious crashes. One of the duplicates must be removed or renamed.
[59161:31282332:0926/032200.428622:ERROR:chrome/browser/mac/code_sign_clone_manager.mm:98] error removing quarantine attribute "/var/folders/zn/wn74lz2s2bsfp734gbqytmpr0000gn/X/"
[59161:31282332:0926/032200.491143:ERROR:chrome/browser/mac/code_sign_clone_manager.mm:98] error removing quarantine attribute "/var/folders/zn/wn74lz2s2bsfp734gbqytmpr0000gn/X/"
[59161:31282063:0926/032200.605621:WARNING:chrome/browser/signin/account_consistency_mode_manager.cc:74] Desktop Identity Consistency cannot be enabled as no OAuth client ID and client secret have been configured.

DevTools listening on ws://127.0.0.1:9345/devtools/browser/a7afc172-be7a-4040-bd27-74de3033b638
[59161:31282063:0926/032201.052778:VERBOSE1:ahoi/browser/navigation/keyboard_shortcut_registration.cc:57] Ahoi shortcut registered: alt+9
[59161:31282063:0926/032201.052815:VERBOSE1:ahoi/browser/navigation/keyboard_shortcut_registration.cc:57] Ahoi shortcut registered: cmd+alt+37
[59161:31282063:0926/032201.052830:VERBOSE1:ahoi/browser/navigation/keyboard_shortcut_registration.cc:57] Ahoi shortcut registered: cmd+alt+39
[59161:31282063:0926/032201.052842:VERBOSE1:ahoi/browser/navigation/keyboard_shortcut_registration.cc:57] Ahoi shortcut registered: ctrl+49
[59161:31282063:0926/032201.052851:VERBOSE1:ahoi/browser/navigation/keyboard_shortcut_registration.cc:57] Ahoi shortcut registered: ctrl+50
[59161:31282063:0926/032201.052862:VERBOSE1:ahoi/browser/navigation/keyboard_shortcut_registration.cc:57] Ahoi shortcut registered: ctrl+51
[59161:31282063:0926/032201.052876:VERBOSE1:ahoi/browser/navigation/keyboard_shortcut_registration.cc:57] Ahoi shortcut registered: ctrl+52
[59161:31282063:0926/032201.052883:VERBOSE1:ahoi/browser/navigation/keyboard_shortcut_registration.cc:57] Ahoi shortcut registered: ctrl+53
[59161:31282063:0926/032201.052896:VERBOSE1:ahoi/browser/navigation/keyboard_shortcut_registration.cc:57] Ahoi shortcut registered: ctrl+54
[59161:31282063:0926/032201.052906:VERBOSE1:ahoi/browser/navigation/keyboard_shortcut_registration.cc:57] Ahoi shortcut registered: ctrl+55
[59161:31282063:0926/032201.052918:VERBOSE1:ahoi/browser/navigation/keyboard_shortcut_registration.cc:57] Ahoi shortcut registered: ctrl+56
[59161:31282063:0926/032201.052932:VERBOSE1:ahoi/browser/navigation/keyboard_shortcut_registration.cc:57] Ahoi shortcut registered: ctrl+57
[59161:31282063:0926/032201.052947:VERBOSE1:ahoi/browser/navigation/keyboard_shortcut_registration.cc:57] Ahoi shortcut registered: cmd+shift+83
[59161:31282063:0926/032201.052960:VERBOSE1:ahoi/browser/navigation/keyboard_shortcut_registration.cc:57] Ahoi shortcut registered: cmd+shift+72
[59161:31282063:0926/032201.052973:VERBOSE1:ahoi/browser/navigation/keyboard_shortcut_registration.cc:57] Ahoi shortcut registered: cmd+shift+70
[59161:31282063:0926/032201.052986:VERBOSE1:ahoi/browser/navigation/keyboard_shortcut_registration.cc:57] Ahoi shortcut registered: cmd+ctrl+49
[59161:31282063:0926/032201.052998:VERBOSE1:ahoi/browser/navigation/keyboard_shortcut_registration.cc:57] Ahoi shortcut registered: cmd+ctrl+50
[59161:31282063:0926/032201.053005:VERBOSE1:ahoi/browser/navigation/keyboard_shortcut_registration.cc:57] Ahoi shortcut registered: cmd+ctrl+51
[59161:31282063:0926/032201.053019:VERBOSE1:ahoi/browser/navigation/keyboard_shortcut_registration.cc:57] Ahoi shortcut registered: cmd+ctrl+52
[59161:31282063:0926/032201.053032:VERBOSE1:ahoi/browser/navigation/keyboard_shortcut_registration.cc:57] Ahoi shortcut registered: cmd+ctrl+shift+37
[59161:31282063:0926/032201.053072:VERBOSE1:ahoi/browser/navigation/keyboard_shortcut_registration.cc:57] Ahoi shortcut registered: cmd+ctrl+shift+39
[59161:31282063:0926/032201.053078:VERBOSE1:ahoi/browser/navigation/keyboard_shortcut_registration.cc:57] Ahoi shortcut registered: cmd+ctrl+37
[59161:31282063:0926/032201.053083:VERBOSE1:ahoi/browser/navigation/keyboard_shortcut_registration.cc:57] Ahoi shortcut registered: cmd+ctrl+39
[59161:31282063:0926/032201.053088:VERBOSE1:ahoi/browser/navigation/keyboard_shortcut_registration.cc:57] Ahoi shortcut registered: cmd+ctrl+76
[59161:31282063:0926/032201.053093:VERBOSE1:ahoi/browser/navigation/keyboard_shortcut_registration.cc:57] Ahoi shortcut registered: cmd+ctrl+48
[59161:31282063:0926/032201.053099:VERBOSE1:ahoi/browser/navigation/keyboard_shortcut_registration.cc:57] Ahoi shortcut registered: cmd+ctrl+87
[59161:31282063:0926/032201.198354:ERROR:ahoi/browser/updater/sparkle_runtime_mac.mm:148] Ahoi updater disabled (fail closed): missing-feed-url
objc[59192]: Class ANGLESwapCGLLayer is implemented in both /Applications/AhoiBrowser.app/Contents/Frameworks/libblink_modules.dylib (0x143f0ca50) and /Applications/AhoiBrowser.app/Contents/Frameworks/libgl_init.dylib (0x128fe4a50). This may cause spurious casting failures and mysterious crashes. One of the duplicates must be removed or renamed.
objc[59192]: Class CrashpadHTTPBodyStreamTransport is implemented in both /Applications/AhoiBrowser.app/Contents/Frameworks/libbrowser_ui_views.dylib (0x120668188) and /Applications/AhoiBrowser.app/Contents/Frameworks/libchrome_dll.dylib (0x118bd6430). This may cause spurious casting failures and mysterious crashes. One of the duplicates must be removed or renamed.
objc[59191]: Class ANGLESwapCGLLayer is implemented in both /Applications/AhoiBrowser.app/Contents/Frameworks/libblink_modules.dylib (0x143a44a50) and /Applications/AhoiBrowser.app/Contents/Frameworks/libgl_init.dylib (0x128b1ca50). This may cause spurious casting failures and mysterious crashes. One of the duplicates must be removed or renamed.
objc[59191]: Class CrashpadHTTPBodyStreamTransport is implemented in both /Applications/AhoiBrowser.app/Contents/Frameworks/libbrowser_ui_views.dylib (0x111c0c188) and /Applications/AhoiBrowser.app/Contents/Frameworks/libchrome_dll.dylib (0x11870e430). This may cause spurious casting failures and mysterious crashes. One of the duplicates must be removed or renamed.
objc[59194]: Class ANGLESwapCGLLayer is implemented in both /Applications/AhoiBrowser.app/Contents/Frameworks/libblink_modules.dylib (0x142204a50) and /Applications/AhoiBrowser.app/Contents/Frameworks/libgl_init.dylib (0x1272dca50). This may cause spurious casting failures and mysterious crashes. One of the duplicates must be removed or renamed.
objc[59194]: Class CrashpadHTTPBodyStreamTransport is implemented in both /Applications/AhoiBrowser.app/Contents/Frameworks/libbrowser_ui_views.dylib (0x1103a0188) and /Applications/AhoiBrowser.app/Contents/Frameworks/libchrome_dll.dylib (0x116ece430). This may cause spurious casting failures and mysterious crashes. One of the duplicates must be removed or renamed.
objc[59190]: Class ANGLESwapCGLLayer is implemented in both /Applications/AhoiBrowser.app/Contents/Frameworks/libblink_modules.dylib (0x14055ca50) and /Applications/AhoiBrowser.app/Contents/Frameworks/libgl_init.dylib (0x125634a50). This may cause spurious casting failures and mysterious crashes. One of the duplicates must be removed or renamed.
objc[59190]: Class CrashpadHTTPBodyStreamTransport is implemented in both /Applications/AhoiBrowser.app/Contents/Frameworks/libbrowser_ui_views.dylib (0x11c2fc188) and /Applications/AhoiBrowser.app/Contents/Frameworks/libchrome_dll.dylib (0x115226430). This may cause spurious casting failures and mysterious crashes. One of the duplicates must be removed or renamed.
objc[59196]: Class ANGLESwapCGLLayer is implemented in both /Applications/AhoiBrowser.app/Contents/Frameworks/libblink_modules.dylib (0x1439b8a50) and /Applications/AhoiBrowser.app/Contents/Frameworks/libgl_init.dylib (0x128a90a50). This may cause spurious casting failures and mysterious crashes. One of the duplicates must be removed or renamed.
objc[59196]: Class CrashpadHTTPBodyStreamTransport is implemented in both /Applications/AhoiBrowser.app/Contents/Frameworks/libbrowser_ui_views.dylib (0x12008c188) and /Applications/AhoiBrowser.app/Contents/Frameworks/libchrome_dll.dylib (0x118682430). This may cause spurious casting failures and mysterious crashes. One of the duplicates must be removed or renamed.
objc[59199]: Class ANGLESwapCGLLayer is implemented in both /Applications/AhoiBrowser.app/Contents/Frameworks/libblink_modules.dylib (0x13fe58a50) and /Applications/AhoiBrowser.app/Contents/Frameworks/libgl_init.dylib (0x124f30a50). This may cause spurious casting failures and mysterious crashes. One of the duplicates must be removed or renamed.
objc[59198]: Class ANGLESwapCGLLayer is implemented in both /Applications/AhoiBrowser.app/Contents/Frameworks/libblink_modules.dylib (0x144408a50) and /Applications/AhoiBrowser.app/Contents/Frameworks/libgl_init.dylib (0x1294e0a50). This may cause spurious casting failures and mysterious crashes. One of the duplicates must be removed or renamed.
objc[59199]: Class CrashpadHTTPBodyStreamTransport is implemented in both /Applications/AhoiBrowser.app/Contents/Frameworks/libbrowser_ui_views.dylib (0x11c52c188) and /Applications/AhoiBrowser.app/Contents/Frameworks/libchrome_dll.dylib (0x114b22430). This may cause spurious casting failures and mysterious crashes. One of the duplicates must be removed or renamed.
objc[59198]: Class CrashpadHTTPBodyStreamTransport is implemented in both /Applications/AhoiBrowser.app/Contents/Frameworks/libbrowser_ui_views.dylib (0x1204a0188) and /Applications/AhoiBrowser.app/Contents/Frameworks/libchrome_dll.dylib (0x1190d2430). This may cause spurious casting failures and mysterious crashes. One of the duplicates must be removed or renamed.
[59161:31282063:0926/032205.414501:VERBOSE1:ahoi/browser/session/session_bridge_session.cc:549] Ahoi persist window metadata: workspace=83699047-edf8-580d-948d-9c37acc35cb6 service=1 window_id_valid=1
[59161:31282063:0926/032205.416552:VERBOSE1:ahoi/browser/session/session_bridge_session.cc:465] Ahoi last-used record: index 0 url=about:blank
[59161:31282063:0926/032205.418316:VERBOSE1:ahoi/browser/session/session_bridge_session.cc:465] Ahoi last-used record: index 0 url=about:blank
[59161:31282063:0926/032205.418473:VERBOSE1:ahoi/browser/session/session_bridge_session.cc:549] Ahoi persist window metadata: workspace=83699047-edf8-580d-948d-9c37acc35cb6 service=1 window_id_valid=1
[59161:31282063:0926/032210.459494:VERBOSE1:ahoi/browser/session/session_bridge_session.cc:465] Ahoi last-used record: index 1 url=http://127.0.0.1:8792/alpha.html
[59161:31282063:0926/032210.465637:VERBOSE1:ahoi/browser/session/session_bridge_session.cc:465] Ahoi last-used record: index 1 url=http://127.0.0.1:8792/alpha.html
[59161:31282063:0926/032210.466258:VERBOSE1:ahoi/browser/session/session_bridge_session.cc:465] Ahoi last-used record: index 1 url=http://127.0.0.1:8792/alpha.html
[59161:31282063:0926/032210.489793:VERBOSE1:ahoi/browser/session/session_bridge_session.cc:465] Ahoi last-used record: index 1 url=http://127.0.0.1:8792/alpha.html
[59161:31282063:0926/032210.503747:VERBOSE1:ahoi/browser/session/session_bridge_session.cc:465] Ahoi last-used record: index 1 url=http://127.0.0.1:8792/alpha.html
objc[59406]: Class ANGLESwapCGLLayer is implemented in both /Applications/AhoiBrowser.app/Contents/Frameworks/libblink_modules.dylib (0x140014a50) and /Applications/AhoiBrowser.app/Contents/Frameworks/libgl_init.dylib (0x1250eca50). This may cause spurious casting failures and mysterious crashes. One of the duplicates must be removed or renamed.
objc[59406]: Class CrashpadHTTPBodyStreamTransport is implemented in both /Applications/AhoiBrowser.app/Contents/Frameworks/libbrowser_ui_views.dylib (0x11bcb0188) and /Applications/AhoiBrowser.app/Contents/Frameworks/libchrome_dll.dylib (0x114cde430). This may cause spurious casting failures and mysterious crashes. One of the duplicates must be removed or renamed.
[59161:31282063:0926/032217.613983:VERBOSE1:ahoi/browser/session/session_bridge_session.cc:465] Ahoi last-used record: index 2 url=http://127.0.0.1:8792/beta.html
[59161:31282063:0926/032217.624201:VERBOSE1:ahoi/browser/session/session_bridge_session.cc:465] Ahoi last-used record: index 2 url=http://127.0.0.1:8792/beta.html
[59161:31282063:0926/032217.624848:VERBOSE1:ahoi/browser/session/session_bridge_session.cc:465] Ahoi last-used record: index 2 url=http://127.0.0.1:8792/beta.html
[59161:31282063:0926/032217.628236:VERBOSE1:ahoi/browser/session/session_bridge_session.cc:465] Ahoi last-used record: index 2 url=http://127.0.0.1:8792/beta.html
[59161:31282063:0926/032217.638786:VERBOSE1:ahoi/browser/session/session_bridge_session.cc:465] Ahoi last-used record: index 2 url=http://127.0.0.1:8792/beta.html
objc[59481]: Class ANGLESwapCGLLayer is implemented in both /Applications/AhoiBrowser.app/Contents/Frameworks/libblink_modules.dylib (0x141f58a50) and /Applications/AhoiBrowser.app/Contents/Frameworks/libgl_init.dylib (0x127030a50). This may cause spurious casting failures and mysterious crashes. One of the duplicates must be removed or renamed.
objc[59481]: Class CrashpadHTTPBodyStreamTransport is implemented in both /Applications/AhoiBrowser.app/Contents/Frameworks/libbrowser_ui_views.dylib (0x11dc9c188) and /Applications/AhoiBrowser.app/Contents/Frameworks/libchrome_dll.dylib (0x116c22430). This may cause spurious casting failures and mysterious crashes. One of the duplicates must be removed or renamed.
[59190:31282757:0926/032223.468502:ERROR:components/viz/service/surfaces/surface_manager.cc:479] Old/orphaned temporary reference to SurfaceId(FrameSinkId[DelegatedFrameHost](6, 3), LocalSurfaceId(2, 2, 39F2...))
[59161:31282063:0926/032225.155345:VERBOSE1:ahoi/browser/session/session_bridge_session.cc:465] Ahoi last-used record: index 3 url=http://127.0.0.1:8792/gamma.html
[59161:31282063:0926/032225.164857:VERBOSE1:ahoi/browser/session/session_bridge_session.cc:465] Ahoi last-used record: index 3 url=http://127.0.0.1:8792/gamma.html
[59161:31282063:0926/032225.165659:VERBOSE1:ahoi/browser/session/session_bridge_session.cc:465] Ahoi last-used record: index 3 url=http://127.0.0.1:8792/gamma.html
[59161:31282063:0926/032225.169560:VERBOSE1:ahoi/browser/session/session_bridge_session.cc:465] Ahoi last-used record: index 3 url=http://127.0.0.1:8792/gamma.html
[59161:31282063:0926/032225.180742:VERBOSE1:ahoi/browser/session/session_bridge_session.cc:465] Ahoi last-used record: index 3 url=http://127.0.0.1:8792/gamma.html
objc[59673]: Class ANGLESwapCGLLayer is implemented in both /Applications/AhoiBrowser.app/Contents/Frameworks/libblink_modules.dylib (0x1428cca50) and /Applications/AhoiBrowser.app/Contents/Frameworks/libgl_init.dylib (0x1279a4a50). This may cause spurious casting failures and mysterious crashes. One of the duplicates must be removed or renamed.
objc[59673]: Class CrashpadHTTPBodyStreamTransport is implemented in both /Applications/AhoiBrowser.app/Contents/Frameworks/libbrowser_ui_views.dylib (0x110a14188) and /Applications/AhoiBrowser.app/Contents/Frameworks/libchrome_dll.dylib (0x117596430). This may cause spurious casting failures and mysterious crashes. One of the duplicates must be removed or renamed.
[59161:31282063:0926/032236.619933:VERBOSE1:ahoi/browser/session/session_bridge_session.cc:465] Ahoi last-used record: index 0 url=about:blank
[59161:31282063:0926/032250.272760:VERBOSE1:ahoi/browser/session/session_bridge_session.cc:549] Ahoi persist window metadata: workspace=3819d984-05e3-46bc-a31d-6192256c4a7f service=1 window_id_valid=1
[59161:31282063:0926/032256.260128:VERBOSE1:ahoi/browser/session/session_bridge_session.cc:465] Ahoi last-used record: index 4 url=http://127.0.0.1:8792/delta.html
[59161:31282063:0926/032256.265309:VERBOSE1:ahoi/browser/session/session_bridge_session.cc:465] Ahoi last-used record: index 4 url=http://127.0.0.1:8792/delta.html
[59161:31282063:0926/032256.266031:VERBOSE1:ahoi/browser/session/session_bridge_session.cc:465] Ahoi last-used record: index 4 url=http://127.0.0.1:8792/delta.html
[59161:31282063:0926/032256.269298:VERBOSE1:ahoi/browser/session/session_bridge_session.cc:465] Ahoi last-used record: index 4 url=http://127.0.0.1:8792/delta.html
[59161:31282063:0926/032256.278307:VERBOSE1:ahoi/browser/session/session_bridge_session.cc:465] Ahoi last-used record: index 4 url=http://127.0.0.1:8792/delta.html
objc[61289]: Class ANGLESwapCGLLayer is implemented in both /Applications/AhoiBrowser.app/Contents/Frameworks/libblink_modules.dylib (0x14076ca50) and /Applications/AhoiBrowser.app/Contents/Frameworks/libgl_init.dylib (0x125844a50). This may cause spurious casting failures and mysterious crashes. One of the duplicates must be removed or renamed.
objc[61289]: Class CrashpadHTTPBodyStreamTransport is implemented in both /Applications/AhoiBrowser.app/Contents/Frameworks/libbrowser_ui_views.dylib (0x11ce40188) and /Applications/AhoiBrowser.app/Contents/Frameworks/libchrome_dll.dylib (0x115436430). This may cause spurious casting failures and mysterious crashes. One of the duplicates must be removed or renamed.
objc[61340]: Class ANGLESwapCGLLayer is implemented in both /Applications/AhoiBrowser.app/Contents/Frameworks/libblink_modules.dylib (0x14044ca50) and /Applications/AhoiBrowser.app/Contents/Frameworks/libgl_init.dylib (0x125524a50). This may cause spurious casting failures and mysterious crashes. One of the duplicates must be removed or renamed.
objc[61340]: Class CrashpadHTTPBodyStreamTransport is implemented in both /Applications/AhoiBrowser.app/Contents/Frameworks/libbrowser_ui_views.dylib (0x10e6cc188) and /Applications/AhoiBrowser.app/Contents/Frameworks/libchrome_dll.dylib (0x115116430). This may cause spurious casting failures and mysterious crashes. One of the duplicates must be removed or renamed.
[59161:31282063:0926/032304.615227:VERBOSE1:ahoi/browser/session/session_bridge_session.cc:465] Ahoi last-used record: index 0 url=about:blank
[59161:31282063:0926/032304.615631:VERBOSE1:ahoi/browser/session/session_bridge_session.cc:549] Ahoi persist window metadata: workspace=83699047-edf8-580d-948d-9c37acc35cb6 service=1 window_id_valid=1
objc[61381]: Class ANGLESwapCGLLayer is implemented in both /Applications/AhoiBrowser.app/Contents/Frameworks/libblink_modules.dylib (0x141e44a50) and /Applications/AhoiBrowser.app/Contents/Frameworks/libgl_init.dylib (0x126f1ca50). This may cause spurious casting failures and mysterious crashes. One of the duplicates must be removed or renamed.
objc[61381]: Class CrashpadHTTPBodyStreamTransport is implemented in both /Applications/AhoiBrowser.app/Contents/Frameworks/libbrowser_ui_views.dylib (0x1100d0188) and /Applications/AhoiBrowser.app/Contents/Frameworks/libchrome_dll.dylib (0x116b0e430). This may cause spurious casting failures and mysterious crashes. One of the duplicates must be removed or renamed.
[59161:31282063:0926/032309.469760:VERBOSE1:ahoi/browser/session/session_bridge_session.cc:465] Ahoi last-used record: index 5 url=chrome://settings/ahoi
[59161:31282063:0926/032309.476489:VERBOSE1:ahoi/browser/session/session_bridge_session.cc:465] Ahoi last-used record: index 5 url=chrome://settings/ahoi
[59161:31282063:0926/032309.477890:VERBOSE1:ahoi/browser/session/session_bridge_session.cc:465] Ahoi last-used record: index 5 url=chrome://settings/ahoi
[59161:31282063:0926/032309.491717:VERBOSE1:ahoi/browser/session/session_bridge_session.cc:465] Ahoi last-used record: index 5 url=chrome://settings/ahoi
[59161:31282063:0926/032309.503107:VERBOSE1:ahoi/browser/session/session_bridge_session.cc:465] Ahoi last-used record: index 5 url=chrome://settings/ahoi
[59161:31282063:0926/032309.651870:VERBOSE1:ahoi/browser/session/session_bridge_session.cc:465] Ahoi last-used record: index 5 url=chrome://settings/ahoi
objc[61481]: Class ANGLESwapCGLLayer is implemented in both /Applications/AhoiBrowser.app/Contents/Frameworks/libblink_modules.dylib (0x142164a50) and /Applications/AhoiBrowser.app/Contents/Frameworks/libgl_init.dylib (0x12723ca50). This may cause spurious casting failures and mysterious crashes. One of the duplicates must be removed or renamed.
objc[61481]: Class CrashpadHTTPBodyStreamTransport is implemented in both /Applications/AhoiBrowser.app/Contents/Frameworks/libbrowser_ui_views.dylib (0x11de00188) and /Applications/AhoiBrowser.app/Contents/Frameworks/libchrome_dll.dylib (0x116e2e430). This may cause spurious casting failures and mysterious crashes. One of the duplicates must be removed or renamed.
objc[61534]: Class ANGLESwapCGLLayer is implemented in both /Applications/AhoiBrowser.app/Contents/Frameworks/libblink_modules.dylib (0x1419c0a50) and /Applications/AhoiBrowser.app/Contents/Frameworks/libgl_init.dylib (0x126a98a50). This may cause spurious casting failures and mysterious crashes. One of the duplicates must be removed or renamed.
objc[61534]: Class CrashpadHTTPBodyStreamTransport is implemented in both /Applications/AhoiBrowser.app/Contents/Frameworks/libbrowser_ui_views.dylib (0x11d65c188) and /Applications/AhoiBrowser.app/Contents/Frameworks/libchrome_dll.dylib (0x11668a430). This may cause spurious casting failures and mysterious crashes. One of the duplicates must be removed or renamed.
objc[61586]: Class ANGLESwapCGLLayer is implemented in both /Applications/AhoiBrowser.app/Contents/Frameworks/libblink_modules.dylib (0x14487ca50) and /Applications/AhoiBrowser.app/Contents/Frameworks/libgl_init.dylib (0x129954a50). This may cause spurious casting failures and mysterious crashes. One of the duplicates must be removed or renamed.
objc[61586]: Class CrashpadHTTPBodyStreamTransport is implemented in both /Applications/AhoiBrowser.app/Contents/Frameworks/libbrowser_ui_views.dylib (0x112a44188) and /Applications/AhoiBrowser.app/Contents/Frameworks/libchrome_dll.dylib (0x119546430). This may cause spurious casting failures and mysterious crashes. One of the duplicates must be removed or renamed.
objc[61595]: Class ANGLESwapCGLLayer is implemented in both /Applications/AhoiBrowser.app/Contents/Frameworks/libblink_modules.dylib (0x1422b0a50) and /Applications/AhoiBrowser.app/Contents/Frameworks/libgl_init.dylib (0x127388a50). This may cause spurious casting failures and mysterious crashes. One of the duplicates must be removed or renamed.
objc[61595]: Class CrashpadHTTPBodyStreamTransport is implemented in both /Applications/AhoiBrowser.app/Contents/Frameworks/libbrowser_ui_views.dylib (0x1103d8188) and /Applications/AhoiBrowser.app/Contents/Frameworks/libchrome_dll.dylib (0x116f7a430). This may cause spurious casting failures and mysterious crashes. One of the duplicates must be removed or renamed.
objc[61613]: Class ANGLESwapCGLLayer is implemented in both /Applications/AhoiBrowser.app/Contents/Frameworks/libblink_modules.dylib (0x1442cca50) and /Applications/AhoiBrowser.app/Contents/Frameworks/libgl_init.dylib (0x1293a4a50). This may cause spurious casting failures and mysterious crashes. One of the duplicates must be removed or renamed.
objc[61613]: Class CrashpadHTTPBodyStreamTransport is implemented in both /Applications/AhoiBrowser.app/Contents/Frameworks/libbrowser_ui_views.dylib (0x11ff68188) and /Applications/AhoiBrowser.app/Contents/Frameworks/libchrome_dll.dylib (0x118f96430). This may cause spurious casting failures and mysterious crashes. One of the duplicates must be removed or renamed.
[59161:31282063:0926/032316.433438:VERBOSE1:ahoi/browser/navigation/keyboard_shortcut_registration.cc:51] Ahoi shortcut unregistered: alt+9
[59161:31282063:0926/032316.433461:VERBOSE1:ahoi/browser/navigation/keyboard_shortcut_registration.cc:57] Ahoi shortcut registered: cmd+alt+75
objc[61716]: Class ANGLESwapCGLLayer is implemented in both /Applications/AhoiBrowser.app/Contents/Frameworks/libblink_modules.dylib (0x141cfca50) and /Applications/AhoiBrowser.app/Contents/Frameworks/libgl_init.dylib (0x126dd4a50). This may cause spurious casting failures and mysterious crashes. One of the duplicates must be removed or renamed.
objc[61716]: Class CrashpadHTTPBodyStreamTransport is implemented in both /Applications/AhoiBrowser.app/Contents/Frameworks/libbrowser_ui_views.dylib (0x11da9c188) and /Applications/AhoiBrowser.app/Contents/Frameworks/libchrome_dll.dylib (0x1169c6430). This may cause spurious casting failures and mysterious crashes. One of the duplicates must be removed or renamed.
objc[61735]: Class ANGLESwapCGLLayer is implemented in both /Applications/AhoiBrowser.app/Contents/Frameworks/libblink_modules.dylib (0x142658a50) and /Applications/AhoiBrowser.app/Contents/Frameworks/libgl_init.dylib (0x127730a50). This may cause spurious casting failures and mysterious crashes. One of the duplicates must be removed or renamed.
objc[61735]: Class CrashpadHTTPBodyStreamTransport is implemented in both /Applications/AhoiBrowser.app/Contents/Frameworks/libbrowser_ui_views.dylib (0x11e2f4188) and /Applications/AhoiBrowser.app/Contents/Frameworks/libchrome_dll.dylib (0x117322430). This may cause spurious casting failures and mysterious crashes. One of the duplicates must be removed or renamed.
[59161:31282063:0926/032327.672880:VERBOSE1:ahoi/browser/session/session_bridge_session.cc:498] Ahoi last-used tab: index 0 tracked=1 same_model=1 workspace=83699047-edf8-580d-948d-9c37acc35cb6 active=83699047-edf8-580d-948d-9c37acc35cb6
[59161:31282063:0926/032327.672930:VERBOSE1:ahoi/browser/session/session_bridge_session.cc:498] Ahoi last-used tab: index 1 tracked=1 same_model=1 workspace=83699047-edf8-580d-948d-9c37acc35cb6 active=83699047-edf8-580d-948d-9c37acc35cb6
[59161:31282063:0926/032327.672941:VERBOSE1:ahoi/browser/session/session_bridge_session.cc:498] Ahoi last-used tab: index 2 tracked=1 same_model=1 workspace=83699047-edf8-580d-948d-9c37acc35cb6 active=83699047-edf8-580d-948d-9c37acc35cb6
[59161:31282063:0926/032327.672950:VERBOSE1:ahoi/browser/session/session_bridge_session.cc:498] Ahoi last-used tab: index 3 tracked=1 same_model=1 workspace=83699047-edf8-580d-948d-9c37acc35cb6 active=83699047-edf8-580d-948d-9c37acc35cb6
[59161:31282063:0926/032327.672956:VERBOSE1:ahoi/browser/session/session_bridge_session.cc:498] Ahoi last-used tab: index 4 tracked=1 same_model=1 workspace=3819d984-05e3-46bc-a31d-6192256c4a7f active=83699047-edf8-580d-948d-9c37acc35cb6
[59161:31282063:0926/032327.672961:VERBOSE1:ahoi/browser/session/session_bridge_session.cc:498] Ahoi last-used tab: index 5 tracked=1 same_model=1 workspace=83699047-edf8-580d-948d-9c37acc35cb6 active=83699047-edf8-580d-948d-9c37acc35cb6
[59161:31282063:0926/032327.672967:VERBOSE1:ahoi/browser/session/session_bridge_session.cc:518] Ahoi last-used tab: mru=6 eligible=5 target=1
[59161:31282063:0926/032327.672973:VERBOSE1:ahoi/browser/session/session_bridge_session.cc:525] Ahoi last-used tab: activate index 0 from 5 url=about:blank
[59161:31282063:0926/032327.679449:VERBOSE1:ahoi/browser/session/session_bridge_session.cc:465] Ahoi last-used record: index 0 url=about:blank
[59161:31282063:0926/032327.679933:VERBOSE1:ahoi/browser/session/session_bridge_session.cc:531] Ahoi last-used tab: active index now 0
[59161:31282063:0926/032327.679953:VERBOSE1:chrome/browser/ui/views/frame/browser_view.cc:6127] Ahoi shortcut tab.last-used handled
[59161:31282063:0926/032331.328464:ERROR:base/process/kill_posix.cc:33] waitpid(59191): No child processes (10)
objc[62073]: Class ANGLESwapCGLLayer is implemented in both /Applications/AhoiBrowser.app/Contents/Frameworks/libblink_modules.dylib (0x1402c8a50) and /Applications/AhoiBrowser.app/Contents/Frameworks/libgl_init.dylib (0x1253a0a50). This may cause spurious casting failures and mysterious crashes. One of the duplicates must be removed or renamed.
objc[62073]: Class CrashpadHTTPBodyStreamTransport is implemented in both /Applications/AhoiBrowser.app/Contents/Frameworks/libbrowser_ui_views.dylib (0x10e46c188) and /Applications/AhoiBrowser.app/Contents/Frameworks/libchrome_dll.dylib (0x114f92430). This may cause spurious casting failures and mysterious crashes. One of the duplicates must be removed or renamed.
[62073:31299404:0926/032334.597447:ERROR:chrome/browser/mac/code_sign_clone_manager.mm:98] error removing quarantine attribute "/var/folders/zn/wn74lz2s2bsfp734gbqytmpr0000gn/X/"
[62073:31299404:0926/032334.613972:ERROR:chrome/browser/mac/code_sign_clone_manager.mm:98] error removing quarantine attribute "/var/folders/zn/wn74lz2s2bsfp734gbqytmpr0000gn/X/"
[62073:31298820:0926/032334.651333:WARNING:chrome/browser/signin/account_consistency_mode_manager.cc:74] Desktop Identity Consistency cannot be enabled as no OAuth client ID and client secret have been configured.

DevTools listening on ws://127.0.0.1:9345/devtools/browser/a089ca4c-a177-4d27-a015-2181768e52c2
[62073:31298820:0926/032334.826427:VERBOSE1:ahoi/browser/navigation/keyboard_shortcut_registration.cc:57] Ahoi shortcut registered: cmd+alt+75
[62073:31298820:0926/032334.826454:VERBOSE1:ahoi/browser/navigation/keyboard_shortcut_registration.cc:57] Ahoi shortcut registered: cmd+alt+37
[62073:31298820:0926/032334.826463:VERBOSE1:ahoi/browser/navigation/keyboard_shortcut_registration.cc:57] Ahoi shortcut registered: cmd+alt+39
[62073:31298820:0926/032334.826469:VERBOSE1:ahoi/browser/navigation/keyboard_shortcut_registration.cc:57] Ahoi shortcut registered: ctrl+49
[62073:31298820:0926/032334.826474:VERBOSE1:ahoi/browser/navigation/keyboard_shortcut_registration.cc:57] Ahoi shortcut registered: ctrl+50
[62073:31298820:0926/032334.826481:VERBOSE1:ahoi/browser/navigation/keyboard_shortcut_registration.cc:57] Ahoi shortcut registered: ctrl+51
[62073:31298820:0926/032334.826485:VERBOSE1:ahoi/browser/navigation/keyboard_shortcut_registration.cc:57] Ahoi shortcut registered: ctrl+52
[62073:31298820:0926/032334.826490:VERBOSE1:ahoi/browser/navigation/keyboard_shortcut_registration.cc:57] Ahoi shortcut registered: ctrl+53
[62073:31298820:0926/032334.826494:VERBOSE1:ahoi/browser/navigation/keyboard_shortcut_registration.cc:57] Ahoi shortcut registered: ctrl+54
[62073:31298820:0926/032334.826498:VERBOSE1:ahoi/browser/navigation/keyboard_shortcut_registration.cc:57] Ahoi shortcut registered: ctrl+55
[62073:31298820:0926/032334.826502:VERBOSE1:ahoi/browser/navigation/keyboard_shortcut_registration.cc:57] Ahoi shortcut registered: ctrl+56
[62073:31298820:0926/032334.826506:VERBOSE1:ahoi/browser/navigation/keyboard_shortcut_registration.cc:57] Ahoi shortcut registered: ctrl+57
[62073:31298820:0926/032334.826510:VERBOSE1:ahoi/browser/navigation/keyboard_shortcut_registration.cc:57] Ahoi shortcut registered: cmd+shift+83
[62073:31298820:0926/032334.826513:VERBOSE1:ahoi/browser/navigation/keyboard_shortcut_registration.cc:57] Ahoi shortcut registered: cmd+shift+72
[62073:31298820:0926/032334.826518:VERBOSE1:ahoi/browser/navigation/keyboard_shortcut_registration.cc:57] Ahoi shortcut registered: cmd+shift+70
[62073:31298820:0926/032334.826522:VERBOSE1:ahoi/browser/navigation/keyboard_shortcut_registration.cc:57] Ahoi shortcut registered: cmd+ctrl+49
[62073:31298820:0926/032334.826526:VERBOSE1:ahoi/browser/navigation/keyboard_shortcut_registration.cc:57] Ahoi shortcut registered: cmd+ctrl+50
[62073:31298820:0926/032334.826530:VERBOSE1:ahoi/browser/navigation/keyboard_shortcut_registration.cc:57] Ahoi shortcut registered: cmd+ctrl+51
[62073:31298820:0926/032334.826534:VERBOSE1:ahoi/browser/navigation/keyboard_shortcut_registration.cc:57] Ahoi shortcut registered: cmd+ctrl+52
[62073:31298820:0926/032334.826539:VERBOSE1:ahoi/browser/navigation/keyboard_shortcut_registration.cc:57] Ahoi shortcut registered: cmd+ctrl+shift+37
[62073:31298820:0926/032334.826544:VERBOSE1:ahoi/browser/navigation/keyboard_shortcut_registration.cc:57] Ahoi shortcut registered: cmd+ctrl+shift+39
[62073:31298820:0926/032334.826548:VERBOSE1:ahoi/browser/navigation/keyboard_shortcut_registration.cc:57] Ahoi shortcut registered: cmd+ctrl+37
[62073:31298820:0926/032334.826551:VERBOSE1:ahoi/browser/navigation/keyboard_shortcut_registration.cc:57] Ahoi shortcut registered: cmd+ctrl+39
[62073:31298820:0926/032334.826557:VERBOSE1:ahoi/browser/navigation/keyboard_shortcut_registration.cc:57] Ahoi shortcut registered: cmd+ctrl+76
[62073:31298820:0926/032334.826561:VERBOSE1:ahoi/browser/navigation/keyboard_shortcut_registration.cc:57] Ahoi shortcut registered: cmd+ctrl+48
[62073:31298820:0926/032334.826579:VERBOSE1:ahoi/browser/navigation/keyboard_shortcut_registration.cc:57] Ahoi shortcut registered: cmd+ctrl+87
[62073:31298820:0926/032334.939631:ERROR:ahoi/browser/updater/sparkle_runtime_mac.mm:148] Ahoi updater disabled (fail closed): missing-feed-url
objc[62155]: Class ANGLESwapCGLLayer is implemented in both /Applications/AhoiBrowser.app/Contents/Frameworks/libblink_modules.dylib (0x140464a50) and /Applications/AhoiBrowser.app/Contents/Frameworks/libgl_init.dylib (0x12553ca50). This may cause spurious casting failures and mysterious crashes. One of the duplicates must be removed or renamed.
objc[62155]: Class CrashpadHTTPBodyStreamTransport is implemented in both /Applications/AhoiBrowser.app/Contents/Frameworks/libbrowser_ui_views.dylib (0x11c4fc188) and /Applications/AhoiBrowser.app/Contents/Frameworks/libchrome_dll.dylib (0x11512e430). This may cause spurious casting failures and mysterious crashes. One of the duplicates must be removed or renamed.
objc[62154]: Class ANGLESwapCGLLayer is implemented in both /Applications/AhoiBrowser.app/Contents/Frameworks/libblink_modules.dylib (0x13fdaca50) and /Applications/AhoiBrowser.app/Contents/Frameworks/libgl_init.dylib (0x124e84a50). This may cause spurious casting failures and mysterious crashes. One of the duplicates must be removed or renamed.
objc[62154]: Class CrashpadHTTPBodyStreamTransport is implemented in both /Applications/AhoiBrowser.app/Contents/Frameworks/libbrowser_ui_views.dylib (0x11bb4c188) and /Applications/AhoiBrowser.app/Contents/Frameworks/libchrome_dll.dylib (0x114a76430). This may cause spurious casting failures and mysterious crashes. One of the duplicates must be removed or renamed.
objc[62156]: Class ANGLESwapCGLLayer is implemented in both /Applications/AhoiBrowser.app/Contents/Frameworks/libblink_modules.dylib (0x13fc34a50) and /Applications/AhoiBrowser.app/Contents/Frameworks/libgl_init.dylib (0x124d0ca50). This may cause spurious casting failures and mysterious crashes. One of the duplicates must be removed or renamed.
objc[62156]: Class CrashpadHTTPBodyStreamTransport is implemented in both /Applications/AhoiBrowser.app/Contents/Frameworks/libbrowser_ui_views.dylib (0x10dec0188) and /Applications/AhoiBrowser.app/Contents/Frameworks/libchrome_dll.dylib (0x1148fe430). This may cause spurious casting failures and mysterious crashes. One of the duplicates must be removed or renamed.
objc[62157]: Class ANGLESwapCGLLayer is implemented in both /Applications/AhoiBrowser.app/Contents/Frameworks/libblink_modules.dylib (0x1443b4a50) and /Applications/AhoiBrowser.app/Contents/Frameworks/libgl_init.dylib (0x12948ca50). This may cause spurious casting failures and mysterious crashes. One of the duplicates must be removed or renamed.
objc[62157]: Class CrashpadHTTPBodyStreamTransport is implemented in both /Applications/AhoiBrowser.app/Contents/Frameworks/libbrowser_ui_views.dylib (0x112530188) and /Applications/AhoiBrowser.app/Contents/Frameworks/libchrome_dll.dylib (0x11907e430). This may cause spurious casting failures and mysterious crashes. One of the duplicates must be removed or renamed.
objc[62158]: Class ANGLESwapCGLLayer is implemented in both /Applications/AhoiBrowser.app/Contents/Frameworks/libblink_modules.dylib (0x143cd4a50) and /Applications/AhoiBrowser.app/Contents/Frameworks/libgl_init.dylib (0x128daca50). This may cause spurious casting failures and mysterious crashes. One of the duplicates must be removed or renamed.
objc[62158]: Class CrashpadHTTPBodyStreamTransport is implemented in both /Applications/AhoiBrowser.app/Contents/Frameworks/libbrowser_ui_views.dylib (0x120430188) and /Applications/AhoiBrowser.app/Contents/Frameworks/libchrome_dll.dylib (0x11899e430). This may cause spurious casting failures and mysterious crashes. One of the duplicates must be removed or renamed.
objc[62161]: Class ANGLESwapCGLLayer is implemented in both /Applications/AhoiBrowser.app/Contents/Frameworks/libblink_modules.dylib (0x141a98a50) and /Applications/AhoiBrowser.app/Contents/Frameworks/libgl_init.dylib (0x126b70a50). This may cause spurious casting failures and mysterious crashes. One of the duplicates must be removed or renamed.
objc[62161]: Class CrashpadHTTPBodyStreamTransport is implemented in both /Applications/AhoiBrowser.app/Contents/Frameworks/libbrowser_ui_views.dylib (0x11d780188) and /Applications/AhoiBrowser.app/Contents/Frameworks/libchrome_dll.dylib (0x116762430). This may cause spurious casting failures and mysterious crashes. One of the duplicates must be removed or renamed.
objc[62160]: Class ANGLESwapCGLLayer is implemented in both /Applications/AhoiBrowser.app/Contents/Frameworks/libblink_modules.dylib (0x14189ca50) and /Applications/AhoiBrowser.app/Contents/Frameworks/libgl_init.dylib (0x126974a50). This may cause spurious casting failures and mysterious crashes. One of the duplicates must be removed or renamed.
objc[62160]: Class CrashpadHTTPBodyStreamTransport is implemented in both /Applications/AhoiBrowser.app/Contents/Frameworks/libbrowser_ui_views.dylib (0x11d63c188) and /Applications/AhoiBrowser.app/Contents/Frameworks/libchrome_dll.dylib (0x116566430). This may cause spurious casting failures and mysterious crashes. One of the duplicates must be removed or renamed.
[62073:31298820:0926/032338.733361:VERBOSE1:ahoi/browser/session/session_bridge_session.cc:549] Ahoi persist window metadata: workspace=83699047-edf8-580d-948d-9c37acc35cb6 service=1 window_id_valid=1
[62073:31298820:0926/032338.735450:VERBOSE1:ahoi/browser/session/session_bridge_session.cc:465] Ahoi last-used record: index 0 url=about:blank
[62073:31298820:0926/032338.736234:VERBOSE1:ahoi/browser/session/session_bridge_session.cc:465] Ahoi last-used record: index 0 url=about:blank
[62073:31298820:0926/032338.736396:VERBOSE1:ahoi/browser/session/session_bridge_session.cc:549] Ahoi persist window metadata: workspace=83699047-edf8-580d-948d-9c37acc35cb6 service=1 window_id_valid=1
[62073:31298820:0926/032345.438553:VERBOSE1:ahoi/browser/session/session_bridge_session.cc:465] Ahoi last-used record: index 1 url=chrome://settings/ahoi
[62073:31298820:0926/032345.451718:VERBOSE1:ahoi/browser/session/session_bridge_session.cc:465] Ahoi last-used record: index 1 url=chrome://settings/ahoi
[62073:31298820:0926/032345.452722:VERBOSE1:ahoi/browser/session/session_bridge_session.cc:465] Ahoi last-used record: index 1 url=chrome://settings/ahoi
[62073:31298820:0926/032345.462551:VERBOSE1:ahoi/browser/session/session_bridge_session.cc:465] Ahoi last-used record: index 1 url=chrome://settings/ahoi
[62073:31298820:0926/032345.468232:VERBOSE1:ahoi/browser/session/session_bridge_session.cc:465] Ahoi last-used record: index 1 url=chrome://settings/ahoi
[62073:31298820:0926/032345.596942:VERBOSE1:ahoi/browser/session/session_bridge_session.cc:465] Ahoi last-used record: index 1 url=chrome://settings/ahoi
objc[62421]: Class ANGLESwapCGLLayer is implemented in both /Applications/AhoiBrowser.app/Contents/Frameworks/libblink_modules.dylib (0x1420b0a50) and /Applications/AhoiBrowser.app/Contents/Frameworks/libgl_init.dylib (0x127188a50). This may cause spurious casting failures and mysterious crashes. One of the duplicates must be removed or renamed.
objc[62421]: Class CrashpadHTTPBodyStreamTransport is implemented in both /Applications/AhoiBrowser.app/Contents/Frameworks/libbrowser_ui_views.dylib (0x11024c188) and /Applications/AhoiBrowser.app/Contents/Frameworks/libchrome_dll.dylib (0x116d7a430). This may cause spurious casting failures and mysterious crashes. One of the duplicates must be removed or renamed.
objc[62429]: Class ANGLESwapCGLLayer is implemented in both /Applications/AhoiBrowser.app/Contents/Frameworks/libblink_modules.dylib (0x140394a50) and /Applications/AhoiBrowser.app/Contents/Frameworks/libgl_init.dylib (0x12546ca50). This may cause spurious casting failures and mysterious crashes. One of the duplicates must be removed or renamed.
objc[62429]: Class CrashpadHTTPBodyStreamTransport is implemented in both /Applications/AhoiBrowser.app/Contents/Frameworks/libbrowser_ui_views.dylib (0x10e564188) and /Applications/AhoiBrowser.app/Contents/Frameworks/libchrome_dll.dylib (0x11505e430). This may cause spurious casting failures and mysterious crashes. One of the duplicates must be removed or renamed.
[62073:31298820:0926/032350.761542:VERBOSE1:ahoi/browser/navigation/keyboard_shortcut_registration.cc:51] Ahoi shortcut unregistered: cmd+alt+75
[62073:31298820:0926/032350.761586:VERBOSE1:ahoi/browser/navigation/keyboard_shortcut_registration.cc:57] Ahoi shortcut registered: alt+9
[62073:31298820:0926/032353.648801:ERROR:base/process/kill_posix.cc:33] waitpid(62155): No child processes (10)
