objc[46214]: Class ANGLESwapCGLLayer is implemented in both /Applications/AhoiBrowser.app/Contents/Frameworks/libblink_modules.dylib (0x140784a50) and /Applications/AhoiBrowser.app/Contents/Frameworks/libgl_init.dylib (0x12585ca50). This may cause spurious casting failures and mysterious crashes. One of the duplicates must be removed or renamed.
objc[46214]: Class CrashpadHTTPBodyStreamTransport is implemented in both /Applications/AhoiBrowser.app/Contents/Frameworks/libbrowser_ui_views.dylib (0x10e8b8188) and /Applications/AhoiBrowser.app/Contents/Frameworks/libchrome_dll.dylib (0x11545e430). This may cause spurious casting failures and mysterious crashes. One of the duplicates must be removed or renamed.
[46214:25688654:0925/175709.227414:ERROR:chrome/browser/mac/code_sign_clone_manager.mm:98] error removing quarantine attribute "/var/folders/zn/wn74lz2s2bsfp734gbqytmpr0000gn/X/"
[46214:25688654:0925/175709.264386:ERROR:chrome/browser/mac/code_sign_clone_manager.mm:98] error removing quarantine attribute "/var/folders/zn/wn74lz2s2bsfp734gbqytmpr0000gn/X/"

DevTools listening on ws://127.0.0.1:9346/devtools/browser/676f5b30-9348-48b7-b765-e9e40131db36
[46214:25688292:0925/175709.634669:ERROR:ahoi/browser/updater/sparkle_runtime_mac.mm:148] Ahoi updater disabled (fail closed): missing-feed-url
objc[46314]: Class ANGLESwapCGLLayer is implemented in both /Applications/AhoiBrowser.app/Contents/Frameworks/libblink_modules.dylib (0x14259ca50) and /Applications/AhoiBrowser.app/Contents/Frameworks/libgl_init.dylib (0x127674a50). This may cause spurious casting failures and mysterious crashes. One of the duplicates must be removed or renamed.
objc[46314]: Class CrashpadHTTPBodyStreamTransport is implemented in both /Applications/AhoiBrowser.app/Contents/Frameworks/libbrowser_ui_views.dylib (0x11e284188) and /Applications/AhoiBrowser.app/Contents/Frameworks/libchrome_dll.dylib (0x117276430). This may cause spurious casting failures and mysterious crashes. One of the duplicates must be removed or renamed.
objc[46315]: Class ANGLESwapCGLLayer is implemented in both /Applications/AhoiBrowser.app/Contents/Frameworks/libblink_modules.dylib (0x1440f0a50) and /Applications/AhoiBrowser.app/Contents/Frameworks/libgl_init.dylib (0x1291c8a50). This may cause spurious casting failures and mysterious crashes. One of the duplicates must be removed or renamed.
objc[46315]: Class CrashpadHTTPBodyStreamTransport is implemented in both /Applications/AhoiBrowser.app/Contents/Frameworks/libbrowser_ui_views.dylib (0x12084c188) and /Applications/AhoiBrowser.app/Contents/Frameworks/libchrome_dll.dylib (0x118dca430). This may cause spurious casting failures and mysterious crashes. One of the duplicates must be removed or renamed.
objc[46316]: Class ANGLESwapCGLLayer is implemented in both /Applications/AhoiBrowser.app/Contents/Frameworks/libblink_modules.dylib (0x13fb04a50) and /Applications/AhoiBrowser.app/Contents/Frameworks/libgl_init.dylib (0x124bdca50). This may cause spurious casting failures and mysterious crashes. One of the duplicates must be removed or renamed.
objc[46316]: Class CrashpadHTTPBodyStreamTransport is implemented in both /Applications/AhoiBrowser.app/Contents/Frameworks/libbrowser_ui_views.dylib (0x10dd10188) and /Applications/AhoiBrowser.app/Contents/Frameworks/libchrome_dll.dylib (0x1147de430). This may cause spurious casting failures and mysterious crashes. One of the duplicates must be removed or renamed.
objc[46317]: Class ANGLESwapCGLLayer is implemented in both /Applications/AhoiBrowser.app/Contents/Frameworks/libblink_modules.dylib (0x13fb1ca50) and /Applications/AhoiBrowser.app/Contents/Frameworks/libgl_init.dylib (0x124bf4a50). This may cause spurious casting failures and mysterious crashes. One of the duplicates must be removed or renamed.
objc[46317]: Class CrashpadHTTPBodyStreamTransport is implemented in both /Applications/AhoiBrowser.app/Contents/Frameworks/libbrowser_ui_views.dylib (0x11bc3c188) and /Applications/AhoiBrowser.app/Contents/Frameworks/libchrome_dll.dylib (0x1147f6430). This may cause spurious casting failures and mysterious crashes. One of the duplicates must be removed or renamed.
objc[46348]: Class ANGLESwapCGLLayer is implemented in both /Applications/AhoiBrowser.app/Contents/Frameworks/libblink_modules.dylib (0x13fd84a50) and /Applications/AhoiBrowser.app/Contents/Frameworks/libgl_init.dylib (0x124e5ca50). This may cause spurious casting failures and mysterious crashes. One of the duplicates must be removed or renamed.
objc[46348]: Class CrashpadHTTPBodyStreamTransport is implemented in both /Applications/AhoiBrowser.app/Contents/Frameworks/libbrowser_ui_views.dylib (0x11be1c188) and /Applications/AhoiBrowser.app/Contents/Frameworks/libchrome_dll.dylib (0x114a5e430). This may cause spurious casting failures and mysterious crashes. One of the duplicates must be removed or renamed.
objc[46338]: Class ANGLESwapCGLLayer is implemented in both /Applications/AhoiBrowser.app/Contents/Frameworks/libblink_modules.dylib (0x1406d0a50) and /Applications/AhoiBrowser.app/Contents/Frameworks/libgl_init.dylib (0x1257a8a50). This may cause spurious casting failures and mysterious crashes. One of the duplicates must be removed or renamed.
objc[46338]: Class CrashpadHTTPBodyStreamTransport is implemented in both /Applications/AhoiBrowser.app/Contents/Frameworks/libbrowser_ui_views.dylib (0x11c768188) and /Applications/AhoiBrowser.app/Contents/Frameworks/libchrome_dll.dylib (0x1153aa430). This may cause spurious casting failures and mysterious crashes. One of the duplicates must be removed or renamed.
objc[46347]: Class ANGLESwapCGLLayer is implemented in both /Applications/AhoiBrowser.app/Contents/Frameworks/libblink_modules.dylib (0x13f9cca50) and /Applications/AhoiBrowser.app/Contents/Frameworks/libgl_init.dylib (0x124aa4a50). This may cause spurious casting failures and mysterious crashes. One of the duplicates must be removed or renamed.
objc[46347]: Class CrashpadHTTPBodyStreamTransport is implemented in both /Applications/AhoiBrowser.app/Contents/Frameworks/libbrowser_ui_views.dylib (0x11ba64188) and /Applications/AhoiBrowser.app/Contents/Frameworks/libchrome_dll.dylib (0x1146a6430). This may cause spurious casting failures and mysterious crashes. One of the duplicates must be removed or renamed.
objc[47233]: Class ANGLESwapCGLLayer is implemented in both /Applications/AhoiBrowser.app/Contents/Frameworks/libblink_modules.dylib (0x13fcc8a50) and /Applications/AhoiBrowser.app/Contents/Frameworks/libgl_init.dylib (0x124da0a50). This may cause spurious casting failures and mysterious crashes. One of the duplicates must be removed or renamed.
objc[47233]: Class CrashpadHTTPBodyStreamTransport is implemented in both /Applications/AhoiBrowser.app/Contents/Frameworks/libbrowser_ui_views.dylib (0x10dec4188) and /Applications/AhoiBrowser.app/Contents/Frameworks/libchrome_dll.dylib (0x1149a2430). This may cause spurious casting failures and mysterious crashes. One of the duplicates must be removed or renamed.
[46314:25689180:0925/175732.563945:ERROR:components/viz/service/surfaces/surface_manager.cc:479] Old/orphaned temporary reference to SurfaceId(FrameSinkId[DelegatedFrameHost](6, 3), LocalSurfaceId(2, 2, 65F4...))
objc[48113]: Class ANGLESwapCGLLayer is implemented in both /Applications/AhoiBrowser.app/Contents/Frameworks/libblink_modules.dylib (0x1401e8a50) and /Applications/AhoiBrowser.app/Contents/Frameworks/libgl_init.dylib (0x1252c0a50). This may cause spurious casting failures and mysterious crashes. One of the duplicates must be removed or renamed.
objc[48113]: Class CrashpadHTTPBodyStreamTransport is implemented in both /Applications/AhoiBrowser.app/Contents/Frameworks/libbrowser_ui_views.dylib (0x10e4e4188) and /Applications/AhoiBrowser.app/Contents/Frameworks/libchrome_dll.dylib (0x114ec2430). This may cause spurious casting failures and mysterious crashes. One of the duplicates must be removed or renamed.
[46214:25688659:0925/175824.236128:ERROR:services/resource_coordinator/memory_instrumentation/coordinator_impl.cc:331] Global dump request timed out waiting for 1 requests
[46214:25688659:0925/175852.910406:ERROR:services/resource_coordinator/memory_instrumentation/coordinator_impl.cc:331] Global dump request timed out waiting for 2 requests
[46214:25688659:0925/175924.238569:ERROR:services/resource_coordinator/memory_instrumentation/coordinator_impl.cc:331] Global dump request timed out waiting for 1 requests
[46214:25688659:0925/175939.245786:ERROR:services/resource_coordinator/memory_instrumentation/coordinator_impl.cc:331] Global dump request timed out waiting for 1 requests
[46214:25688659:0925/175954.249637:ERROR:services/resource_coordinator/memory_instrumentation/coordinator_impl.cc:331] Global dump request timed out waiting for 1 requests
[46214:25688659:0925/180009.253991:ERROR:services/resource_coordinator/memory_instrumentation/coordinator_impl.cc:331] Global dump request timed out waiting for 1 requests
[46214:25688659:0925/180024.256240:ERROR:services/resource_coordinator/memory_instrumentation/coordinator_impl.cc:331] Global dump request timed out waiting for 1 requests
[46214:25688659:0925/180124.239745:ERROR:services/resource_coordinator/memory_instrumentation/coordinator_impl.cc:331] Global dump request timed out waiting for 1 requests
[46214:25688659:0925/180139.246141:ERROR:services/resource_coordinator/memory_instrumentation/coordinator_impl.cc:331] Global dump request timed out waiting for 1 requests
[46214:25688659:0925/180154.250710:ERROR:services/resource_coordinator/memory_instrumentation/coordinator_impl.cc:331] Global dump request timed out waiting for 1 requests
[46214:25688659:0925/180209.252807:ERROR:services/resource_coordinator/memory_instrumentation/coordinator_impl.cc:331] Global dump request timed out waiting for 1 requests
[46214:25688659:0925/180224.256793:ERROR:services/resource_coordinator/memory_instrumentation/coordinator_impl.cc:331] Global dump request timed out waiting for 1 requests
[46214:25688659:0925/180252.908067:ERROR:services/resource_coordinator/memory_instrumentation/coordinator_impl.cc:331] Global dump request timed out waiting for 2 requests
