Command line invocation:
    /Applications/Xcode.app/Contents/Developer/usr/bin/xcodebuild -project apps/AhoiMobile/AhoiMobile.xcodeproj -scheme AhoiMobile -configuration DebugLocal -destination platform=iOS,id=00008140-0014294E0A90801C -derivedDataPath /private/tmp/ahoi-mobile-4113c14-device-derived -resultBundlePath /private/tmp/ahoi-mobile-4113c14-device-ui-01.xcresult -parallel-testing-enabled NO "-only-testing:AhoiMobileUITests/AhoiMobileUITests/testLocalFixtureAndPrivateTabLifecycle" "-only-testing:AhoiMobileUITests/AhoiMobileUITests/testDebugLocalSyncOptInStaysLocalAndFailClosed" "-only-testing:AhoiMobileUITests/AhoiMobileUITests/testDeviceRevocationConfirmsScopeAndRemovesRemoteTarget" "-only-testing:AhoiMobileUITests/MobileBrowserLayoutUITests/testFocusVoyageAndHarborDeckKeepAllCoreControlsReachable" "-only-testing:AhoiMobileUITests/MobileBrowserLayoutUITests/testHarborDeckCollapsesOnPageScrollAndRestoresOnReverseScroll" "-only-testing:AhoiMobileUITests/MobileBrowserLayoutUITests/testHarborDeckTracksNestedScrollerAndRestoresOnReverseScroll" "-only-testing:AhoiMobileUITests/MobileBrowserLayoutUITests/testInteractiveWebPresentationsExpandCollapsedHarborDeck" DEVELOPMENT_TEAM=248AJ5BN47 CODE_SIGN_STYLE=Automatic "CODE_SIGN_IDENTITY=Apple Development" AHOI_SOURCE_COMMIT=4113c14c1e0d21061a1c5927e25ab55663d547a7 AHOI_MOBILE_MARKETING_VERSION=0.1 AHOI_MOBILE_BUILD_NUMBER=1 AHOI_APP_USES_NON_EXEMPT_ENCRYPTION=NO test-without-building

Build settings from command line:
    AHOI_APP_USES_NON_EXEMPT_ENCRYPTION = NO
    AHOI_MOBILE_BUILD_NUMBER = 1
    AHOI_MOBILE_MARKETING_VERSION = 0.1
    AHOI_SOURCE_COMMIT = 4113c14c1e0d21061a1c5927e25ab55663d547a7
    CODE_SIGN_IDENTITY = Apple Development
    CODE_SIGN_STYLE = Automatic
    DEVELOPMENT_TEAM = 248AJ5BN47

Resolve Package Graph


Resolved source packages:
  AhoiCloudKitSpike: /Volumes/Macintosh HD - Daten/Cloud/Projekte/Apps/Plattformuebergreifend/AhoiBrowser/spikes/cloudkit

Writing result bundle at path:
	/private/tmp/ahoi-mobile-4113c14-device-ui-01.xcresult

2026-08-30 19:23:09.904052+0200 AhoiMobileUITests-Runner[3070:704035] [Default] Running tests...
    t =      nans Interface orientation changed to Portrait
Test Suite 'Selected tests' started at 2026-08-30 19:23:10.407.
Test Suite 'AhoiMobileUITests.xctest' started at 2026-08-30 19:23:10.407.
Test Suite 'AhoiMobileUITests' started at 2026-08-30 19:23:10.407.
Test Case '-[AhoiMobileUITests.AhoiMobileUITests testDebugLocalSyncOptInStaysLocalAndFailClosed]' started.
    t =     0.00s Start Test at 2026-08-30 19:23:10.407
    t =     0.03s Set Up
    t =     0.03s Open app.ahoibrowser.AhoiBrowser
    t =     0.03s     Launch app.ahoibrowser.AhoiBrowser
2026-08-30 19:23:10.661 xcodebuild[57379:143669568] [MT] IDELaunchParametersSnapshot: The operation couldn’t be completed. (DebuggerLLDB.DebuggerVersionStore.StoreError error 0.)
2026-08-30 19:23:10.661 xcodebuild[57379:143669568] [MT] IDELaunchParametersSnapshot: no debugger version
    t =    16.91s         Setting up automation session
    t =    17.05s         Wait for app.ahoibrowser.AhoiBrowser to idle
    t =    18.12s Waiting 8.0s for "browser.more" Button to exist
    t =    19.15s     Checking `Expect predicate `existsNoRetry == 1` for object "browser.more" Button`
    t =    19.15s         Checking existence of `"browser.more" Button`
    t =    19.17s             Requesting snapshot of accessibility hierarchy for app with pid 3072
    t =    19.29s             Find: Descendants matching type Button
    t =    19.29s             Find: Elements matching predicate '"browser.more" IN identifiers'
    t =    19.29s Tap "browser.more" Button
    t =    19.29s     Wait for app.ahoibrowser.AhoiBrowser to idle
    t =    19.30s     Find the "browser.more" Button
    t =    19.30s         Requesting snapshot of accessibility hierarchy for app with pid 3072
    t =    19.34s         Find: Descendants matching type Button
    t =    19.34s         Find: Elements matching predicate '"browser.more" IN identifiers'
    t =    19.34s     Check for interrupting elements affecting "browser.more" Button
    t =    19.35s         Requesting snapshot of accessibility hierarchy for app with pid 3072
    t =    19.37s         Find: Descendants matching predicate identifier == "NotificationShortLookView" OR elementType == 7
    t =    19.38s     Synthesize event
    t =    19.67s     Wait for app.ahoibrowser.AhoiBrowser to idle
    t =    20.15s Checking existence of `"browser.actions.settings" Button`
    t =    20.16s     Requesting snapshot of accessibility hierarchy for app with pid 3072
    t =    20.29s     Find: Descendants matching type Button
    t =    20.29s     Find: Elements matching predicate '"browser.actions.settings" IN identifiers'
    t =    20.29s Swipe up Target Application 'app.ahoibrowser.AhoiBrowser'
    t =    20.29s     Wait for app.ahoibrowser.AhoiBrowser to idle
    t =    20.29s     Find the Target Application 'app.ahoibrowser.AhoiBrowser'
    t =    20.30s         Requesting snapshot of accessibility hierarchy for app with pid 3072
    t =    20.37s     Check for interrupting elements affecting "AhoiBrowser" Application
    t =    20.38s         Requesting snapshot of accessibility hierarchy for app with pid 3072
    t =    20.44s         Find: Descendants matching predicate identifier == "NotificationShortLookView" OR elementType == 7
    t =    20.44s     Synthesize event
    t =    20.89s     Wait for app.ahoibrowser.AhoiBrowser to idle
    t =    21.59s Checking existence of `"browser.actions.settings" Button`
    t =    21.60s     Requesting snapshot of accessibility hierarchy for app with pid 3072
    t =    21.73s     Find: Descendants matching type Button
    t =    21.73s     Find: Elements matching predicate '"browser.actions.settings" IN identifiers'
    t =    21.73s Checking existence of `"browser.actions.settings" Button`
    t =    21.74s     Requesting snapshot of accessibility hierarchy for app with pid 3072
    t =    21.83s     Find: Descendants matching type Button
    t =    21.83s     Find: Elements matching predicate '"browser.actions.settings" IN identifiers'
    t =    21.84s Checking existence of `"browser.actions.settings" Button`
    t =    21.84s     Requesting snapshot of accessibility hierarchy for app with pid 3072
    t =    21.92s     Find: Descendants matching type Button
    t =    21.92s     Find: Elements matching predicate '"browser.actions.settings" IN identifiers'
    t =    21.93s Waiting 3.0s for "browser.actions.settings" Button to exist
    t =    22.93s     Checking `Expect predicate `existsNoRetry == 1` for object "browser.actions.settings" Button`
    t =    22.93s         Checking existence of `"browser.actions.settings" Button`
    t =    22.94s             Requesting snapshot of accessibility hierarchy for app with pid 3072
    t =    23.06s             Find: Descendants matching type Button
    t =    23.06s             Find: Elements matching predicate '"browser.actions.settings" IN identifiers'
    t =    23.07s Find the "browser.actions.settings" Button
    t =    23.07s     Requesting snapshot of accessibility hierarchy for app with pid 3072
    t =    23.16s     Find: Descendants matching type Button
    t =    23.16s     Find: Elements matching predicate '"browser.actions.settings" IN identifiers'
    t =    23.19s Tap "browser.actions.settings" Button
    t =    23.19s     Wait for app.ahoibrowser.AhoiBrowser to idle
    t =    23.19s     Find the "browser.actions.settings" Button
    t =    23.19s         Requesting snapshot of accessibility hierarchy for app with pid 3072
    t =    23.27s         Find: Descendants matching type Button
    t =    23.27s         Find: Elements matching predicate '"browser.actions.settings" IN identifiers'
    t =    23.27s     Check for interrupting elements affecting "browser.actions.settings" Button
    t =    23.29s         Requesting snapshot of accessibility hierarchy for app with pid 3072
    t =    23.35s         Find: Descendants matching predicate identifier == "NotificationShortLookView" OR elementType == 7
    t =    23.36s     Synthesize event
    t =    23.66s     Wait for app.ahoibrowser.AhoiBrowser to idle
    t =    24.07s Waiting 3.0s for "settings.sync.enabled" Switch to exist
    t =    25.08s     Checking `Expect predicate `existsNoRetry == 1` for object "settings.sync.enabled" Switch`
    t =    25.08s         Checking existence of `"settings.sync.enabled" Switch`
    t =    25.09s             Requesting snapshot of accessibility hierarchy for app with pid 3072
    t =    25.22s             Find: Descendants matching type Switch
    t =    25.22s             Find: Elements matching predicate '"settings.sync.enabled" IN identifiers'
    t =    25.23s Find the "settings.sync.enabled" Switch
    t =    25.23s     Requesting snapshot of accessibility hierarchy for app with pid 3072
    t =    25.31s     Find: Descendants matching type Switch
    t =    25.32s     Find: Elements matching predicate '"settings.sync.enabled" IN identifiers'
    t =    25.32s Find the "settings.sync.enabled" Switch
    t =    25.32s     Requesting snapshot of accessibility hierarchy for app with pid 3072
    t =    25.40s     Find: Descendants matching type Switch
    t =    25.41s     Find: Elements matching predicate '"settings.sync.enabled" IN identifiers'
    t =    25.41s Tap "settings.sync.enabled" Switch[0.92, 0.50]
    t =    25.41s     Wait for app.ahoibrowser.AhoiBrowser to idle
    t =    25.41s     Find the "settings.sync.enabled" Switch
    t =    25.41s         Requesting snapshot of accessibility hierarchy for app with pid 3072
    t =    25.49s         Find: Descendants matching type Switch
    t =    25.49s         Find: Elements matching predicate '"settings.sync.enabled" IN identifiers'
    t =    25.50s     Check for interrupting elements affecting "settings.sync.enabled" Switch
    t =    25.51s         Requesting snapshot of accessibility hierarchy for app with pid 3072
    t =    25.57s         Find: Descendants matching predicate identifier == "NotificationShortLookView" OR elementType == 7
    t =    25.58s     Synthesize event
    t =    25.59s         Find the "settings.sync.enabled" Switch
    t =    25.60s             Requesting snapshot of accessibility hierarchy for app with pid 3072
    t =    25.66s             Find: Descendants matching type Switch
    t =    25.67s             Find: Elements matching predicate '"settings.sync.enabled" IN identifiers'
    t =    25.68s         Find the "settings.sync.enabled" Switch
    t =    25.68s             Requesting snapshot of accessibility hierarchy for app with pid 3072
    t =    25.75s             Find: Descendants matching type Switch
    t =    25.75s             Find: Elements matching predicate '"settings.sync.enabled" IN identifiers'
    t =    25.76s         Find the "settings.sync.enabled" Switch
    t =    25.76s             Requesting snapshot of accessibility hierarchy for app with pid 3072
    t =    25.83s             Find: Descendants matching type Switch
    t =    25.83s             Find: Elements matching predicate '"settings.sync.enabled" IN identifiers'
    t =    26.12s     Wait for app.ahoibrowser.AhoiBrowser to idle
    t =    28.44s Checking `Expect predicate `value == "1"` for object "settings.sync.enabled" Switch`
    t =    28.44s     Find the "settings.sync.enabled" Switch
    t =    28.45s         Requesting snapshot of accessibility hierarchy for app with pid 3072
    t =    28.58s         Find: Descendants matching type Switch
    t =    28.58s         Find: Elements matching predicate '"settings.sync.enabled" IN identifiers'
    t =    28.60s Waiting 3.0s for "settings.sync.configuration-missing" Any to exist
    t =    29.63s     Checking `Expect predicate `existsNoRetry == 1` for object "settings.sync.configuration-missing" Any`
    t =    29.63s         Checking existence of `"settings.sync.configuration-missing" Any`
    t =    29.64s             Requesting snapshot of accessibility hierarchy for app with pid 3072
    t =    29.76s             Find: Descendants matching type Any
    t =    29.76s             Find: Elements matching predicate '"settings.sync.configuration-missing" IN identifiers'
    t =    29.77s Checking existence of `"settings.sync.state" Any`
    t =    29.77s     Requesting snapshot of accessibility hierarchy for app with pid 3072
    t =    29.85s     Find: Descendants matching type Any
    t =    29.86s     Find: Elements matching predicate '"settings.sync.state" IN identifiers'
    t =    29.86s Checking existence of `"settings.sync.key-lifecycle" Any`
    t =    29.87s     Requesting snapshot of accessibility hierarchy for app with pid 3072
    t =    29.94s     Find: Descendants matching type Any
    t =    29.94s     Find: Elements matching predicate '"settings.sync.key-lifecycle" IN identifiers'
    t =    29.95s Find the "settings.sync.state" Any
    t =    29.95s     Requesting snapshot of accessibility hierarchy for app with pid 3072
    t =    30.03s     Find: Descendants matching type Any
    t =    30.03s     Find: Elements matching predicate '"settings.sync.state" IN identifiers'
    t =    30.04s Find the "settings.sync.key-lifecycle" Any
    t =    30.04s     Requesting snapshot of accessibility hierarchy for app with pid 3072
    t =    30.10s     Find: Descendants matching type Any
    t =    30.11s     Find: Elements matching predicate '"settings.sync.key-lifecycle" IN identifiers'
    t =    30.11s Find the "settings.sync.now" Button
    t =    30.12s     Requesting snapshot of accessibility hierarchy for app with pid 3072
    t =    30.19s     Find: Descendants matching type Button
    t =    30.19s     Find: Elements matching predicate '"settings.sync.now" IN identifiers'
    t =    30.20s Checking existence of `"settings.done" Button`
    t =    30.20s     Requesting snapshot of accessibility hierarchy for app with pid 3072
    t =    30.28s     Find: Descendants matching type Button
    t =    30.28s     Find: Elements matching predicate '"settings.done" IN identifiers'
    t =    30.28s Tap "settings.done" Button
    t =    30.28s     Wait for app.ahoibrowser.AhoiBrowser to idle
    t =    30.28s     Find the "settings.done" Button
    t =    30.29s         Requesting snapshot of accessibility hierarchy for app with pid 3072
    t =    30.36s         Find: Descendants matching type Button
    t =    30.36s         Find: Elements matching predicate '"settings.done" IN identifiers'
    t =    30.37s     Check for interrupting elements affecting "settings.done" Button
    t =    30.38s         Requesting snapshot of accessibility hierarchy for app with pid 3072
    t =    30.44s         Find: Descendants matching predicate identifier == "NotificationShortLookView" OR elementType == 7
    t =    30.45s     Synthesize event
    t =    30.76s     Wait for app.ahoibrowser.AhoiBrowser to idle
    t =    31.41s Terminate app.ahoibrowser.AhoiBrowser:3072
    t =    32.51s Open app.ahoibrowser.AhoiBrowser
    t =    32.51s     Launch app.ahoibrowser.AhoiBrowser
2026-08-30 19:23:42.738 xcodebuild[57379:143669568] [MT] IDELaunchParametersSnapshot: The operation couldn’t be completed. (DebuggerLLDB.DebuggerVersionStore.StoreError error 0.)
2026-08-30 19:23:42.738 xcodebuild[57379:143669568] [MT] IDELaunchParametersSnapshot: no debugger version
    t =    32.73s         Setting up automation session
    t =    32.76s         Wait for app.ahoibrowser.AhoiBrowser to idle
    t =    33.80s Waiting 8.0s for "browser.more" Button to exist
    t =    34.81s     Checking `Expect predicate `existsNoRetry == 1` for object "browser.more" Button`
    t =    34.82s         Checking existence of `"browser.more" Button`
    t =    34.83s             Requesting snapshot of accessibility hierarchy for app with pid 3078
    t =    34.92s             Find: Descendants matching type Button
    t =    34.92s             Find: Elements matching predicate '"browser.more" IN identifiers'
    t =    34.93s Tap "browser.more" Button
    t =    34.93s     Wait for app.ahoibrowser.AhoiBrowser to idle
    t =    34.93s     Find the "browser.more" Button
    t =    34.93s         Requesting snapshot of accessibility hierarchy for app with pid 3078
    t =    34.98s         Find: Descendants matching type Button
    t =    34.98s         Find: Elements matching predicate '"browser.more" IN identifiers'
    t =    34.98s     Check for interrupting elements affecting "browser.more" Button
    t =    34.99s         Requesting snapshot of accessibility hierarchy for app with pid 3078
    t =    35.02s         Find: Descendants matching predicate identifier == "NotificationShortLookView" OR elementType == 7
    t =    35.03s     Synthesize event
    t =    35.34s     Wait for app.ahoibrowser.AhoiBrowser to idle
    t =    35.79s Checking existence of `"browser.actions.settings" Button`
    t =    35.80s     Requesting snapshot of accessibility hierarchy for app with pid 3078
    t =    35.92s     Find: Descendants matching type Button
    t =    35.92s     Find: Elements matching predicate '"browser.actions.settings" IN identifiers'
    t =    35.93s Swipe up Target Application 'app.ahoibrowser.AhoiBrowser'
    t =    35.93s     Wait for app.ahoibrowser.AhoiBrowser to idle
    t =    35.93s     Find the Target Application 'app.ahoibrowser.AhoiBrowser'
    t =    35.93s         Requesting snapshot of accessibility hierarchy for app with pid 3078
    t =    36.01s     Check for interrupting elements affecting "AhoiBrowser" Application
    t =    36.02s         Requesting snapshot of accessibility hierarchy for app with pid 3078
    t =    36.08s         Find: Descendants matching predicate identifier == "NotificationShortLookView" OR elementType == 7
    t =    36.09s     Synthesize event
    t =    36.53s     Wait for app.ahoibrowser.AhoiBrowser to idle
    t =    37.22s Checking existence of `"browser.actions.settings" Button`
    t =    37.23s     Requesting snapshot of accessibility hierarchy for app with pid 3078
    t =    37.36s     Find: Descendants matching type Button
    t =    37.36s     Find: Elements matching predicate '"browser.actions.settings" IN identifiers'
    t =    37.37s Checking existence of `"browser.actions.settings" Button`
    t =    37.37s     Requesting snapshot of accessibility hierarchy for app with pid 3078
    t =    37.46s     Find: Descendants matching type Button
    t =    37.47s     Find: Elements matching predicate '"browser.actions.settings" IN identifiers'
    t =    37.47s Checking existence of `"browser.actions.settings" Button`
    t =    37.47s     Requesting snapshot of accessibility hierarchy for app with pid 3078
    t =    37.55s     Find: Descendants matching type Button
    t =    37.56s     Find: Elements matching predicate '"browser.actions.settings" IN identifiers'
    t =    37.56s Waiting 3.0s for "browser.actions.settings" Button to exist
    t =    38.56s     Checking `Expect predicate `existsNoRetry == 1` for object "browser.actions.settings" Button`
    t =    38.56s         Checking existence of `"browser.actions.settings" Button`
    t =    38.57s             Requesting snapshot of accessibility hierarchy for app with pid 3078
    t =    38.70s             Find: Descendants matching type Button
    t =    38.70s             Find: Elements matching predicate '"browser.actions.settings" IN identifiers'
    t =    38.71s Find the "browser.actions.settings" Button
    t =    38.71s     Requesting snapshot of accessibility hierarchy for app with pid 3078
    t =    38.81s     Find: Descendants matching type Button
    t =    38.81s     Find: Elements matching predicate '"browser.actions.settings" IN identifiers'
    t =    38.83s Tap "browser.actions.settings" Button
    t =    38.83s     Wait for app.ahoibrowser.AhoiBrowser to idle
    t =    38.83s     Find the "browser.actions.settings" Button
    t =    38.83s         Requesting snapshot of accessibility hierarchy for app with pid 3078
    t =    38.92s         Find: Descendants matching type Button
    t =    38.92s         Find: Elements matching predicate '"browser.actions.settings" IN identifiers'
    t =    38.92s     Check for interrupting elements affecting "browser.actions.settings" Button
    t =    38.94s         Requesting snapshot of accessibility hierarchy for app with pid 3078
    t =    39.01s         Find: Descendants matching predicate identifier == "NotificationShortLookView" OR elementType == 7
    t =    39.02s     Synthesize event
    t =    39.32s     Wait for app.ahoibrowser.AhoiBrowser to idle
    t =    39.74s Waiting 3.0s for "settings.sync.enabled" Switch to exist
    t =    40.75s     Checking `Expect predicate `existsNoRetry == 1` for object "settings.sync.enabled" Switch`
    t =    40.75s         Checking existence of `"settings.sync.enabled" Switch`
    t =    40.76s             Requesting snapshot of accessibility hierarchy for app with pid 3078
    t =    40.89s             Find: Descendants matching type Switch
    t =    40.89s             Find: Elements matching predicate '"settings.sync.enabled" IN identifiers'
    t =    40.90s Find the "settings.sync.enabled" Switch
    t =    40.90s     Requesting snapshot of accessibility hierarchy for app with pid 3078
    t =    40.98s     Find: Descendants matching type Switch
    t =    40.98s     Find: Elements matching predicate '"settings.sync.enabled" IN identifiers'
    t =    40.98s Find the "settings.sync.state" Any
    t =    40.99s     Requesting snapshot of accessibility hierarchy for app with pid 3078
    t =    41.06s     Find: Descendants matching type Any
    t =    41.07s     Find: Elements matching predicate '"settings.sync.state" IN identifiers'
    t =    41.07s Find the "settings.sync.enabled" Switch
    t =    41.08s     Requesting snapshot of accessibility hierarchy for app with pid 3078
    t =    41.15s     Find: Descendants matching type Switch
    t =    41.15s     Find: Elements matching predicate '"settings.sync.enabled" IN identifiers'
    t =    41.16s Tap "settings.sync.enabled" Switch[0.92, 0.50]
    t =    41.16s     Wait for app.ahoibrowser.AhoiBrowser to idle
    t =    41.16s     Find the "settings.sync.enabled" Switch
    t =    41.16s         Requesting snapshot of accessibility hierarchy for app with pid 3078
    t =    41.24s         Find: Descendants matching type Switch
    t =    41.24s         Find: Elements matching predicate '"settings.sync.enabled" IN identifiers'
    t =    41.25s     Check for interrupting elements affecting "settings.sync.enabled" Switch
    t =    41.26s         Requesting snapshot of accessibility hierarchy for app with pid 3078
    t =    41.32s         Find: Descendants matching predicate identifier == "NotificationShortLookView" OR elementType == 7
    t =    41.32s     Synthesize event
    t =    41.34s         Find the "settings.sync.enabled" Switch
    t =    41.34s             Requesting snapshot of accessibility hierarchy for app with pid 3078
    t =    41.40s             Find: Descendants matching type Switch
    t =    41.40s             Find: Elements matching predicate '"settings.sync.enabled" IN identifiers'
    t =    41.41s         Find the "settings.sync.enabled" Switch
    t =    41.41s             Requesting snapshot of accessibility hierarchy for app with pid 3078
    t =    41.48s             Find: Descendants matching type Switch
    t =    41.48s             Find: Elements matching predicate '"settings.sync.enabled" IN identifiers'
    t =    41.49s         Find the "settings.sync.enabled" Switch
    t =    41.49s             Requesting snapshot of accessibility hierarchy for app with pid 3078
    t =    41.55s             Find: Descendants matching type Switch
    t =    41.55s             Find: Elements matching predicate '"settings.sync.enabled" IN identifiers'
    t =    41.84s     Wait for app.ahoibrowser.AhoiBrowser to idle
    t =    44.17s Checking `Expect predicate `value == "0"` for object "settings.sync.enabled" Switch`
    t =    44.17s     Find the "settings.sync.enabled" Switch
    t =    44.18s         Requesting snapshot of accessibility hierarchy for app with pid 3078
    t =    44.30s         Find: Descendants matching type Switch
    t =    44.30s         Find: Elements matching predicate '"settings.sync.enabled" IN identifiers'
    t =    44.32s Waiting 3.0s for "settings.sync.configuration-missing" Any to not exist
    t =    45.34s     Checking `Expect predicate `existsNoRetry == 0` for object "settings.sync.configuration-missing" Any`
    t =    45.34s         Checking existence of `"settings.sync.configuration-missing" Any`
    t =    45.35s             Requesting snapshot of accessibility hierarchy for app with pid 3078
    t =    45.47s             Find: Descendants matching type Any
    t =    45.48s             Find: Elements matching predicate '"settings.sync.configuration-missing" IN identifiers'
    t =    45.49s Find the "settings.sync.now" Button
    t =    45.49s     Requesting snapshot of accessibility hierarchy for app with pid 3078
    t =    45.58s     Find: Descendants matching type Button
    t =    45.58s     Find: Elements matching predicate '"settings.sync.now" IN identifiers'
    t =    45.59s Tear Down
Test Case '-[AhoiMobileUITests.AhoiMobileUITests testDebugLocalSyncOptInStaysLocalAndFailClosed]' passed (45.917 seconds).
Test Case '-[AhoiMobileUITests.AhoiMobileUITests testDeviceRevocationConfirmsScopeAndRemovesRemoteTarget]' started.
    t =     0.00s Start Test at 2026-08-30 19:23:56.328
    t =     0.03s Set Up
    t =     0.03s Open app.ahoibrowser.AhoiBrowser
    t =     0.03s     Launch app.ahoibrowser.AhoiBrowser
    t =     0.03s         Terminate app.ahoibrowser.AhoiBrowser:3078
2026-08-30 19:23:57.244 xcodebuild[57379:143669568] [MT] IDELaunchParametersSnapshot: The operation couldn’t be completed. (DebuggerLLDB.DebuggerVersionStore.StoreError error 0.)
2026-08-30 19:23:57.244 xcodebuild[57379:143669568] [MT] IDELaunchParametersSnapshot: no debugger version
    t =    25.62s         Setting up automation session
    t =    25.63s         Wait for app.ahoibrowser.AhoiBrowser to idle
    t =    26.78s Waiting 8.0s for "browser.more" Button to exist
    t =    27.78s     Checking `Expect predicate `existsNoRetry == 1` for object "browser.more" Button`
    t =    27.78s         Checking existence of `"browser.more" Button`
    t =    27.79s             Requesting snapshot of accessibility hierarchy for app with pid 3084
    t =    27.89s             Find: Descendants matching type Button
    t =    27.89s             Find: Elements matching predicate '"browser.more" IN identifiers'
    t =    27.90s Tap "browser.more" Button
    t =    27.90s     Wait for app.ahoibrowser.AhoiBrowser to idle
    t =    27.90s     Find the "browser.more" Button
    t =    27.90s         Requesting snapshot of accessibility hierarchy for app with pid 3084
    t =    27.94s         Find: Descendants matching type Button
    t =    27.94s         Find: Elements matching predicate '"browser.more" IN identifiers'
    t =    27.95s     Check for interrupting elements affecting "browser.more" Button
    t =    27.96s         Requesting snapshot of accessibility hierarchy for app with pid 3084
    t =    27.99s         Find: Descendants matching predicate identifier == "NotificationShortLookView" OR elementType == 7
    t =    27.99s     Synthesize event
    t =    28.29s     Wait for app.ahoibrowser.AhoiBrowser to idle
    t =    28.73s Checking existence of `"browser.actions.settings" Button`
    t =    28.73s     Requesting snapshot of accessibility hierarchy for app with pid 3084
    t =    28.85s     Find: Descendants matching type Button
    t =    28.85s     Find: Elements matching predicate '"browser.actions.settings" IN identifiers'
    t =    28.86s Swipe up Target Application 'app.ahoibrowser.AhoiBrowser'
    t =    28.86s     Wait for app.ahoibrowser.AhoiBrowser to idle
    t =    28.86s     Find the Target Application 'app.ahoibrowser.AhoiBrowser'
    t =    28.86s         Requesting snapshot of accessibility hierarchy for app with pid 3084
    t =    28.94s     Check for interrupting elements affecting "AhoiBrowser" Application
    t =    28.95s         Requesting snapshot of accessibility hierarchy for app with pid 3084
    t =    29.01s         Find: Descendants matching predicate identifier == "NotificationShortLookView" OR elementType == 7
    t =    29.01s     Synthesize event
    t =    29.46s     Wait for app.ahoibrowser.AhoiBrowser to idle
    t =    30.14s Checking existence of `"browser.actions.settings" Button`
    t =    30.15s     Requesting snapshot of accessibility hierarchy for app with pid 3084
    t =    30.28s     Find: Descendants matching type Button
    t =    30.28s     Find: Elements matching predicate '"browser.actions.settings" IN identifiers'
    t =    30.29s Checking existence of `"browser.actions.settings" Button`
    t =    30.29s     Requesting snapshot of accessibility hierarchy for app with pid 3084
    t =    30.38s     Find: Descendants matching type Button
    t =    30.38s     Find: Elements matching predicate '"browser.actions.settings" IN identifiers'
    t =    30.39s Checking existence of `"browser.actions.settings" Button`
    t =    30.39s     Requesting snapshot of accessibility hierarchy for app with pid 3084
    t =    30.48s     Find: Descendants matching type Button
    t =    30.48s     Find: Elements matching predicate '"browser.actions.settings" IN identifiers'
    t =    30.48s Waiting 3.0s for "browser.actions.settings" Button to exist
    t =    31.48s     Checking `Expect predicate `existsNoRetry == 1` for object "browser.actions.settings" Button`
    t =    31.48s         Checking existence of `"browser.actions.settings" Button`
    t =    31.49s             Requesting snapshot of accessibility hierarchy for app with pid 3084
    t =    31.62s             Find: Descendants matching type Button
    t =    31.62s             Find: Elements matching predicate '"browser.actions.settings" IN identifiers'
    t =    31.63s Find the "browser.actions.settings" Button
    t =    31.63s     Requesting snapshot of accessibility hierarchy for app with pid 3084
    t =    31.72s     Find: Descendants matching type Button
    t =    31.72s     Find: Elements matching predicate '"browser.actions.settings" IN identifiers'
    t =    31.75s Tap "browser.actions.settings" Button
    t =    31.75s     Wait for app.ahoibrowser.AhoiBrowser to idle
    t =    31.75s     Find the "browser.actions.settings" Button
    t =    31.75s         Requesting snapshot of accessibility hierarchy for app with pid 3084
    t =    31.84s         Find: Descendants matching type Button
    t =    31.84s         Find: Elements matching predicate '"browser.actions.settings" IN identifiers'
    t =    31.85s     Check for interrupting elements affecting "browser.actions.settings" Button
    t =    31.86s         Requesting snapshot of accessibility hierarchy for app with pid 3084
    t =    31.92s         Find: Descendants matching predicate identifier == "NotificationShortLookView" OR elementType == 7
    t =    31.93s     Synthesize event
    t =    32.23s     Wait for app.ahoibrowser.AhoiBrowser to idle
    t =    32.65s Waiting 1.0s for "settings.devices.remove.72000000-0000-4000-8000-000000000002" Button to exist
    t =    33.65s     Checking `Expect predicate `existsNoRetry == 1` for object "settings.devices.remove.72000000-0000-4000-8000-000000000002" Button`
    t =    33.65s         Checking existence of `"settings.devices.remove.72000000-0000-4000-8000-000000000002" Button`
    t =    33.66s             Requesting snapshot of accessibility hierarchy for app with pid 3084
    t =    33.79s             Find: Descendants matching type Button
    t =    33.79s             Find: Elements matching predicate '"settings.devices.remove.72000000-0000-4000-8000-000000000002" IN identifiers'
    t =    33.79s     Checking existence of `"settings.devices.remove.72000000-0000-4000-8000-000000000002" Button`
    t =    33.80s         Requesting snapshot of accessibility hierarchy for app with pid 3084
    t =    33.88s         Find: Descendants matching type Button
    t =    33.88s         Find: Elements matching predicate '"settings.devices.remove.72000000-0000-4000-8000-000000000002" IN identifiers'
    t =    33.89s Find the "settings.devices.remove.72000000-0000-4000-8000-000000000002" Button
    t =    33.89s     Requesting snapshot of accessibility hierarchy for app with pid 3084
    t =    33.97s     Find: Descendants matching type Button
    t =    33.97s     Find: Elements matching predicate '"settings.devices.remove.72000000-0000-4000-8000-000000000002" IN identifiers'
    t =    33.99s Find the "settings.devices.remove.72000000-0000-4000-8000-000000000002" Button
    t =    33.99s     Requesting snapshot of accessibility hierarchy for app with pid 3084
    t =    34.06s     Find: Descendants matching type Button
    t =    34.06s     Find: Elements matching predicate '"settings.devices.remove.72000000-0000-4000-8000-000000000002" IN identifiers'
    t =    34.08s Tap "settings.devices.remove.72000000-0000-4000-8000-000000000002" Button
    t =    34.08s     Wait for app.ahoibrowser.AhoiBrowser to idle
    t =    34.09s     Find the "settings.devices.remove.72000000-0000-4000-8000-000000000002" Button
    t =    34.09s         Requesting snapshot of accessibility hierarchy for app with pid 3084
    t =    34.17s         Find: Descendants matching type Button
    t =    34.17s         Find: Elements matching predicate '"settings.devices.remove.72000000-0000-4000-8000-000000000002" IN identifiers'
    t =    34.17s     Check for interrupting elements affecting "settings.devices.remove.72000000-0000-4000-8000-000000000002" Button
    t =    34.18s         Requesting snapshot of accessibility hierarchy for app with pid 3084
    t =    34.24s         Find: Descendants matching predicate identifier == "NotificationShortLookView" OR elementType == 7
    t =    34.25s     Synthesize event
    t =    34.55s     Wait for app.ahoibrowser.AhoiBrowser to idle
    t =    34.98s Waiting 3.0s for StaticText (First Match) to exist
    t =    35.98s     Checking `Expect predicate `existsNoRetry == 1` for object StaticText (First Match)`
    t =    35.99s         Checking existence of `StaticText (First Match)`
    t =    35.99s             Requesting snapshot of accessibility hierarchy for app with pid 3084
    t =    36.14s Waiting 1.0s for "settings.devices.remove.confirm" Button to exist
    t =    37.15s     Checking `Expect predicate `existsNoRetry == 1` for object "settings.devices.remove.confirm" Button`
    t =    37.15s         Checking existence of `"settings.devices.remove.confirm" Button`
    t =    37.16s             Requesting snapshot of accessibility hierarchy for app with pid 3084
    t =    37.30s     Checking existence of `"settings.devices.remove.confirm" Button`
    t =    37.30s         Requesting snapshot of accessibility hierarchy for app with pid 3084
    t =    37.40s Waiting 2.0s for "settings.devices.remove.confirm" Button to exist
    t =    38.42s     Checking `Expect predicate `existsNoRetry == 1` for object "settings.devices.remove.confirm" Button`
    t =    38.42s         Checking existence of `"settings.devices.remove.confirm" Button`
    t =    38.43s             Requesting snapshot of accessibility hierarchy for app with pid 3084
    t =    38.57s Tap "settings.devices.remove.confirm" Button
    t =    38.57s     Wait for app.ahoibrowser.AhoiBrowser to idle
    t =    38.57s     Find the "settings.devices.remove.confirm" Button
    t =    38.58s         Requesting snapshot of accessibility hierarchy for app with pid 3084
    t =    38.68s     Check for interrupting elements affecting "settings.devices.remove.confirm" Button
    t =    38.69s         Requesting snapshot of accessibility hierarchy for app with pid 3084
    t =    38.77s         Find: Descendants matching predicate identifier == "NotificationShortLookView" OR elementType == 7
    t =    38.78s     Synthesize event
    t =    39.08s     Wait for app.ahoibrowser.AhoiBrowser to idle
    t =    39.43s Waiting 4.0s for "settings.devices.remove.72000000-0000-4000-8000-000000000002" Button to not exist
    t =    40.44s     Checking `Expect predicate `existsNoRetry == 0` for object "settings.devices.remove.72000000-0000-4000-8000-000000000002" Button`
    t =    40.44s         Checking existence of `"settings.devices.remove.72000000-0000-4000-8000-000000000002" Button`
    t =    40.45s             Requesting snapshot of accessibility hierarchy for app with pid 3084
    t =    40.58s             Find: Descendants matching type Button
    t =    40.58s             Find: Elements matching predicate '"settings.devices.remove.72000000-0000-4000-8000-000000000002" IN identifiers'
    t =    40.59s Checking existence of `"settings.devices.remove.72000000-0000-4000-8000-000000000002" Button`
    t =    40.59s     Requesting snapshot of accessibility hierarchy for app with pid 3084
    t =    40.69s     Find: Descendants matching type Button
    t =    40.69s     Find: Elements matching predicate '"settings.devices.remove.72000000-0000-4000-8000-000000000002" IN identifiers'
    t =    40.69s Waiting 1.0s for StaticText (First Match) to exist
    t =    41.70s     Checking `Expect predicate `existsNoRetry == 1` for object StaticText (First Match)`
    t =    41.70s         Checking existence of `StaticText (First Match)`
    t =    41.71s             Requesting snapshot of accessibility hierarchy for app with pid 3084
    t =    41.84s     Checking existence of `StaticText (First Match)`
    t =    41.84s         Requesting snapshot of accessibility hierarchy for app with pid 3084
    t =    41.94s Find the StaticText (First Match)
    t =    41.94s     Requesting snapshot of accessibility hierarchy for app with pid 3084
    t =    42.05s Checking existence of `"Das Entfernen stoppt Ahoi Sync und Fernbefehle für das Gerät in den aktuellen Datensätzen. Da der verschlüsselte Nutzdaten-Schlüssel derzeit geteilt wird, ist dies noch keine vollständige kryptografische Isolierung pro Gerät." StaticText`
    t =    42.05s     Requesting snapshot of accessibility hierarchy for app with pid 3084
    t =    42.12s Tear Down
Test Case '-[AhoiMobileUITests.AhoiMobileUITests testDeviceRevocationConfirmsScopeAndRemovesRemoteTarget]' passed (42.441 seconds).
Test Case '-[AhoiMobileUITests.AhoiMobileUITests testLocalFixtureAndPrivateTabLifecycle]' started.
    t =     0.00s Start Test at 2026-08-30 19:24:38.770
    t =     0.03s Set Up
    t =     0.03s Open app.ahoibrowser.AhoiBrowser
    t =     0.03s     Launch app.ahoibrowser.AhoiBrowser
    t =     0.03s         Terminate app.ahoibrowser.AhoiBrowser:3084
2026-08-30 19:24:39.668 xcodebuild[57379:143669568] [MT] IDELaunchParametersSnapshot: The operation couldn’t be completed. (DebuggerLLDB.DebuggerVersionStore.StoreError error 0.)
2026-08-30 19:24:39.668 xcodebuild[57379:143669568] [MT] IDELaunchParametersSnapshot: no debugger version
    t =    21.69s         Setting up automation session
    t =    21.77s         Wait for app.ahoibrowser.AhoiBrowser to idle
    t =    22.80s Waiting 8.0s for "Ahoi fixture page" StaticText to exist
    t =    23.83s     Checking `Expect predicate `existsNoRetry == 1` for object "Ahoi fixture page" StaticText`
    t =    23.83s         Checking existence of `"Ahoi fixture page" StaticText`
    t =    23.84s             Requesting snapshot of accessibility hierarchy for app with pid 3091
    t =    23.93s             Find: Descendants matching type WebView
    t =    23.93s             Find: Descendants matching type StaticText
    t =    23.93s             Find: Elements matching predicate '"Ahoi fixture page" IN identifiers'
    t =    23.94s Checking existence of `"browser.address" Button`
    t =    23.94s     Requesting snapshot of accessibility hierarchy for app with pid 3091
    t =    23.98s     Find: Descendants matching type Button
    t =    23.98s     Find: Elements matching predicate '"browser.address" IN identifiers'
    t =    23.99s Checking existence of `"browser.tabs" Button`
    t =    23.99s     Requesting snapshot of accessibility hierarchy for app with pid 3091
    t =    24.03s     Find: Descendants matching type Button
    t =    24.03s     Find: Elements matching predicate '"browser.tabs" IN identifiers'
    t =    24.03s Tap "browser.more" Button
    t =    24.03s     Wait for app.ahoibrowser.AhoiBrowser to idle
    t =    24.04s     Find the "browser.more" Button
    t =    24.04s         Requesting snapshot of accessibility hierarchy for app with pid 3091
    t =    24.08s         Find: Descendants matching type Button
    t =    24.08s         Find: Elements matching predicate '"browser.more" IN identifiers'
    t =    24.08s     Check for interrupting elements affecting "browser.more" Button
    t =    24.09s         Requesting snapshot of accessibility hierarchy for app with pid 3091
    t =    24.12s         Find: Descendants matching predicate identifier == "NotificationShortLookView" OR elementType == 7
    t =    24.12s     Synthesize event
    t =    24.41s     Wait for app.ahoibrowser.AhoiBrowser to idle
    t =    24.88s Waiting 2.0s for "browser.actions.new-tab" Button to exist
    t =    25.90s     Checking `Expect predicate `existsNoRetry == 1` for object "browser.actions.new-tab" Button`
    t =    25.90s         Checking existence of `"browser.actions.new-tab" Button`
    t =    25.91s             Requesting snapshot of accessibility hierarchy for app with pid 3091
    t =    26.04s             Find: Descendants matching type Button
    t =    26.04s             Find: Elements matching predicate '"browser.actions.new-tab" IN identifiers'
    t =    26.04s Checking existence of `"browser.actions.workspaces" Button`
    t =    26.05s     Requesting snapshot of accessibility hierarchy for app with pid 3091
    t =    26.12s     Find: Descendants matching type Button
    t =    26.12s     Find: Elements matching predicate '"browser.actions.workspaces" IN identifiers'
    t =    26.12s Checking existence of `"browser.actions.share" Button`
    t =    26.13s     Requesting snapshot of accessibility hierarchy for app with pid 3091
    t =    26.19s     Find: Descendants matching type Button
    t =    26.19s     Find: Elements matching predicate '"browser.actions.share" IN identifiers'
    t =    26.20s Waiting 2.0s for "browser.new-private-tab" Button to exist
    t =    27.20s     Checking `Expect predicate `existsNoRetry == 1` for object "browser.new-private-tab" Button`
    t =    27.20s         Checking existence of `"browser.new-private-tab" Button`
    t =    27.21s             Requesting snapshot of accessibility hierarchy for app with pid 3091
    t =    27.32s             Find: Descendants matching type Button
    t =    27.32s             Find: Elements matching predicate '"browser.new-private-tab" IN identifiers'
    t =    27.33s Tap "browser.new-private-tab" Button
    t =    27.33s     Wait for app.ahoibrowser.AhoiBrowser to idle
    t =    27.33s     Find the "browser.new-private-tab" Button
    t =    27.34s         Requesting snapshot of accessibility hierarchy for app with pid 3091
    t =    27.41s         Find: Descendants matching type Button
    t =    27.41s         Find: Elements matching predicate '"browser.new-private-tab" IN identifiers'
    t =    27.42s     Check for interrupting elements affecting "browser.new-private-tab" Button
    t =    27.43s         Requesting snapshot of accessibility hierarchy for app with pid 3091
    t =    27.48s         Find: Descendants matching predicate identifier == "NotificationShortLookView" OR elementType == 7
    t =    27.49s     Synthesize event
    t =    27.77s     Wait for app.ahoibrowser.AhoiBrowser to idle
    t =    28.22s Waiting 3.0s for "browser.address.private" Button to exist
    t =    29.23s     Checking `Expect predicate `existsNoRetry == 1` for object "browser.address.private" Button`
    t =    29.23s         Checking existence of `"browser.address.private" Button`
    t =    29.24s             Requesting snapshot of accessibility hierarchy for app with pid 3091
    t =    29.28s             Find: Descendants matching type Button
    t =    29.28s             Find: Elements matching predicate '"browser.address.private" IN identifiers'
    t =    29.28s Terminate app.ahoibrowser.AhoiBrowser:3091
    t =    30.37s Open app.ahoibrowser.AhoiBrowser
    t =    30.37s     Launch app.ahoibrowser.AhoiBrowser
2026-08-30 19:25:08.959 xcodebuild[57379:143669568] [MT] IDELaunchParametersSnapshot: The operation couldn’t be completed. (DebuggerLLDB.DebuggerVersionStore.StoreError error 0.)
2026-08-30 19:25:08.959 xcodebuild[57379:143669568] [MT] IDELaunchParametersSnapshot: no debugger version
    t =    30.59s         Setting up automation session
    t =    30.61s         Wait for app.ahoibrowser.AhoiBrowser to idle
    t =    31.63s Waiting 1.0s for "browser.address.private" Button to exist
    t =    32.64s     Checking `Expect predicate `existsNoRetry == 1` for object "browser.address.private" Button`
    t =    32.64s         Checking existence of `"browser.address.private" Button`
    t =    32.65s             Requesting snapshot of accessibility hierarchy for app with pid 3096
    t =    32.71s             Find: Descendants matching type Button
    t =    32.72s             Find: Elements matching predicate '"browser.address.private" IN identifiers'
    t =    32.73s         Capturing element debug description
    t =    32.73s     Checking existence of `"browser.address.private" Button`
    t =    32.74s         Requesting snapshot of accessibility hierarchy for app with pid 3096
    t =    32.77s         Find: Descendants matching type Button
    t =    32.77s         Find: Elements matching predicate '"browser.address.private" IN identifiers'
    t =    32.78s Collecting debug information to assist test failure triage
    t =    32.78s     Requesting snapshot of accessibility hierarchy for app with pid 3096
    t =    32.83s Waiting 5.0s for "browser.address" Button to exist
    t =    33.85s     Checking `Expect predicate `existsNoRetry == 1` for object "browser.address" Button`
    t =    33.85s         Checking existence of `"browser.address" Button`
    t =    33.86s             Requesting snapshot of accessibility hierarchy for app with pid 3096
    t =    33.89s             Find: Descendants matching type Button
    t =    33.89s             Find: Elements matching predicate '"browser.address" IN identifiers'
    t =    33.90s Tear Down
Test Case '-[AhoiMobileUITests.AhoiMobileUITests testLocalFixtureAndPrivateTabLifecycle]' passed (34.165 seconds).
Test Suite 'AhoiMobileUITests' passed at 2026-08-30 19:25:12.935.
	 Executed 3 tests, with 0 failures (0 unexpected) in 122.522 (122.528) seconds
Test Suite 'MobileBrowserLayoutUITests' started at 2026-08-30 19:25:12.937.
Test Case '-[AhoiMobileUITests.MobileBrowserLayoutUITests testFocusVoyageAndHarborDeckKeepAllCoreControlsReachable]' started.
    t =     0.00s Start Test at 2026-08-30 19:25:12.939
    t =     0.02s Set Up
    t =     0.03s Open app.ahoibrowser.AhoiBrowser
    t =     0.03s     Launch app.ahoibrowser.AhoiBrowser
    t =     0.03s         Terminate app.ahoibrowser.AhoiBrowser:3096
2026-08-30 19:25:13.810 xcodebuild[57379:143669568] [MT] IDELaunchParametersSnapshot: The operation couldn’t be completed. (DebuggerLLDB.DebuggerVersionStore.StoreError error 0.)
2026-08-30 19:25:13.810 xcodebuild[57379:143669568] [MT] IDELaunchParametersSnapshot: no debugger version
    t =    20.24s         Setting up automation session
    t =    20.30s         Wait for app.ahoibrowser.AhoiBrowser to idle
    t =    21.34s Waiting 8.0s for "browser.more" Button to exist
    t =    22.35s     Checking `Expect predicate `existsNoRetry == 1` for object "browser.more" Button`
    t =    22.35s         Checking existence of `"browser.more" Button`
    t =    22.35s             Requesting snapshot of accessibility hierarchy for app with pid 3100
    t =    22.44s             Find: Descendants matching type Button
    t =    22.44s             Find: Elements matching predicate '"browser.more" IN identifiers'
    t =    22.45s Tap "browser.more" Button
    t =    22.45s     Wait for app.ahoibrowser.AhoiBrowser to idle
    t =    22.45s     Find the "browser.more" Button
    t =    22.46s         Requesting snapshot of accessibility hierarchy for app with pid 3100
    t =    22.50s         Find: Descendants matching type Button
    t =    22.50s         Find: Elements matching predicate '"browser.more" IN identifiers'
    t =    22.50s     Check for interrupting elements affecting "browser.more" Button
    t =    22.51s         Requesting snapshot of accessibility hierarchy for app with pid 3100
    t =    22.54s         Find: Descendants matching predicate identifier == "NotificationShortLookView" OR elementType == 7
    t =    22.54s     Synthesize event
    t =    22.83s     Wait for app.ahoibrowser.AhoiBrowser to idle
    t =    23.29s Waiting 3.0s for "browser.actions.new-tab" Button to exist
    t =    24.30s     Checking `Expect predicate `existsNoRetry == 1` for object "browser.actions.new-tab" Button`
    t =    24.30s         Checking existence of `"browser.actions.new-tab" Button`
    t =    24.31s             Requesting snapshot of accessibility hierarchy for app with pid 3100
    t =    24.44s             Find: Descendants matching type Button
    t =    24.44s             Find: Elements matching predicate '"browser.actions.new-tab" IN identifiers'
    t =    24.44s Tap "browser.actions.new-tab" Button
    t =    24.44s     Wait for app.ahoibrowser.AhoiBrowser to idle
    t =    24.44s     Find the "browser.actions.new-tab" Button
    t =    24.45s         Requesting snapshot of accessibility hierarchy for app with pid 3100
    t =    24.52s         Find: Descendants matching type Button
    t =    24.52s         Find: Elements matching predicate '"browser.actions.new-tab" IN identifiers'
    t =    24.52s     Check for interrupting elements affecting "browser.actions.new-tab" Button
    t =    24.53s         Requesting snapshot of accessibility hierarchy for app with pid 3100
    t =    24.59s         Find: Descendants matching predicate identifier == "NotificationShortLookView" OR elementType == 7
    t =    24.60s     Synthesize event
    t =    24.89s     Wait for app.ahoibrowser.AhoiBrowser to idle
    t =    25.33s Waiting 3.0s for "browser.focus-voyage.header" Any to exist
    t =    26.35s     Checking `Expect predicate `existsNoRetry == 1` for object "browser.focus-voyage.header" Any`
    t =    26.35s         Checking existence of `"browser.focus-voyage.header" Any`
    t =    26.36s             Requesting snapshot of accessibility hierarchy for app with pid 3100
    t =    26.39s             Find: Descendants matching type Any
    t =    26.40s             Find: Elements matching predicate '"browser.focus-voyage.header" IN identifiers'
    t =    26.40s Checking existence of `"browser.focus-voyage.search" Button`
    t =    26.41s     Requesting snapshot of accessibility hierarchy for app with pid 3100
    t =    26.44s     Find: Descendants matching type Button
    t =    26.44s     Find: Elements matching predicate '"browser.focus-voyage.search" IN identifiers'
    t =    26.44s Checking existence of `"browser.back" Button`
    t =    26.45s     Requesting snapshot of accessibility hierarchy for app with pid 3100
    t =    26.48s     Find: Descendants matching type Button
    t =    26.48s     Find: Elements matching predicate '"browser.back" IN identifiers'
    t =    26.49s Checking existence of `"browser.forward" Button`
    t =    26.49s     Requesting snapshot of accessibility hierarchy for app with pid 3100
    t =    26.53s     Find: Descendants matching type Button
    t =    26.53s     Find: Elements matching predicate '"browser.forward" IN identifiers'
    t =    26.53s Checking existence of `"browser.reload-stop" Button`
    t =    26.54s     Requesting snapshot of accessibility hierarchy for app with pid 3100
    t =    26.57s     Find: Descendants matching type Button
    t =    26.57s     Find: Elements matching predicate '"browser.reload-stop" IN identifiers'
    t =    26.58s Checking existence of `"browser.tabs" Button`
    t =    26.58s     Requesting snapshot of accessibility hierarchy for app with pid 3100
    t =    26.62s     Find: Descendants matching type Button
    t =    26.62s     Find: Elements matching predicate '"browser.tabs" IN identifiers'
    t =    26.62s Checking existence of `"browser.more" Button`
    t =    26.63s     Requesting snapshot of accessibility hierarchy for app with pid 3100
    t =    26.66s     Find: Descendants matching type Button
    t =    26.67s     Find: Elements matching predicate '"browser.more" IN identifiers'
    t =    26.67s Tear Down
Test Case '-[AhoiMobileUITests.MobileBrowserLayoutUITests testFocusVoyageAndHarborDeckKeepAllCoreControlsReachable]' passed (26.972 seconds).
Test Case '-[AhoiMobileUITests.MobileBrowserLayoutUITests testHarborDeckCollapsesOnPageScrollAndRestoresOnReverseScroll]' started.
    t =     0.00s Start Test at 2026-08-30 19:25:39.913
    t =     0.03s Set Up
    t =     0.03s Open app.ahoibrowser.AhoiBrowser
    t =     0.03s     Launch app.ahoibrowser.AhoiBrowser
    t =     0.03s         Terminate app.ahoibrowser.AhoiBrowser:3100
2026-08-30 19:25:40.801 xcodebuild[57379:143669568] [MT] IDELaunchParametersSnapshot: The operation couldn’t be completed. (DebuggerLLDB.DebuggerVersionStore.StoreError error 0.)
2026-08-30 19:25:40.801 xcodebuild[57379:143669568] [MT] IDELaunchParametersSnapshot: no debugger version
    t =    20.39s         Setting up automation session
    t =    20.42s         Wait for app.ahoibrowser.AhoiBrowser to idle
    t =    21.46s Waiting 8.0s for "browser.harbor-deck.workspace" Any to exist
    t =    22.48s     Checking `Expect predicate `existsNoRetry == 1` for object "browser.harbor-deck.workspace" Any`
    t =    22.48s         Checking existence of `"browser.harbor-deck.workspace" Any`
    t =    22.49s             Requesting snapshot of accessibility hierarchy for app with pid 3105
    t =    22.58s             Find: Descendants matching type Any
    t =    22.58s             Find: Elements matching predicate '"browser.harbor-deck.workspace" IN identifiers'
    t =    22.59s Waiting 3.0s for WebView (First Match) to exist
    t =    23.61s     Checking `Expect predicate `existsNoRetry == 1` for object WebView (First Match)`
    t =    23.61s         Checking existence of `WebView (First Match)`
    t =    23.62s             Requesting snapshot of accessibility hierarchy for app with pid 3105
    t =    23.67s Waiting 3.0s for "Ahoi fixture page" StaticText to exist
    t =    24.68s     Checking `Expect predicate `existsNoRetry == 1` for object "Ahoi fixture page" StaticText`
    t =    24.68s         Checking existence of `"Ahoi fixture page" StaticText`
    t =    24.69s             Requesting snapshot of accessibility hierarchy for app with pid 3105
    t =    24.76s             Find: Descendants matching type StaticText
    t =    24.76s             Find: Elements matching predicate '"Ahoi fixture page" IN identifiers'
    t =    24.76s Swipe up WebView (First Match)
    t =    24.76s     Wait for app.ahoibrowser.AhoiBrowser to idle
    t =    24.77s     Find the WebView (First Match)
    t =    24.77s         Requesting snapshot of accessibility hierarchy for app with pid 3105
    t =    24.83s     Check for interrupting elements affecting WebView
    t =    24.85s         Requesting snapshot of accessibility hierarchy for app with pid 3105
    t =    24.89s         Find: Descendants matching predicate identifier == "NotificationShortLookView" OR elementType == 7
    t =    24.90s     Synthesize event
    t =    25.36s     Wait for app.ahoibrowser.AhoiBrowser to idle
    t =    27.41s Waiting 3.0s for "browser.harbor-deck.workspace" Any to not exist
    t =    28.41s     Checking `Expect predicate `existsNoRetry == 0` for object "browser.harbor-deck.workspace" Any`
    t =    28.41s         Checking existence of `"browser.harbor-deck.workspace" Any`
    t =    28.42s             Requesting snapshot of accessibility hierarchy for app with pid 3105
    t =    28.48s             Find: Descendants matching type Any
    t =    28.48s             Find: Elements matching predicate '"browser.harbor-deck.workspace" IN identifiers'
    t =    28.49s Waiting 3.0s for "browser.address" Button to exist
    t =    29.49s     Checking `Expect predicate `existsNoRetry == 1` for object "browser.address" Button`
    t =    29.49s         Checking existence of `"browser.address" Button`
    t =    29.50s             Requesting snapshot of accessibility hierarchy for app with pid 3105
    t =    29.57s             Find: Descendants matching type Button
    t =    29.57s             Find: Elements matching predicate '"browser.address" IN identifiers'
    t =    30.59s Checking `Expect predicate `hittable == 1` for object "browser.address" Button`
    t =    30.59s     Find the "browser.address" Button
    t =    30.60s         Requesting snapshot of accessibility hierarchy for app with pid 3105
    t =    30.67s         Find: Descendants matching type Button
    t =    30.67s         Find: Elements matching predicate '"browser.address" IN identifiers'
    t =    30.71s Find the "browser.address" Button
    t =    30.71s     Requesting snapshot of accessibility hierarchy for app with pid 3105
    t =    30.77s     Find: Descendants matching type Button
    t =    30.77s     Find: Elements matching predicate '"browser.address" IN identifiers'
    t =    30.78s Find the "browser.address" Button
    t =    30.79s     Requesting snapshot of accessibility hierarchy for app with pid 3105
    t =    30.85s     Find: Descendants matching type Button
    t =    30.85s     Find: Elements matching predicate '"browser.address" IN identifiers'
    t =    30.86s Waiting 3.0s for "browser.tabs" Button to exist
    t =    31.88s     Checking `Expect predicate `existsNoRetry == 1` for object "browser.tabs" Button`
    t =    31.88s         Checking existence of `"browser.tabs" Button`
    t =    31.89s             Requesting snapshot of accessibility hierarchy for app with pid 3105
    t =    31.95s             Find: Descendants matching type Button
    t =    31.95s             Find: Elements matching predicate '"browser.tabs" IN identifiers'
    t =    32.98s Checking `Expect predicate `hittable == 1` for object "browser.tabs" Button`
    t =    32.98s     Find the "browser.tabs" Button
    t =    32.99s         Requesting snapshot of accessibility hierarchy for app with pid 3105
    t =    33.06s         Find: Descendants matching type Button
    t =    33.06s         Find: Elements matching predicate '"browser.tabs" IN identifiers'
    t =    33.09s Find the "browser.tabs" Button
    t =    33.09s     Requesting snapshot of accessibility hierarchy for app with pid 3105
    t =    33.15s     Find: Descendants matching type Button
    t =    33.15s     Find: Elements matching predicate '"browser.tabs" IN identifiers'
    t =    33.16s Find the "browser.tabs" Button
    t =    33.16s     Requesting snapshot of accessibility hierarchy for app with pid 3105
    t =    33.22s     Find: Descendants matching type Button
    t =    33.23s     Find: Elements matching predicate '"browser.tabs" IN identifiers'
    t =    33.24s Waiting 3.0s for "browser.more" Button to exist
    t =    34.24s     Checking `Expect predicate `existsNoRetry == 1` for object "browser.more" Button`
    t =    34.25s         Checking existence of `"browser.more" Button`
    t =    34.25s             Requesting snapshot of accessibility hierarchy for app with pid 3105
    t =    34.31s             Find: Descendants matching type Button
    t =    34.31s             Find: Elements matching predicate '"browser.more" IN identifiers'
    t =    35.34s Checking `Expect predicate `hittable == 1` for object "browser.more" Button`
    t =    35.34s     Find the "browser.more" Button
    t =    35.35s         Requesting snapshot of accessibility hierarchy for app with pid 3105
    t =    35.41s         Find: Descendants matching type Button
    t =    35.41s         Find: Elements matching predicate '"browser.more" IN identifiers'
    t =    35.45s Find the "browser.more" Button
    t =    35.45s     Requesting snapshot of accessibility hierarchy for app with pid 3105
    t =    35.51s     Find: Descendants matching type Button
    t =    35.52s     Find: Elements matching predicate '"browser.more" IN identifiers'
    t =    35.53s Find the "browser.more" Button
    t =    35.53s     Requesting snapshot of accessibility hierarchy for app with pid 3105
    t =    35.59s     Find: Descendants matching type Button
    t =    35.59s     Find: Elements matching predicate '"browser.more" IN identifiers'
    t =    35.60s Swipe up WebView at {{0.0, 0.0}, {440.0, 795.0}}
    t =    35.61s     Wait for app.ahoibrowser.AhoiBrowser to idle
    t =    35.61s     Find the WebView at {{0.0, 0.0}, {440.0, 795.0}}
    t =    35.61s         Requesting snapshot of accessibility hierarchy for app with pid 3105
    t =    35.67s     Check for interrupting elements affecting WebView
    t =    35.69s         Requesting snapshot of accessibility hierarchy for app with pid 3105
    t =    35.73s         Find: Descendants matching predicate identifier == "NotificationShortLookView" OR elementType == 7
    t =    35.74s     Synthesize event
    t =    36.20s     Wait for app.ahoibrowser.AhoiBrowser to idle
    t =    37.18s Checking existence of `"browser.harbor-deck.workspace" Any`
    t =    37.19s     Requesting snapshot of accessibility hierarchy for app with pid 3105
    t =    37.26s     Find: Descendants matching type Any
    t =    37.26s     Find: Elements matching predicate '"browser.harbor-deck.workspace" IN identifiers'
    t =    37.27s Swipe down WebView at {{0.0, 0.0}, {440.0, 846.0}}
    t =    37.27s     Wait for app.ahoibrowser.AhoiBrowser to idle
    t =    37.27s     Find the WebView at {{0.0, 0.0}, {440.0, 846.0}}
    t =    37.28s         Requesting snapshot of accessibility hierarchy for app with pid 3105
    t =    37.34s     Check for interrupting elements affecting WebView
    t =    37.35s         Requesting snapshot of accessibility hierarchy for app with pid 3105
    t =    37.40s         Find: Descendants matching predicate identifier == "NotificationShortLookView" OR elementType == 7
    t =    37.40s     Synthesize event
    t =    37.86s     Wait for app.ahoibrowser.AhoiBrowser to idle
    t =    39.91s Waiting 3.0s for "browser.harbor-deck.workspace" Any to exist
    t =    40.91s     Checking `Expect predicate `existsNoRetry == 1` for object "browser.harbor-deck.workspace" Any`
    t =    40.91s         Checking existence of `"browser.harbor-deck.workspace" Any`
    t =    40.92s             Requesting snapshot of accessibility hierarchy for app with pid 3105
    t =    40.98s             Find: Descendants matching type Any
    t =    40.98s             Find: Elements matching predicate '"browser.harbor-deck.workspace" IN identifiers'
    t =    40.99s Tear Down
Test Case '-[AhoiMobileUITests.MobileBrowserLayoutUITests testHarborDeckCollapsesOnPageScrollAndRestoresOnReverseScroll]' passed (41.309 seconds).
Test Case '-[AhoiMobileUITests.MobileBrowserLayoutUITests testHarborDeckTracksNestedScrollerAndRestoresOnReverseScroll]' started.
    t =     0.00s Start Test at 2026-08-30 19:26:21.223
    t =     0.03s Set Up
    t =     0.03s Open app.ahoibrowser.AhoiBrowser
    t =     0.03s     Launch app.ahoibrowser.AhoiBrowser
    t =     0.03s         Terminate app.ahoibrowser.AhoiBrowser:3105
2026-08-30 19:26:22.101 xcodebuild[57379:143669568] [MT] IDELaunchParametersSnapshot: The operation couldn’t be completed. (DebuggerLLDB.DebuggerVersionStore.StoreError error 0.)
2026-08-30 19:26:22.101 xcodebuild[57379:143669568] [MT] IDELaunchParametersSnapshot: no debugger version
    t =    22.71s         Setting up automation session
    t =    22.85s         Wait for app.ahoibrowser.AhoiBrowser to idle
    t =    23.88s Waiting 8.0s for "browser.harbor-deck.workspace" Any to exist
    t =    24.89s     Checking `Expect predicate `existsNoRetry == 1` for object "browser.harbor-deck.workspace" Any`
    t =    24.89s         Checking existence of `"browser.harbor-deck.workspace" Any`
    t =    24.89s             Requesting snapshot of accessibility hierarchy for app with pid 3109
    t =    24.99s             Find: Descendants matching type Any
    t =    24.99s             Find: Elements matching predicate '"browser.harbor-deck.workspace" IN identifiers'
    t =    24.99s Waiting 3.0s for WebView (First Match) to exist
    t =    26.02s     Checking `Expect predicate `existsNoRetry == 1` for object WebView (First Match)`
    t =    26.02s         Checking existence of `WebView (First Match)`
    t =    26.03s             Requesting snapshot of accessibility hierarchy for app with pid 3109
    t =    26.08s Waiting 3.0s for "Activate nested scroll fixture" Button to exist
    t =    27.09s     Checking `Expect predicate `existsNoRetry == 1` for object "Activate nested scroll fixture" Button`
    t =    27.09s         Checking existence of `"Activate nested scroll fixture" Button`
    t =    27.10s             Requesting snapshot of accessibility hierarchy for app with pid 3109
    t =    27.17s             Find: Descendants matching type Button
    t =    27.17s             Find: Elements matching predicate '"Activate nested scroll fixture" IN identifiers'
    t =    27.17s Tap "Activate nested scroll fixture" Button
    t =    27.17s     Wait for app.ahoibrowser.AhoiBrowser to idle
    t =    27.18s     Find the "Activate nested scroll fixture" Button
    t =    27.18s         Requesting snapshot of accessibility hierarchy for app with pid 3109
    t =    27.24s         Find: Descendants matching type Button
    t =    27.24s         Find: Elements matching predicate '"Activate nested scroll fixture" IN identifiers'
    t =    27.25s     Check for interrupting elements affecting "Activate nested scroll fixture" Button
    t =    27.28s         Requesting snapshot of accessibility hierarchy for app with pid 3109
    t =    27.32s         Find: Descendants matching predicate identifier == "NotificationShortLookView" OR elementType == 7
    t =    27.33s     Synthesize event
    t =    27.64s     Wait for app.ahoibrowser.AhoiBrowser to idle
    t =    27.65s Waiting 3.0s for Any (First Match) to exist
    t =    28.67s     Checking `Expect predicate `existsNoRetry == 1` for object Any (First Match)`
    t =    28.67s         Checking existence of `Any (First Match)`
    t =    28.68s             Requesting snapshot of accessibility hierarchy for app with pid 3109
    t =    28.73s Waiting 3.0s for "Nested scroll starts here" StaticText to exist
    t =    29.75s     Checking `Expect predicate `existsNoRetry == 1` for object "Nested scroll starts here" StaticText`
    t =    29.76s         Checking existence of `"Nested scroll starts here" StaticText`
    t =    29.77s             Requesting snapshot of accessibility hierarchy for app with pid 3109
    t =    29.81s             Find: Descendants matching type StaticText
    t =    29.81s             Find: Elements matching predicate '"Nested scroll starts here" IN identifiers'
    t =    29.82s Find the "Nested scroll starts here" StaticText
    t =    29.82s     Requesting snapshot of accessibility hierarchy for app with pid 3109
    t =    29.86s     Find: Descendants matching type StaticText
    t =    29.87s     Find: Elements matching predicate '"Nested scroll starts here" IN identifiers'
    t =    29.89s Swipe up Any (First Match)
    t =    29.89s     Wait for app.ahoibrowser.AhoiBrowser to idle
    t =    29.89s     Find the Any (First Match)
    t =    29.90s         Requesting snapshot of accessibility hierarchy for app with pid 3109
    t =    29.94s     Check for interrupting elements affecting "Nested scroll fixture, Bereich" Other
    t =    29.97s         Requesting snapshot of accessibility hierarchy for app with pid 3109
    t =    30.00s         Find: Descendants matching predicate identifier == "NotificationShortLookView" OR elementType == 7
    t =    30.01s     Synthesize event
    t =    30.53s     Wait for app.ahoibrowser.AhoiBrowser to idle
    t =    32.58s Find the "Nested scroll starts here" StaticText
    t =    32.59s     Requesting snapshot of accessibility hierarchy for app with pid 3109
    t =    32.62s     Find: Descendants matching type StaticText
    t =    32.62s     Find: Elements matching predicate '"Nested scroll starts here" IN identifiers'
    t =    32.63s Waiting 3.0s for "browser.harbor-deck.workspace" Any to not exist
    t =    33.65s     Checking `Expect predicate `existsNoRetry == 0` for object "browser.harbor-deck.workspace" Any`
    t =    33.66s         Checking existence of `"browser.harbor-deck.workspace" Any`
    t =    33.66s             Requesting snapshot of accessibility hierarchy for app with pid 3109
    t =    33.70s             Find: Descendants matching type Any
    t =    33.70s             Find: Elements matching predicate '"browser.harbor-deck.workspace" IN identifiers'
    t =    33.71s Swipe down "Nested scroll fixture, Bereich" Other
    t =    33.71s     Wait for app.ahoibrowser.AhoiBrowser to idle
    t =    33.82s     Find the "Nested scroll fixture, Bereich" Other
    t =    33.83s         Requesting snapshot of accessibility hierarchy for app with pid 3109
    t =    33.88s     Check for interrupting elements affecting "Nested scroll fixture, Bereich" Other
    t =    33.91s         Requesting snapshot of accessibility hierarchy for app with pid 3109
    t =    33.94s         Find: Descendants matching predicate identifier == "NotificationShortLookView" OR elementType == 7
    t =    33.94s     Synthesize event
    t =    34.46s     Wait for app.ahoibrowser.AhoiBrowser to idle
    t =    35.87s Waiting 3.0s for "browser.harbor-deck.workspace" Any to exist
    t =    36.89s     Checking `Expect predicate `existsNoRetry == 1` for object "browser.harbor-deck.workspace" Any`
    t =    36.89s         Checking existence of `"browser.harbor-deck.workspace" Any`
    t =    36.90s             Requesting snapshot of accessibility hierarchy for app with pid 3109
    t =    36.94s             Find: Descendants matching type Any
    t =    36.94s             Find: Elements matching predicate '"browser.harbor-deck.workspace" IN identifiers'
    t =    36.95s Tear Down
Test Case '-[AhoiMobileUITests.MobileBrowserLayoutUITests testHarborDeckTracksNestedScrollerAndRestoresOnReverseScroll]' passed (37.267 seconds).
Test Case '-[AhoiMobileUITests.MobileBrowserLayoutUITests testInteractiveWebPresentationsExpandCollapsedHarborDeck]' started.
    t =     0.00s Start Test at 2026-08-30 19:26:58.491
    t =     0.03s Set Up
    t =     0.03s Open app.ahoibrowser.AhoiBrowser
    t =     0.03s     Launch app.ahoibrowser.AhoiBrowser
    t =     0.03s         Terminate app.ahoibrowser.AhoiBrowser:3109
2026-08-30 19:26:59.384 xcodebuild[57379:143669568] [MT] IDELaunchParametersSnapshot: The operation couldn’t be completed. (DebuggerLLDB.DebuggerVersionStore.StoreError error 0.)
2026-08-30 19:26:59.384 xcodebuild[57379:143669568] [MT] IDELaunchParametersSnapshot: no debugger version
    t =    21.53s         Setting up automation session
    t =    21.55s         Wait for app.ahoibrowser.AhoiBrowser to idle
    t =    22.58s Waiting 8.0s for "browser.harbor-deck.workspace" Any to exist
    t =    23.59s     Checking `Expect predicate `existsNoRetry == 1` for object "browser.harbor-deck.workspace" Any`
    t =    23.59s         Checking existence of `"browser.harbor-deck.workspace" Any`
    t =    23.60s             Requesting snapshot of accessibility hierarchy for app with pid 3114
    t =    23.69s             Find: Descendants matching type Any
    t =    23.69s             Find: Elements matching predicate '"browser.harbor-deck.workspace" IN identifiers'
    t =    23.70s Waiting 3.0s for "Ahoi fixture page" StaticText to exist
    t =    24.71s     Checking `Expect predicate `existsNoRetry == 1` for object "Ahoi fixture page" StaticText`
    t =    24.71s         Checking existence of `"Ahoi fixture page" StaticText`
    t =    24.72s             Requesting snapshot of accessibility hierarchy for app with pid 3114
    t =    24.79s             Find: Descendants matching type StaticText
    t =    24.79s             Find: Elements matching predicate '"Ahoi fixture page" IN identifiers'
    t =    24.80s Press WebView (First Match)[0.50, 0.68] for 0.1 seconds, then drag to WebView (First Match)[0.50, 0.54] with velocity of 500.00 pixels per second, and then hold for 0.0 seconds 
    t =    24.80s     Wait for app.ahoibrowser.AhoiBrowser to idle
    t =    24.80s     Find the WebView (First Match)
    t =    24.80s         Requesting snapshot of accessibility hierarchy for app with pid 3114
    t =    24.86s     Check for interrupting elements affecting WebView
    t =    24.88s         Requesting snapshot of accessibility hierarchy for app with pid 3114
    t =    24.92s         Find: Descendants matching predicate identifier == "NotificationShortLookView" OR elementType == 7
    t =    24.92s     Synthesize event
    t =    24.92s         Find the WebView at {{0.0, 0.0}, {440.0, 795.0}}
    t =    24.92s             Requesting snapshot of accessibility hierarchy for app with pid 3114
    t =    24.99s         Find the WebView at {{0.0, 0.0}, {440.0, 795.0}}
    t =    24.99s             Requesting snapshot of accessibility hierarchy for app with pid 3114
    t =    25.06s         Find the WebView at {{0.0, 0.0}, {440.0, 795.0}}
    t =    25.07s             Requesting snapshot of accessibility hierarchy for app with pid 3114
    t =    25.14s         Find the WebView at {{0.0, 0.0}, {440.0, 795.0}}
    t =    25.14s             Requesting snapshot of accessibility hierarchy for app with pid 3114
    t =    25.20s         Find the WebView at {{0.0, 0.0}, {440.0, 795.0}}
    t =    25.21s             Requesting snapshot of accessibility hierarchy for app with pid 3114
    t =    25.76s     Wait for app.ahoibrowser.AhoiBrowser to idle
    t =    27.35s Waiting 3.0s for "browser.harbor-deck.workspace" Any to not exist
    t =    28.37s     Checking `Expect predicate `existsNoRetry == 0` for object "browser.harbor-deck.workspace" Any`
    t =    28.37s         Checking existence of `"browser.harbor-deck.workspace" Any`
    t =    28.39s             Requesting snapshot of accessibility hierarchy for app with pid 3114
    t =    28.44s             Find: Descendants matching type Any
    t =    28.44s             Find: Elements matching predicate '"browser.harbor-deck.workspace" IN identifiers'
    t =    28.45s Waiting 3.0s for "Show JavaScript alert" Button to exist
    t =    29.46s     Checking `Expect predicate `existsNoRetry == 1` for object "Show JavaScript alert" Button`
    t =    29.46s         Checking existence of `"Show JavaScript alert" Button`
    t =    29.47s             Requesting snapshot of accessibility hierarchy for app with pid 3114
    t =    29.54s             Find: Descendants matching type Button
    t =    29.54s             Find: Elements matching predicate '"Show JavaScript alert" IN identifiers'
    t =    29.55s Find the "Show JavaScript alert" Button
    t =    29.55s     Requesting snapshot of accessibility hierarchy for app with pid 3114
    t =    29.61s     Find: Descendants matching type Button
    t =    29.61s     Find: Elements matching predicate '"Show JavaScript alert" IN identifiers'
    t =    29.65s Tap "Show JavaScript alert" Button
    t =    29.65s     Wait for app.ahoibrowser.AhoiBrowser to idle
    t =    29.66s     Find the "Show JavaScript alert" Button
    t =    29.66s         Requesting snapshot of accessibility hierarchy for app with pid 3114
    t =    29.72s         Find: Descendants matching type Button
    t =    29.72s         Find: Elements matching predicate '"Show JavaScript alert" IN identifiers'
    t =    29.73s     Check for interrupting elements affecting "Show JavaScript alert" Button
    t =    29.76s         Requesting snapshot of accessibility hierarchy for app with pid 3114
    t =    29.80s         Find: Descendants matching predicate identifier == "NotificationShortLookView" OR elementType == 7
    t =    29.80s     Synthesize event
    t =    30.10s     Wait for app.ahoibrowser.AhoiBrowser to idle
    t =    30.40s Waiting 3.0s for Alert (First Match) to exist
    t =    31.41s     Checking `Expect predicate `existsNoRetry == 1` for object Alert (First Match)`
    t =    31.41s         Checking existence of `Alert (First Match)`
    t =    31.42s             Requesting snapshot of accessibility hierarchy for app with pid 3114
    t =    31.48s Tap "browser.dialog.accept" Button
    t =    31.48s     Wait for app.ahoibrowser.AhoiBrowser to idle
    t =    31.49s     Find the "browser.dialog.accept" Button
    t =    31.49s         Requesting snapshot of accessibility hierarchy for app with pid 3114
    t =    31.55s     Check for interrupting elements affecting "browser.dialog.accept" Button
    t =    31.57s         Requesting snapshot of accessibility hierarchy for app with pid 3114
    t =    31.61s         Find: Descendants matching predicate identifier == "NotificationShortLookView" OR elementType == 7
    t =    31.62s Failed to construct element query matching interruption. Interrupting element Alert, foreground application Target Application 'app.ahoibrowser.AhoiBrowser', element application: (null). If your test failed after this unhandled interruption, please file a bug and attach your .xcresult bundle.
    t =    31.62s     Synthesize event
    t =    31.93s     Wait for app.ahoibrowser.AhoiBrowser to idle
    t =    32.18s Waiting 3.0s for "browser.harbor-deck.workspace" Any to exist
    t =    33.21s     Checking `Expect predicate `existsNoRetry == 1` for object "browser.harbor-deck.workspace" Any`
    t =    33.21s         Checking existence of `"browser.harbor-deck.workspace" Any`
    t =    33.22s             Requesting snapshot of accessibility hierarchy for app with pid 3114
    t =    33.29s             Find: Descendants matching type Any
    t =    33.29s             Find: Elements matching predicate '"browser.harbor-deck.workspace" IN identifiers'
    t =    33.31s Press WebView at {{0.0, 0.0}, {440.0, 795.0}}[0.50, 0.68] for 0.1 seconds, then drag to WebView at {{0.0, 0.0}, {440.0, 795.0}}[0.50, 0.54] with velocity of 500.00 pixels per second, and then hold for 0.0 seconds 
    t =    33.31s     Wait for app.ahoibrowser.AhoiBrowser to idle
    t =    33.31s     Find the WebView at {{0.0, 0.0}, {440.0, 795.0}}
    t =    33.32s         Requesting snapshot of accessibility hierarchy for app with pid 3114
    t =    33.38s     Check for interrupting elements affecting WebView
    t =    33.39s         Requesting snapshot of accessibility hierarchy for app with pid 3114
    t =    33.43s         Find: Descendants matching predicate identifier == "NotificationShortLookView" OR elementType == 7
    t =    33.44s     Synthesize event
    t =    33.44s         Find the WebView at {{0.0, 0.0}, {440.0, 795.0}}
    t =    33.45s             Requesting snapshot of accessibility hierarchy for app with pid 3114
    t =    33.51s         Find the WebView at {{0.0, 0.0}, {440.0, 795.0}}
    t =    33.52s             Requesting snapshot of accessibility hierarchy for app with pid 3114
    t =    33.58s         Find the WebView at {{0.0, 0.0}, {440.0, 795.0}}
    t =    33.58s             Requesting snapshot of accessibility hierarchy for app with pid 3114
    t =    33.64s         Find the WebView at {{0.0, 0.0}, {440.0, 795.0}}
    t =    33.65s             Requesting snapshot of accessibility hierarchy for app with pid 3114
    t =    33.72s         Find the WebView at {{0.0, 0.0}, {440.0, 795.0}}
    t =    33.72s             Requesting snapshot of accessibility hierarchy for app with pid 3114
    t =    34.28s     Wait for app.ahoibrowser.AhoiBrowser to idle
    t =    35.86s Waiting 3.0s for "browser.harbor-deck.workspace" Any to not exist
    t =    36.87s     Checking `Expect predicate `existsNoRetry == 0` for object "browser.harbor-deck.workspace" Any`
    t =    36.87s         Checking existence of `"browser.harbor-deck.workspace" Any`
    t =    36.88s             Requesting snapshot of accessibility hierarchy for app with pid 3114
    t =    36.94s             Find: Descendants matching type Any
    t =    36.94s             Find: Elements matching predicate '"browser.harbor-deck.workspace" IN identifiers'
    t =    36.95s Waiting 3.0s for "Choose a fixture file" Button to exist
    t =    37.97s     Checking `Expect predicate `existsNoRetry == 1` for object "Choose a fixture file" Button`
    t =    37.98s         Checking existence of `"Choose a fixture file" Button`
    t =    37.99s             Requesting snapshot of accessibility hierarchy for app with pid 3114
    t =    38.06s             Find: Descendants matching type Button
    t =    38.06s             Find: Elements matching predicate '"Choose a fixture file" IN identifiers'
    t =    38.06s Find the "Choose a fixture file" Button
    t =    38.07s     Requesting snapshot of accessibility hierarchy for app with pid 3114
    t =    38.13s     Find: Descendants matching type Button
    t =    38.13s     Find: Elements matching predicate '"Choose a fixture file" IN identifiers'
    t =    38.16s Tap "Choose a fixture file" Button
    t =    38.16s     Wait for app.ahoibrowser.AhoiBrowser to idle
    t =    38.16s     Find the "Choose a fixture file" Button
    t =    38.16s         Requesting snapshot of accessibility hierarchy for app with pid 3114
    t =    38.23s         Find: Descendants matching type Button
    t =    38.23s         Find: Elements matching predicate '"Choose a fixture file" IN identifiers'
    t =    38.23s     Check for interrupting elements affecting "Choose a fixture file" Button
    t =    38.26s         Requesting snapshot of accessibility hierarchy for app with pid 3114
    t =    38.30s         Find: Descendants matching predicate identifier == "NotificationShortLookView" OR elementType == 7
    t =    38.31s     Synthesize event
    t =    38.60s     Wait for app.ahoibrowser.AhoiBrowser to idle
    t =    38.89s Waiting 3.0s for "browser.file_input.cancel" Button to exist
    t =    39.90s     Checking `Expect predicate `existsNoRetry == 1` for object "browser.file_input.cancel" Button`
    t =    39.90s         Checking existence of `"browser.file_input.cancel" Button`
    t =    39.91s             Requesting snapshot of accessibility hierarchy for app with pid 3114
    t =    40.01s Tap "browser.file_input.cancel" Button
    t =    40.01s     Wait for app.ahoibrowser.AhoiBrowser to idle
    t =    40.01s     Find the "browser.file_input.cancel" Button
    t =    40.01s         Requesting snapshot of accessibility hierarchy for app with pid 3114
    t =    40.10s     Check for interrupting elements affecting "browser.file_input.cancel" Button
    t =    40.12s         Requesting snapshot of accessibility hierarchy for app with pid 3114
    t =    40.18s         Find: Descendants matching predicate identifier == "NotificationShortLookView" OR elementType == 7
    t =    40.18s Failed to construct element query matching interruption. Interrupting element Alert, foreground application Target Application 'app.ahoibrowser.AhoiBrowser', element application: (null). If your test failed after this unhandled interruption, please file a bug and attach your .xcresult bundle.
    t =    40.18s     Synthesize event
    t =    40.48s     Wait for app.ahoibrowser.AhoiBrowser to idle
    t =    40.75s Waiting 3.0s for "browser.harbor-deck.workspace" Any to exist
    t =    41.76s     Checking `Expect predicate `existsNoRetry == 1` for object "browser.harbor-deck.workspace" Any`
    t =    41.76s         Checking existence of `"browser.harbor-deck.workspace" Any`
    t =    41.77s             Requesting snapshot of accessibility hierarchy for app with pid 3114
    t =    41.84s             Find: Descendants matching type Any
    t =    41.84s             Find: Elements matching predicate '"browser.harbor-deck.workspace" IN identifiers'
    t =    41.85s Waiting 3.0s for "browser.address" Button to exist
    t =    42.86s     Checking `Expect predicate `existsNoRetry == 1` for object "browser.address" Button`
    t =    42.87s         Checking existence of `"browser.address" Button`
    t =    42.88s             Requesting snapshot of accessibility hierarchy for app with pid 3114
    t =    42.94s             Find: Descendants matching type Button
    t =    42.95s             Find: Elements matching predicate '"browser.address" IN identifiers'
    t =    43.97s Checking `Expect predicate `hittable == 1` for object "browser.address" Button`
    t =    43.98s     Find the "browser.address" Button
    t =    43.99s         Requesting snapshot of accessibility hierarchy for app with pid 3114
    t =    44.06s         Find: Descendants matching type Button
    t =    44.06s         Find: Elements matching predicate '"browser.address" IN identifiers'
    t =    44.09s Find the "browser.address" Button
    t =    44.09s     Requesting snapshot of accessibility hierarchy for app with pid 3114
    t =    44.16s     Find: Descendants matching type Button
    t =    44.16s     Find: Elements matching predicate '"browser.address" IN identifiers'
    t =    44.17s Find the "browser.address" Button
    t =    44.17s     Requesting snapshot of accessibility hierarchy for app with pid 3114
    t =    44.24s     Find: Descendants matching type Button
    t =    44.24s     Find: Elements matching predicate '"browser.address" IN identifiers'
    t =    44.25s Tear Down
Test Case '-[AhoiMobileUITests.MobileBrowserLayoutUITests testInteractiveWebPresentationsExpandCollapsedHarborDeck]' passed (44.570 seconds).
Test Suite 'MobileBrowserLayoutUITests' passed at 2026-08-30 19:27:43.061.
	 Executed 4 tests, with 0 failures (0 unexpected) in 150.117 (150.123) seconds
Test Suite 'AhoiMobileUITests.xctest' passed at 2026-08-30 19:27:43.063.
	 Executed 7 tests, with 0 failures (0 unexpected) in 272.639 (272.655) seconds
Test Suite 'Selected tests' passed at 2026-08-30 19:27:43.065.
	 Executed 7 tests, with 0 failures (0 unexpected) in 272.639 (272.658) seconds
2026-08-30 19:27:43.235 xcodebuild[57379:143669568] [MT] IDETestOperationsObserverDebug: 277.946 elapsed -- Testing started completed.
2026-08-30 19:27:43.235 xcodebuild[57379:143669568] [MT] IDETestOperationsObserverDebug: 0.000 sec, +0.000 sec -- start
2026-08-30 19:27:43.235 xcodebuild[57379:143669568] [MT] IDETestOperationsObserverDebug: 277.946 sec, +277.946 sec -- end

Test session results, code coverage, and logs:
	/tmp/ahoi-mobile-4113c14-device-ui-01.xcresult

** TEST EXECUTE SUCCEEDED **

Testing started
