objc[17294]: Class ANGLESwapCGLLayer is implemented in both /Applications/AhoiBrowser.app/Contents/Frameworks/libblink_modules.dylib (0x141d30a50) and /Applications/AhoiBrowser.app/Contents/Frameworks/libgl_init.dylib (0x126e08a50). This may cause spurious casting failures and mysterious crashes. One of the duplicates must be removed or renamed.
objc[17294]: Class CrashpadHTTPBodyStreamTransport is implemented in both /Applications/AhoiBrowser.app/Contents/Frameworks/libbrowser_ui_views.dylib (0x10fe40188) and /Applications/AhoiBrowser.app/Contents/Frameworks/libchrome_dll.dylib (0x1169fa430). This may cause spurious casting failures and mysterious crashes. One of the duplicates must be removed or renamed.
[17294:31964492:0926/052450.609363:ERROR:chrome/browser/mac/code_sign_clone_manager.mm:98] error removing quarantine attribute "/var/folders/zn/wn74lz2s2bsfp734gbqytmpr0000gn/X/"
[17294:31964492:0926/052450.631540:ERROR:chrome/browser/mac/code_sign_clone_manager.mm:98] error removing quarantine attribute "/var/folders/zn/wn74lz2s2bsfp734gbqytmpr0000gn/X/"

DevTools listening on ws://127.0.0.1:9379/devtools/browser/79866ee2-8106-4217-ba56-d57e51a3661d
[17294:31964275:0926/052451.311031:ERROR:ahoi/browser/updater/sparkle_runtime_mac.mm:148] Ahoi updater disabled (fail closed): missing-feed-url
objc[17351]: Class ANGLESwapCGLLayer is implemented in both /Applications/AhoiBrowser.app/Contents/Frameworks/libblink_modules.dylib (0x1441cca50) and /Applications/AhoiBrowser.app/Contents/Frameworks/libgl_init.dylib (0x1292a4a50). This may cause spurious casting failures and mysterious crashes. One of the duplicates must be removed or renamed.
objc[17351]: Class CrashpadHTTPBodyStreamTransport is implemented in both /Applications/AhoiBrowser.app/Contents/Frameworks/libbrowser_ui_views.dylib (0x11ff6c188) and /Applications/AhoiBrowser.app/Contents/Frameworks/libchrome_dll.dylib (0x118e96430). This may cause spurious casting failures and mysterious crashes. One of the duplicates must be removed or renamed.
objc[17352]: Class ANGLESwapCGLLayer is implemented in both /Applications/AhoiBrowser.app/Contents/Frameworks/libblink_modules.dylib (0x140720a50) and /Applications/AhoiBrowser.app/Contents/Frameworks/libgl_init.dylib (0x1257f8a50). This may cause spurious casting failures and mysterious crashes. One of the duplicates must be removed or renamed.
objc[17352]: Class CrashpadHTTPBodyStreamTransport is implemented in both /Applications/AhoiBrowser.app/Contents/Frameworks/libbrowser_ui_views.dylib (0x11cdf4188) and /Applications/AhoiBrowser.app/Contents/Frameworks/libchrome_dll.dylib (0x1153ea430). This may cause spurious casting failures and mysterious crashes. One of the duplicates must be removed or renamed.
objc[17354]: Class ANGLESwapCGLLayer is implemented in both /Applications/AhoiBrowser.app/Contents/Frameworks/libblink_modules.dylib (0x141c94a50) and /Applications/AhoiBrowser.app/Contents/Frameworks/libgl_init.dylib (0x126d6ca50). This may cause spurious casting failures and mysterious crashes. One of the duplicates must be removed or renamed.
objc[17354]: Class CrashpadHTTPBodyStreamTransport is implemented in both /Applications/AhoiBrowser.app/Contents/Frameworks/libbrowser_ui_views.dylib (0x11da34188) and /Applications/AhoiBrowser.app/Contents/Frameworks/libchrome_dll.dylib (0x11695e430). This may cause spurious casting failures and mysterious crashes. One of the duplicates must be removed or renamed.
objc[17353]: Class ANGLESwapCGLLayer is implemented in both /Applications/AhoiBrowser.app/Contents/Frameworks/libblink_modules.dylib (0x144758a50) and /Applications/AhoiBrowser.app/Contents/Frameworks/libgl_init.dylib (0x129830a50). This may cause spurious casting failures and mysterious crashes. One of the duplicates must be removed or renamed.
objc[17353]: Class CrashpadHTTPBodyStreamTransport is implemented in both /Applications/AhoiBrowser.app/Contents/Frameworks/libbrowser_ui_views.dylib (0x120e2c188) and /Applications/AhoiBrowser.app/Contents/Frameworks/libchrome_dll.dylib (0x119422430). This may cause spurious casting failures and mysterious crashes. One of the duplicates must be removed or renamed.
objc[17358]: Class ANGLESwapCGLLayer is implemented in both /Applications/AhoiBrowser.app/Contents/Frameworks/libblink_modules.dylib (0x13ffb4a50) and /Applications/AhoiBrowser.app/Contents/Frameworks/libgl_init.dylib (0x12508ca50). This may cause spurious casting failures and mysterious crashes. One of the duplicates must be removed or renamed.
objc[17358]: Class CrashpadHTTPBodyStreamTransport is implemented in both /Applications/AhoiBrowser.app/Contents/Frameworks/libbrowser_ui_views.dylib (0x11bccc188) and /Applications/AhoiBrowser.app/Contents/Frameworks/libchrome_dll.dylib (0x114c7e430). This may cause spurious casting failures and mysterious crashes. One of the duplicates must be removed or renamed.
objc[17360]: Class ANGLESwapCGLLayer is implemented in both /Applications/AhoiBrowser.app/Contents/Frameworks/libblink_modules.dylib (0x1425eca50) and /Applications/AhoiBrowser.app/Contents/Frameworks/libgl_init.dylib (0x1276c4a50). This may cause spurious casting failures and mysterious crashes. One of the duplicates must be removed or renamed.
objc[17360]: Class CrashpadHTTPBodyStreamTransport is implemented in both /Applications/AhoiBrowser.app/Contents/Frameworks/libbrowser_ui_views.dylib (0x110800188) and /Applications/AhoiBrowser.app/Contents/Frameworks/libchrome_dll.dylib (0x1172b6430). This may cause spurious casting failures and mysterious crashes. One of the duplicates must be removed or renamed.
objc[17361]: Class ANGLESwapCGLLayer is implemented in both /Applications/AhoiBrowser.app/Contents/Frameworks/libblink_modules.dylib (0x141d40a50) and /Applications/AhoiBrowser.app/Contents/Frameworks/libgl_init.dylib (0x126e18a50). This may cause spurious casting failures and mysterious crashes. One of the duplicates must be removed or renamed.
objc[17361]: Class CrashpadHTTPBodyStreamTransport is implemented in both /Applications/AhoiBrowser.app/Contents/Frameworks/libbrowser_ui_views.dylib (0x11dae0188) and /Applications/AhoiBrowser.app/Contents/Frameworks/libchrome_dll.dylib (0x116a0a430). This may cause spurious casting failures and mysterious crashes. One of the duplicates must be removed or renamed.
[17294:31964275:0926/052457.581556:ERROR:chrome/browser/ui/webui/ntp/new_tab_ui.cc:54] Requested load of chrome://newtab/ for incorrect profile type.
objc[17513]: Class ANGLESwapCGLLayer is implemented in both /Applications/AhoiBrowser.app/Contents/Frameworks/libblink_modules.dylib (0x1424a4a50) and /Applications/AhoiBrowser.app/Contents/Frameworks/libgl_init.dylib (0x12757ca50). This may cause spurious casting failures and mysterious crashes. One of the duplicates must be removed or renamed.
objc[17513]: Class CrashpadHTTPBodyStreamTransport is implemented in both /Applications/AhoiBrowser.app/Contents/Frameworks/libbrowser_ui_views.dylib (0x110650188) and /Applications/AhoiBrowser.app/Contents/Frameworks/libchrome_dll.dylib (0x11716e430). This may cause spurious casting failures and mysterious crashes. One of the duplicates must be removed or renamed.
objc[17517]: Class ANGLESwapCGLLayer is implemented in both /Applications/AhoiBrowser.app/Contents/Frameworks/libblink_modules.dylib (0x14409ca50) and /Applications/AhoiBrowser.app/Contents/Frameworks/libgl_init.dylib (0x129174a50). This may cause spurious casting failures and mysterious crashes. One of the duplicates must be removed or renamed.
objc[17517]: Class CrashpadHTTPBodyStreamTransport is implemented in both /Applications/AhoiBrowser.app/Contents/Frameworks/libbrowser_ui_views.dylib (0x11fd38188) and /Applications/AhoiBrowser.app/Contents/Frameworks/libchrome_dll.dylib (0x118d66430). This may cause spurious casting failures and mysterious crashes. One of the duplicates must be removed or renamed.
objc[17526]: Class ANGLESwapCGLLayer is implemented in both /Applications/AhoiBrowser.app/Contents/Frameworks/libblink_modules.dylib (0x141c5ca50) and /Applications/AhoiBrowser.app/Contents/Frameworks/libgl_init.dylib (0x126d34a50). This may cause spurious casting failures and mysterious crashes. One of the duplicates must be removed or renamed.
objc[17526]: Class CrashpadHTTPBodyStreamTransport is implemented in both /Applications/AhoiBrowser.app/Contents/Frameworks/libbrowser_ui_views.dylib (0x11dcf4188) and /Applications/AhoiBrowser.app/Contents/Frameworks/libchrome_dll.dylib (0x116926430). This may cause spurious casting failures and mysterious crashes. One of the duplicates must be removed or renamed.
objc[17549]: Class ANGLESwapCGLLayer is implemented in both /Applications/AhoiBrowser.app/Contents/Frameworks/libblink_modules.dylib (0x142108a50) and /Applications/AhoiBrowser.app/Contents/Frameworks/libgl_init.dylib (0x1271e0a50). This may cause spurious casting failures and mysterious crashes. One of the duplicates must be removed or renamed.
objc[17549]: Class CrashpadHTTPBodyStreamTransport is implemented in both /Applications/AhoiBrowser.app/Contents/Frameworks/libbrowser_ui_views.dylib (0x110230188) and /Applications/AhoiBrowser.app/Contents/Frameworks/libchrome_dll.dylib (0x116dd2430). This may cause spurious casting failures and mysterious crashes. One of the duplicates must be removed or renamed.
[17351:31965014:0926/052513.188448:ERROR:components/viz/service/surfaces/surface_manager.cc:479] Old/orphaned temporary reference to SurfaceId(FrameSinkId[DelegatedFrameHost](6, 6), LocalSurfaceId(2, 3, D75F...))
[17351:31965014:0926/052513.189293:ERROR:components/viz/service/surfaces/surface_manager.cc:479] Old/orphaned temporary reference to SurfaceId(FrameSinkId[DelegatedFrameHost](6, 3), LocalSurfaceId(2, 2, 9EC3...))
[17351:31965014:0926/052513.189336:ERROR:components/viz/service/surfaces/surface_manager.cc:479] Old/orphaned temporary reference to SurfaceId(FrameSinkId[DelegatedFrameHost](6, 6), LocalSurfaceId(2, 2, D75F...))
[17351:31965014:0926/052513.189366:ERROR:components/viz/service/surfaces/surface_manager.cc:479] Old/orphaned temporary reference to SurfaceId(FrameSinkId[DelegatedFrameHost](6, 3), LocalSurfaceId(2, 3, 9EC3...))
[17351:31965014:0926/052523.189651:ERROR:components/viz/service/surfaces/surface_manager.cc:479] Old/orphaned temporary reference to SurfaceId(FrameSinkId[DelegatedFrameHost](6, 6), LocalSurfaceId(3, 4, D75F...))
[17351:31965014:0926/052523.189817:ERROR:components/viz/service/surfaces/surface_manager.cc:479] Old/orphaned temporary reference to SurfaceId(FrameSinkId[DelegatedFrameHost](6, 3), LocalSurfaceId(3, 4, 9EC3...))
[17351:31965014:0926/052523.189875:ERROR:components/viz/service/surfaces/surface_manager.cc:479] Old/orphaned temporary reference to SurfaceId(FrameSinkId[DelegatedFrameHost](6, 6), LocalSurfaceId(3, 3, D75F...))
[17351:31965014:0926/052523.189918:ERROR:components/viz/service/surfaces/surface_manager.cc:479] Old/orphaned temporary reference to SurfaceId(FrameSinkId[DelegatedFrameHost](6, 3), LocalSurfaceId(3, 5, 9EC3...))
objc[17807]: Class ANGLESwapCGLLayer is implemented in both /Applications/AhoiBrowser.app/Contents/Frameworks/libblink_modules.dylib (0x143910a50) and /Applications/AhoiBrowser.app/Contents/Frameworks/libgl_init.dylib (0x1289e8a50). This may cause spurious casting failures and mysterious crashes. One of the duplicates must be removed or renamed.
objc[17808]: Class ANGLESwapCGLLayer is implemented in both /Applications/AhoiBrowser.app/Contents/Frameworks/libblink_modules.dylib (0x144324a50) and /Applications/AhoiBrowser.app/Contents/Frameworks/libgl_init.dylib (0x1293fca50). This may cause spurious casting failures and mysterious crashes. One of the duplicates must be removed or renamed.
objc[17807]: Class CrashpadHTTPBodyStreamTransport is implemented in both /Applications/AhoiBrowser.app/Contents/Frameworks/libbrowser_ui_views.dylib (0x11f6b0188) and /Applications/AhoiBrowser.app/Contents/Frameworks/libchrome_dll.dylib (0x1185da430). This may cause spurious casting failures and mysterious crashes. One of the duplicates must be removed or renamed.
objc[17808]: Class CrashpadHTTPBodyStreamTransport is implemented in both /Applications/AhoiBrowser.app/Contents/Frameworks/libbrowser_ui_views.dylib (0x11ffc0188) and /Applications/AhoiBrowser.app/Contents/Frameworks/libchrome_dll.dylib (0x118fee430). This may cause spurious casting failures and mysterious crashes. One of the duplicates must be removed or renamed.
[17294:31964275:0926/052534.195783:ERROR:base/process/kill_posix.cc:33] waitpid(17352): No child processes (10)
