objc[914]: Class ANGLESwapCGLLayer is implemented in both /Applications/AhoiBrowser.app/Contents/Frameworks/libblink_modules.dylib (0x144624a50) and /Applications/AhoiBrowser.app/Contents/Frameworks/libgl_init.dylib (0x1296fca50). This may cause spurious casting failures and mysterious crashes. One of the duplicates must be removed or renamed.
objc[914]: Class CrashpadHTTPBodyStreamTransport is implemented in both /Applications/AhoiBrowser.app/Contents/Frameworks/libbrowser_ui_views.dylib (0x1127b4188) and /Applications/AhoiBrowser.app/Contents/Frameworks/libchrome_dll.dylib (0x1192fa430). This may cause spurious casting failures and mysterious crashes. One of the duplicates must be removed or renamed.
[914:28486101:0925/223947.902675:ERROR:chrome/browser/mac/code_sign_clone_manager.mm:98] error removing quarantine attribute "/var/folders/zn/wn74lz2s2bsfp734gbqytmpr0000gn/X/"
[914:28486101:0925/223947.934353:ERROR:chrome/browser/mac/code_sign_clone_manager.mm:98] error removing quarantine attribute "/var/folders/zn/wn74lz2s2bsfp734gbqytmpr0000gn/X/"
[914:28485326:0925/223947.965640:WARNING:chrome/browser/signin/account_consistency_mode_manager.cc:74] Desktop Identity Consistency cannot be enabled as no OAuth client ID and client secret have been configured.

DevTools listening on ws://127.0.0.1:9345/devtools/browser/a67d2edd-f6c5-4ee2-8e2d-61e1bbab096e
[914:28485326:0925/223948.209786:VERBOSE1:ahoi/browser/navigation/keyboard_shortcut_registration.cc:57] Ahoi shortcut registered: alt+9
[914:28485326:0925/223948.209820:VERBOSE1:ahoi/browser/navigation/keyboard_shortcut_registration.cc:57] Ahoi shortcut registered: cmd+alt+37
[914:28485326:0925/223948.209828:VERBOSE1:ahoi/browser/navigation/keyboard_shortcut_registration.cc:57] Ahoi shortcut registered: cmd+alt+39
[914:28485326:0925/223948.209835:VERBOSE1:ahoi/browser/navigation/keyboard_shortcut_registration.cc:57] Ahoi shortcut registered: ctrl+49
[914:28485326:0925/223948.209840:VERBOSE1:ahoi/browser/navigation/keyboard_shortcut_registration.cc:57] Ahoi shortcut registered: ctrl+50
[914:28485326:0925/223948.209846:VERBOSE1:ahoi/browser/navigation/keyboard_shortcut_registration.cc:57] Ahoi shortcut registered: ctrl+51
[914:28485326:0925/223948.209852:VERBOSE1:ahoi/browser/navigation/keyboard_shortcut_registration.cc:57] Ahoi shortcut registered: ctrl+52
[914:28485326:0925/223948.209857:VERBOSE1:ahoi/browser/navigation/keyboard_shortcut_registration.cc:57] Ahoi shortcut registered: ctrl+53
[914:28485326:0925/223948.209862:VERBOSE1:ahoi/browser/navigation/keyboard_shortcut_registration.cc:57] Ahoi shortcut registered: ctrl+54
[914:28485326:0925/223948.209867:VERBOSE1:ahoi/browser/navigation/keyboard_shortcut_registration.cc:57] Ahoi shortcut registered: ctrl+55
[914:28485326:0925/223948.209872:VERBOSE1:ahoi/browser/navigation/keyboard_shortcut_registration.cc:57] Ahoi shortcut registered: ctrl+56
[914:28485326:0925/223948.209877:VERBOSE1:ahoi/browser/navigation/keyboard_shortcut_registration.cc:57] Ahoi shortcut registered: ctrl+57
[914:28485326:0925/223948.209882:VERBOSE1:ahoi/browser/navigation/keyboard_shortcut_registration.cc:57] Ahoi shortcut registered: cmd+shift+83
[914:28485326:0925/223948.209887:VERBOSE1:ahoi/browser/navigation/keyboard_shortcut_registration.cc:57] Ahoi shortcut registered: cmd+shift+72
[914:28485326:0925/223948.209893:VERBOSE1:ahoi/browser/navigation/keyboard_shortcut_registration.cc:57] Ahoi shortcut registered: cmd+shift+70
[914:28485326:0925/223948.209898:VERBOSE1:ahoi/browser/navigation/keyboard_shortcut_registration.cc:57] Ahoi shortcut registered: cmd+ctrl+49
[914:28485326:0925/223948.209903:VERBOSE1:ahoi/browser/navigation/keyboard_shortcut_registration.cc:57] Ahoi shortcut registered: cmd+ctrl+50
[914:28485326:0925/223948.209908:VERBOSE1:ahoi/browser/navigation/keyboard_shortcut_registration.cc:57] Ahoi shortcut registered: cmd+ctrl+51
[914:28485326:0925/223948.209913:VERBOSE1:ahoi/browser/navigation/keyboard_shortcut_registration.cc:57] Ahoi shortcut registered: cmd+ctrl+52
[914:28485326:0925/223948.209919:VERBOSE1:ahoi/browser/navigation/keyboard_shortcut_registration.cc:57] Ahoi shortcut registered: cmd+ctrl+shift+37
[914:28485326:0925/223948.209935:VERBOSE1:ahoi/browser/navigation/keyboard_shortcut_registration.cc:57] Ahoi shortcut registered: cmd+ctrl+shift+39
[914:28485326:0925/223948.209939:VERBOSE1:ahoi/browser/navigation/keyboard_shortcut_registration.cc:57] Ahoi shortcut registered: cmd+ctrl+37
[914:28485326:0925/223948.209944:VERBOSE1:ahoi/browser/navigation/keyboard_shortcut_registration.cc:57] Ahoi shortcut registered: cmd+ctrl+39
[914:28485326:0925/223948.209949:VERBOSE1:ahoi/browser/navigation/keyboard_shortcut_registration.cc:57] Ahoi shortcut registered: cmd+ctrl+76
[914:28485326:0925/223948.209954:VERBOSE1:ahoi/browser/navigation/keyboard_shortcut_registration.cc:57] Ahoi shortcut registered: cmd+ctrl+48
[914:28485326:0925/223948.209958:VERBOSE1:ahoi/browser/navigation/keyboard_shortcut_registration.cc:57] Ahoi shortcut registered: cmd+ctrl+87
[914:28485326:0925/223948.394665:ERROR:ahoi/browser/updater/sparkle_runtime_mac.mm:148] Ahoi updater disabled (fail closed): missing-feed-url
objc[1104]: Class ANGLESwapCGLLayer is implemented in both /Applications/AhoiBrowser.app/Contents/Frameworks/libblink_modules.dylib (0x144190a50) and /Applications/AhoiBrowser.app/Contents/Frameworks/libgl_init.dylib (0x129268a50). This may cause spurious casting failures and mysterious crashes. One of the duplicates must be removed or renamed.
objc[1104]: Class CrashpadHTTPBodyStreamTransport is implemented in both /Applications/AhoiBrowser.app/Contents/Frameworks/libbrowser_ui_views.dylib (0x11ff30188) and /Applications/AhoiBrowser.app/Contents/Frameworks/libchrome_dll.dylib (0x118e66430). This may cause spurious casting failures and mysterious crashes. One of the duplicates must be removed or renamed.
objc[1103]: Class ANGLESwapCGLLayer is implemented in both /Applications/AhoiBrowser.app/Contents/Frameworks/libblink_modules.dylib (0x14421ca50) and /Applications/AhoiBrowser.app/Contents/Frameworks/libgl_init.dylib (0x1292f4a50). This may cause spurious casting failures and mysterious crashes. One of the duplicates must be removed or renamed.
objc[1103]: Class CrashpadHTTPBodyStreamTransport is implemented in both /Applications/AhoiBrowser.app/Contents/Frameworks/libbrowser_ui_views.dylib (0x11feb8188) and /Applications/AhoiBrowser.app/Contents/Frameworks/libchrome_dll.dylib (0x118ef2430). This may cause spurious casting failures and mysterious crashes. One of the duplicates must be removed or renamed.
objc[1105]: Class ANGLESwapCGLLayer is implemented in both /Applications/AhoiBrowser.app/Contents/Frameworks/libblink_modules.dylib (0x143f30a50) and /Applications/AhoiBrowser.app/Contents/Frameworks/libgl_init.dylib (0x129008a50). This may cause spurious casting failures and mysterious crashes. One of the duplicates must be removed or renamed.
objc[1105]: Class CrashpadHTTPBodyStreamTransport is implemented in both /Applications/AhoiBrowser.app/Contents/Frameworks/libbrowser_ui_views.dylib (0x112138188) and /Applications/AhoiBrowser.app/Contents/Frameworks/libchrome_dll.dylib (0x118c06430). This may cause spurious casting failures and mysterious crashes. One of the duplicates must be removed or renamed.
objc[1106]: Class ANGLESwapCGLLayer is implemented in both /Applications/AhoiBrowser.app/Contents/Frameworks/libblink_modules.dylib (0x1448e8a50) and /Applications/AhoiBrowser.app/Contents/Frameworks/libgl_init.dylib (0x1299c0a50). This may cause spurious casting failures and mysterious crashes. One of the duplicates must be removed or renamed.
objc[1106]: Class CrashpadHTTPBodyStreamTransport is implemented in both /Applications/AhoiBrowser.app/Contents/Frameworks/libbrowser_ui_views.dylib (0x112a68188) and /Applications/AhoiBrowser.app/Contents/Frameworks/libchrome_dll.dylib (0x1195be430). This may cause spurious casting failures and mysterious crashes. One of the duplicates must be removed or renamed.
objc[1110]: Class ANGLESwapCGLLayer is implemented in both /Applications/AhoiBrowser.app/Contents/Frameworks/libblink_modules.dylib (0x142034a50) and /Applications/AhoiBrowser.app/Contents/Frameworks/libgl_init.dylib (0x12710ca50). This may cause spurious casting failures and mysterious crashes. One of the duplicates must be removed or renamed.
objc[1110]: Class CrashpadHTTPBodyStreamTransport is implemented in both /Applications/AhoiBrowser.app/Contents/Frameworks/libbrowser_ui_views.dylib (0x110248188) and /Applications/AhoiBrowser.app/Contents/Frameworks/libchrome_dll.dylib (0x116d0a430). This may cause spurious casting failures and mysterious crashes. One of the duplicates must be removed or renamed.
objc[1112]: Class ANGLESwapCGLLayer is implemented in both /Applications/AhoiBrowser.app/Contents/Frameworks/libblink_modules.dylib (0x14406ca50) and /Applications/AhoiBrowser.app/Contents/Frameworks/libgl_init.dylib (0x129144a50). This may cause spurious casting failures and mysterious crashes. One of the duplicates must be removed or renamed.
objc[1112]: Class CrashpadHTTPBodyStreamTransport is implemented in both /Applications/AhoiBrowser.app/Contents/Frameworks/libbrowser_ui_views.dylib (0x120104188) and /Applications/AhoiBrowser.app/Contents/Frameworks/libchrome_dll.dylib (0x118d42430). This may cause spurious casting failures and mysterious crashes. One of the duplicates must be removed or renamed.
objc[1113]: Class ANGLESwapCGLLayer is implemented in both /Applications/AhoiBrowser.app/Contents/Frameworks/libblink_modules.dylib (0x140670a50) and /Applications/AhoiBrowser.app/Contents/Frameworks/libgl_init.dylib (0x125748a50). This may cause spurious casting failures and mysterious crashes. One of the duplicates must be removed or renamed.
objc[1113]: Class CrashpadHTTPBodyStreamTransport is implemented in both /Applications/AhoiBrowser.app/Contents/Frameworks/libbrowser_ui_views.dylib (0x10e878188) and /Applications/AhoiBrowser.app/Contents/Frameworks/libchrome_dll.dylib (0x115346430). This may cause spurious casting failures and mysterious crashes. One of the duplicates must be removed or renamed.
objc[1708]: Class ANGLESwapCGLLayer is implemented in both /Applications/AhoiBrowser.app/Contents/Frameworks/libblink_modules.dylib (0x141d40a50) and /Applications/AhoiBrowser.app/Contents/Frameworks/libgl_init.dylib (0x126e18a50). This may cause spurious casting failures and mysterious crashes. One of the duplicates must be removed or renamed.
objc[1708]: Class CrashpadHTTPBodyStreamTransport is implemented in both /Applications/AhoiBrowser.app/Contents/Frameworks/libbrowser_ui_views.dylib (0x10ff40188) and /Applications/AhoiBrowser.app/Contents/Frameworks/libchrome_dll.dylib (0x116a16430). This may cause spurious casting failures and mysterious crashes. One of the duplicates must be removed or renamed.
objc[2406]: Class ANGLESwapCGLLayer is implemented in both /Applications/AhoiBrowser.app/Contents/Frameworks/libblink_modules.dylib (0x143ad4a50) and /Applications/AhoiBrowser.app/Contents/Frameworks/libgl_init.dylib (0x128baca50). This may cause spurious casting failures and mysterious crashes. One of the duplicates must be removed or renamed.
objc[2406]: Class CrashpadHTTPBodyStreamTransport is implemented in both /Applications/AhoiBrowser.app/Contents/Frameworks/libbrowser_ui_views.dylib (0x111c54188) and /Applications/AhoiBrowser.app/Contents/Frameworks/libchrome_dll.dylib (0x1187aa430). This may cause spurious casting failures and mysterious crashes. One of the duplicates must be removed or renamed.
[1103:28487055:0925/224017.422719:ERROR:components/viz/service/surfaces/surface_manager.cc:479] Old/orphaned temporary reference to SurfaceId(FrameSinkId[DelegatedFrameHost](6, 3), LocalSurfaceId(2, 2, 9780...))
objc[3045]: Class ANGLESwapCGLLayer is implemented in both /Applications/AhoiBrowser.app/Contents/Frameworks/libblink_modules.dylib (0x142468a50) and /Applications/AhoiBrowser.app/Contents/Frameworks/libgl_init.dylib (0x127540a50). This may cause spurious casting failures and mysterious crashes. One of the duplicates must be removed or renamed.
objc[3045]: Class CrashpadHTTPBodyStreamTransport is implemented in both /Applications/AhoiBrowser.app/Contents/Frameworks/libbrowser_ui_views.dylib (0x11e500188) and /Applications/AhoiBrowser.app/Contents/Frameworks/libchrome_dll.dylib (0x11713e430). This may cause spurious casting failures and mysterious crashes. One of the duplicates must be removed or renamed.
[914:28485326:0925/224037.426373:ERROR:ui/events/cocoa/events_mac.mm:88] Not implemented reached in EventType ui::EventTypeFromNative(const PlatformEvent &). 21
[914:28485326:0925/224037.498797:ERROR:ui/events/cocoa/events_mac.mm:88] Not implemented reached in EventType ui::EventTypeFromNative(const PlatformEvent &). 21
objc[7596]: Class ANGLESwapCGLLayer is implemented in both /Applications/AhoiBrowser.app/Contents/Frameworks/libblink_modules.dylib (0x142068a50) and /Applications/AhoiBrowser.app/Contents/Frameworks/libgl_init.dylib (0x127140a50). This may cause spurious casting failures and mysterious crashes. One of the duplicates must be removed or renamed.
objc[7596]: Class CrashpadHTTPBodyStreamTransport is implemented in both /Applications/AhoiBrowser.app/Contents/Frameworks/libbrowser_ui_views.dylib (0x11e100188) and /Applications/AhoiBrowser.app/Contents/Frameworks/libchrome_dll.dylib (0x116d3e430). This may cause spurious casting failures and mysterious crashes. One of the duplicates must be removed or renamed.
objc[8374]: Class ANGLESwapCGLLayer is implemented in both /Applications/AhoiBrowser.app/Contents/Frameworks/libblink_modules.dylib (0x143b08a50) and /Applications/AhoiBrowser.app/Contents/Frameworks/libgl_init.dylib (0x128be0a50). This may cause spurious casting failures and mysterious crashes. One of the duplicates must be removed or renamed.
objc[8374]: Class CrashpadHTTPBodyStreamTransport is implemented in both /Applications/AhoiBrowser.app/Contents/Frameworks/libbrowser_ui_views.dylib (0x11fba0188) and /Applications/AhoiBrowser.app/Contents/Frameworks/libchrome_dll.dylib (0x1187de430). This may cause spurious casting failures and mysterious crashes. One of the duplicates must be removed or renamed.
objc[9274]: Class ANGLESwapCGLLayer is implemented in both /Applications/AhoiBrowser.app/Contents/Frameworks/libblink_modules.dylib (0x13fcd0a50) and /Applications/AhoiBrowser.app/Contents/Frameworks/libgl_init.dylib (0x124da8a50). This may cause spurious casting failures and mysterious crashes. One of the duplicates must be removed or renamed.
objc[9274]: Class CrashpadHTTPBodyStreamTransport is implemented in both /Applications/AhoiBrowser.app/Contents/Frameworks/libbrowser_ui_views.dylib (0x11b9b8188) and /Applications/AhoiBrowser.app/Contents/Frameworks/libchrome_dll.dylib (0x1149a6430). This may cause spurious casting failures and mysterious crashes. One of the duplicates must be removed or renamed.
objc[9811]: Class ANGLESwapCGLLayer is implemented in both /Applications/AhoiBrowser.app/Contents/Frameworks/libblink_modules.dylib (0x14235ca50) and /Applications/AhoiBrowser.app/Contents/Frameworks/libgl_init.dylib (0x127434a50). This may cause spurious casting failures and mysterious crashes. One of the duplicates must be removed or renamed.
objc[9811]: Class CrashpadHTTPBodyStreamTransport is implemented in both /Applications/AhoiBrowser.app/Contents/Frameworks/libbrowser_ui_views.dylib (0x110530188) and /Applications/AhoiBrowser.app/Contents/Frameworks/libchrome_dll.dylib (0x117032430). This may cause spurious casting failures and mysterious crashes. One of the duplicates must be removed or renamed.
objc[10023]: Class ANGLESwapCGLLayer is implemented in both /Applications/AhoiBrowser.app/Contents/Frameworks/libblink_modules.dylib (0x143e10a50) and /Applications/AhoiBrowser.app/Contents/Frameworks/libgl_init.dylib (0x128ee8a50). This may cause spurious casting failures and mysterious crashes. One of the duplicates must be removed or renamed.
objc[10023]: Class CrashpadHTTPBodyStreamTransport is implemented in both /Applications/AhoiBrowser.app/Contents/Frameworks/libbrowser_ui_views.dylib (0x11faac188) and /Applications/AhoiBrowser.app/Contents/Frameworks/libchrome_dll.dylib (0x118ae6430). This may cause spurious casting failures and mysterious crashes. One of the duplicates must be removed or renamed.
objc[12118]: Class ANGLESwapCGLLayer is implemented in both /Applications/AhoiBrowser.app/Contents/Frameworks/libblink_modules.dylib (0x141e24a50) and /Applications/AhoiBrowser.app/Contents/Frameworks/libgl_init.dylib (0x126efca50). This may cause spurious casting failures and mysterious crashes. One of the duplicates must be removed or renamed.
objc[12118]: Class CrashpadHTTPBodyStreamTransport is implemented in both /Applications/AhoiBrowser.app/Contents/Frameworks/libbrowser_ui_views.dylib (0x11dbc4188) and /Applications/AhoiBrowser.app/Contents/Frameworks/libchrome_dll.dylib (0x116afa430). This may cause spurious casting failures and mysterious crashes. One of the duplicates must be removed or renamed.
objc[12147]: Class ANGLESwapCGLLayer is implemented in both /Applications/AhoiBrowser.app/Contents/Frameworks/libblink_modules.dylib (0x1437a8a50) and /Applications/AhoiBrowser.app/Contents/Frameworks/libgl_init.dylib (0x128880a50). This may cause spurious casting failures and mysterious crashes. One of the duplicates must be removed or renamed.
objc[12147]: Class CrashpadHTTPBodyStreamTransport is implemented in both /Applications/AhoiBrowser.app/Contents/Frameworks/libbrowser_ui_views.dylib (0x11f490188) and /Applications/AhoiBrowser.app/Contents/Frameworks/libchrome_dll.dylib (0x11847e430). This may cause spurious casting failures and mysterious crashes. One of the duplicates must be removed or renamed.
objc[12837]: Class ANGLESwapCGLLayer is implemented in both /Applications/AhoiBrowser.app/Contents/Frameworks/libblink_modules.dylib (0x140274a50) and /Applications/AhoiBrowser.app/Contents/Frameworks/libgl_init.dylib (0x12534ca50). This may cause spurious casting failures and mysterious crashes. One of the duplicates must be removed or renamed.
objc[12837]: Class CrashpadHTTPBodyStreamTransport is implemented in both /Applications/AhoiBrowser.app/Contents/Frameworks/libbrowser_ui_views.dylib (0x11bf10188) and /Applications/AhoiBrowser.app/Contents/Frameworks/libchrome_dll.dylib (0x114f4a430). This may cause spurious casting failures and mysterious crashes. One of the duplicates must be removed or renamed.
[914:28485326:0925/224129.956756:VERBOSE1:ahoi/browser/navigation/keyboard_shortcut_registration.cc:51] Ahoi shortcut unregistered: alt+9
[914:28485326:0925/224129.956803:VERBOSE1:ahoi/browser/navigation/keyboard_shortcut_registration.cc:57] Ahoi shortcut registered: cmd+alt+75
[914:28485326:0925/224134.660686:VERBOSE1:chrome/browser/ui/views/frame/browser_view.cc:6120] Ahoi shortcut workspace.2 handled
[914:28485326:0925/224156.608461:VERBOSE1:ahoi/browser/session/session_bridge_session.cc:478] Ahoi last-used tab: mru=6 eligible=1 target=0
[914:28485326:0925/224156.608506:VERBOSE1:chrome/browser/ui/views/frame/browser_view.cc:6120] Ahoi shortcut tab.last-used not applicable
[914:28485326:0925/224156.609377:VERBOSE1:ahoi/browser/session/session_bridge_session.cc:478] Ahoi last-used tab: mru=6 eligible=1 target=0
[914:28485326:0925/224156.609392:VERBOSE1:chrome/browser/ui/views/frame/browser_view.cc:6120] Ahoi shortcut tab.last-used not applicable
[914:28485326:0925/224156.611085:VERBOSE1:ahoi/browser/session/session_bridge_session.cc:478] Ahoi last-used tab: mru=6 eligible=1 target=0
[914:28485326:0925/224156.611103:VERBOSE1:chrome/browser/ui/views/frame/browser_view.cc:6120] Ahoi shortcut tab.last-used not applicable
[914:28485326:0925/224156.611241:VERBOSE1:ahoi/browser/session/session_bridge_session.cc:478] Ahoi last-used tab: mru=6 eligible=1 target=0
[914:28485326:0925/224156.611250:VERBOSE1:chrome/browser/ui/views/frame/browser_view.cc:6120] Ahoi shortcut tab.last-used not applicable
[914:28485326:0925/224156.611345:VERBOSE1:ahoi/browser/session/session_bridge_session.cc:478] Ahoi last-used tab: mru=6 eligible=1 target=0
[914:28485326:0925/224156.611352:VERBOSE1:chrome/browser/ui/views/frame/browser_view.cc:6120] Ahoi shortcut tab.last-used not applicable
[914:28485326:0925/224156.611503:VERBOSE1:ahoi/browser/session/session_bridge_session.cc:478] Ahoi last-used tab: mru=6 eligible=1 target=0
[914:28485326:0925/224156.611544:VERBOSE1:chrome/browser/ui/views/frame/browser_view.cc:6120] Ahoi shortcut tab.last-used not applicable
objc[15839]: Class ANGLESwapCGLLayer is implemented in both /Applications/AhoiBrowser.app/Contents/Frameworks/libblink_modules.dylib (0x141df0a50) and /Applications/AhoiBrowser.app/Contents/Frameworks/libgl_init.dylib (0x126ec8a50). This may cause spurious casting failures and mysterious crashes. One of the duplicates must be removed or renamed.
objc[15839]: Class CrashpadHTTPBodyStreamTransport is implemented in both /Applications/AhoiBrowser.app/Contents/Frameworks/libbrowser_ui_views.dylib (0x11de88188) and /Applications/AhoiBrowser.app/Contents/Frameworks/libchrome_dll.dylib (0x116ac6430). This may cause spurious casting failures and mysterious crashes. One of the duplicates must be removed or renamed.
[914:28485326:0925/224218.317037:ERROR:base/process/kill_posix.cc:33] waitpid(1104): No child processes (10)
objc[16411]: Class ANGLESwapCGLLayer is implemented in both /Applications/AhoiBrowser.app/Contents/Frameworks/libblink_modules.dylib (0x141e90a50) and /Applications/AhoiBrowser.app/Contents/Frameworks/libgl_init.dylib (0x126f68a50). This may cause spurious casting failures and mysterious crashes. One of the duplicates must be removed or renamed.
objc[16411]: Class CrashpadHTTPBodyStreamTransport is implemented in both /Applications/AhoiBrowser.app/Contents/Frameworks/libbrowser_ui_views.dylib (0x110044188) and /Applications/AhoiBrowser.app/Contents/Frameworks/libchrome_dll.dylib (0x116b66430). This may cause spurious casting failures and mysterious crashes. One of the duplicates must be removed or renamed.
[16411:28524957:0925/224244.149012:ERROR:chrome/browser/mac/code_sign_clone_manager.mm:98] error removing quarantine attribute "/var/folders/zn/wn74lz2s2bsfp734gbqytmpr0000gn/X/"
[16411:28524957:0925/224244.172758:ERROR:chrome/browser/mac/code_sign_clone_manager.mm:98] error removing quarantine attribute "/var/folders/zn/wn74lz2s2bsfp734gbqytmpr0000gn/X/"
[16411:28523549:0925/224244.307085:WARNING:chrome/browser/signin/account_consistency_mode_manager.cc:74] Desktop Identity Consistency cannot be enabled as no OAuth client ID and client secret have been configured.

DevTools listening on ws://127.0.0.1:9345/devtools/browser/afb3b17d-10b1-44e0-8e5e-73596a50ac4b
[16411:28523549:0925/224244.687920:VERBOSE1:ahoi/browser/navigation/keyboard_shortcut_registration.cc:57] Ahoi shortcut registered: cmd+alt+75
[16411:28523549:0925/224244.687950:VERBOSE1:ahoi/browser/navigation/keyboard_shortcut_registration.cc:57] Ahoi shortcut registered: cmd+alt+37
[16411:28523549:0925/224244.687957:VERBOSE1:ahoi/browser/navigation/keyboard_shortcut_registration.cc:57] Ahoi shortcut registered: cmd+alt+39
[16411:28523549:0925/224244.687962:VERBOSE1:ahoi/browser/navigation/keyboard_shortcut_registration.cc:57] Ahoi shortcut registered: ctrl+49
[16411:28523549:0925/224244.687967:VERBOSE1:ahoi/browser/navigation/keyboard_shortcut_registration.cc:57] Ahoi shortcut registered: ctrl+50
[16411:28523549:0925/224244.687972:VERBOSE1:ahoi/browser/navigation/keyboard_shortcut_registration.cc:57] Ahoi shortcut registered: ctrl+51
[16411:28523549:0925/224244.687976:VERBOSE1:ahoi/browser/navigation/keyboard_shortcut_registration.cc:57] Ahoi shortcut registered: ctrl+52
[16411:28523549:0925/224244.687981:VERBOSE1:ahoi/browser/navigation/keyboard_shortcut_registration.cc:57] Ahoi shortcut registered: ctrl+53
[16411:28523549:0925/224244.687985:VERBOSE1:ahoi/browser/navigation/keyboard_shortcut_registration.cc:57] Ahoi shortcut registered: ctrl+54
[16411:28523549:0925/224244.687991:VERBOSE1:ahoi/browser/navigation/keyboard_shortcut_registration.cc:57] Ahoi shortcut registered: ctrl+55
[16411:28523549:0925/224244.687997:VERBOSE1:ahoi/browser/navigation/keyboard_shortcut_registration.cc:57] Ahoi shortcut registered: ctrl+56
[16411:28523549:0925/224244.688001:VERBOSE1:ahoi/browser/navigation/keyboard_shortcut_registration.cc:57] Ahoi shortcut registered: ctrl+57
[16411:28523549:0925/224244.688005:VERBOSE1:ahoi/browser/navigation/keyboard_shortcut_registration.cc:57] Ahoi shortcut registered: cmd+shift+83
[16411:28523549:0925/224244.688021:VERBOSE1:ahoi/browser/navigation/keyboard_shortcut_registration.cc:57] Ahoi shortcut registered: cmd+shift+72
[16411:28523549:0925/224244.688025:VERBOSE1:ahoi/browser/navigation/keyboard_shortcut_registration.cc:57] Ahoi shortcut registered: cmd+shift+70
[16411:28523549:0925/224244.688029:VERBOSE1:ahoi/browser/navigation/keyboard_shortcut_registration.cc:57] Ahoi shortcut registered: cmd+ctrl+49
[16411:28523549:0925/224244.688033:VERBOSE1:ahoi/browser/navigation/keyboard_shortcut_registration.cc:57] Ahoi shortcut registered: cmd+ctrl+50
[16411:28523549:0925/224244.688037:VERBOSE1:ahoi/browser/navigation/keyboard_shortcut_registration.cc:57] Ahoi shortcut registered: cmd+ctrl+51
[16411:28523549:0925/224244.688040:VERBOSE1:ahoi/browser/navigation/keyboard_shortcut_registration.cc:57] Ahoi shortcut registered: cmd+ctrl+52
[16411:28523549:0925/224244.688044:VERBOSE1:ahoi/browser/navigation/keyboard_shortcut_registration.cc:57] Ahoi shortcut registered: cmd+ctrl+shift+37
[16411:28523549:0925/224244.688049:VERBOSE1:ahoi/browser/navigation/keyboard_shortcut_registration.cc:57] Ahoi shortcut registered: cmd+ctrl+shift+39
[16411:28523549:0925/224244.688053:VERBOSE1:ahoi/browser/navigation/keyboard_shortcut_registration.cc:57] Ahoi shortcut registered: cmd+ctrl+37
[16411:28523549:0925/224244.688056:VERBOSE1:ahoi/browser/navigation/keyboard_shortcut_registration.cc:57] Ahoi shortcut registered: cmd+ctrl+39
[16411:28523549:0925/224244.688060:VERBOSE1:ahoi/browser/navigation/keyboard_shortcut_registration.cc:57] Ahoi shortcut registered: cmd+ctrl+76
[16411:28523549:0925/224244.688063:VERBOSE1:ahoi/browser/navigation/keyboard_shortcut_registration.cc:57] Ahoi shortcut registered: cmd+ctrl+48
[16411:28523549:0925/224244.688067:VERBOSE1:ahoi/browser/navigation/keyboard_shortcut_registration.cc:57] Ahoi shortcut registered: cmd+ctrl+87
[16411:28523549:0925/224245.026037:ERROR:ahoi/browser/updater/sparkle_runtime_mac.mm:148] Ahoi updater disabled (fail closed): missing-feed-url
objc[16926]: Class ANGLESwapCGLLayer is implemented in both /Applications/AhoiBrowser.app/Contents/Frameworks/libblink_modules.dylib (0x1407e8a50) and /Applications/AhoiBrowser.app/Contents/Frameworks/libgl_init.dylib (0x1258c0a50). This may cause spurious casting failures and mysterious crashes. One of the duplicates must be removed or renamed.
objc[16926]: Class CrashpadHTTPBodyStreamTransport is implemented in both /Applications/AhoiBrowser.app/Contents/Frameworks/libbrowser_ui_views.dylib (0x10e948188) and /Applications/AhoiBrowser.app/Contents/Frameworks/libchrome_dll.dylib (0x1154be430). This may cause spurious casting failures and mysterious crashes. One of the duplicates must be removed or renamed.
objc[16927]: Class ANGLESwapCGLLayer is implemented in both /Applications/AhoiBrowser.app/Contents/Frameworks/libblink_modules.dylib (0x143c68a50) and /Applications/AhoiBrowser.app/Contents/Frameworks/libgl_init.dylib (0x128d40a50). This may cause spurious casting failures and mysterious crashes. One of the duplicates must be removed or renamed.
objc[16927]: Class CrashpadHTTPBodyStreamTransport is implemented in both /Applications/AhoiBrowser.app/Contents/Frameworks/libbrowser_ui_views.dylib (0x11fd88188) and /Applications/AhoiBrowser.app/Contents/Frameworks/libchrome_dll.dylib (0x11893e430). This may cause spurious casting failures and mysterious crashes. One of the duplicates must be removed or renamed.
objc[16921]: Class ANGLESwapCGLLayer is implemented in both /Applications/AhoiBrowser.app/Contents/Frameworks/libblink_modules.dylib (0x141b74a50) and /Applications/AhoiBrowser.app/Contents/Frameworks/libgl_init.dylib (0x126c4ca50). This may cause spurious casting failures and mysterious crashes. One of the duplicates must be removed or renamed.
objc[16921]: Class CrashpadHTTPBodyStreamTransport is implemented in both /Applications/AhoiBrowser.app/Contents/Frameworks/libbrowser_ui_views.dylib (0x11dc0c188) and /Applications/AhoiBrowser.app/Contents/Frameworks/libchrome_dll.dylib (0x11684a430). This may cause spurious casting failures and mysterious crashes. One of the duplicates must be removed or renamed.
objc[16920]: Class ANGLESwapCGLLayer is implemented in both /Applications/AhoiBrowser.app/Contents/Frameworks/libblink_modules.dylib (0x141f88a50) and /Applications/AhoiBrowser.app/Contents/Frameworks/libgl_init.dylib (0x127060a50). This may cause spurious casting failures and mysterious crashes. One of the duplicates must be removed or renamed.
objc[16920]: Class CrashpadHTTPBodyStreamTransport is implemented in both /Applications/AhoiBrowser.app/Contents/Frameworks/libbrowser_ui_views.dylib (0x110240188) and /Applications/AhoiBrowser.app/Contents/Frameworks/libchrome_dll.dylib (0x116c5e430). This may cause spurious casting failures and mysterious crashes. One of the duplicates must be removed or renamed.
objc[16928]: Class ANGLESwapCGLLayer is implemented in both /Applications/AhoiBrowser.app/Contents/Frameworks/libblink_modules.dylib (0x142328a50) and /Applications/AhoiBrowser.app/Contents/Frameworks/libgl_init.dylib (0x127400a50). This may cause spurious casting failures and mysterious crashes. One of the duplicates must be removed or renamed.
objc[16922]: Class ANGLESwapCGLLayer is implemented in both /Applications/AhoiBrowser.app/Contents/Frameworks/libblink_modules.dylib (0x14394ca50) and /Applications/AhoiBrowser.app/Contents/Frameworks/libgl_init.dylib (0x128a24a50). This may cause spurious casting failures and mysterious crashes. One of the duplicates must be removed or renamed.
objc[16928]: Class CrashpadHTTPBodyStreamTransport is implemented in both /Applications/AhoiBrowser.app/Contents/Frameworks/libbrowser_ui_views.dylib (0x11e448188) and /Applications/AhoiBrowser.app/Contents/Frameworks/libchrome_dll.dylib (0x116ffe430). This may cause spurious casting failures and mysterious crashes. One of the duplicates must be removed or renamed.
objc[16922]: Class CrashpadHTTPBodyStreamTransport is implemented in both /Applications/AhoiBrowser.app/Contents/Frameworks/libbrowser_ui_views.dylib (0x11f634188) and /Applications/AhoiBrowser.app/Contents/Frameworks/libchrome_dll.dylib (0x118622430). This may cause spurious casting failures and mysterious crashes. One of the duplicates must be removed or renamed.
objc[16919]: Class ANGLESwapCGLLayer is implemented in both /Applications/AhoiBrowser.app/Contents/Frameworks/libblink_modules.dylib (0x1421b0a50) and /Applications/AhoiBrowser.app/Contents/Frameworks/libgl_init.dylib (0x127288a50). This may cause spurious casting failures and mysterious crashes. One of the duplicates must be removed or renamed.
objc[16919]: Class CrashpadHTTPBodyStreamTransport is implemented in both /Applications/AhoiBrowser.app/Contents/Frameworks/libbrowser_ui_views.dylib (0x11e248188) and /Applications/AhoiBrowser.app/Contents/Frameworks/libchrome_dll.dylib (0x116e86430). This may cause spurious casting failures and mysterious crashes. One of the duplicates must be removed or renamed.
[16411:28524983:0925/224407.620883:ERROR:base/process/process_mac.cc:53] task_policy_set TASK_CATEGORY_POLICY: (os/kern) invalid argument (4)
[16411:28524983:0925/224407.620921:ERROR:base/process/process_mac.cc:98] task_policy_set TASK_SUPPRESSION_POLICY: (os/kern) invalid argument (4)
[16411:28523549:0925/224407.681765:ERROR:base/process/kill_posix.cc:33] waitpid(16920): No child processes (10)
