objc[4742]: Class ANGLESwapCGLLayer is implemented in both /Applications/AhoiBrowser.app/Contents/Frameworks/libblink_modules.dylib (0x141a54a50) and /Applications/AhoiBrowser.app/Contents/Frameworks/libgl_init.dylib (0x126b2ca50). This may cause spurious casting failures and mysterious crashes. One of the duplicates must be removed or renamed.
objc[4742]: Class CrashpadHTTPBodyStreamTransport is implemented in both /Applications/AhoiBrowser.app/Contents/Frameworks/libbrowser_ui_views.dylib (0x11f25c188) and /Applications/AhoiBrowser.app/Contents/Frameworks/libchrome_dll.dylib (0x11670e430). This may cause spurious casting failures and mysterious crashes. One of the duplicates must be removed or renamed.
[4742:11237700:0929/112544.534697:ERROR:chrome/browser/mac/code_sign_clone_manager.mm:98] error removing quarantine attribute "/var/folders/zn/wn74lz2s2bsfp734gbqytmpr0000gn/X/"
[4742:11237700:0929/112544.563674:ERROR:chrome/browser/mac/code_sign_clone_manager.mm:98] error removing quarantine attribute "/var/folders/zn/wn74lz2s2bsfp734gbqytmpr0000gn/X/"

DevTools listening on ws://127.0.0.1:9407/devtools/browser/d2f2e123-afe7-4809-972a-f96afaf367d8
[4742:11237357:0929/112545.215291:ERROR:ahoi/browser/updater/sparkle_runtime_mac.mm:148] Ahoi updater disabled (fail closed): missing-feed-url
objc[4822]: Class ANGLESwapCGLLayer is implemented in both /Applications/AhoiBrowser.app/Contents/Frameworks/libblink_modules.dylib (0x1440e0a50) and /Applications/AhoiBrowser.app/Contents/Frameworks/libgl_init.dylib (0x1291b8a50). This may cause spurious casting failures and mysterious crashes. One of the duplicates must be removed or renamed.
objc[4822]: Class CrashpadHTTPBodyStreamTransport is implemented in both /Applications/AhoiBrowser.app/Contents/Frameworks/libbrowser_ui_views.dylib (0x1216d4188) and /Applications/AhoiBrowser.app/Contents/Frameworks/libchrome_dll.dylib (0x11854a430). This may cause spurious casting failures and mysterious crashes. One of the duplicates must be removed or renamed.
objc[4823]: Class ANGLESwapCGLLayer is implemented in both /Applications/AhoiBrowser.app/Contents/Frameworks/libblink_modules.dylib (0x14061ca50) and /Applications/AhoiBrowser.app/Contents/Frameworks/libgl_init.dylib (0x1256f4a50). This may cause spurious casting failures and mysterious crashes. One of the duplicates must be removed or renamed.
objc[4823]: Class CrashpadHTTPBodyStreamTransport is implemented in both /Applications/AhoiBrowser.app/Contents/Frameworks/libbrowser_ui_views.dylib (0x11dc10188) and /Applications/AhoiBrowser.app/Contents/Frameworks/libchrome_dll.dylib (0x114a86430). This may cause spurious casting failures and mysterious crashes. One of the duplicates must be removed or renamed.
objc[4825]: Class ANGLESwapCGLLayer is implemented in both /Applications/AhoiBrowser.app/Contents/Frameworks/libblink_modules.dylib (0x140f60a50) and /Applications/AhoiBrowser.app/Contents/Frameworks/libgl_init.dylib (0x126038a50). This may cause spurious casting failures and mysterious crashes. One of the duplicates must be removed or renamed.
objc[4825]: Class CrashpadHTTPBodyStreamTransport is implemented in both /Applications/AhoiBrowser.app/Contents/Frameworks/libbrowser_ui_views.dylib (0x11e554188) and /Applications/AhoiBrowser.app/Contents/Frameworks/libchrome_dll.dylib (0x1153ca430). This may cause spurious casting failures and mysterious crashes. One of the duplicates must be removed or renamed.
objc[4824]: Class ANGLESwapCGLLayer is implemented in both /Applications/AhoiBrowser.app/Contents/Frameworks/libblink_modules.dylib (0x14053ca50) and /Applications/AhoiBrowser.app/Contents/Frameworks/libgl_init.dylib (0x125614a50). This may cause spurious casting failures and mysterious crashes. One of the duplicates must be removed or renamed.
objc[4824]: Class CrashpadHTTPBodyStreamTransport is implemented in both /Applications/AhoiBrowser.app/Contents/Frameworks/libbrowser_ui_views.dylib (0x11d4f4188) and /Applications/AhoiBrowser.app/Contents/Frameworks/libchrome_dll.dylib (0x1149a6430). This may cause spurious casting failures and mysterious crashes. One of the duplicates must be removed or renamed.
objc[4826]: Class ANGLESwapCGLLayer is implemented in both /Applications/AhoiBrowser.app/Contents/Frameworks/libblink_modules.dylib (0x14473ca50) and /Applications/AhoiBrowser.app/Contents/Frameworks/libgl_init.dylib (0x129814a50). This may cause spurious casting failures and mysterious crashes. One of the duplicates must be removed or renamed.
objc[4826]: Class CrashpadHTTPBodyStreamTransport is implemented in both /Applications/AhoiBrowser.app/Contents/Frameworks/libbrowser_ui_views.dylib (0x121f44188) and /Applications/AhoiBrowser.app/Contents/Frameworks/libchrome_dll.dylib (0x1193f6430). This may cause spurious casting failures and mysterious crashes. One of the duplicates must be removed or renamed.
objc[4836]: Class ANGLESwapCGLLayer is implemented in both /Applications/AhoiBrowser.app/Contents/Frameworks/libblink_modules.dylib (0x1405a8a50) and /Applications/AhoiBrowser.app/Contents/Frameworks/libgl_init.dylib (0x125680a50). This may cause spurious casting failures and mysterious crashes. One of the duplicates must be removed or renamed.
objc[4836]: Class CrashpadHTTPBodyStreamTransport is implemented in both /Applications/AhoiBrowser.app/Contents/Frameworks/libbrowser_ui_views.dylib (0x11db9c188) and /Applications/AhoiBrowser.app/Contents/Frameworks/libchrome_dll.dylib (0x114a12430). This may cause spurious casting failures and mysterious crashes. One of the duplicates must be removed or renamed.
objc[4835]: Class ANGLESwapCGLLayer is implemented in both /Applications/AhoiBrowser.app/Contents/Frameworks/libblink_modules.dylib (0x140edca50) and /Applications/AhoiBrowser.app/Contents/Frameworks/libgl_init.dylib (0x125fb4a50). This may cause spurious casting failures and mysterious crashes. One of the duplicates must be removed or renamed.
objc[4835]: Class CrashpadHTTPBodyStreamTransport is implemented in both /Applications/AhoiBrowser.app/Contents/Frameworks/libbrowser_ui_views.dylib (0x11e4d0188) and /Applications/AhoiBrowser.app/Contents/Frameworks/libchrome_dll.dylib (0x115346430). This may cause spurious casting failures and mysterious crashes. One of the duplicates must be removed or renamed.
objc[5142]: Class ANGLESwapCGLLayer is implemented in both /Applications/AhoiBrowser.app/Contents/Frameworks/libblink_modules.dylib (0x1402e4a50) and /Applications/AhoiBrowser.app/Contents/Frameworks/libgl_init.dylib (0x1251b4a50). This may cause spurious casting failures and mysterious crashes. One of the duplicates must be removed or renamed.
objc[5142]: Class CrashpadHTTPBodyStreamTransport is implemented in both /Applications/AhoiBrowser.app/Contents/Frameworks/libbrowser_ui_views.dylib (0x11d8e4188) and /Applications/AhoiBrowser.app/Contents/Frameworks/libchrome_dll.dylib (0x114d96430). This may cause spurious casting failures and mysterious crashes. One of the duplicates must be removed or renamed.
[4822:11237990:0929/112607.764958:ERROR:components/viz/service/surfaces/surface_manager.cc:479] Old/orphaned temporary reference to SurfaceId(FrameSinkId[DelegatedFrameHost](6, 3), LocalSurfaceId(2, 2, 9B0C...))
[4822:11237990:0929/112617.766166:ERROR:components/viz/service/surfaces/surface_manager.cc:479] Old/orphaned temporary reference to SurfaceId(FrameSinkId[DelegatedFrameHost](6, 6), LocalSurfaceId(2, 2, 8371...))
[4822:11237990:0929/112617.766356:ERROR:components/viz/service/surfaces/surface_manager.cc:479] Old/orphaned temporary reference to SurfaceId(FrameSinkId[DelegatedFrameHost](6, 6), LocalSurfaceId(2, 3, 8371...))
[4822:11237990:0929/112617.766425:ERROR:components/viz/service/surfaces/surface_manager.cc:479] Old/orphaned temporary reference to SurfaceId(FrameSinkId[DelegatedFrameHost](6, 3), LocalSurfaceId(2, 3, 9B0C...))
[4822:11237990:0929/112617.766481:ERROR:components/viz/service/surfaces/surface_manager.cc:479] Old/orphaned temporary reference to SurfaceId(FrameSinkId[DelegatedFrameHost](6, 3), LocalSurfaceId(2, 4, 9B0C...))
[4742:11237357:0929/112619.175406:ERROR:base/process/kill_posix.cc:33] waitpid(4823): No child processes (10)
