objc[57617]: Class ANGLESwapCGLLayer is implemented in both /Applications/AhoiBrowser.app/Contents/Frameworks/libblink_modules.dylib (0x141fc4a50) and /Applications/AhoiBrowser.app/Contents/Frameworks/libgl_init.dylib (0x12709ca50). This may cause spurious casting failures and mysterious crashes. One of the duplicates must be removed or renamed.
objc[57617]: Class CrashpadHTTPBodyStreamTransport is implemented in both /Applications/AhoiBrowser.app/Contents/Frameworks/libbrowser_ui_views.dylib (0x110200188) and /Applications/AhoiBrowser.app/Contents/Frameworks/libchrome_dll.dylib (0x116c9a430). This may cause spurious casting failures and mysterious crashes. One of the duplicates must be removed or renamed.
[57617:28149109:0925/221222.299257:ERROR:chrome/browser/mac/code_sign_clone_manager.mm:98] error removing quarantine attribute "/var/folders/zn/wn74lz2s2bsfp734gbqytmpr0000gn/X/"
[57617:28149109:0925/221222.353360:ERROR:chrome/browser/mac/code_sign_clone_manager.mm:98] error removing quarantine attribute "/var/folders/zn/wn74lz2s2bsfp734gbqytmpr0000gn/X/"

DevTools listening on ws://127.0.0.1:9346/devtools/browser/4058116a-e2da-440a-b6c8-48d8bc3827bb
[57617:28147286:0925/221223.304213:ERROR:ahoi/browser/updater/sparkle_runtime_mac.mm:148] Ahoi updater disabled (fail closed): missing-feed-url
objc[58369]: Class ANGLESwapCGLLayer is implemented in both /Applications/AhoiBrowser.app/Contents/Frameworks/libblink_modules.dylib (0x143ef8a50) and /Applications/AhoiBrowser.app/Contents/Frameworks/libgl_init.dylib (0x128fd0a50). This may cause spurious casting failures and mysterious crashes. One of the duplicates must be removed or renamed.
objc[58369]: Class CrashpadHTTPBodyStreamTransport is implemented in both /Applications/AhoiBrowser.app/Contents/Frameworks/libbrowser_ui_views.dylib (0x11fc98188) and /Applications/AhoiBrowser.app/Contents/Frameworks/libchrome_dll.dylib (0x118bce430). This may cause spurious casting failures and mysterious crashes. One of the duplicates must be removed or renamed.
objc[58371]: Class ANGLESwapCGLLayer is implemented in both /Applications/AhoiBrowser.app/Contents/Frameworks/libblink_modules.dylib (0x142994a50) and /Applications/AhoiBrowser.app/Contents/Frameworks/libgl_init.dylib (0x127a6ca50). This may cause spurious casting failures and mysterious crashes. One of the duplicates must be removed or renamed.
objc[58371]: Class CrashpadHTTPBodyStreamTransport is implemented in both /Applications/AhoiBrowser.app/Contents/Frameworks/libbrowser_ui_views.dylib (0x110b68188) and /Applications/AhoiBrowser.app/Contents/Frameworks/libchrome_dll.dylib (0x11766a430). This may cause spurious casting failures and mysterious crashes. One of the duplicates must be removed or renamed.
objc[58367]: Class ANGLESwapCGLLayer is implemented in both /Applications/AhoiBrowser.app/Contents/Frameworks/libblink_modules.dylib (0x143b20a50) and /Applications/AhoiBrowser.app/Contents/Frameworks/libgl_init.dylib (0x128bf8a50). This may cause spurious casting failures and mysterious crashes. One of the duplicates must be removed or renamed.
objc[58367]: Class CrashpadHTTPBodyStreamTransport is implemented in both /Applications/AhoiBrowser.app/Contents/Frameworks/libbrowser_ui_views.dylib (0x11fbb8188) and /Applications/AhoiBrowser.app/Contents/Frameworks/libchrome_dll.dylib (0x1187f6430). This may cause spurious casting failures and mysterious crashes. One of the duplicates must be removed or renamed.
objc[58372]: Class ANGLESwapCGLLayer is implemented in both /Applications/AhoiBrowser.app/Contents/Frameworks/libblink_modules.dylib (0x142354a50) and /Applications/AhoiBrowser.app/Contents/Frameworks/libgl_init.dylib (0x12742ca50). This may cause spurious casting failures and mysterious crashes. One of the duplicates must be removed or renamed.
objc[58372]: Class CrashpadHTTPBodyStreamTransport is implemented in both /Applications/AhoiBrowser.app/Contents/Frameworks/libbrowser_ui_views.dylib (0x11060c188) and /Applications/AhoiBrowser.app/Contents/Frameworks/libchrome_dll.dylib (0x11702a430). This may cause spurious casting failures and mysterious crashes. One of the duplicates must be removed or renamed.
objc[58368]: Class ANGLESwapCGLLayer is implemented in both /Applications/AhoiBrowser.app/Contents/Frameworks/libblink_modules.dylib (0x13f6d4a50) and /Applications/AhoiBrowser.app/Contents/Frameworks/libgl_init.dylib (0x1247aca50). This may cause spurious casting failures and mysterious crashes. One of the duplicates must be removed or renamed.
objc[58368]: Class CrashpadHTTPBodyStreamTransport is implemented in both /Applications/AhoiBrowser.app/Contents/Frameworks/libbrowser_ui_views.dylib (0x11b3ec188) and /Applications/AhoiBrowser.app/Contents/Frameworks/libchrome_dll.dylib (0x1143aa430). This may cause spurious casting failures and mysterious crashes. One of the duplicates must be removed or renamed.
objc[58370]: Class ANGLESwapCGLLayer is implemented in both /Applications/AhoiBrowser.app/Contents/Frameworks/libblink_modules.dylib (0x143a48a50) and /Applications/AhoiBrowser.app/Contents/Frameworks/libgl_init.dylib (0x128b20a50). This may cause spurious casting failures and mysterious crashes. One of the duplicates must be removed or renamed.
objc[58370]: Class CrashpadHTTPBodyStreamTransport is implemented in both /Applications/AhoiBrowser.app/Contents/Frameworks/libbrowser_ui_views.dylib (0x11fae0188) and /Applications/AhoiBrowser.app/Contents/Frameworks/libchrome_dll.dylib (0x11871e430). This may cause spurious casting failures and mysterious crashes. One of the duplicates must be removed or renamed.
objc[58373]: Class ANGLESwapCGLLayer is implemented in both /Applications/AhoiBrowser.app/Contents/Frameworks/libblink_modules.dylib (0x141724a50) and /Applications/AhoiBrowser.app/Contents/Frameworks/libgl_init.dylib (0x1267fca50). This may cause spurious casting failures and mysterious crashes. One of the duplicates must be removed or renamed.
objc[58373]: Class CrashpadHTTPBodyStreamTransport is implemented in both /Applications/AhoiBrowser.app/Contents/Frameworks/libbrowser_ui_views.dylib (0x11d4c4188) and /Applications/AhoiBrowser.app/Contents/Frameworks/libchrome_dll.dylib (0x1163fa430). This may cause spurious casting failures and mysterious crashes. One of the duplicates must be removed or renamed.
[58367:28151817:0925/221307.061668:ERROR:components/viz/service/surfaces/surface_manager.cc:479] Old/orphaned temporary reference to SurfaceId(FrameSinkId[DelegatedFrameHost](6, 3), LocalSurfaceId(2, 2, A92A...))
objc[60103]: Class ANGLESwapCGLLayer is implemented in both /Applications/AhoiBrowser.app/Contents/Frameworks/libblink_modules.dylib (0x14198ca50) and /Applications/AhoiBrowser.app/Contents/Frameworks/libgl_init.dylib (0x126a64a50). This may cause spurious casting failures and mysterious crashes. One of the duplicates must be removed or renamed.
objc[60103]: Class CrashpadHTTPBodyStreamTransport is implemented in both /Applications/AhoiBrowser.app/Contents/Frameworks/libbrowser_ui_views.dylib (0x11d5dc188) and /Applications/AhoiBrowser.app/Contents/Frameworks/libchrome_dll.dylib (0x116662430). This may cause spurious casting failures and mysterious crashes. One of the duplicates must be removed or renamed.
objc[60618]: Class ANGLESwapCGLLayer is implemented in both /Applications/AhoiBrowser.app/Contents/Frameworks/libblink_modules.dylib (0x143cf8a50) and /Applications/AhoiBrowser.app/Contents/Frameworks/libgl_init.dylib (0x128dd0a50). This may cause spurious casting failures and mysterious crashes. One of the duplicates must be removed or renamed.
objc[60618]: Class CrashpadHTTPBodyStreamTransport is implemented in both /Applications/AhoiBrowser.app/Contents/Frameworks/libbrowser_ui_views.dylib (0x11f994188) and /Applications/AhoiBrowser.app/Contents/Frameworks/libchrome_dll.dylib (0x1189ce430). This may cause spurious casting failures and mysterious crashes. One of the duplicates must be removed or renamed.
objc[60673]: Class ANGLESwapCGLLayer is implemented in both /Applications/AhoiBrowser.app/Contents/Frameworks/libblink_modules.dylib (0x143ec4a50) and /Applications/AhoiBrowser.app/Contents/Frameworks/libgl_init.dylib (0x128f9ca50). This may cause spurious casting failures and mysterious crashes. One of the duplicates must be removed or renamed.
objc[60673]: Class CrashpadHTTPBodyStreamTransport is implemented in both /Applications/AhoiBrowser.app/Contents/Frameworks/libbrowser_ui_views.dylib (0x112138188) and /Applications/AhoiBrowser.app/Contents/Frameworks/libchrome_dll.dylib (0x118b9a430). This may cause spurious casting failures and mysterious crashes. One of the duplicates must be removed or renamed.
[57617:28147286:0925/221342.685209:FATAL:base/observer_list.h:192] Check failed: !check_reentrancy || reentrancy != ObserverListReentrancyPolicy::kDisallowReentrancy || list_.IsOnlyRemainingNode(). 
0   libbase.dylib                       0x00000001032ef9a8 base::debug::CollectStackTrace(base::span<void const*, 18446744073709551615ul, void const**>) + 24
1   libbase.dylib                       0x00000001032d13a0 base::debug::StackTrace::StackTrace(unsigned long) + 224
2   libbase.dylib                       0x0000000103183d2c logging::LogMessage::Flush() + 172
3   libbase.dylib                       0x0000000103183bd0 logging::LogMessage::~LogMessage() + 36
4   libbase.dylib                       0x0000000103163198 logging::(anonymous namespace)::CheckLogMessage::~CheckLogMessage() + 76
5   libbase.dylib                       0x0000000103162b8c logging::CheckError::~CheckError() + 44
6   libbase.dylib                       0x0000000103162bec logging::CheckError::~CheckError() + 12
7   libchrome_dll.dylib                 0x000000011119ef0c base::ObserverList<ahoi::WorkspaceServiceObserver, false, (base::ObserverListReentrancyPolicy)0, base::internal::CheckedObserverAdapter>::Iter<true>::Iter(base::ObserverList<ahoi::WorkspaceServiceObserver, false, (base::ObserverListReentrancyPolicy)0, base::internal::CheckedObserverAdapter> const*) + 216
8   libchrome_dll.dylib                 0x0000000111199a98 ahoi::WorkspaceService::SetActiveWorkspace(base::Uuid const&, base::Uuid const&, ahoi::WorkspaceActivationSource) + 476
9   libchrome_dll.dylib                 0x0000000113831100 ahoi::SessionBridge::SetActiveWorkspaceForWindow(BrowserWindowInterface*, base::Uuid const&, ahoi::WorkspaceActivationSource) + 276
10  libchrome_dll.dylib                 0x0000000112d3910c ahoi::sidebar::BrowserSidebarHostView::ActivateInitialWorkspace() + 228
11  libchrome_dll.dylib                 0x00000001111994e0 ahoi::WorkspaceService::ReplaceWorkspaces(std::__Cr::vector<ahoi::tab_tree::Workspace, std::__Cr::allocator<ahoi::tab_tree::Workspace>>) + 2132
12  libchrome_dll.dylib                 0x0000000113821520 ahoi::SessionBridge::RefreshWorkspaceSnapshot() + 244
13  libchrome_dll.dylib                 0x0000000113834574 ahoi::SessionBridge::CommitWorkspaceDeletion(base::Uuid const&, std::__Cr::optional<ahoi::session::WebsiteSessionBinding> const&) + 1460
14  libchrome_dll.dylib                 0x0000000113834718 ahoi::SessionBridge::OnWorkspaceDeletionPagesAnswered(base::Uuid, std::__Cr::vector<base::WeakPtr<content::WebContents>, std::__Cr::allocator<base::WeakPtr<content::WebContents>>>, base::OnceCallback<void (ahoi::tab_tree::TabTreeStore::Result)>, bool) + 224
15  libchrome_dll.dylib                 0x0000000113835964 void base::internal::DecayedFunctorTraits<void (ahoi::SessionBridge::*)(base::Uuid, std::__Cr::vector<base::WeakPtr<content::WebContents>, std::__Cr::allocator<base::WeakPtr<content::WebContents>>>, base::OnceCallback<void (ahoi::tab_tree::TabTreeStore::Result)>, bool), base::WeakPtr<ahoi::SessionBridge>&&, base::Uuid&&, std::__Cr::vector<base::WeakPtr<content::WebContents>, std::__Cr::allocator<base::WeakPtr<content::WebContents>>>&&, base::OnceCallback<void (ahoi::tab_tree::TabTreeStore::Result)>&&>::Invoke<void (ahoi::SessionBridge::*)(base::Uuid, std::__Cr::vector<base::WeakPtr<content::WebContents>, std::__Cr::allocator<base::WeakPtr<content::WebContents>>>, base::OnceCallback<void (ahoi::tab_tree::TabTreeStore::Result)>, bool), base::WeakPtr<ahoi::SessionBridge> const&, base::Uuid, std::__Cr::vector<base::WeakPtr<content::WebContents>, std::__Cr::allocator<base::WeakPtr<content::WebContents>>>, base::OnceCallback<void (ahoi::tab_tree::TabTreeStore::Result)>, bool>(void (ahoi::SessionBridge::*)(base::Uuid, std::__Cr::vector<base::WeakPtr<content::WebContents>, std::__Cr::allocator<base::WeakPtr<content::WebContents>>>, base::OnceCallback<void (ahoi::tab_tree::TabTreeStore::Result)>, bool), base::WeakPtr<ahoi::SessionBridge> const&, base::Uuid&&, std::__Cr::vector<base::WeakPtr<content::WebContents>, std::__Cr::allocator<base::WeakPtr<content::WebContents>>>&&, base::OnceCallback<void (ahoi::tab_tree::TabTreeStore::Result)>&&, bool&&) + 160
16  libchrome_dll.dylib                 0x00000001138358b4 base::internal::Invoker<base::internal::FunctorTraits<void (ahoi::SessionBridge::*&&)(base::Uuid, std::__Cr::vector<base::WeakPtr<content::WebContents>, std::__Cr::allocator<base::WeakPtr<content::WebContents>>>, base::OnceCallback<void (ahoi::tab_tree::TabTreeStore::Result)>, bool), base::WeakPtr<ahoi::SessionBridge>&&, base::Uuid&&, std::__Cr::vector<base::WeakPtr<content::WebContents>, std::__Cr::allocator<base::WeakPtr<content::WebContents>>>&&, base::OnceCallback<void (ahoi::tab_tree::TabTreeStore::Result)>&&>, base::internal::BindState<true, true, false, void (ahoi::SessionBridge::*)(base::Uuid, std::__Cr::vector<base::WeakPtr<content::WebContents>, std::__Cr::allocator<base::WeakPtr<content::WebContents>>>, base::OnceCallback<void (ahoi::tab_tree::TabTreeStore::Result)>, bool), base::WeakPtr<ahoi::SessionBridge>, base::Uuid, std::__Cr::vector<base::WeakPtr<content::WebContents>, std::__Cr::allocator<base::WeakPtr<content::WebContents>>>, base::OnceCallback<void (ahoi::tab_tree::TabTreeStore::Result)>>, void (bool)>::RunOnce(base::internal::BindStateBase*, bool) + 72
17  libchrome_dll.dylib                 0x000000011038dd38 base::OnceCallback<void (bool)>::Run(bool) && + 120
18  libchrome_dll.dylib                 0x000000011273a028 ahoi::session::GroupPageClose::Finish(bool) + 540
19  libbase.dylib                       0x000000010315e5d0 base::OnceCallback<void ()>::Run() && + 108
20  libbase.dylib                       0x0000000103230654 base::TaskAnnotator::RunTaskImpl(base::PendingTask&) + 276
21  libbase.dylib                       0x000000010326450c base::sequence_manager::internal::ThreadControllerWithMessagePumpImpl::DoWorkImpl(base::LazyNow*) + 1664
22  libbase.dylib                       0x0000000103263c58 base::sequence_manager::internal::ThreadControllerWithMessagePumpImpl::DoWork() + 96
23  libbase.dylib                       0x0000000103304c00 base::MessagePumpCFRunLoopBase::RunWork() + 156
24  libbase.dylib                       0x00000001032fba84 base::apple::CallWithEHFrame(void () block_pointer) + 16
25  libbase.dylib                       0x00000001033043d0 base::MessagePumpCFRunLoopBase::RunWorkSource(void*) + 60
26  CoreFoundation                      0x00000001958fe944 __CFRUNLOOP_IS_CALLING_OUT_TO_A_SOURCE0_PERFORM_FUNCTION__ + 28
27  CoreFoundation                      0x00000001958fe8d8 __CFRunLoopDoSource0 + 224
28  CoreFoundation                      0x00000001958fe610 __CFRunLoopDoSources0 + 232
29  CoreFoundation                      0x00000001958fd1e0 __CFRunLoopRun + 832
30  CoreFoundation                      0x00000001959d782c _CFRunLoopRunSpecificWithOptions + 536
31  HIToolbox                           0x00000001a2d30590 RunCurrentEventLoopInMode + 320
32  HIToolbox                           0x00000001a2d3391c ReceiveNextEventCommon + 492
33  HIToolbox                           0x00000001a2eb6380 _BlockUntilNextEventMatchingListInMode + 48
34  AppKit                              0x000000019a1f729c _DPSBlockUntilNextEventMatchingListInMode + 292
35  AppKit                              0x0000000199eb44fc _DPSNextEvent + 580
36  AppKit                              0x000000019a72c748 -[NSApplication(NSEventRouting) _nextEventMatchingEventMask:untilDate:inMode:dequeue:] + 780
37  AppKit                              0x000000019a72c26c -[NSApplication(NSEventRouting) nextEventMatchingMask:untilDate:inMode:dequeue:] + 292
38  libcomponents_remote_cocoa_app_shim 0x000000011eb115dc __64-[CrApplication nextEventMatchingMask:untilDate:inMode:dequeue:]_block_invoke + 64
39  libbase.dylib                       0x00000001032fba84 base::apple::CallWithEHFrame(void () block_pointer) + 16
40  libcomponents_remote_cocoa_app_shim 0x000000011eb1150c -[CrApplication nextEventMatchingMask:untilDate:inMode:dequeue:] + 176
41  AppKit                              0x0000000199ea790c -[NSApplication run] + 396
42  libbase.dylib                       0x00000001033055a0 base::MessagePumpNSApplication::DoRun(base::MessagePump::Delegate*) + 316
43  libbase.dylib                       0x0000000103303d14 base::MessagePumpCFRunLoopBase::Run(base::MessagePump::Delegate*) + 120
44  libbase.dylib                       0x0000000103264fa8 base::sequence_manager::internal::ThreadControllerWithMessagePumpImpl::Run(bool, base::TimeDelta) + 684
45  libbase.dylib                       0x00000001031f42bc base::RunLoop::Run(base::Location const&) + 436
46  libcontent.dylib                    0x0000000121d9c9b4 content::BrowserMainLoop::RunMainMessageLoop() + 232
47  libcontent.dylib                    0x0000000121d9ee44 content::BrowserMainRunnerImpl::Run() + 140
48  libcontent.dylib                    0x0000000121d99eb8 content::BrowserMain(content::MainFunctionParams) + 132
49  libcontent.dylib                    0x0000000122dacee0 content::RunBrowserProcessMain(content::MainFunctionParams, content::ContentMainDelegate*) + 136
50  libcontent.dylib                    0x0000000122dae680 content::ContentMainRunnerImpl::RunBrowser(content::MainFunctionParams, bool) + 1356
51  libcontent.dylib                    0x0000000122dae0d0 content::ContentMainRunnerImpl::Run() + 792
52  libcontent.dylib                    0x0000000122dac56c content::RunContentProcess(content::ContentMainParams, content::ContentMainRunner*) + 1012
53  libcontent.dylib                    0x0000000122dac730 content::ContentMain(content::ContentMainParams) + 112
54  libchrome_dll.dylib                 0x0000000110317184 ChromeMain + 388
55  AhoiBrowser                         0x00000001026986dc main + 292
56  dyld                                0x0000000195467e80 start + 6688
Task trace:
0   libchrome_dll.dylib                 0x000000011273a43c ahoi::session::GroupPageClose::Ask(std::__Cr::vector<content::WebContents*, std::__Cr::allocator<content::WebContents*>>, base::OnceCallback<void (bool)>, bool) + 976
Crash keys:
  "ax_mode" = "kNativeAPIs | kWebContents"
  "component-extension-1" = "Chromium PDF Viewer"
  "num-component-extensions" = "1"
  "num-extensions" = "0"
  "chrome-trace-id" = "2718064841118421412"
  "reentry_guard_tls_slot" = "389"
  "switch-5" = "about:blank"
  "switch-4" = "--remote-debugging-port=9346"
  "switch-3" = "--no-default-browser-check"
  "switch-2" = "--no-first-run"
  "switch-1" = "--user-data-dir=/private/tmp/ahoi-wsdelx-profile.pFg2jo"
  "num-switches" = "9"
  "commandline-disabled-feature-21" = "AIWriterAPI"
  "commandline-disabled-feature-20" = "AISummarizationAPI"
  "commandline-disabled-feature-19" = "AIRewriterAPI"
  "commandline-disabled-feature-18" = "AIProofreadingAPI"
  "commandline-disabled-feature-17" = "AIPromptAPI"
  "commandline-disabled-feature-16" = "HistoryEmbeddingsAnswers"
  "commandline-disabled-feature-15" = "HistoryEmbeddings"
  "commandline-disabled-feature-14" = "BuiltInAIEagerInit"
  "commandline-disabled-feature-13" = "ModelQualityLogging"
  "commandline-disabled-feature-12" = "OptimizationGuideManifestBroker"
  "commandline-disabled-feature-11" = "OptimizationGuideOnDeviceModel"
  "commandline-disabled-feature-10" = "OptimizationGuideModelExecution"
  "commandline-disabled-feature-9" = "OptimizationHintsFetchingSRP"
  "commandline-disabled-feature-8" = "OptimizationHints"
  "commandline-disabled-feature-7" = "ContextualTasksContext"
  "commandline-disabled-feature-6" = "ContextualTasksSidePanel"
  "commandline-disabled-feature-5" = "ContextualTasks"
  "commandline-disabled-feature-4" = "AimServerRequestOnIdentityChangeEnabled"
  "commandline-disabled-feature-3" = "AimServerRequestOnStartupEnabled"
  "commandline-disabled-feature-2" = "AimServerEligibilityEnabled"
  "commandline-disabled-feature-1" = "AimEnabled"
  "commandline-enabled-feature-1" = "SplitViewHorizontal"
  "osarch" = "arm64"
  "pid" = "57617"
  "ptype" = "browser"

Received signal 6
0   libbase.dylib                       0x00000001032ef9a8 base::debug::CollectStackTrace(base::span<void const*, 18446744073709551615ul, void const**>) + 24
1   libbase.dylib                       0x00000001032d13a0 base::debug::StackTrace::StackTrace(unsigned long) + 224
2   libbase.dylib                       0x00000001032ef894 base::debug::(anonymous namespace)::StackDumpSignalHandler(int, __siginfo*, void*) + 924
3   libsystem_platform.dylib            0x0000000195848144 _sigtramp + 56
4   libsystem_pthread.dylib             0x000000019583d97c pthread_kill + 296
5   libsystem_c.dylib                   0x0000000195740458 abort + 148
6   libbase.dylib                       0x00000001031848bc logging::LogMessage::HandleFatal(unsigned long, std::__Cr::basic_string<char, std::__Cr::char_traits<char>, std::__Cr::allocator<char>> const&) const + 456
7   libbase.dylib                       0x000000010318432c logging::LogMessage::Flush() + 1708
8   libbase.dylib                       0x0000000103183bd0 logging::LogMessage::~LogMessage() + 36
9   libbase.dylib                       0x0000000103163198 logging::(anonymous namespace)::CheckLogMessage::~CheckLogMessage() + 76
10  libbase.dylib                       0x0000000103162b8c logging::CheckError::~CheckError() + 44
11  libbase.dylib                       0x0000000103162bec logging::CheckError::~CheckError() + 12
12  libchrome_dll.dylib                 0x000000011119ef0c base::ObserverList<ahoi::WorkspaceServiceObserver, false, (base::ObserverListReentrancyPolicy)0, base::internal::CheckedObserverAdapter>::Iter<true>::Iter(base::ObserverList<ahoi::WorkspaceServiceObserver, false, (base::ObserverListReentrancyPolicy)0, base::internal::CheckedObserverAdapter> const*) + 216
13  libchrome_dll.dylib                 0x0000000111199a98 ahoi::WorkspaceService::SetActiveWorkspace(base::Uuid const&, base::Uuid const&, ahoi::WorkspaceActivationSource) + 476
14  libchrome_dll.dylib                 0x0000000113831100 ahoi::SessionBridge::SetActiveWorkspaceForWindow(BrowserWindowInterface*, base::Uuid const&, ahoi::WorkspaceActivationSource) + 276
15  libchrome_dll.dylib                 0x0000000112d3910c ahoi::sidebar::BrowserSidebarHostView::ActivateInitialWorkspace() + 228
16  libchrome_dll.dylib                 0x00000001111994e0 ahoi::WorkspaceService::ReplaceWorkspaces(std::__Cr::vector<ahoi::tab_tree::Workspace, std::__Cr::allocator<ahoi::tab_tree::Workspace>>) + 2132
17  libchrome_dll.dylib                 0x0000000113821520 ahoi::SessionBridge::RefreshWorkspaceSnapshot() + 244
18  libchrome_dll.dylib                 0x0000000113834574 ahoi::SessionBridge::CommitWorkspaceDeletion(base::Uuid const&, std::__Cr::optional<ahoi::session::WebsiteSessionBinding> const&) + 1460
19  libchrome_dll.dylib                 0x0000000113834718 ahoi::SessionBridge::OnWorkspaceDeletionPagesAnswered(base::Uuid, std::__Cr::vector<base::WeakPtr<content::WebContents>, std::__Cr::allocator<base::WeakPtr<content::WebContents>>>, base::OnceCallback<void (ahoi::tab_tree::TabTreeStore::Result)>, bool) + 224
20  libchrome_dll.dylib                 0x0000000113835964 void base::internal::DecayedFunctorTraits<void (ahoi::SessionBridge::*)(base::Uuid, std::__Cr::vector<base::WeakPtr<content::WebContents>, std::__Cr::allocator<base::WeakPtr<content::WebContents>>>, base::OnceCallback<void (ahoi::tab_tree::TabTreeStore::Result)>, bool), base::WeakPtr<ahoi::SessionBridge>&&, base::Uuid&&, std::__Cr::vector<base::WeakPtr<content::WebContents>, std::__Cr::allocator<base::WeakPtr<content::WebContents>>>&&, base::OnceCallback<void (ahoi::tab_tree::TabTreeStore::Result)>&&>::Invoke<void (ahoi::SessionBridge::*)(base::Uuid, std::__Cr::vector<base::WeakPtr<content::WebContents>, std::__Cr::allocator<base::WeakPtr<content::WebContents>>>, base::OnceCallback<void (ahoi::tab_tree::TabTreeStore::Result)>, bool), base::WeakPtr<ahoi::SessionBridge> const&, base::Uuid, std::__Cr::vector<base::WeakPtr<content::WebContents>, std::__Cr::allocator<base::WeakPtr<content::WebContents>>>, base::OnceCallback<void (ahoi::tab_tree::TabTreeStore::Result)>, bool>(void (ahoi::SessionBridge::*)(base::Uuid, std::__Cr::vector<base::WeakPtr<content::WebContents>, std::__Cr::allocator<base::WeakPtr<content::WebContents>>>, base::OnceCallback<void (ahoi::tab_tree::TabTreeStore::Result)>, bool), base::WeakPtr<ahoi::SessionBridge> const&, base::Uuid&&, std::__Cr::vector<base::WeakPtr<content::WebContents>, std::__Cr::allocator<base::WeakPtr<content::WebContents>>>&&, base::OnceCallback<void (ahoi::tab_tree::TabTreeStore::Result)>&&, bool&&) + 160
21  libchrome_dll.dylib                 0x00000001138358b4 base::internal::Invoker<base::internal::FunctorTraits<void (ahoi::SessionBridge::*&&)(base::Uuid, std::__Cr::vector<base::WeakPtr<content::WebContents>, std::__Cr::allocator<base::WeakPtr<content::WebContents>>>, base::OnceCallback<void (ahoi::tab_tree::TabTreeStore::Result)>, bool), base::WeakPtr<ahoi::SessionBridge>&&, base::Uuid&&, std::__Cr::vector<base::WeakPtr<content::WebContents>, std::__Cr::allocator<base::WeakPtr<content::WebContents>>>&&, base::OnceCallback<void (ahoi::tab_tree::TabTreeStore::Result)>&&>, base::internal::BindState<true, true, false, void (ahoi::SessionBridge::*)(base::Uuid, std::__Cr::vector<base::WeakPtr<content::WebContents>, std::__Cr::allocator<base::WeakPtr<content::WebContents>>>, base::OnceCallback<void (ahoi::tab_tree::TabTreeStore::Result)>, bool), base::WeakPtr<ahoi::SessionBridge>, base::Uuid, std::__Cr::vector<base::WeakPtr<content::WebContents>, std::__Cr::allocator<base::WeakPtr<content::WebContents>>>, base::OnceCallback<void (ahoi::tab_tree::TabTreeStore::Result)>>, void (bool)>::RunOnce(base::internal::BindStateBase*, bool) + 72
22  libchrome_dll.dylib                 0x000000011038dd38 base::OnceCallback<void (bool)>::Run(bool) && + 120
23  libchrome_dll.dylib                 0x000000011273a028 ahoi::session::GroupPageClose::Finish(bool) + 540
24  libbase.dylib                       0x000000010315e5d0 base::OnceCallback<void ()>::Run() && + 108
25  libbase.dylib                       0x0000000103230654 base::TaskAnnotator::RunTaskImpl(base::PendingTask&) + 276
26  libbase.dylib                       0x000000010326450c base::sequence_manager::internal::ThreadControllerWithMessagePumpImpl::DoWorkImpl(base::LazyNow*) + 1664
27  libbase.dylib                       0x0000000103263c58 base::sequence_manager::internal::ThreadControllerWithMessagePumpImpl::DoWork() + 96
28  libbase.dylib                       0x0000000103304c00 base::MessagePumpCFRunLoopBase::RunWork() + 156
29  libbase.dylib                       0x00000001032fba84 base::apple::CallWithEHFrame(void () block_pointer) + 16
30  libbase.dylib                       0x00000001033043d0 base::MessagePumpCFRunLoopBase::RunWorkSource(void*) + 60
31  CoreFoundation                      0x00000001958fe944 __CFRUNLOOP_IS_CALLING_OUT_TO_A_SOURCE0_PERFORM_FUNCTION__ + 28
32  CoreFoundation                      0x00000001958fe8d8 __CFRunLoopDoSource0 + 224
33  CoreFoundation                      0x00000001958fe610 __CFRunLoopDoSources0 + 232
34  CoreFoundation                      0x00000001958fd1e0 __CFRunLoopRun + 832
35  CoreFoundation                      0x00000001959d782c _CFRunLoopRunSpecificWithOptions + 536
36  HIToolbox                           0x00000001a2d30590 RunCurrentEventLoopInMode + 320
37  HIToolbox                           0x00000001a2d3391c ReceiveNextEventCommon + 492
38  HIToolbox                           0x00000001a2eb6380 _BlockUntilNextEventMatchingListInMode + 48
39  AppKit                              0x000000019a1f729c _DPSBlockUntilNextEventMatchingListInMode + 292
40  AppKit                              0x0000000199eb44fc _DPSNextEvent + 580
41  AppKit                              0x000000019a72c748 -[NSApplication(NSEventRouting) _nextEventMatchingEventMask:untilDate:inMode:dequeue:] + 780
42  AppKit                              0x000000019a72c26c -[NSApplication(NSEventRouting) nextEventMatchingMask:untilDate:inMode:dequeue:] + 292
43  libcomponents_remote_cocoa_app_shim 0x000000011eb115dc __64-[CrApplication nextEventMatchingMask:untilDate:inMode:dequeue:]_block_invoke + 64
44  libbase.dylib                       0x00000001032fba84 base::apple::CallWithEHFrame(void () block_pointer) + 16
45  libcomponents_remote_cocoa_app_shim 0x000000011eb1150c -[CrApplication nextEventMatchingMask:untilDate:inMode:dequeue:] + 176
46  AppKit                              0x0000000199ea790c -[NSApplication run] + 396
47  libbase.dylib                       0x00000001033055a0 base::MessagePumpNSApplication::DoRun(base::MessagePump::Delegate*) + 316
48  libbase.dylib                       0x0000000103303d14 base::MessagePumpCFRunLoopBase::Run(base::MessagePump::Delegate*) + 120
49  libbase.dylib                       0x0000000103264fa8 base::sequence_manager::internal::ThreadControllerWithMessagePumpImpl::Run(bool, base::TimeDelta) + 684
50  libbase.dylib                       0x00000001031f42bc base::RunLoop::Run(base::Location const&) + 436
51  libcontent.dylib                    0x0000000121d9c9b4 content::BrowserMainLoop::RunMainMessageLoop() + 232
52  libcontent.dylib                    0x0000000121d9ee44 content::BrowserMainRunnerImpl::Run() + 140
53  libcontent.dylib                    0x0000000121d99eb8 content::BrowserMain(content::MainFunctionParams) + 132
54  libcontent.dylib                    0x0000000122dacee0 content::RunBrowserProcessMain(content::MainFunctionParams, content::ContentMainDelegate*) + 136
55  libcontent.dylib                    0x0000000122dae680 content::ContentMainRunnerImpl::RunBrowser(content::MainFunctionParams, bool) + 1356
56  libcontent.dylib                    0x0000000122dae0d0 content::ContentMainRunnerImpl::Run() + 792
57  libcontent.dylib                    0x0000000122dac56c content::RunContentProcess(content::ContentMainParams, content::ContentMainRunner*) + 1012
58  libcontent.dylib                    0x0000000122dac730 content::ContentMain(content::ContentMainParams) + 112
59  libchrome_dll.dylib                 0x0000000110317184 ChromeMain + 388
60  AhoiBrowser                         0x00000001026986dc main + 292
61  dyld                                0x0000000195467e80 start + 6688
[end of stack trace]
[0925/221343.571472:WARNING:third_party/crashpad/crashpad/util/process/process_memory_mac.cc:94] mach_vm_read(0x16d764000, 0x8000): (os/kern) invalid address (1)
[0925/221347.227681:WARNING:third_party/crashpad/crashpad/util/numeric/in_range_cast.h:38] value -634136515 out of range
objc[61249]: Class ANGLESwapCGLLayer is implemented in both /Applications/AhoiBrowser.app/Contents/Frameworks/libblink_modules.dylib (0x13f83ca50) and /Applications/AhoiBrowser.app/Contents/Frameworks/libgl_init.dylib (0x124914a50). This may cause spurious casting failures and mysterious crashes. One of the duplicates must be removed or renamed.
objc[61249]: Class CrashpadHTTPBodyStreamTransport is implemented in both /Applications/AhoiBrowser.app/Contents/Frameworks/libbrowser_ui_views.dylib (0x11b524188) and /Applications/AhoiBrowser.app/Contents/Frameworks/libchrome_dll.dylib (0x114512430). This may cause spurious casting failures and mysterious crashes. One of the duplicates must be removed or renamed.
[61249:28157526:0925/221351.251764:ERROR:base/apple/mach_port_rendezvous_mac.cc:256] bootstrap_look_up app.ahoibrowser.AhoiBrowser.MachPortRendezvousServer.1: Permission denied (1100)
[61249:28157526:0925/221351.252220:ERROR:base/memory/shared_memory_switch.cc:261] No rendezvous client, terminating process (parent died?)
