objc[65128]: Class ANGLESwapCGLLayer is implemented in both /Applications/AhoiBrowser.app/Contents/Frameworks/libblink_modules.dylib (0x1446a0a50) and /Applications/AhoiBrowser.app/Contents/Frameworks/libgl_init.dylib (0x129778a50). This may cause spurious casting failures and mysterious crashes. One of the duplicates must be removed or renamed.
objc[65128]: Class CrashpadHTTPBodyStreamTransport is implemented in both /Applications/AhoiBrowser.app/Contents/Frameworks/libbrowser_ui_views.dylib (0x112850188) and /Applications/AhoiBrowser.app/Contents/Frameworks/libchrome_dll.dylib (0x119362430). This may cause spurious casting failures and mysterious crashes. One of the duplicates must be removed or renamed.
[65128:6865804:0928/182559.567607:ERROR:chrome/browser/mac/code_sign_clone_manager.mm:98] error removing quarantine attribute "/var/folders/zn/wn74lz2s2bsfp734gbqytmpr0000gn/X/"
[65128:6865804:0928/182559.591914:ERROR:chrome/browser/mac/code_sign_clone_manager.mm:98] error removing quarantine attribute "/var/folders/zn/wn74lz2s2bsfp734gbqytmpr0000gn/X/"

DevTools listening on ws://127.0.0.1:9379/devtools/browser/725e242f-2678-40a3-9d3b-b2e063780e2f
[65128:6865383:0928/182600.271299:ERROR:ahoi/browser/updater/sparkle_runtime_mac.mm:148] Ahoi updater disabled (fail closed): missing-feed-url
objc[65230]: Class ANGLESwapCGLLayer is implemented in both /Applications/AhoiBrowser.app/Contents/Frameworks/libblink_modules.dylib (0x141c60a50) and /Applications/AhoiBrowser.app/Contents/Frameworks/libgl_init.dylib (0x126d38a50). This may cause spurious casting failures and mysterious crashes. One of the duplicates must be removed or renamed.
objc[65230]: Class CrashpadHTTPBodyStreamTransport is implemented in both /Applications/AhoiBrowser.app/Contents/Frameworks/libbrowser_ui_views.dylib (0x10fedc188) and /Applications/AhoiBrowser.app/Contents/Frameworks/libchrome_dll.dylib (0x116922430). This may cause spurious casting failures and mysterious crashes. One of the duplicates must be removed or renamed.
objc[65229]: Class ANGLESwapCGLLayer is implemented in both /Applications/AhoiBrowser.app/Contents/Frameworks/libblink_modules.dylib (0x144734a50) and /Applications/AhoiBrowser.app/Contents/Frameworks/libgl_init.dylib (0x12980ca50). This may cause spurious casting failures and mysterious crashes. One of the duplicates must be removed or renamed.
objc[65229]: Class CrashpadHTTPBodyStreamTransport is implemented in both /Applications/AhoiBrowser.app/Contents/Frameworks/libbrowser_ui_views.dylib (0x112888188) and /Applications/AhoiBrowser.app/Contents/Frameworks/libchrome_dll.dylib (0x1193f6430). This may cause spurious casting failures and mysterious crashes. One of the duplicates must be removed or renamed.
objc[65242]: Class ANGLESwapCGLLayer is implemented in both /Applications/AhoiBrowser.app/Contents/Frameworks/libblink_modules.dylib (0x1404c0a50) and /Applications/AhoiBrowser.app/Contents/Frameworks/libgl_init.dylib (0x125598a50). This may cause spurious casting failures and mysterious crashes. One of the duplicates must be removed or renamed.
objc[65243]: Class ANGLESwapCGLLayer is implemented in both /Applications/AhoiBrowser.app/Contents/Frameworks/libblink_modules.dylib (0x141dd4a50) and /Applications/AhoiBrowser.app/Contents/Frameworks/libgl_init.dylib (0x126eaca50). This may cause spurious casting failures and mysterious crashes. One of the duplicates must be removed or renamed.
objc[65243]: Class CrashpadHTTPBodyStreamTransport is implemented in both /Applications/AhoiBrowser.app/Contents/Frameworks/libbrowser_ui_views.dylib (0x110034188) and /Applications/AhoiBrowser.app/Contents/Frameworks/libchrome_dll.dylib (0x116a96430). This may cause spurious casting failures and mysterious crashes. One of the duplicates must be removed or renamed.
objc[65242]: Class CrashpadHTTPBodyStreamTransport is implemented in both /Applications/AhoiBrowser.app/Contents/Frameworks/libbrowser_ui_views.dylib (0x10e73c188) and /Applications/AhoiBrowser.app/Contents/Frameworks/libchrome_dll.dylib (0x115182430). This may cause spurious casting failures and mysterious crashes. One of the duplicates must be removed or renamed.
objc[65246]: Class ANGLESwapCGLLayer is implemented in both /Applications/AhoiBrowser.app/Contents/Frameworks/libblink_modules.dylib (0x13fd48a50) and /Applications/AhoiBrowser.app/Contents/Frameworks/libgl_init.dylib (0x124e20a50). This may cause spurious casting failures and mysterious crashes. One of the duplicates must be removed or renamed.
objc[65246]: Class CrashpadHTTPBodyStreamTransport is implemented in both /Applications/AhoiBrowser.app/Contents/Frameworks/libbrowser_ui_views.dylib (0x11bde0188) and /Applications/AhoiBrowser.app/Contents/Frameworks/libchrome_dll.dylib (0x114a0a430). This may cause spurious casting failures and mysterious crashes. One of the duplicates must be removed or renamed.
objc[65244]: Class ANGLESwapCGLLayer is implemented in both /Applications/AhoiBrowser.app/Contents/Frameworks/libblink_modules.dylib (0x142344a50) and /Applications/AhoiBrowser.app/Contents/Frameworks/libgl_init.dylib (0x12741ca50). This may cause spurious casting failures and mysterious crashes. One of the duplicates must be removed or renamed.
objc[65244]: Class CrashpadHTTPBodyStreamTransport is implemented in both /Applications/AhoiBrowser.app/Contents/Frameworks/libbrowser_ui_views.dylib (0x11eaa0188) and /Applications/AhoiBrowser.app/Contents/Frameworks/libchrome_dll.dylib (0x117006430). This may cause spurious casting failures and mysterious crashes. One of the duplicates must be removed or renamed.
objc[65247]: Class ANGLESwapCGLLayer is implemented in both /Applications/AhoiBrowser.app/Contents/Frameworks/libblink_modules.dylib (0x143f34a50) and /Applications/AhoiBrowser.app/Contents/Frameworks/libgl_init.dylib (0x12900ca50). This may cause spurious casting failures and mysterious crashes. One of the duplicates must be removed or renamed.
objc[65247]: Class CrashpadHTTPBodyStreamTransport is implemented in both /Applications/AhoiBrowser.app/Contents/Frameworks/libbrowser_ui_views.dylib (0x1120b0188) and /Applications/AhoiBrowser.app/Contents/Frameworks/libchrome_dll.dylib (0x118bf6430). This may cause spurious casting failures and mysterious crashes. One of the duplicates must be removed or renamed.
[65128:6865383:0928/182606.667845:ERROR:chrome/browser/ui/webui/ntp/new_tab_ui.cc:54] Requested load of chrome://newtab/ for incorrect profile type.
objc[65416]: Class ANGLESwapCGLLayer is implemented in both /Applications/AhoiBrowser.app/Contents/Frameworks/libblink_modules.dylib (0x144524a50) and /Applications/AhoiBrowser.app/Contents/Frameworks/libgl_init.dylib (0x1295fca50). This may cause spurious casting failures and mysterious crashes. One of the duplicates must be removed or renamed.
objc[65416]: Class CrashpadHTTPBodyStreamTransport is implemented in both /Applications/AhoiBrowser.app/Contents/Frameworks/libbrowser_ui_views.dylib (0x120690188) and /Applications/AhoiBrowser.app/Contents/Frameworks/libchrome_dll.dylib (0x1191e6430). This may cause spurious casting failures and mysterious crashes. One of the duplicates must be removed or renamed.
objc[65420]: Class ANGLESwapCGLLayer is implemented in both /Applications/AhoiBrowser.app/Contents/Frameworks/libblink_modules.dylib (0x141b1ca50) and /Applications/AhoiBrowser.app/Contents/Frameworks/libgl_init.dylib (0x126bf4a50). This may cause spurious casting failures and mysterious crashes. One of the duplicates must be removed or renamed.
objc[65420]: Class CrashpadHTTPBodyStreamTransport is implemented in both /Applications/AhoiBrowser.app/Contents/Frameworks/libbrowser_ui_views.dylib (0x10fd98188) and /Applications/AhoiBrowser.app/Contents/Frameworks/libchrome_dll.dylib (0x1167de430). This may cause spurious casting failures and mysterious crashes. One of the duplicates must be removed or renamed.
objc[65487]: Class ANGLESwapCGLLayer is implemented in both /Applications/AhoiBrowser.app/Contents/Frameworks/libblink_modules.dylib (0x140620a50) and /Applications/AhoiBrowser.app/Contents/Frameworks/libgl_init.dylib (0x1256f8a50). This may cause spurious casting failures and mysterious crashes. One of the duplicates must be removed or renamed.
objc[65487]: Class CrashpadHTTPBodyStreamTransport is implemented in both /Applications/AhoiBrowser.app/Contents/Frameworks/libbrowser_ui_views.dylib (0x10e758188) and /Applications/AhoiBrowser.app/Contents/Frameworks/libchrome_dll.dylib (0x1152e2430). This may cause spurious casting failures and mysterious crashes. One of the duplicates must be removed or renamed.
objc[65739]: Class ANGLESwapCGLLayer is implemented in both /Applications/AhoiBrowser.app/Contents/Frameworks/libblink_modules.dylib (0x14287ca50) and /Applications/AhoiBrowser.app/Contents/Frameworks/libgl_init.dylib (0x127954a50). This may cause spurious casting failures and mysterious crashes. One of the duplicates must be removed or renamed.
objc[65739]: Class CrashpadHTTPBodyStreamTransport is implemented in both /Applications/AhoiBrowser.app/Contents/Frameworks/libbrowser_ui_views.dylib (0x110ae8188) and /Applications/AhoiBrowser.app/Contents/Frameworks/libchrome_dll.dylib (0x11753e430). This may cause spurious casting failures and mysterious crashes. One of the duplicates must be removed or renamed.
[65229:6866452:0928/182623.447344:ERROR:components/viz/service/surfaces/surface_manager.cc:479] Old/orphaned temporary reference to SurfaceId(FrameSinkId[DelegatedFrameHost](6, 6), LocalSurfaceId(2, 3, F9BE...))
[65229:6866452:0928/182623.448323:ERROR:components/viz/service/surfaces/surface_manager.cc:479] Old/orphaned temporary reference to SurfaceId(FrameSinkId[DelegatedFrameHost](6, 6), LocalSurfaceId(2, 2, F9BE...))
[65229:6866452:0928/182623.448372:ERROR:components/viz/service/surfaces/surface_manager.cc:479] Old/orphaned temporary reference to SurfaceId(FrameSinkId[DelegatedFrameHost](6, 3), LocalSurfaceId(2, 3, 5E40...))
[65229:6866452:0928/182623.448411:ERROR:components/viz/service/surfaces/surface_manager.cc:479] Old/orphaned temporary reference to SurfaceId(FrameSinkId[DelegatedFrameHost](6, 3), LocalSurfaceId(2, 2, 5E40...))
[65229:6866452:0928/182633.447709:ERROR:components/viz/service/surfaces/surface_manager.cc:479] Old/orphaned temporary reference to SurfaceId(FrameSinkId[DelegatedFrameHost](6, 6), LocalSurfaceId(3, 4, F9BE...))
[65229:6866452:0928/182633.447882:ERROR:components/viz/service/surfaces/surface_manager.cc:479] Old/orphaned temporary reference to SurfaceId(FrameSinkId[DelegatedFrameHost](6, 3), LocalSurfaceId(3, 5, 5E40...))
[65229:6866452:0928/182633.447934:ERROR:components/viz/service/surfaces/surface_manager.cc:479] Old/orphaned temporary reference to SurfaceId(FrameSinkId[DelegatedFrameHost](6, 6), LocalSurfaceId(3, 3, F9BE...))
[65229:6866452:0928/182633.447973:ERROR:components/viz/service/surfaces/surface_manager.cc:479] Old/orphaned temporary reference to SurfaceId(FrameSinkId[DelegatedFrameHost](6, 3), LocalSurfaceId(3, 4, 5E40...))
objc[66317]: Class ANGLESwapCGLLayer is implemented in both /Applications/AhoiBrowser.app/Contents/Frameworks/libblink_modules.dylib (0x144090a50) and /Applications/AhoiBrowser.app/Contents/Frameworks/libgl_init.dylib (0x129168a50). This may cause spurious casting failures and mysterious crashes. One of the duplicates must be removed or renamed.
objc[66318]: Class ANGLESwapCGLLayer is implemented in both /Applications/AhoiBrowser.app/Contents/Frameworks/libblink_modules.dylib (0x13fa94a50) and /Applications/AhoiBrowser.app/Contents/Frameworks/libgl_init.dylib (0x124b6ca50). This may cause spurious casting failures and mysterious crashes. One of the duplicates must be removed or renamed.
objc[66318]: Class CrashpadHTTPBodyStreamTransport is implemented in both /Applications/AhoiBrowser.app/Contents/Frameworks/libbrowser_ui_views.dylib (0x11c168188) and /Applications/AhoiBrowser.app/Contents/Frameworks/libchrome_dll.dylib (0x114756430). This may cause spurious casting failures and mysterious crashes. One of the duplicates must be removed or renamed.
objc[66317]: Class CrashpadHTTPBodyStreamTransport is implemented in both /Applications/AhoiBrowser.app/Contents/Frameworks/libbrowser_ui_views.dylib (0x11fc58188) and /Applications/AhoiBrowser.app/Contents/Frameworks/libchrome_dll.dylib (0x118d52430). This may cause spurious casting failures and mysterious crashes. One of the duplicates must be removed or renamed.
[65128:6865383:0928/182643.361401:ERROR:base/process/kill_posix.cc:33] waitpid(65230): No child processes (10)
