{
 "pass": false,
 "harnessReloads": 0,
 "cases": {
  "AUTH-01": false,
  "AUTH-02": false,
  "AUTH-03": false,
  "AUTH-04": false,
  "AUTH-05": false,
  "AUTH-06": false,
  "AUTH-07": false,
  "AUTH-08": false,
  "AUTH-09": false,
  "AUTH-10": false,
  "AUTH-11": false,
  "AUTH-13": false,
  "AUTH-14": false,
  "AUTH-15": false,
  "AUTH-16": false,
  "AUTH-17": false,
  "AUTH-18": false,
  "AUTH-19": false,
  "AUTH-20": false,
  "AUTH-21": false,
  "AUTH-22": false,
  "AUTH-24": false,
  "AUTH-25": true,
  "AUTH-26": false,
  "AUTH-27": false
 },
 "notDrivable": {
  "AUTH-12": "needs an HTTPS origin with a trusted certificate; trusting one changes the login keychain and insecure certificate flags are ruled out by the fixture contract",
  "AUTH-23": "assisted: Mac B, CloudKit and iOS absence cannot be observed on this Mac",
  "AUTH-24": "partial: show, copy and hide need a passed system authentication, which the journey never attempts; only the prompt and a fail-closed cancel are proven"
 },
 "steps": {
  "auth19_http_warning": "FAIL",
  "auth01_not_saved_before_success": "FAIL",
  "save_first": "FAIL",
  "auth15_switch_shows_chooser": "FAIL",
  "save_second": "FAIL",
  "store_two_accounts": "FAIL:",
  "choice_lists_both": "FAIL:no-dialog",
  "autocomplete_password": "FAIL",
  "choose_account": "FAIL",
  "auth04_filter_by_typing": "FAIL:no-dialog",
  "auth04_keyboard_select": "FAIL:no-dialog",
  "auth04_signin": "FAIL:no-dialog",
  "auth14_no_preemptive_outside_path": "FAIL",
  "auth13_cross_origin_redirect_no_auth": "FAIL:not-reached",
  "realm_b_prompt": "FAIL",
  "realm_separation": "FAIL:no-dialog",
  "auth18_never_save_first": "FAIL",
  "auth18_suppresses_save": "FAIL",
  "port_separation": "FAIL:no-dialog",
  "b2_signed_in": "FAIL",
  "rejected_reprompt": "FAIL",
  "auth06_error_text": "FAIL",
  "rejected_keeps_account": "FAIL",
  "password_update_signin": "FAIL",
  "update_no_duplicate": "FAIL:",
  "auth06_error_after_wrong_password": "FAIL",
  "auth06_switch_other_account": "FAIL",
  "auth07_after_second_failure": "FAIL:",
  "sign_out_without_restart": "FAIL:about:blank",
  "same_browser_process": "PASS",
  "auth16_signout_keeps_saved": "FAIL:",
  "auth15_other_origin_kept": "FAIL",
  "own_sessions_signin": "FAIL:workspace-not-created",
  "phase1_browser_alive": "PASS",
  "restart_same_profile": "PASS",
  "auth14_chooser_path_scoped": "FAIL:no-dialog",
  "auth26_same_origin_prompt_labelled": "FAIL:no-dialog",
  "auth26_no_persistence_controls": "FAIL:no-dialog",
  "auth26_cross_port_prompt_labelled": "FAIL",
  "auth26_cross_site_no_prompt": "FAIL",
  "auth20_digest_prompt": "FAIL",
  "auth20_digest_no_basic_accounts": "FAIL:no-dialog",
  "auth20_digest_signin": "FAIL",
  "auth20_digest_saved_separately": "FAIL",
  "auth05_prefilled_after_restart": "FAIL",
  "auth19_no_auto_login": "FAIL",
  "auth02_accounts_offered": "FAIL:no-dialog",
  "auth20_basic_not_mixed": "PASS",
  "auth05_preferred_first": "FAIL:",
  "auth02_signin_saved": "FAIL",
  "auth08_update_persisted": "FAIL",
  "auth21_no_automatic_fill": "FAIL",
  "auth21_explicit_selection": "FAIL",
  "auth21_no_persistence": "FAIL",
  "incognito_window_closed": "PASS",
  "auth22_cache_discarded": "FAIL:<no tab>",
  "auth17_single_delete": "FAIL:",
  "auth17_deleted_not_offered": "FAIL:no-dialog",
  "auth24_manager_opened": "FAIL",
  "auth18_save_after_reset": "FAIL",
  "forget_realm": "PASS",
  "forget_keeps_other_realm": "FAIL",
  "auth17_empty_after_forget": "FAIL:no-dialog",
  "no_secret_in_logs": "PASS",
  "auth11_proxy_prompt": "FAIL:no-dialog",
  "auth11_proxy_signin": "FAIL",
  "auth11_origin_prompt_separate": "FAIL:no-dialog",
  "auth11_store_separate": "FAIL",
  "auth11_headers_separate": "FAIL",
  "auth25_no_canary_in_evidence": "PASS",
  "auth25_no_canary_in_profile": "PASS",
  "auth25_no_canary_in_crash_reports": "PASS",
  "auth25_no_auth_header_in_logs": "PASS"
 }
}
tools/desktop_e2e/http-auth-journey.sh: line 788: 36361 Terminated: 15          python3 -u -c "$FIXTURE" $A $B2 $PX > "$OUT/fixture.log" 2>&1
