2026-10-05T10:42:32Z ubo-classic cpuidle=56,48 hid=357
2026-10-05T10:44:44Z http-auth cpuidle=0,0 hid=25
2026-10-05T10:45:37Z http-auth cpuidle=0,0 hid=79
2026-10-05T10:46:30Z http-auth cpuidle=0,0 hid=132
2026-10-05T10:47:34Z http-auth cpuidle=0,0 hid=195
2026-10-05T10:48:27Z http-auth cpuidle=0,0 hid=248
2026-10-05T10:49:24Z http-auth cpuidle=1,0 hid=305
2026-10-05T10:50:16Z http-auth cpuidle=10,2 hid=358
2026-10-05T10:51:09Z http-auth cpuidle=0,0 hid=411
2026-10-05T10:52:03Z http-auth cpuidle=0,0 hid=464
2026-10-05T10:52:56Z http-auth cpuidle=0,0 hid=518
2026-10-05T10:53:49Z http-auth cpuidle=10,0 hid=570
2026-10-05T10:54:40Z http-auth cpuidle=30,25 hid=622
2026-10-05T10:55:32Z http-auth cpuidle=11,3 hid=674
2026-10-05T10:56:24Z http-auth cpuidle=6,14 hid=726
2026-10-05T10:57:16Z http-auth cpuidle=11,4 hid=778
2026-10-05T10:58:08Z http-auth cpuidle=0,8 hid=830
2026-10-05T10:59:00Z http-auth cpuidle=0,0 hid=882
2026-10-05T10:59:52Z http-auth cpuidle=30,39 hid=934
2026-10-05T12:11:49Z privacy-modes cpuidle=80,80 hid=5251
2026-10-05T12:13:08Z downloads-media cpuidle=79,78 hid=5330
2026-10-05T12:13:49Z import-sources cpuidle=79,79 hid=5370
2026-10-05T12:14:14Z sandbox cpuidle=76,74 hid=5396
