objc[10303]: Class ANGLESwapCGLLayer is implemented in both /Applications/AhoiBrowser.app/Contents/Frameworks/libblink_modules.dylib (0x141ec8a50) and /Applications/AhoiBrowser.app/Contents/Frameworks/libgl_init.dylib (0x126fa0a50). This may cause spurious casting failures and mysterious crashes. One of the duplicates must be removed or renamed.
objc[10303]: Class CrashpadHTTPBodyStreamTransport is implemented in both /Applications/AhoiBrowser.app/Contents/Frameworks/libbrowser_ui_views.dylib (0x110004188) and /Applications/AhoiBrowser.app/Contents/Frameworks/libchrome_dll.dylib (0x116b8a430). This may cause spurious casting failures and mysterious crashes. One of the duplicates must be removed or renamed.
[10303:9602080:0929/073305.903085:ERROR:chrome/browser/mac/code_sign_clone_manager.mm:98] error removing quarantine attribute "/var/folders/zn/wn74lz2s2bsfp734gbqytmpr0000gn/X/"
[10303:9602080:0929/073305.924451:ERROR:chrome/browser/mac/code_sign_clone_manager.mm:98] error removing quarantine attribute "/var/folders/zn/wn74lz2s2bsfp734gbqytmpr0000gn/X/"

DevTools listening on ws://127.0.0.1:9391/devtools/browser/e1577fce-4742-4eac-be18-ff25de9e2433
[10303:9601702:0929/073306.233011:ERROR:ahoi/browser/updater/sparkle_runtime_mac.mm:148] Ahoi updater disabled (fail closed): missing-feed-url
objc[10402]: Class ANGLESwapCGLLayer is implemented in both /Applications/AhoiBrowser.app/Contents/Frameworks/libblink_modules.dylib (0x1440bca50) and /Applications/AhoiBrowser.app/Contents/Frameworks/libgl_init.dylib (0x129194a50). This may cause spurious casting failures and mysterious crashes. One of the duplicates must be removed or renamed.
objc[10402]: Class CrashpadHTTPBodyStreamTransport is implemented in both /Applications/AhoiBrowser.app/Contents/Frameworks/libbrowser_ui_views.dylib (0x120818188) and /Applications/AhoiBrowser.app/Contents/Frameworks/libchrome_dll.dylib (0x118d7e430). This may cause spurious casting failures and mysterious crashes. One of the duplicates must be removed or renamed.
objc[10401]: Class ANGLESwapCGLLayer is implemented in both /Applications/AhoiBrowser.app/Contents/Frameworks/libblink_modules.dylib (0x140498a50) and /Applications/AhoiBrowser.app/Contents/Frameworks/libgl_init.dylib (0x125570a50). This may cause spurious casting failures and mysterious crashes. One of the duplicates must be removed or renamed.
objc[10401]: Class CrashpadHTTPBodyStreamTransport is implemented in both /Applications/AhoiBrowser.app/Contents/Frameworks/libbrowser_ui_views.dylib (0x10e5c0188) and /Applications/AhoiBrowser.app/Contents/Frameworks/libchrome_dll.dylib (0x11515a430). This may cause spurious casting failures and mysterious crashes. One of the duplicates must be removed or renamed.
objc[10404]: Class ANGLESwapCGLLayer is implemented in both /Applications/AhoiBrowser.app/Contents/Frameworks/libblink_modules.dylib (0x140994a50) and /Applications/AhoiBrowser.app/Contents/Frameworks/libgl_init.dylib (0x125a6ca50). This may cause spurious casting failures and mysterious crashes. One of the duplicates must be removed or renamed.
objc[10404]: Class CrashpadHTTPBodyStreamTransport is implemented in both /Applications/AhoiBrowser.app/Contents/Frameworks/libbrowser_ui_views.dylib (0x10eb78188) and /Applications/AhoiBrowser.app/Contents/Frameworks/libchrome_dll.dylib (0x115656430). This may cause spurious casting failures and mysterious crashes. One of the duplicates must be removed or renamed.
objc[10403]: Class ANGLESwapCGLLayer is implemented in both /Applications/AhoiBrowser.app/Contents/Frameworks/libblink_modules.dylib (0x1440dca50) and /Applications/AhoiBrowser.app/Contents/Frameworks/libgl_init.dylib (0x1291b4a50). This may cause spurious casting failures and mysterious crashes. One of the duplicates must be removed or renamed.
objc[10403]: Class CrashpadHTTPBodyStreamTransport is implemented in both /Applications/AhoiBrowser.app/Contents/Frameworks/libbrowser_ui_views.dylib (0x1201c0188) and /Applications/AhoiBrowser.app/Contents/Frameworks/libchrome_dll.dylib (0x118d9e430). This may cause spurious casting failures and mysterious crashes. One of the duplicates must be removed or renamed.
objc[10406]: Class ANGLESwapCGLLayer is implemented in both /Applications/AhoiBrowser.app/Contents/Frameworks/libblink_modules.dylib (0x14039ca50) and /Applications/AhoiBrowser.app/Contents/Frameworks/libgl_init.dylib (0x125474a50). This may cause spurious casting failures and mysterious crashes. One of the duplicates must be removed or renamed.
objc[10406]: Class CrashpadHTTPBodyStreamTransport is implemented in both /Applications/AhoiBrowser.app/Contents/Frameworks/libbrowser_ui_views.dylib (0x11c480188) and /Applications/AhoiBrowser.app/Contents/Frameworks/libchrome_dll.dylib (0x11505e430). This may cause spurious casting failures and mysterious crashes. One of the duplicates must be removed or renamed.
objc[10408]: Class ANGLESwapCGLLayer is implemented in both /Applications/AhoiBrowser.app/Contents/Frameworks/libblink_modules.dylib (0x141ef8a50) and /Applications/AhoiBrowser.app/Contents/Frameworks/libgl_init.dylib (0x126fd0a50). This may cause spurious casting failures and mysterious crashes. One of the duplicates must be removed or renamed.
objc[10408]: Class CrashpadHTTPBodyStreamTransport is implemented in both /Applications/AhoiBrowser.app/Contents/Frameworks/libbrowser_ui_views.dylib (0x110084188) and /Applications/AhoiBrowser.app/Contents/Frameworks/libchrome_dll.dylib (0x116bba430). This may cause spurious casting failures and mysterious crashes. One of the duplicates must be removed or renamed.
objc[10410]: Class ANGLESwapCGLLayer is implemented in both /Applications/AhoiBrowser.app/Contents/Frameworks/libblink_modules.dylib (0x13fbf0a50) and /Applications/AhoiBrowser.app/Contents/Frameworks/libgl_init.dylib (0x124cc8a50). This may cause spurious casting failures and mysterious crashes. One of the duplicates must be removed or renamed.
objc[10410]: Class CrashpadHTTPBodyStreamTransport is implemented in both /Applications/AhoiBrowser.app/Contents/Frameworks/libbrowser_ui_views.dylib (0x10dcf8188) and /Applications/AhoiBrowser.app/Contents/Frameworks/libchrome_dll.dylib (0x1148b2430). This may cause spurious casting failures and mysterious crashes. One of the duplicates must be removed or renamed.
objc[10632]: Class ANGLESwapCGLLayer is implemented in both /Applications/AhoiBrowser.app/Contents/Frameworks/libblink_modules.dylib (0x13fe70a50) and /Applications/AhoiBrowser.app/Contents/Frameworks/libgl_init.dylib (0x124f48a50). This may cause spurious casting failures and mysterious crashes. One of the duplicates must be removed or renamed.
objc[10632]: Class CrashpadHTTPBodyStreamTransport is implemented in both /Applications/AhoiBrowser.app/Contents/Frameworks/libbrowser_ui_views.dylib (0x10e0ec188) and /Applications/AhoiBrowser.app/Contents/Frameworks/libchrome_dll.dylib (0x114b32430). This may cause spurious casting failures and mysterious crashes. One of the duplicates must be removed or renamed.
[10303:9601702:0929/073321.675757:ERROR:ui/events/cocoa/events_mac.mm:88] Not implemented reached in EventType ui::EventTypeFromNative(const PlatformEvent &). 21
[10303:9601702:0929/073321.675805:ERROR:ui/events/cocoa/events_mac.mm:88] Not implemented reached in EventType ui::EventTypeFromNative(const PlatformEvent &). 21
[10303:9601702:0929/073321.675816:ERROR:ui/events/cocoa/events_mac.mm:88] Not implemented reached in EventType ui::EventTypeFromNative(const PlatformEvent &). 21
objc[10661]: Class ANGLESwapCGLLayer is implemented in both /Applications/AhoiBrowser.app/Contents/Frameworks/libblink_modules.dylib (0x1442f4a50) and /Applications/AhoiBrowser.app/Contents/Frameworks/libgl_init.dylib (0x1293cca50). This may cause spurious casting failures and mysterious crashes. One of the duplicates must be removed or renamed.
objc[10661]: Class CrashpadHTTPBodyStreamTransport is implemented in both /Applications/AhoiBrowser.app/Contents/Frameworks/libbrowser_ui_views.dylib (0x112570188) and /Applications/AhoiBrowser.app/Contents/Frameworks/libchrome_dll.dylib (0x118fb6430). This may cause spurious casting failures and mysterious crashes. One of the duplicates must be removed or renamed.
[10401:9602437:0929/073328.193797:ERROR:components/viz/service/surfaces/surface_manager.cc:479] Old/orphaned temporary reference to SurfaceId(FrameSinkId[DelegatedFrameHost](6, 3), LocalSurfaceId(2, 2, 2F96...))
[10401:9602437:0929/073338.194372:ERROR:components/viz/service/surfaces/surface_manager.cc:479] Old/orphaned temporary reference to SurfaceId(FrameSinkId[DelegatedFrameHost](6, 13), LocalSurfaceId(2, 2, 7697...))
[10303:9601702:0929/073353.022331:ERROR:ui/events/cocoa/events_mac.mm:88] Not implemented reached in EventType ui::EventTypeFromNative(const PlatformEvent &). 21
[10303:9601702:0929/073353.022407:ERROR:ui/events/cocoa/events_mac.mm:88] Not implemented reached in EventType ui::EventTypeFromNative(const PlatformEvent &). 21
[10303:9601702:0929/073353.022448:ERROR:ui/events/cocoa/events_mac.mm:88] Not implemented reached in EventType ui::EventTypeFromNative(const PlatformEvent &). 21
objc[12712]: Class ANGLESwapCGLLayer is implemented in both /Applications/AhoiBrowser.app/Contents/Frameworks/libblink_modules.dylib (0x1402f4a50) and /Applications/AhoiBrowser.app/Contents/Frameworks/libgl_init.dylib (0x1253cca50). This may cause spurious casting failures and mysterious crashes. One of the duplicates must be removed or renamed.
objc[12712]: Class CrashpadHTTPBodyStreamTransport is implemented in both /Applications/AhoiBrowser.app/Contents/Frameworks/libbrowser_ui_views.dylib (0x11c508188) and /Applications/AhoiBrowser.app/Contents/Frameworks/libchrome_dll.dylib (0x114fb6430). This may cause spurious casting failures and mysterious crashes. One of the duplicates must be removed or renamed.
objc[12717]: Class ANGLESwapCGLLayer is implemented in both /Applications/AhoiBrowser.app/Contents/Frameworks/libblink_modules.dylib (0x14253ca50) and /Applications/AhoiBrowser.app/Contents/Frameworks/libgl_init.dylib (0x127614a50). This may cause spurious casting failures and mysterious crashes. One of the duplicates must be removed or renamed.
objc[12717]: Class CrashpadHTTPBodyStreamTransport is implemented in both /Applications/AhoiBrowser.app/Contents/Frameworks/libbrowser_ui_views.dylib (0x11ec10188) and /Applications/AhoiBrowser.app/Contents/Frameworks/libchrome_dll.dylib (0x1171fe430). This may cause spurious casting failures and mysterious crashes. One of the duplicates must be removed or renamed.
[10303:9601702:0929/073413.206034:ERROR:base/process/kill_posix.cc:33] waitpid(10402): No child processes (10)
objc[46432]: Class ANGLESwapCGLLayer is implemented in both /Applications/AhoiBrowser.app/Contents/Frameworks/libblink_modules.dylib (0x13ff6ca50) and /Applications/AhoiBrowser.app/Contents/Frameworks/libgl_init.dylib (0x125044a50). This may cause spurious casting failures and mysterious crashes. One of the duplicates must be removed or renamed.
objc[46432]: Class CrashpadHTTPBodyStreamTransport is implemented in both /Applications/AhoiBrowser.app/Contents/Frameworks/libbrowser_ui_views.dylib (0x10e0a8188) and /Applications/AhoiBrowser.app/Contents/Frameworks/libchrome_dll.dylib (0x114c2e430). This may cause spurious casting failures and mysterious crashes. One of the duplicates must be removed or renamed.
[46432:9745431:0929/075129.142339:ERROR:chrome/browser/mac/code_sign_clone_manager.mm:98] error removing quarantine attribute "/var/folders/zn/wn74lz2s2bsfp734gbqytmpr0000gn/X/"
[46432:9745431:0929/075129.181395:ERROR:chrome/browser/mac/code_sign_clone_manager.mm:98] error removing quarantine attribute "/var/folders/zn/wn74lz2s2bsfp734gbqytmpr0000gn/X/"

DevTools listening on ws://127.0.0.1:9391/devtools/browser/2e019be4-3463-4a2d-a893-f2f7c1bfedde
[46432:9744738:0929/075129.925380:ERROR:ahoi/browser/updater/sparkle_runtime_mac.mm:148] Ahoi updater disabled (fail closed): missing-feed-url
objc[46480]: Class ANGLESwapCGLLayer is implemented in both /Applications/AhoiBrowser.app/Contents/Frameworks/libblink_modules.dylib (0x141a48a50) and /Applications/AhoiBrowser.app/Contents/Frameworks/libgl_init.dylib (0x126b20a50). This may cause spurious casting failures and mysterious crashes. One of the duplicates must be removed or renamed.
objc[46484]: Class ANGLESwapCGLLayer is implemented in both /Applications/AhoiBrowser.app/Contents/Frameworks/libblink_modules.dylib (0x140434a50) and /Applications/AhoiBrowser.app/Contents/Frameworks/libgl_init.dylib (0x12550ca50). This may cause spurious casting failures and mysterious crashes. One of the duplicates must be removed or renamed.
objc[46484]: Class CrashpadHTTPBodyStreamTransport is implemented in both /Applications/AhoiBrowser.app/Contents/Frameworks/libbrowser_ui_views.dylib (0x11cb90188) and /Applications/AhoiBrowser.app/Contents/Frameworks/libchrome_dll.dylib (0x1150f6430). This may cause spurious casting failures and mysterious crashes. One of the duplicates must be removed or renamed.
objc[46480]: Class CrashpadHTTPBodyStreamTransport is implemented in both /Applications/AhoiBrowser.app/Contents/Frameworks/libbrowser_ui_views.dylib (0x10fcc4188) and /Applications/AhoiBrowser.app/Contents/Frameworks/libchrome_dll.dylib (0x11670a430). This may cause spurious casting failures and mysterious crashes. One of the duplicates must be removed or renamed.
objc[46490]: Class ANGLESwapCGLLayer is implemented in both /Applications/AhoiBrowser.app/Contents/Frameworks/libblink_modules.dylib (0x14002ca50) and /Applications/AhoiBrowser.app/Contents/Frameworks/libgl_init.dylib (0x125104a50). This may cause spurious casting failures and mysterious crashes. One of the duplicates must be removed or renamed.
objc[46490]: Class CrashpadHTTPBodyStreamTransport is implemented in both /Applications/AhoiBrowser.app/Contents/Frameworks/libbrowser_ui_views.dylib (0x11c214188) and /Applications/AhoiBrowser.app/Contents/Frameworks/libchrome_dll.dylib (0x114cee430). This may cause spurious casting failures and mysterious crashes. One of the duplicates must be removed or renamed.
objc[46492]: Class ANGLESwapCGLLayer is implemented in both /Applications/AhoiBrowser.app/Contents/Frameworks/libblink_modules.dylib (0x1440f8a50) and /Applications/AhoiBrowser.app/Contents/Frameworks/libgl_init.dylib (0x1291d0a50). This may cause spurious casting failures and mysterious crashes. One of the duplicates must be removed or renamed.
objc[46492]: Class CrashpadHTTPBodyStreamTransport is implemented in both /Applications/AhoiBrowser.app/Contents/Frameworks/libbrowser_ui_views.dylib (0x1122ec188) and /Applications/AhoiBrowser.app/Contents/Frameworks/libchrome_dll.dylib (0x118dba430). This may cause spurious casting failures and mysterious crashes. One of the duplicates must be removed or renamed.
objc[46500]: Class ANGLESwapCGLLayer is implemented in both /Applications/AhoiBrowser.app/Contents/Frameworks/libblink_modules.dylib (0x142414a50) and /Applications/AhoiBrowser.app/Contents/Frameworks/libgl_init.dylib (0x1274eca50). This may cause spurious casting failures and mysterious crashes. One of the duplicates must be removed or renamed.
objc[46500]: Class CrashpadHTTPBodyStreamTransport is implemented in both /Applications/AhoiBrowser.app/Contents/Frameworks/libbrowser_ui_views.dylib (0x110590188) and /Applications/AhoiBrowser.app/Contents/Frameworks/libchrome_dll.dylib (0x1170d6430). This may cause spurious casting failures and mysterious crashes. One of the duplicates must be removed or renamed.
objc[46502]: Class ANGLESwapCGLLayer is implemented in both /Applications/AhoiBrowser.app/Contents/Frameworks/libblink_modules.dylib (0x144934a50) and /Applications/AhoiBrowser.app/Contents/Frameworks/libgl_init.dylib (0x129a0ca50). This may cause spurious casting failures and mysterious crashes. One of the duplicates must be removed or renamed.
objc[46503]: Class ANGLESwapCGLLayer is implemented in both /Applications/AhoiBrowser.app/Contents/Frameworks/libblink_modules.dylib (0x1440b4a50) and /Applications/AhoiBrowser.app/Contents/Frameworks/libgl_init.dylib (0x12918ca50). This may cause spurious casting failures and mysterious crashes. One of the duplicates must be removed or renamed.
objc[46503]: Class CrashpadHTTPBodyStreamTransport is implemented in both /Applications/AhoiBrowser.app/Contents/Frameworks/libbrowser_ui_views.dylib (0x12014c188) and /Applications/AhoiBrowser.app/Contents/Frameworks/libchrome_dll.dylib (0x118d76430). This may cause spurious casting failures and mysterious crashes. One of the duplicates must be removed or renamed.
objc[46502]: Class CrashpadHTTPBodyStreamTransport is implemented in both /Applications/AhoiBrowser.app/Contents/Frameworks/libbrowser_ui_views.dylib (0x112ab0188) and /Applications/AhoiBrowser.app/Contents/Frameworks/libchrome_dll.dylib (0x1195f6430). This may cause spurious casting failures and mysterious crashes. One of the duplicates must be removed or renamed.
objc[46708]: Class ANGLESwapCGLLayer is implemented in both /Applications/AhoiBrowser.app/Contents/Frameworks/libblink_modules.dylib (0x1421cca50) and /Applications/AhoiBrowser.app/Contents/Frameworks/libgl_init.dylib (0x1272a4a50). This may cause spurious casting failures and mysterious crashes. One of the duplicates must be removed or renamed.
objc[46708]: Class CrashpadHTTPBodyStreamTransport is implemented in both /Applications/AhoiBrowser.app/Contents/Frameworks/libbrowser_ui_views.dylib (0x11e338188) and /Applications/AhoiBrowser.app/Contents/Frameworks/libchrome_dll.dylib (0x116e8e430). This may cause spurious casting failures and mysterious crashes. One of the duplicates must be removed or renamed.
objc[46807]: Class ANGLESwapCGLLayer is implemented in both /Applications/AhoiBrowser.app/Contents/Frameworks/libblink_modules.dylib (0x143baca50) and /Applications/AhoiBrowser.app/Contents/Frameworks/libgl_init.dylib (0x128c84a50). This may cause spurious casting failures and mysterious crashes. One of the duplicates must be removed or renamed.
objc[46807]: Class CrashpadHTTPBodyStreamTransport is implemented in both /Applications/AhoiBrowser.app/Contents/Frameworks/libbrowser_ui_views.dylib (0x120308188) and /Applications/AhoiBrowser.app/Contents/Frameworks/libchrome_dll.dylib (0x11886e430). This may cause spurious casting failures and mysterious crashes. One of the duplicates must be removed or renamed.
[46480:9745949:0929/075152.141242:ERROR:components/viz/service/surfaces/surface_manager.cc:479] Old/orphaned temporary reference to SurfaceId(FrameSinkId[DelegatedFrameHost](6, 3), LocalSurfaceId(2, 2, DD2B...))
[46480:9745949:0929/075202.143106:ERROR:components/viz/service/surfaces/surface_manager.cc:479] Old/orphaned temporary reference to SurfaceId(FrameSinkId[](6, 13), LocalSurfaceId(2, 2, 2375...))
[46480:9745949:0929/075212.144662:ERROR:components/viz/service/surfaces/surface_manager.cc:479] Old/orphaned temporary reference to SurfaceId(FrameSinkId[](6, 13), LocalSurfaceId(2, 3, 2375...))
objc[47584]: Class ANGLESwapCGLLayer is implemented in both /Applications/AhoiBrowser.app/Contents/Frameworks/libblink_modules.dylib (0x141e98a50) and /Applications/AhoiBrowser.app/Contents/Frameworks/libgl_init.dylib (0x126f70a50). This may cause spurious casting failures and mysterious crashes. One of the duplicates must be removed or renamed.
objc[47584]: Class CrashpadHTTPBodyStreamTransport is implemented in both /Applications/AhoiBrowser.app/Contents/Frameworks/libbrowser_ui_views.dylib (0x10ffc0188) and /Applications/AhoiBrowser.app/Contents/Frameworks/libchrome_dll.dylib (0x116b5a430). This may cause spurious casting failures and mysterious crashes. One of the duplicates must be removed or renamed.
[46432:9744738:0929/075220.121099:ERROR:base/process/kill_posix.cc:33] waitpid(46484): No child processes (10)
