objc[91256]: Class ANGLESwapCGLLayer is implemented in both /Applications/AhoiBrowser.app/Contents/Frameworks/libblink_modules.dylib (0x140960a50) and /Applications/AhoiBrowser.app/Contents/Frameworks/libgl_init.dylib (0x125a38a50). This may cause spurious casting failures and mysterious crashes. One of the duplicates must be removed or renamed.
objc[91256]: Class CrashpadHTTPBodyStreamTransport is implemented in both /Applications/AhoiBrowser.app/Contents/Frameworks/libbrowser_ui_views.dylib (0x10ea90188) and /Applications/AhoiBrowser.app/Contents/Frameworks/libchrome_dll.dylib (0x115632430). This may cause spurious casting failures and mysterious crashes. One of the duplicates must be removed or renamed.
[91256:30007886:0926/002751.602140:ERROR:chrome/browser/mac/code_sign_clone_manager.mm:98] error removing quarantine attribute "/var/folders/zn/wn74lz2s2bsfp734gbqytmpr0000gn/X/"
[91256:30007886:0926/002751.636709:ERROR:chrome/browser/mac/code_sign_clone_manager.mm:98] error removing quarantine attribute "/var/folders/zn/wn74lz2s2bsfp734gbqytmpr0000gn/X/"
[91256:30007634:0926/002751.751338:WARNING:chrome/browser/signin/account_consistency_mode_manager.cc:74] Desktop Identity Consistency cannot be enabled as no OAuth client ID and client secret have been configured.

DevTools listening on ws://127.0.0.1:9381/devtools/browser/17a0a738-90d7-486a-b587-123e9f1729b8
[91256:30007634:0926/002752.329821:ERROR:ahoi/browser/updater/sparkle_runtime_mac.mm:148] Ahoi updater disabled (fail closed): missing-feed-url
objc[91285]: Class ANGLESwapCGLLayer is implemented in both /Applications/AhoiBrowser.app/Contents/Frameworks/libblink_modules.dylib (0x1420b4a50) and /Applications/AhoiBrowser.app/Contents/Frameworks/libgl_init.dylib (0x12718ca50). This may cause spurious casting failures and mysterious crashes. One of the duplicates must be removed or renamed.
objc[91285]: Class CrashpadHTTPBodyStreamTransport is implemented in both /Applications/AhoiBrowser.app/Contents/Frameworks/libbrowser_ui_views.dylib (0x11de54188) and /Applications/AhoiBrowser.app/Contents/Frameworks/libchrome_dll.dylib (0x116d86430). This may cause spurious casting failures and mysterious crashes. One of the duplicates must be removed or renamed.
objc[91286]: Class ANGLESwapCGLLayer is implemented in both /Applications/AhoiBrowser.app/Contents/Frameworks/libblink_modules.dylib (0x1446c4a50) and /Applications/AhoiBrowser.app/Contents/Frameworks/libgl_init.dylib (0x12979ca50). This may cause spurious casting failures and mysterious crashes. One of the duplicates must be removed or renamed.
objc[91286]: Class CrashpadHTTPBodyStreamTransport is implemented in both /Applications/AhoiBrowser.app/Contents/Frameworks/libbrowser_ui_views.dylib (0x112880188) and /Applications/AhoiBrowser.app/Contents/Frameworks/libchrome_dll.dylib (0x119396430). This may cause spurious casting failures and mysterious crashes. One of the duplicates must be removed or renamed.
objc[91287]: Class ANGLESwapCGLLayer is implemented in both /Applications/AhoiBrowser.app/Contents/Frameworks/libblink_modules.dylib (0x144114a50) and /Applications/AhoiBrowser.app/Contents/Frameworks/libgl_init.dylib (0x1291eca50). This may cause spurious casting failures and mysterious crashes. One of the duplicates must be removed or renamed.
objc[91287]: Class CrashpadHTTPBodyStreamTransport is implemented in both /Applications/AhoiBrowser.app/Contents/Frameworks/libbrowser_ui_views.dylib (0x1123d0188) and /Applications/AhoiBrowser.app/Contents/Frameworks/libchrome_dll.dylib (0x118de6430). This may cause spurious casting failures and mysterious crashes. One of the duplicates must be removed or renamed.
objc[91288]: Class ANGLESwapCGLLayer is implemented in both /Applications/AhoiBrowser.app/Contents/Frameworks/libblink_modules.dylib (0x13fc0ca50) and /Applications/AhoiBrowser.app/Contents/Frameworks/libgl_init.dylib (0x124ce4a50). This may cause spurious casting failures and mysterious crashes. One of the duplicates must be removed or renamed.
objc[91288]: Class CrashpadHTTPBodyStreamTransport is implemented in both /Applications/AhoiBrowser.app/Contents/Frameworks/libbrowser_ui_views.dylib (0x11b8a8188) and /Applications/AhoiBrowser.app/Contents/Frameworks/libchrome_dll.dylib (0x1148de430). This may cause spurious casting failures and mysterious crashes. One of the duplicates must be removed or renamed.
objc[91293]: Class ANGLESwapCGLLayer is implemented in both /Applications/AhoiBrowser.app/Contents/Frameworks/libblink_modules.dylib (0x13ff3ca50) and /Applications/AhoiBrowser.app/Contents/Frameworks/libgl_init.dylib (0x125014a50). This may cause spurious casting failures and mysterious crashes. One of the duplicates must be removed or renamed.
objc[91293]: Class CrashpadHTTPBodyStreamTransport is implemented in both /Applications/AhoiBrowser.app/Contents/Frameworks/libbrowser_ui_views.dylib (0x11bbd8188) and /Applications/AhoiBrowser.app/Contents/Frameworks/libchrome_dll.dylib (0x114c0e430). This may cause spurious casting failures and mysterious crashes. One of the duplicates must be removed or renamed.
objc[91296]: Class ANGLESwapCGLLayer is implemented in both /Applications/AhoiBrowser.app/Contents/Frameworks/libblink_modules.dylib (0x144184a50) and /Applications/AhoiBrowser.app/Contents/Frameworks/libgl_init.dylib (0x12925ca50). This may cause spurious casting failures and mysterious crashes. One of the duplicates must be removed or renamed.
objc[91296]: Class CrashpadHTTPBodyStreamTransport is implemented in both /Applications/AhoiBrowser.app/Contents/Frameworks/libbrowser_ui_views.dylib (0x11fe20188) and /Applications/AhoiBrowser.app/Contents/Frameworks/libchrome_dll.dylib (0x118e56430). This may cause spurious casting failures and mysterious crashes. One of the duplicates must be removed or renamed.
objc[91295]: Class ANGLESwapCGLLayer is implemented in both /Applications/AhoiBrowser.app/Contents/Frameworks/libblink_modules.dylib (0x143868a50) and /Applications/AhoiBrowser.app/Contents/Frameworks/libgl_init.dylib (0x128940a50). This may cause spurious casting failures and mysterious crashes. One of the duplicates must be removed or renamed.
objc[91295]: Class CrashpadHTTPBodyStreamTransport is implemented in both /Applications/AhoiBrowser.app/Contents/Frameworks/libbrowser_ui_views.dylib (0x11f580188) and /Applications/AhoiBrowser.app/Contents/Frameworks/libchrome_dll.dylib (0x11853a430). This may cause spurious casting failures and mysterious crashes. One of the duplicates must be removed or renamed.
[91286:30008283:0926/002755.068605:WARNING:net/disk_cache/simple/simple_synchronous_entry.cc:1507] Could not open platform files for entry.
objc[91332]: Class ANGLESwapCGLLayer is implemented in both /Applications/AhoiBrowser.app/Contents/Frameworks/libblink_modules.dylib (0x144274a50) and /Applications/AhoiBrowser.app/Contents/Frameworks/libgl_init.dylib (0x12934ca50). This may cause spurious casting failures and mysterious crashes. One of the duplicates must be removed or renamed.
objc[91332]: Class CrashpadHTTPBodyStreamTransport is implemented in both /Applications/AhoiBrowser.app/Contents/Frameworks/libbrowser_ui_views.dylib (0x11ff10188) and /Applications/AhoiBrowser.app/Contents/Frameworks/libchrome_dll.dylib (0x118f46430). This may cause spurious casting failures and mysterious crashes. One of the duplicates must be removed or renamed.
[91256:30007634:0926/002802.254225:ERROR:chrome/browser/ui/webui/ntp/new_tab_ui.cc:54] Requested load of chrome://newtab/ for incorrect profile type.
[91256:30007634:0926/002802.255255:ERROR:chrome/browser/ui/webui/ntp/new_tab_ui.cc:54] Requested load of chrome://newtab/ for incorrect profile type.
objc[91543]: Class ANGLESwapCGLLayer is implemented in both /Applications/AhoiBrowser.app/Contents/Frameworks/libblink_modules.dylib (0x1401c0a50) and /Applications/AhoiBrowser.app/Contents/Frameworks/libgl_init.dylib (0x125298a50). This may cause spurious casting failures and mysterious crashes. One of the duplicates must be removed or renamed.
objc[91543]: Class CrashpadHTTPBodyStreamTransport is implemented in both /Applications/AhoiBrowser.app/Contents/Frameworks/libbrowser_ui_views.dylib (0x11be5c188) and /Applications/AhoiBrowser.app/Contents/Frameworks/libchrome_dll.dylib (0x114e92430). This may cause spurious casting failures and mysterious crashes. One of the duplicates must be removed or renamed.
[91285:30008268:0926/002814.913211:ERROR:components/viz/service/surfaces/surface_manager.cc:479] Old/orphaned temporary reference to SurfaceId(FrameSinkId[DelegatedFrameHost](6, 3), LocalSurfaceId(2, 2, AB51...))
objc[91741]: Class ANGLESwapCGLLayer is implemented in both /Applications/AhoiBrowser.app/Contents/Frameworks/libblink_modules.dylib (0x144480a50) and /Applications/AhoiBrowser.app/Contents/Frameworks/libgl_init.dylib (0x129558a50). This may cause spurious casting failures and mysterious crashes. One of the duplicates must be removed or renamed.
objc[91741]: Class CrashpadHTTPBodyStreamTransport is implemented in both /Applications/AhoiBrowser.app/Contents/Frameworks/libbrowser_ui_views.dylib (0x1205a0188) and /Applications/AhoiBrowser.app/Contents/Frameworks/libchrome_dll.dylib (0x119152430). This may cause spurious casting failures and mysterious crashes. One of the duplicates must be removed or renamed.
objc[91871]: Class ANGLESwapCGLLayer is implemented in both /Applications/AhoiBrowser.app/Contents/Frameworks/libblink_modules.dylib (0x140504a50) and /Applications/AhoiBrowser.app/Contents/Frameworks/libgl_init.dylib (0x1255dca50). This may cause spurious casting failures and mysterious crashes. One of the duplicates must be removed or renamed.
objc[91871]: Class CrashpadHTTPBodyStreamTransport is implemented in both /Applications/AhoiBrowser.app/Contents/Frameworks/libbrowser_ui_views.dylib (0x10e6c0188) and /Applications/AhoiBrowser.app/Contents/Frameworks/libchrome_dll.dylib (0x1151d6430). This may cause spurious casting failures and mysterious crashes. One of the duplicates must be removed or renamed.
[91256:30007634:0926/002827.514135:ERROR:base/process/kill_posix.cc:33] waitpid(91286): No child processes (10)
objc[92142]: Class ANGLESwapCGLLayer is implemented in both /Applications/AhoiBrowser.app/Contents/Frameworks/libblink_modules.dylib (0x13ff54a50) and /Applications/AhoiBrowser.app/Contents/Frameworks/libgl_init.dylib (0x12502ca50). This may cause spurious casting failures and mysterious crashes. One of the duplicates must be removed or renamed.
objc[92142]: Class CrashpadHTTPBodyStreamTransport is implemented in both /Applications/AhoiBrowser.app/Contents/Frameworks/libbrowser_ui_views.dylib (0x10e048188) and /Applications/AhoiBrowser.app/Contents/Frameworks/libchrome_dll.dylib (0x114c26430). This may cause spurious casting failures and mysterious crashes. One of the duplicates must be removed or renamed.
[92142:30011971:0926/002832.273964:ERROR:chrome/browser/mac/code_sign_clone_manager.mm:98] error removing quarantine attribute "/var/folders/zn/wn74lz2s2bsfp734gbqytmpr0000gn/X/"
[92142:30011971:0926/002832.299104:ERROR:chrome/browser/mac/code_sign_clone_manager.mm:98] error removing quarantine attribute "/var/folders/zn/wn74lz2s2bsfp734gbqytmpr0000gn/X/"
[92142:30011741:0926/002832.318718:WARNING:chrome/browser/signin/account_consistency_mode_manager.cc:74] Desktop Identity Consistency cannot be enabled as no OAuth client ID and client secret have been configured.

DevTools listening on ws://127.0.0.1:9381/devtools/browser/058ad2c6-3480-4662-8506-0f51edd73dd3
[92142:30011741:0926/002832.593057:ERROR:ahoi/browser/updater/sparkle_runtime_mac.mm:148] Ahoi updater disabled (fail closed): missing-feed-url
objc[92216]: Class ANGLESwapCGLLayer is implemented in both /Applications/AhoiBrowser.app/Contents/Frameworks/libblink_modules.dylib (0x142268a50) and /Applications/AhoiBrowser.app/Contents/Frameworks/libgl_init.dylib (0x127340a50). This may cause spurious casting failures and mysterious crashes. One of the duplicates must be removed or renamed.
objc[92216]: Class CrashpadHTTPBodyStreamTransport is implemented in both /Applications/AhoiBrowser.app/Contents/Frameworks/libbrowser_ui_views.dylib (0x11df04188) and /Applications/AhoiBrowser.app/Contents/Frameworks/libchrome_dll.dylib (0x116f3a430). This may cause spurious casting failures and mysterious crashes. One of the duplicates must be removed or renamed.
objc[92217]: Class ANGLESwapCGLLayer is implemented in both /Applications/AhoiBrowser.app/Contents/Frameworks/libblink_modules.dylib (0x143baca50) and /Applications/AhoiBrowser.app/Contents/Frameworks/libgl_init.dylib (0x128c84a50). This may cause spurious casting failures and mysterious crashes. One of the duplicates must be removed or renamed.
objc[92217]: Class CrashpadHTTPBodyStreamTransport is implemented in both /Applications/AhoiBrowser.app/Contents/Frameworks/libbrowser_ui_views.dylib (0x11f774188) and /Applications/AhoiBrowser.app/Contents/Frameworks/libchrome_dll.dylib (0x11887e430). This may cause spurious casting failures and mysterious crashes. One of the duplicates must be removed or renamed.
objc[92218]: Class ANGLESwapCGLLayer is implemented in both /Applications/AhoiBrowser.app/Contents/Frameworks/libblink_modules.dylib (0x140518a50) and /Applications/AhoiBrowser.app/Contents/Frameworks/libgl_init.dylib (0x1255f0a50). This may cause spurious casting failures and mysterious crashes. One of the duplicates must be removed or renamed.
objc[92218]: Class CrashpadHTTPBodyStreamTransport is implemented in both /Applications/AhoiBrowser.app/Contents/Frameworks/libbrowser_ui_views.dylib (0x10e768188) and /Applications/AhoiBrowser.app/Contents/Frameworks/libchrome_dll.dylib (0x1151ea430). This may cause spurious casting failures and mysterious crashes. One of the duplicates must be removed or renamed.
objc[92219]: Class ANGLESwapCGLLayer is implemented in both /Applications/AhoiBrowser.app/Contents/Frameworks/libblink_modules.dylib (0x140338a50) and /Applications/AhoiBrowser.app/Contents/Frameworks/libgl_init.dylib (0x125410a50). This may cause spurious casting failures and mysterious crashes. One of the duplicates must be removed or renamed.
objc[92219]: Class CrashpadHTTPBodyStreamTransport is implemented in both /Applications/AhoiBrowser.app/Contents/Frameworks/libbrowser_ui_views.dylib (0x11ca0c188) and /Applications/AhoiBrowser.app/Contents/Frameworks/libchrome_dll.dylib (0x11500a430). This may cause spurious casting failures and mysterious crashes. One of the duplicates must be removed or renamed.
objc[92223]: Class ANGLESwapCGLLayer is implemented in both /Applications/AhoiBrowser.app/Contents/Frameworks/libblink_modules.dylib (0x141c88a50) and /Applications/AhoiBrowser.app/Contents/Frameworks/libgl_init.dylib (0x126d60a50). This may cause spurious casting failures and mysterious crashes. One of the duplicates must be removed or renamed.
objc[92223]: Class CrashpadHTTPBodyStreamTransport is implemented in both /Applications/AhoiBrowser.app/Contents/Frameworks/libbrowser_ui_views.dylib (0x10fdd0188) and /Applications/AhoiBrowser.app/Contents/Frameworks/libchrome_dll.dylib (0x11695a430). This may cause spurious casting failures and mysterious crashes. One of the duplicates must be removed or renamed.
objc[92224]: Class ANGLESwapCGLLayer is implemented in both /Applications/AhoiBrowser.app/Contents/Frameworks/libblink_modules.dylib (0x1420b0a50) and /Applications/AhoiBrowser.app/Contents/Frameworks/libgl_init.dylib (0x127188a50). This may cause spurious casting failures and mysterious crashes. One of the duplicates must be removed or renamed.
objc[92224]: Class CrashpadHTTPBodyStreamTransport is implemented in both /Applications/AhoiBrowser.app/Contents/Frameworks/libbrowser_ui_views.dylib (0x11036c188) and /Applications/AhoiBrowser.app/Contents/Frameworks/libchrome_dll.dylib (0x116d82430). This may cause spurious casting failures and mysterious crashes. One of the duplicates must be removed or renamed.
objc[92221]: Class ANGLESwapCGLLayer is implemented in both /Applications/AhoiBrowser.app/Contents/Frameworks/libblink_modules.dylib (0x1402b8a50) and /Applications/AhoiBrowser.app/Contents/Frameworks/libgl_init.dylib (0x125390a50). This may cause spurious casting failures and mysterious crashes. One of the duplicates must be removed or renamed.
objc[92221]: Class CrashpadHTTPBodyStreamTransport is implemented in both /Applications/AhoiBrowser.app/Contents/Frameworks/libbrowser_ui_views.dylib (0x11bf54188) and /Applications/AhoiBrowser.app/Contents/Frameworks/libchrome_dll.dylib (0x114f8a430). This may cause spurious casting failures and mysterious crashes. One of the duplicates must be removed or renamed.
objc[92269]: Class ANGLESwapCGLLayer is implemented in both /Applications/AhoiBrowser.app/Contents/Frameworks/libblink_modules.dylib (0x1426f4a50) and /Applications/AhoiBrowser.app/Contents/Frameworks/libgl_init.dylib (0x1277cca50). This may cause spurious casting failures and mysterious crashes. One of the duplicates must be removed or renamed.
objc[92269]: Class CrashpadHTTPBodyStreamTransport is implemented in both /Applications/AhoiBrowser.app/Contents/Frameworks/libbrowser_ui_views.dylib (0x11083c188) and /Applications/AhoiBrowser.app/Contents/Frameworks/libchrome_dll.dylib (0x1173c6430). This may cause spurious casting failures and mysterious crashes. One of the duplicates must be removed or renamed.
[92142:30011741:0926/002844.819263:ERROR:chrome/browser/ui/webui/ntp/new_tab_ui.cc:54] Requested load of chrome://newtab/ for incorrect profile type.
[92142:30011741:0926/002844.821951:ERROR:chrome/browser/ui/webui/ntp/new_tab_ui.cc:54] Requested load of chrome://newtab/ for incorrect profile type.
[92217:30012256:0926/002844.930805:WARNING:net/extras/sqlite/sqlite_persistent_store_backend_base.cc:181] Failed to post task from FlushAndNotifyInBackground@net/extras/sqlite/sqlite_persistent_store_backend_base.cc:231 to client_task_runner_.
[92217:30012256:0926/002844.935570:WARNING:net/extras/sqlite/sqlite_persistent_store_backend_base.cc:181] Failed to post task from FlushAndNotifyInBackground@net/extras/sqlite/sqlite_persistent_store_backend_base.cc:231 to client_task_runner_.
[92142:30011741:0926/002844.944372:ERROR:base/process/kill_posix.cc:33] waitpid(92217): No child processes (10)
objc[92696]: Class ANGLESwapCGLLayer is implemented in both /Applications/AhoiBrowser.app/Contents/Frameworks/libblink_modules.dylib (0x1445b8a50) and /Applications/AhoiBrowser.app/Contents/Frameworks/libgl_init.dylib (0x129690a50). This may cause spurious casting failures and mysterious crashes. One of the duplicates must be removed or renamed.
objc[92696]: Class CrashpadHTTPBodyStreamTransport is implemented in both /Applications/AhoiBrowser.app/Contents/Frameworks/libbrowser_ui_views.dylib (0x11277c188) and /Applications/AhoiBrowser.app/Contents/Frameworks/libchrome_dll.dylib (0x11928a430). This may cause spurious casting failures and mysterious crashes. One of the duplicates must be removed or renamed.
[92696:30014538:0926/002849.747465:ERROR:chrome/browser/mac/code_sign_clone_manager.mm:98] error removing quarantine attribute "/var/folders/zn/wn74lz2s2bsfp734gbqytmpr0000gn/X/"
[92696:30014538:0926/002849.769803:ERROR:chrome/browser/mac/code_sign_clone_manager.mm:98] error removing quarantine attribute "/var/folders/zn/wn74lz2s2bsfp734gbqytmpr0000gn/X/"
[92696:30014328:0926/002849.798594:WARNING:chrome/browser/signin/account_consistency_mode_manager.cc:74] Desktop Identity Consistency cannot be enabled as no OAuth client ID and client secret have been configured.

DevTools listening on ws://127.0.0.1:9381/devtools/browser/ddb03d36-c8a6-4de0-aa90-ea3f10f90ed9
[92696:30014328:0926/002850.105198:ERROR:ahoi/browser/updater/sparkle_runtime_mac.mm:148] Ahoi updater disabled (fail closed): missing-feed-url
objc[92774]: Class ANGLESwapCGLLayer is implemented in both /Applications/AhoiBrowser.app/Contents/Frameworks/libblink_modules.dylib (0x140010a50) and /Applications/AhoiBrowser.app/Contents/Frameworks/libgl_init.dylib (0x1250e8a50). This may cause spurious casting failures and mysterious crashes. One of the duplicates must be removed or renamed.
objc[92774]: Class CrashpadHTTPBodyStreamTransport is implemented in both /Applications/AhoiBrowser.app/Contents/Frameworks/libbrowser_ui_views.dylib (0x11bd28188) and /Applications/AhoiBrowser.app/Contents/Frameworks/libchrome_dll.dylib (0x114ce2430). This may cause spurious casting failures and mysterious crashes. One of the duplicates must be removed or renamed.
objc[92777]: Class ANGLESwapCGLLayer is implemented in both /Applications/AhoiBrowser.app/Contents/Frameworks/libblink_modules.dylib (0x141904a50) and /Applications/AhoiBrowser.app/Contents/Frameworks/libgl_init.dylib (0x1269dca50). This may cause spurious casting failures and mysterious crashes. One of the duplicates must be removed or renamed.
objc[92777]: Class CrashpadHTTPBodyStreamTransport is implemented in both /Applications/AhoiBrowser.app/Contents/Frameworks/libbrowser_ui_views.dylib (0x11d5ec188) and /Applications/AhoiBrowser.app/Contents/Frameworks/libchrome_dll.dylib (0x1165d6430). This may cause spurious casting failures and mysterious crashes. One of the duplicates must be removed or renamed.
objc[92775]: Class ANGLESwapCGLLayer is implemented in both /Applications/AhoiBrowser.app/Contents/Frameworks/libblink_modules.dylib (0x1405f4a50) and /Applications/AhoiBrowser.app/Contents/Frameworks/libgl_init.dylib (0x1256cca50). This may cause spurious casting failures and mysterious crashes. One of the duplicates must be removed or renamed.
objc[92775]: Class CrashpadHTTPBodyStreamTransport is implemented in both /Applications/AhoiBrowser.app/Contents/Frameworks/libbrowser_ui_views.dylib (0x11c290188) and /Applications/AhoiBrowser.app/Contents/Frameworks/libchrome_dll.dylib (0x1152c6430). This may cause spurious casting failures and mysterious crashes. One of the duplicates must be removed or renamed.
objc[92776]: Class ANGLESwapCGLLayer is implemented in both /Applications/AhoiBrowser.app/Contents/Frameworks/libblink_modules.dylib (0x141e30a50) and /Applications/AhoiBrowser.app/Contents/Frameworks/libgl_init.dylib (0x126f08a50). This may cause spurious casting failures and mysterious crashes. One of the duplicates must be removed or renamed.
objc[92776]: Class CrashpadHTTPBodyStreamTransport is implemented in both /Applications/AhoiBrowser.app/Contents/Frameworks/libbrowser_ui_views.dylib (0x11dec8188) and /Applications/AhoiBrowser.app/Contents/Frameworks/libchrome_dll.dylib (0x116b02430). This may cause spurious casting failures and mysterious crashes. One of the duplicates must be removed or renamed.
objc[92778]: Class ANGLESwapCGLLayer is implemented in both /Applications/AhoiBrowser.app/Contents/Frameworks/libblink_modules.dylib (0x141d54a50) and /Applications/AhoiBrowser.app/Contents/Frameworks/libgl_init.dylib (0x126e2ca50). This may cause spurious casting failures and mysterious crashes. One of the duplicates must be removed or renamed.
objc[92778]: Class CrashpadHTTPBodyStreamTransport is implemented in both /Applications/AhoiBrowser.app/Contents/Frameworks/libbrowser_ui_views.dylib (0x11da3c188) and /Applications/AhoiBrowser.app/Contents/Frameworks/libchrome_dll.dylib (0x116a26430). This may cause spurious casting failures and mysterious crashes. One of the duplicates must be removed or renamed.
objc[92781]: Class ANGLESwapCGLLayer is implemented in both /Applications/AhoiBrowser.app/Contents/Frameworks/libblink_modules.dylib (0x13fdbca50) and /Applications/AhoiBrowser.app/Contents/Frameworks/libgl_init.dylib (0x124e94a50). This may cause spurious casting failures and mysterious crashes. One of the duplicates must be removed or renamed.
objc[92781]: Class CrashpadHTTPBodyStreamTransport is implemented in both /Applications/AhoiBrowser.app/Contents/Frameworks/libbrowser_ui_views.dylib (0x10e078188) and /Applications/AhoiBrowser.app/Contents/Frameworks/libchrome_dll.dylib (0x114a8e430). This may cause spurious casting failures and mysterious crashes. One of the duplicates must be removed or renamed.
objc[92782]: Class ANGLESwapCGLLayer is implemented in both /Applications/AhoiBrowser.app/Contents/Frameworks/libblink_modules.dylib (0x14406ca50) and /Applications/AhoiBrowser.app/Contents/Frameworks/libgl_init.dylib (0x129144a50). This may cause spurious casting failures and mysterious crashes. One of the duplicates must be removed or renamed.
objc[92782]: Class CrashpadHTTPBodyStreamTransport is implemented in both /Applications/AhoiBrowser.app/Contents/Frameworks/libbrowser_ui_views.dylib (0x120104188) and /Applications/AhoiBrowser.app/Contents/Frameworks/libchrome_dll.dylib (0x118d3e430). This may cause spurious casting failures and mysterious crashes. One of the duplicates must be removed or renamed.
objc[92823]: Class ANGLESwapCGLLayer is implemented in both /Applications/AhoiBrowser.app/Contents/Frameworks/libblink_modules.dylib (0x142228a50) and /Applications/AhoiBrowser.app/Contents/Frameworks/libgl_init.dylib (0x127300a50). This may cause spurious casting failures and mysterious crashes. One of the duplicates must be removed or renamed.
objc[92823]: Class CrashpadHTTPBodyStreamTransport is implemented in both /Applications/AhoiBrowser.app/Contents/Frameworks/libbrowser_ui_views.dylib (0x11dfc8188) and /Applications/AhoiBrowser.app/Contents/Frameworks/libchrome_dll.dylib (0x116efa430). This may cause spurious casting failures and mysterious crashes. One of the duplicates must be removed or renamed.
[92696:30014328:0926/002905.854652:ERROR:chrome/browser/ui/webui/ntp/new_tab_ui.cc:54] Requested load of chrome://newtab/ for incorrect profile type.
[92696:30014328:0926/002905.857999:ERROR:chrome/browser/ui/webui/ntp/new_tab_ui.cc:54] Requested load of chrome://newtab/ for incorrect profile type.
[92696:30014554:0926/002905.934699:ERROR:base/process/process_mac.cc:53] task_policy_set TASK_CATEGORY_POLICY: (os/kern) invalid argument (4)
[92696:30014554:0926/002905.934735:ERROR:base/process/process_mac.cc:98] task_policy_set TASK_SUPPRESSION_POLICY: (os/kern) invalid argument (4)
[92775:30014822:0926/002905.961254:WARNING:net/extras/sqlite/sqlite_persistent_store_backend_base.cc:181] Failed to post task from FlushAndNotifyInBackground@net/extras/sqlite/sqlite_persistent_store_backend_base.cc:231 to client_task_runner_.
[92775:30014822:0926/002905.961497:WARNING:net/extras/sqlite/sqlite_persistent_store_backend_base.cc:181] Failed to post task from FlushAndNotifyInBackground@net/extras/sqlite/sqlite_persistent_store_backend_base.cc:231 to client_task_runner_.
[92696:30014328:0926/002911.058505:ERROR:base/process/kill_posix.cc:33] waitpid(92775): No child processes (10)
objc[93909]: Class ANGLESwapCGLLayer is implemented in both /Applications/AhoiBrowser.app/Contents/Frameworks/libblink_modules.dylib (0x144908a50) and /Applications/AhoiBrowser.app/Contents/Frameworks/libgl_init.dylib (0x1299e0a50). This may cause spurious casting failures and mysterious crashes. One of the duplicates must be removed or renamed.
objc[93909]: Class CrashpadHTTPBodyStreamTransport is implemented in both /Applications/AhoiBrowser.app/Contents/Frameworks/libbrowser_ui_views.dylib (0x112af8188) and /Applications/AhoiBrowser.app/Contents/Frameworks/libchrome_dll.dylib (0x1195da430). This may cause spurious casting failures and mysterious crashes. One of the duplicates must be removed or renamed.
[93909:30020700:0926/002927.427924:ERROR:chrome/browser/mac/code_sign_clone_manager.mm:98] error removing quarantine attribute "/var/folders/zn/wn74lz2s2bsfp734gbqytmpr0000gn/X/"
[93909:30020700:0926/002927.456259:ERROR:chrome/browser/mac/code_sign_clone_manager.mm:98] error removing quarantine attribute "/var/folders/zn/wn74lz2s2bsfp734gbqytmpr0000gn/X/"
[93909:30020232:0926/002927.535514:WARNING:chrome/browser/signin/account_consistency_mode_manager.cc:74] Desktop Identity Consistency cannot be enabled as no OAuth client ID and client secret have been configured.

DevTools listening on ws://127.0.0.1:9381/devtools/browser/c9e88871-ade3-41b4-a493-773708bed328
[93909:30020232:0926/002928.034214:ERROR:ahoi/browser/updater/sparkle_runtime_mac.mm:148] Ahoi updater disabled (fail closed): missing-feed-url
objc[93966]: Class ANGLESwapCGLLayer is implemented in both /Applications/AhoiBrowser.app/Contents/Frameworks/libblink_modules.dylib (0x140180a50) and /Applications/AhoiBrowser.app/Contents/Frameworks/libgl_init.dylib (0x125258a50). This may cause spurious casting failures and mysterious crashes. One of the duplicates must be removed or renamed.
objc[93966]: Class CrashpadHTTPBodyStreamTransport is implemented in both /Applications/AhoiBrowser.app/Contents/Frameworks/libbrowser_ui_views.dylib (0x11c854188) and /Applications/AhoiBrowser.app/Contents/Frameworks/libchrome_dll.dylib (0x114e52430). This may cause spurious casting failures and mysterious crashes. One of the duplicates must be removed or renamed.
objc[93969]: Class ANGLESwapCGLLayer is implemented in both /Applications/AhoiBrowser.app/Contents/Frameworks/libblink_modules.dylib (0x142144a50) and /Applications/AhoiBrowser.app/Contents/Frameworks/libgl_init.dylib (0x12721ca50). This may cause spurious casting failures and mysterious crashes. One of the duplicates must be removed or renamed.
objc[93969]: Class CrashpadHTTPBodyStreamTransport is implemented in both /Applications/AhoiBrowser.app/Contents/Frameworks/libbrowser_ui_views.dylib (0x11dee4188) and /Applications/AhoiBrowser.app/Contents/Frameworks/libchrome_dll.dylib (0x116e16430). This may cause spurious casting failures and mysterious crashes. One of the duplicates must be removed or renamed.
objc[93965]: Class ANGLESwapCGLLayer is implemented in both /Applications/AhoiBrowser.app/Contents/Frameworks/libblink_modules.dylib (0x141f20a50) and /Applications/AhoiBrowser.app/Contents/Frameworks/libgl_init.dylib (0x126ff8a50). This may cause spurious casting failures and mysterious crashes. One of the duplicates must be removed or renamed.
objc[93965]: Class CrashpadHTTPBodyStreamTransport is implemented in both /Applications/AhoiBrowser.app/Contents/Frameworks/libbrowser_ui_views.dylib (0x11dcc0188) and /Applications/AhoiBrowser.app/Contents/Frameworks/libchrome_dll.dylib (0x116bf2430). This may cause spurious casting failures and mysterious crashes. One of the duplicates must be removed or renamed.
objc[93968]: Class ANGLESwapCGLLayer is implemented in both /Applications/AhoiBrowser.app/Contents/Frameworks/libblink_modules.dylib (0x1429e0a50) and /Applications/AhoiBrowser.app/Contents/Frameworks/libgl_init.dylib (0x127ab8a50). This may cause spurious casting failures and mysterious crashes. One of the duplicates must be removed or renamed.
objc[93975]: Class ANGLESwapCGLLayer is implemented in both /Applications/AhoiBrowser.app/Contents/Frameworks/libblink_modules.dylib (0x142908a50) and /Applications/AhoiBrowser.app/Contents/Frameworks/libgl_init.dylib (0x1279e0a50). This may cause spurious casting failures and mysterious crashes. One of the duplicates must be removed or renamed.
objc[93968]: Class CrashpadHTTPBodyStreamTransport is implemented in both /Applications/AhoiBrowser.app/Contents/Frameworks/libbrowser_ui_views.dylib (0x110b28188) and /Applications/AhoiBrowser.app/Contents/Frameworks/libchrome_dll.dylib (0x1176b2430). This may cause spurious casting failures and mysterious crashes. One of the duplicates must be removed or renamed.
objc[93975]: Class CrashpadHTTPBodyStreamTransport is implemented in both /Applications/AhoiBrowser.app/Contents/Frameworks/libbrowser_ui_views.dylib (0x110a70188) and /Applications/AhoiBrowser.app/Contents/Frameworks/libchrome_dll.dylib (0x1175da430). This may cause spurious casting failures and mysterious crashes. One of the duplicates must be removed or renamed.
objc[93972]: Class ANGLESwapCGLLayer is implemented in both /Applications/AhoiBrowser.app/Contents/Frameworks/libblink_modules.dylib (0x1424b4a50) and /Applications/AhoiBrowser.app/Contents/Frameworks/libgl_init.dylib (0x12758ca50). This may cause spurious casting failures and mysterious crashes. One of the duplicates must be removed or renamed.
objc[93972]: Class CrashpadHTTPBodyStreamTransport is implemented in both /Applications/AhoiBrowser.app/Contents/Frameworks/libbrowser_ui_views.dylib (0x110770188) and /Applications/AhoiBrowser.app/Contents/Frameworks/libchrome_dll.dylib (0x117186430). This may cause spurious casting failures and mysterious crashes. One of the duplicates must be removed or renamed.
objc[93974]: Class ANGLESwapCGLLayer is implemented in both /Applications/AhoiBrowser.app/Contents/Frameworks/libblink_modules.dylib (0x143b1ca50) and /Applications/AhoiBrowser.app/Contents/Frameworks/libgl_init.dylib (0x128bf4a50). This may cause spurious casting failures and mysterious crashes. One of the duplicates must be removed or renamed.
objc[93974]: Class CrashpadHTTPBodyStreamTransport is implemented in both /Applications/AhoiBrowser.app/Contents/Frameworks/libbrowser_ui_views.dylib (0x11f7b8188) and /Applications/AhoiBrowser.app/Contents/Frameworks/libchrome_dll.dylib (0x1187ee430). This may cause spurious casting failures and mysterious crashes. One of the duplicates must be removed or renamed.
objc[93994]: Class ANGLESwapCGLLayer is implemented in both /Applications/AhoiBrowser.app/Contents/Frameworks/libblink_modules.dylib (0x1440e0a50) and /Applications/AhoiBrowser.app/Contents/Frameworks/libgl_init.dylib (0x1291b8a50). This may cause spurious casting failures and mysterious crashes. One of the duplicates must be removed or renamed.
objc[93994]: Class CrashpadHTTPBodyStreamTransport is implemented in both /Applications/AhoiBrowser.app/Contents/Frameworks/libbrowser_ui_views.dylib (0x11fd7c188) and /Applications/AhoiBrowser.app/Contents/Frameworks/libchrome_dll.dylib (0x118db2430). This may cause spurious casting failures and mysterious crashes. One of the duplicates must be removed or renamed.
[93909:30020232:0926/002943.969562:ERROR:chrome/browser/ui/webui/ntp/new_tab_ui.cc:54] Requested load of chrome://newtab/ for incorrect profile type.
[93909:30020232:0926/002943.974467:ERROR:chrome/browser/ui/webui/ntp/new_tab_ui.cc:54] Requested load of chrome://newtab/ for incorrect profile type.
[93966:30021129:0926/002944.177107:WARNING:net/extras/sqlite/sqlite_persistent_store_backend_base.cc:181] Failed to post task from FlushAndNotifyInBackground@net/extras/sqlite/sqlite_persistent_store_backend_base.cc:231 to client_task_runner_.
[93966:30021129:0926/002944.177321:WARNING:net/extras/sqlite/sqlite_persistent_store_backend_base.cc:181] Failed to post task from FlushAndNotifyInBackground@net/extras/sqlite/sqlite_persistent_store_backend_base.cc:231 to client_task_runner_.
[93965:30021221:0926/002950.448247:ERROR:components/viz/service/surfaces/surface_manager.cc:479] Old/orphaned temporary reference to SurfaceId(FrameSinkId[](6, 3), LocalSurfaceId(2, 2, 4639...))
[93909:30020232:0926/002953.373581:ERROR:base/process/kill_posix.cc:33] waitpid(93966): No child processes (10)
objc[94699]: Class ANGLESwapCGLLayer is implemented in both /Applications/AhoiBrowser.app/Contents/Frameworks/libblink_modules.dylib (0x1403a8a50) and /Applications/AhoiBrowser.app/Contents/Frameworks/libgl_init.dylib (0x125480a50). This may cause spurious casting failures and mysterious crashes. One of the duplicates must be removed or renamed.
objc[94699]: Class CrashpadHTTPBodyStreamTransport is implemented in both /Applications/AhoiBrowser.app/Contents/Frameworks/libbrowser_ui_views.dylib (0x10e49c188) and /Applications/AhoiBrowser.app/Contents/Frameworks/libchrome_dll.dylib (0x11507a430). This may cause spurious casting failures and mysterious crashes. One of the duplicates must be removed or renamed.
[93909:30020702:0926/003015.686845:WARNING:components/leveldb_proto/internal/unique_proto_database.cc:37] Proto database will not be deleted.
[93909:30020702:0926/003015.686922:WARNING:components/leveldb_proto/internal/unique_proto_database.cc:37] Proto database will not be deleted.
[93909:30020702:0926/003015.686942:WARNING:components/leveldb_proto/internal/unique_proto_database.cc:37] Proto database will not be deleted.
[93909:30020702:0926/003015.686973:WARNING:components/leveldb_proto/internal/unique_proto_database.cc:37] Proto database will not be deleted.
[93909:30020702:0926/003015.686988:WARNING:components/leveldb_proto/internal/unique_proto_database.cc:37] Proto database will not be deleted.
[94699:30027909:0926/003015.898694:ERROR:chrome/browser/mac/code_sign_clone_manager.mm:98] error removing quarantine attribute "/var/folders/zn/wn74lz2s2bsfp734gbqytmpr0000gn/X/"
[94699:30027909:0926/003015.928096:ERROR:chrome/browser/mac/code_sign_clone_manager.mm:98] error removing quarantine attribute "/var/folders/zn/wn74lz2s2bsfp734gbqytmpr0000gn/X/"
[94699:30027420:0926/003016.031977:WARNING:chrome/browser/signin/account_consistency_mode_manager.cc:74] Desktop Identity Consistency cannot be enabled as no OAuth client ID and client secret have been configured.

DevTools listening on ws://127.0.0.1:9381/devtools/browser/e62244f9-769f-4400-ba52-0c07e7078412
[94699:30027420:0926/003016.599168:ERROR:ahoi/browser/updater/sparkle_runtime_mac.mm:148] Ahoi updater disabled (fail closed): missing-feed-url
objc[94762]: Class ANGLESwapCGLLayer is implemented in both /Applications/AhoiBrowser.app/Contents/Frameworks/libblink_modules.dylib (0x144144a50) and /Applications/AhoiBrowser.app/Contents/Frameworks/libgl_init.dylib (0x12921ca50). This may cause spurious casting failures and mysterious crashes. One of the duplicates must be removed or renamed.
objc[94762]: Class CrashpadHTTPBodyStreamTransport is implemented in both /Applications/AhoiBrowser.app/Contents/Frameworks/libbrowser_ui_views.dylib (0x120264188) and /Applications/AhoiBrowser.app/Contents/Frameworks/libchrome_dll.dylib (0x118e16430). This may cause spurious casting failures and mysterious crashes. One of the duplicates must be removed or renamed.
objc[94766]: Class ANGLESwapCGLLayer is implemented in both /Applications/AhoiBrowser.app/Contents/Frameworks/libblink_modules.dylib (0x143c10a50) and /Applications/AhoiBrowser.app/Contents/Frameworks/libgl_init.dylib (0x128ce8a50). This may cause spurious casting failures and mysterious crashes. One of the duplicates must be removed or renamed.
objc[94766]: Class CrashpadHTTPBodyStreamTransport is implemented in both /Applications/AhoiBrowser.app/Contents/Frameworks/libbrowser_ui_views.dylib (0x111d58188) and /Applications/AhoiBrowser.app/Contents/Frameworks/libchrome_dll.dylib (0x1188e2430). This may cause spurious casting failures and mysterious crashes. One of the duplicates must be removed or renamed.
objc[94765]: Class ANGLESwapCGLLayer is implemented in both /Applications/AhoiBrowser.app/Contents/Frameworks/libblink_modules.dylib (0x144328a50) and /Applications/AhoiBrowser.app/Contents/Frameworks/libgl_init.dylib (0x129400a50). This may cause spurious casting failures and mysterious crashes. One of the duplicates must be removed or renamed.
objc[94765]: Class CrashpadHTTPBodyStreamTransport is implemented in both /Applications/AhoiBrowser.app/Contents/Frameworks/libbrowser_ui_views.dylib (0x1209fc188) and /Applications/AhoiBrowser.app/Contents/Frameworks/libchrome_dll.dylib (0x118ffa430). This may cause spurious casting failures and mysterious crashes. One of the duplicates must be removed or renamed.
objc[94763]: Class ANGLESwapCGLLayer is implemented in both /Applications/AhoiBrowser.app/Contents/Frameworks/libblink_modules.dylib (0x14234ca50) and /Applications/AhoiBrowser.app/Contents/Frameworks/libgl_init.dylib (0x127424a50). This may cause spurious casting failures and mysterious crashes. One of the duplicates must be removed or renamed.
objc[94763]: Class CrashpadHTTPBodyStreamTransport is implemented in both /Applications/AhoiBrowser.app/Contents/Frameworks/libbrowser_ui_views.dylib (0x11e46c188) and /Applications/AhoiBrowser.app/Contents/Frameworks/libchrome_dll.dylib (0x11701e430). This may cause spurious casting failures and mysterious crashes. One of the duplicates must be removed or renamed.
objc[94771]: Class ANGLESwapCGLLayer is implemented in both /Applications/AhoiBrowser.app/Contents/Frameworks/libblink_modules.dylib (0x141db8a50) and /Applications/AhoiBrowser.app/Contents/Frameworks/libgl_init.dylib (0x126e90a50). This may cause spurious casting failures and mysterious crashes. One of the duplicates must be removed or renamed.
objc[94771]: Class CrashpadHTTPBodyStreamTransport is implemented in both /Applications/AhoiBrowser.app/Contents/Frameworks/libbrowser_ui_views.dylib (0x11daa0188) and /Applications/AhoiBrowser.app/Contents/Frameworks/libchrome_dll.dylib (0x116a8a430). This may cause spurious casting failures and mysterious crashes. One of the duplicates must be removed or renamed.
objc[94768]: Class ANGLESwapCGLLayer is implemented in both /Applications/AhoiBrowser.app/Contents/Frameworks/libblink_modules.dylib (0x14004ca50) and /Applications/AhoiBrowser.app/Contents/Frameworks/libgl_init.dylib (0x125124a50). This may cause spurious casting failures and mysterious crashes. One of the duplicates must be removed or renamed.
objc[94768]: Class CrashpadHTTPBodyStreamTransport is implemented in both /Applications/AhoiBrowser.app/Contents/Frameworks/libbrowser_ui_views.dylib (0x11bdec188) and /Applications/AhoiBrowser.app/Contents/Frameworks/libchrome_dll.dylib (0x114d1e430). This may cause spurious casting failures and mysterious crashes. One of the duplicates must be removed or renamed.
objc[94770]: Class ANGLESwapCGLLayer is implemented in both /Applications/AhoiBrowser.app/Contents/Frameworks/libblink_modules.dylib (0x144950a50) and /Applications/AhoiBrowser.app/Contents/Frameworks/libgl_init.dylib (0x129a28a50). This may cause spurious casting failures and mysterious crashes. One of the duplicates must be removed or renamed.
objc[94770]: Class CrashpadHTTPBodyStreamTransport is implemented in both /Applications/AhoiBrowser.app/Contents/Frameworks/libbrowser_ui_views.dylib (0x112a98188) and /Applications/AhoiBrowser.app/Contents/Frameworks/libchrome_dll.dylib (0x119622430). This may cause spurious casting failures and mysterious crashes. One of the duplicates must be removed or renamed.
objc[94841]: Class ANGLESwapCGLLayer is implemented in both /Applications/AhoiBrowser.app/Contents/Frameworks/libblink_modules.dylib (0x140120a50) and /Applications/AhoiBrowser.app/Contents/Frameworks/libgl_init.dylib (0x1251f8a50). This may cause spurious casting failures and mysterious crashes. One of the duplicates must be removed or renamed.
objc[94841]: Class CrashpadHTTPBodyStreamTransport is implemented in both /Applications/AhoiBrowser.app/Contents/Frameworks/libbrowser_ui_views.dylib (0x10e3dc188) and /Applications/AhoiBrowser.app/Contents/Frameworks/libchrome_dll.dylib (0x114df2430). This may cause spurious casting failures and mysterious crashes. One of the duplicates must be removed or renamed.
[94699:30027911:0926/003026.082086:ERROR:content/browser/btm/btm_database.cc:153] database is locked
[94699:30027911:0926/003026.152694:ERROR:content/browser/btm/btm_database.cc:153] database is locked
[94699:30027911:0926/003026.154803:WARNING:content/browser/btm/btm_database.cc:128] Failed to initialize the DIPS SQLite database.
[94699:30027420:0926/003030.938085:ERROR:chrome/browser/ui/webui/ntp/new_tab_ui.cc:54] Requested load of chrome://newtab/ for incorrect profile type.
[94699:30027420:0926/003030.942996:ERROR:chrome/browser/ui/webui/ntp/new_tab_ui.cc:54] Requested load of chrome://newtab/ for incorrect profile type.
[94763:30028687:0926/003031.046790:WARNING:net/extras/sqlite/sqlite_persistent_store_backend_base.cc:181] Failed to post task from FlushAndNotifyInBackground@net/extras/sqlite/sqlite_persistent_store_backend_base.cc:231 to client_task_runner_.
[94763:30028687:0926/003031.047014:WARNING:net/extras/sqlite/sqlite_persistent_store_backend_base.cc:181] Failed to post task from FlushAndNotifyInBackground@net/extras/sqlite/sqlite_persistent_store_backend_base.cc:231 to client_task_runner_.
[94699:30027420:0926/003031.106943:ERROR:base/process/kill_posix.cc:33] waitpid(94763): No child processes (10)
[94699:30029899:0926/003031.126800:WARNING:components/leveldb_proto/internal/unique_proto_database.cc:37] Proto database will not be deleted.
[94699:30029899:0926/003031.126888:WARNING:components/leveldb_proto/internal/unique_proto_database.cc:37] Proto database will not be deleted.
[94699:30029899:0926/003031.126940:WARNING:components/leveldb_proto/internal/unique_proto_database.cc:37] Proto database will not be deleted.
[94699:30029899:0926/003031.127001:WARNING:components/leveldb_proto/internal/unique_proto_database.cc:37] Proto database will not be deleted.
[94699:30029899:0926/003031.127016:WARNING:components/leveldb_proto/internal/unique_proto_database.cc:37] Proto database will not be deleted.
objc[95042]: Class ANGLESwapCGLLayer is implemented in both /Applications/AhoiBrowser.app/Contents/Frameworks/libblink_modules.dylib (0x13fbcca50) and /Applications/AhoiBrowser.app/Contents/Frameworks/libgl_init.dylib (0x124ca4a50). This may cause spurious casting failures and mysterious crashes. One of the duplicates must be removed or renamed.
objc[95042]: Class CrashpadHTTPBodyStreamTransport is implemented in both /Applications/AhoiBrowser.app/Contents/Frameworks/libbrowser_ui_views.dylib (0x10dd88188) and /Applications/AhoiBrowser.app/Contents/Frameworks/libchrome_dll.dylib (0x11489e430). This may cause spurious casting failures and mysterious crashes. One of the duplicates must be removed or renamed.
[95042:30031534:0926/003042.180291:ERROR:chrome/browser/mac/code_sign_clone_manager.mm:98] error removing quarantine attribute "/var/folders/zn/wn74lz2s2bsfp734gbqytmpr0000gn/X/"
[95042:30031534:0926/003042.200037:ERROR:chrome/browser/mac/code_sign_clone_manager.mm:98] error removing quarantine attribute "/var/folders/zn/wn74lz2s2bsfp734gbqytmpr0000gn/X/"
[95042:30030515:0926/003042.233643:WARNING:chrome/browser/signin/account_consistency_mode_manager.cc:74] Desktop Identity Consistency cannot be enabled as no OAuth client ID and client secret have been configured.

DevTools listening on ws://127.0.0.1:9381/devtools/browser/df4c4f20-df0d-4942-9c0d-54f4b4dbfce6
[95042:30030515:0926/003042.625278:ERROR:ahoi/browser/updater/sparkle_runtime_mac.mm:148] Ahoi updater disabled (fail closed): missing-feed-url
objc[95270]: Class ANGLESwapCGLLayer is implemented in both /Applications/AhoiBrowser.app/Contents/Frameworks/libblink_modules.dylib (0x1427eca50) and /Applications/AhoiBrowser.app/Contents/Frameworks/libgl_init.dylib (0x1278c4a50). This may cause spurious casting failures and mysterious crashes. One of the duplicates must be removed or renamed.
objc[95270]: Class CrashpadHTTPBodyStreamTransport is implemented in both /Applications/AhoiBrowser.app/Contents/Frameworks/libbrowser_ui_views.dylib (0x11eec0188) and /Applications/AhoiBrowser.app/Contents/Frameworks/libchrome_dll.dylib (0x1174be430). This may cause spurious casting failures and mysterious crashes. One of the duplicates must be removed or renamed.
objc[95265]: Class ANGLESwapCGLLayer is implemented in both /Applications/AhoiBrowser.app/Contents/Frameworks/libblink_modules.dylib (0x140520a50) and /Applications/AhoiBrowser.app/Contents/Frameworks/libgl_init.dylib (0x1255f8a50). This may cause spurious casting failures and mysterious crashes. One of the duplicates must be removed or renamed.
objc[95265]: Class CrashpadHTTPBodyStreamTransport is implemented in both /Applications/AhoiBrowser.app/Contents/Frameworks/libbrowser_ui_views.dylib (0x11cbf4188) and /Applications/AhoiBrowser.app/Contents/Frameworks/libchrome_dll.dylib (0x1151f2430). This may cause spurious casting failures and mysterious crashes. One of the duplicates must be removed or renamed.
objc[95269]: Class ANGLESwapCGLLayer is implemented in both /Applications/AhoiBrowser.app/Contents/Frameworks/libblink_modules.dylib (0x1423d0a50) and /Applications/AhoiBrowser.app/Contents/Frameworks/libgl_init.dylib (0x1274a8a50). This may cause spurious casting failures and mysterious crashes. One of the duplicates must be removed or renamed.
objc[95269]: Class CrashpadHTTPBodyStreamTransport is implemented in both /Applications/AhoiBrowser.app/Contents/Frameworks/libbrowser_ui_views.dylib (0x11068c188) and /Applications/AhoiBrowser.app/Contents/Frameworks/libchrome_dll.dylib (0x1170a2430). This may cause spurious casting failures and mysterious crashes. One of the duplicates must be removed or renamed.
objc[95271]: Class ANGLESwapCGLLayer is implemented in both /Applications/AhoiBrowser.app/Contents/Frameworks/libblink_modules.dylib (0x144408a50) and /Applications/AhoiBrowser.app/Contents/Frameworks/libgl_init.dylib (0x1294e0a50). This may cause spurious casting failures and mysterious crashes. One of the duplicates must be removed or renamed.
objc[95271]: Class CrashpadHTTPBodyStreamTransport is implemented in both /Applications/AhoiBrowser.app/Contents/Frameworks/libbrowser_ui_views.dylib (0x11ffd0188) and /Applications/AhoiBrowser.app/Contents/Frameworks/libchrome_dll.dylib (0x1190da430). This may cause spurious casting failures and mysterious crashes. One of the duplicates must be removed or renamed.
objc[95262]: Class ANGLESwapCGLLayer is implemented in both /Applications/AhoiBrowser.app/Contents/Frameworks/libblink_modules.dylib (0x144494a50) and /Applications/AhoiBrowser.app/Contents/Frameworks/libgl_init.dylib (0x12956ca50). This may cause spurious casting failures and mysterious crashes. One of the duplicates must be removed or renamed.
objc[95262]: Class CrashpadHTTPBodyStreamTransport is implemented in both /Applications/AhoiBrowser.app/Contents/Frameworks/libbrowser_ui_views.dylib (0x1205b4188) and /Applications/AhoiBrowser.app/Contents/Frameworks/libchrome_dll.dylib (0x119166430). This may cause spurious casting failures and mysterious crashes. One of the duplicates must be removed or renamed.
objc[95274]: Class ANGLESwapCGLLayer is implemented in both /Applications/AhoiBrowser.app/Contents/Frameworks/libblink_modules.dylib (0x14193ca50) and /Applications/AhoiBrowser.app/Contents/Frameworks/libgl_init.dylib (0x126a14a50). This may cause spurious casting failures and mysterious crashes. One of the duplicates must be removed or renamed.
objc[95274]: Class CrashpadHTTPBodyStreamTransport is implemented in both /Applications/AhoiBrowser.app/Contents/Frameworks/libbrowser_ui_views.dylib (0x11d6dc188) and /Applications/AhoiBrowser.app/Contents/Frameworks/libchrome_dll.dylib (0x11660e430). This may cause spurious casting failures and mysterious crashes. One of the duplicates must be removed or renamed.
objc[95273]: Class ANGLESwapCGLLayer is implemented in both /Applications/AhoiBrowser.app/Contents/Frameworks/libblink_modules.dylib (0x13f904a50) and /Applications/AhoiBrowser.app/Contents/Frameworks/libgl_init.dylib (0x1249dca50). This may cause spurious casting failures and mysterious crashes. One of the duplicates must be removed or renamed.
objc[95273]: Class CrashpadHTTPBodyStreamTransport is implemented in both /Applications/AhoiBrowser.app/Contents/Frameworks/libbrowser_ui_views.dylib (0x11bfd8188) and /Applications/AhoiBrowser.app/Contents/Frameworks/libchrome_dll.dylib (0x1145d6430). This may cause spurious casting failures and mysterious crashes. One of the duplicates must be removed or renamed.
objc[95306]: Class ANGLESwapCGLLayer is implemented in both /Applications/AhoiBrowser.app/Contents/Frameworks/libblink_modules.dylib (0x144368a50) and /Applications/AhoiBrowser.app/Contents/Frameworks/libgl_init.dylib (0x129440a50). This may cause spurious casting failures and mysterious crashes. One of the duplicates must be removed or renamed.
objc[95306]: Class CrashpadHTTPBodyStreamTransport is implemented in both /Applications/AhoiBrowser.app/Contents/Frameworks/libbrowser_ui_views.dylib (0x120a3c188) and /Applications/AhoiBrowser.app/Contents/Frameworks/libchrome_dll.dylib (0x11903a430). This may cause spurious casting failures and mysterious crashes. One of the duplicates must be removed or renamed.
[95042:30030515:0926/003055.664823:ERROR:chrome/browser/ui/webui/ntp/new_tab_ui.cc:54] Requested load of chrome://newtab/ for incorrect profile type.
[95042:30030515:0926/003055.667651:ERROR:chrome/browser/ui/webui/ntp/new_tab_ui.cc:54] Requested load of chrome://newtab/ for incorrect profile type.
[95265:30032127:0926/003055.767356:WARNING:net/extras/sqlite/sqlite_persistent_store_backend_base.cc:181] Failed to post task from FlushAndNotifyInBackground@net/extras/sqlite/sqlite_persistent_store_backend_base.cc:231 to client_task_runner_.
[95265:30032127:0926/003055.767597:WARNING:net/extras/sqlite/sqlite_persistent_store_backend_base.cc:181] Failed to post task from FlushAndNotifyInBackground@net/extras/sqlite/sqlite_persistent_store_backend_base.cc:231 to client_task_runner_.
[95042:30030515:0926/003055.817430:ERROR:base/process/kill_posix.cc:33] waitpid(95265): No child processes (10)
