objc[31302]: Class ANGLESwapCGLLayer is implemented in both /Applications/AhoiBrowser.app/Contents/Frameworks/libblink_modules.dylib (0x141a6ca50) and /Applications/AhoiBrowser.app/Contents/Frameworks/libgl_init.dylib (0x126b44a50). This may cause spurious casting failures and mysterious crashes. One of the duplicates must be removed or renamed.
objc[31302]: Class CrashpadHTTPBodyStreamTransport is implemented in both /Applications/AhoiBrowser.app/Contents/Frameworks/libbrowser_ui_views.dylib (0x10fc28188) and /Applications/AhoiBrowser.app/Contents/Frameworks/libchrome_dll.dylib (0x11673e430). This may cause spurious casting failures and mysterious crashes. One of the duplicates must be removed or renamed.
[31302:30191158:0926/005936.771238:ERROR:chrome/browser/mac/code_sign_clone_manager.mm:98] error removing quarantine attribute "/var/folders/zn/wn74lz2s2bsfp734gbqytmpr0000gn/X/"
[31302:30191158:0926/005936.808030:ERROR:chrome/browser/mac/code_sign_clone_manager.mm:98] error removing quarantine attribute "/var/folders/zn/wn74lz2s2bsfp734gbqytmpr0000gn/X/"

DevTools listening on ws://127.0.0.1:9385/devtools/browser/14e0c569-ad45-4278-b45a-6c1573f9dd7b
[31302:30190270:0926/005937.475222:ERROR:ahoi/browser/updater/sparkle_runtime_mac.mm:148] Ahoi updater disabled (fail closed): missing-feed-url
objc[31782]: Class ANGLESwapCGLLayer is implemented in both /Applications/AhoiBrowser.app/Contents/Frameworks/libblink_modules.dylib (0x13fe9ca50) and /Applications/AhoiBrowser.app/Contents/Frameworks/libgl_init.dylib (0x124f74a50). This may cause spurious casting failures and mysterious crashes. One of the duplicates must be removed or renamed.
objc[31782]: Class CrashpadHTTPBodyStreamTransport is implemented in both /Applications/AhoiBrowser.app/Contents/Frameworks/libbrowser_ui_views.dylib (0x11bfbc188) and /Applications/AhoiBrowser.app/Contents/Frameworks/libchrome_dll.dylib (0x114b6e430). This may cause spurious casting failures and mysterious crashes. One of the duplicates must be removed or renamed.
objc[31781]: Class ANGLESwapCGLLayer is implemented in both /Applications/AhoiBrowser.app/Contents/Frameworks/libblink_modules.dylib (0x1417c0a50) and /Applications/AhoiBrowser.app/Contents/Frameworks/libgl_init.dylib (0x126898a50). This may cause spurious casting failures and mysterious crashes. One of the duplicates must be removed or renamed.
objc[31781]: Class CrashpadHTTPBodyStreamTransport is implemented in both /Applications/AhoiBrowser.app/Contents/Frameworks/libbrowser_ui_views.dylib (0x11d560188) and /Applications/AhoiBrowser.app/Contents/Frameworks/libchrome_dll.dylib (0x116492430). This may cause spurious casting failures and mysterious crashes. One of the duplicates must be removed or renamed.
objc[31793]: Class ANGLESwapCGLLayer is implemented in both /Applications/AhoiBrowser.app/Contents/Frameworks/libblink_modules.dylib (0x14225ca50) and /Applications/AhoiBrowser.app/Contents/Frameworks/libgl_init.dylib (0x127334a50). This may cause spurious casting failures and mysterious crashes. One of the duplicates must be removed or renamed.
objc[31793]: Class CrashpadHTTPBodyStreamTransport is implemented in both /Applications/AhoiBrowser.app/Contents/Frameworks/libbrowser_ui_views.dylib (0x11df74188) and /Applications/AhoiBrowser.app/Contents/Frameworks/libchrome_dll.dylib (0x116f2e430). This may cause spurious casting failures and mysterious crashes. One of the duplicates must be removed or renamed.
objc[31794]: Class ANGLESwapCGLLayer is implemented in both /Applications/AhoiBrowser.app/Contents/Frameworks/libblink_modules.dylib (0x143f3ca50) and /Applications/AhoiBrowser.app/Contents/Frameworks/libgl_init.dylib (0x129014a50). This may cause spurious casting failures and mysterious crashes. One of the duplicates must be removed or renamed.
objc[31794]: Class CrashpadHTTPBodyStreamTransport is implemented in both /Applications/AhoiBrowser.app/Contents/Frameworks/libbrowser_ui_views.dylib (0x112108188) and /Applications/AhoiBrowser.app/Contents/Frameworks/libchrome_dll.dylib (0x118c0e430). This may cause spurious casting failures and mysterious crashes. One of the duplicates must be removed or renamed.
objc[31816]: Class ANGLESwapCGLLayer is implemented in both /Applications/AhoiBrowser.app/Contents/Frameworks/libblink_modules.dylib (0x13fac4a50) and /Applications/AhoiBrowser.app/Contents/Frameworks/libgl_init.dylib (0x124b9ca50). This may cause spurious casting failures and mysterious crashes. One of the duplicates must be removed or renamed.
objc[31816]: Class CrashpadHTTPBodyStreamTransport is implemented in both /Applications/AhoiBrowser.app/Contents/Frameworks/libbrowser_ui_views.dylib (0x11bbe4188) and /Applications/AhoiBrowser.app/Contents/Frameworks/libchrome_dll.dylib (0x114796430). This may cause spurious casting failures and mysterious crashes. One of the duplicates must be removed or renamed.
objc[31819]: Class ANGLESwapCGLLayer is implemented in both /Applications/AhoiBrowser.app/Contents/Frameworks/libblink_modules.dylib (0x14210ca50) and /Applications/AhoiBrowser.app/Contents/Frameworks/libgl_init.dylib (0x1271e4a50). This may cause spurious casting failures and mysterious crashes. One of the duplicates must be removed or renamed.
objc[31819]: Class CrashpadHTTPBodyStreamTransport is implemented in both /Applications/AhoiBrowser.app/Contents/Frameworks/libbrowser_ui_views.dylib (0x1102fc188) and /Applications/AhoiBrowser.app/Contents/Frameworks/libchrome_dll.dylib (0x116dde430). This may cause spurious casting failures and mysterious crashes. One of the duplicates must be removed or renamed.
objc[31818]: Class ANGLESwapCGLLayer is implemented in both /Applications/AhoiBrowser.app/Contents/Frameworks/libblink_modules.dylib (0x1425e8a50) and /Applications/AhoiBrowser.app/Contents/Frameworks/libgl_init.dylib (0x1276c0a50). This may cause spurious casting failures and mysterious crashes. One of the duplicates must be removed or renamed.
objc[31818]: Class CrashpadHTTPBodyStreamTransport is implemented in both /Applications/AhoiBrowser.app/Contents/Frameworks/libbrowser_ui_views.dylib (0x11e284188) and /Applications/AhoiBrowser.app/Contents/Frameworks/libchrome_dll.dylib (0x1172ba430). This may cause spurious casting failures and mysterious crashes. One of the duplicates must be removed or renamed.
objc[31909]: Class ANGLESwapCGLLayer is implemented in both /Applications/AhoiBrowser.app/Contents/Frameworks/libblink_modules.dylib (0x143b14a50) and /Applications/AhoiBrowser.app/Contents/Frameworks/libgl_init.dylib (0x128beca50). This may cause spurious casting failures and mysterious crashes. One of the duplicates must be removed or renamed.
objc[31909]: Class CrashpadHTTPBodyStreamTransport is implemented in both /Applications/AhoiBrowser.app/Contents/Frameworks/libbrowser_ui_views.dylib (0x111cb0188) and /Applications/AhoiBrowser.app/Contents/Frameworks/libchrome_dll.dylib (0x1187e6430). This may cause spurious casting failures and mysterious crashes. One of the duplicates must be removed or renamed.
[31302:30190270:0926/005946.604795:ERROR:chrome/browser/ui/webui/ntp/new_tab_ui.cc:54] Requested load of chrome://newtab/ for incorrect profile type.
[31302:30190270:0926/005946.607334:ERROR:chrome/browser/ui/webui/ntp/new_tab_ui.cc:54] Requested load of chrome://newtab/ for incorrect profile type.
[31302:30190270:0926/005946.743407:ERROR:base/process/kill_posix.cc:33] waitpid(31782): No child processes (10)
