objc[17521]: Class ANGLESwapCGLLayer is implemented in both /Applications/AhoiBrowser.app/Contents/Frameworks/libblink_modules.dylib (0x140700a50) and /Applications/AhoiBrowser.app/Contents/Frameworks/libgl_init.dylib (0x1257d8a50). This may cause spurious casting failures and mysterious crashes. One of the duplicates must be removed or renamed.
objc[17521]: Class CrashpadHTTPBodyStreamTransport is implemented in both /Applications/AhoiBrowser.app/Contents/Frameworks/libbrowser_ui_views.dylib (0x10e8f0188) and /Applications/AhoiBrowser.app/Contents/Frameworks/libchrome_dll.dylib (0x1153d2430). This may cause spurious casting failures and mysterious crashes. One of the duplicates must be removed or renamed.
[17521:30137344:0926/005118.078054:ERROR:chrome/browser/mac/code_sign_clone_manager.mm:98] error removing quarantine attribute "/var/folders/zn/wn74lz2s2bsfp734gbqytmpr0000gn/X/"
[17521:30137344:0926/005118.101813:ERROR:chrome/browser/mac/code_sign_clone_manager.mm:98] error removing quarantine attribute "/var/folders/zn/wn74lz2s2bsfp734gbqytmpr0000gn/X/"

DevTools listening on ws://127.0.0.1:9379/devtools/browser/1285f343-811a-4158-89c5-6ca7a3c61569
[17521:30137076:0926/005118.898472:ERROR:ahoi/browser/updater/sparkle_runtime_mac.mm:148] Ahoi updater disabled (fail closed): missing-feed-url
objc[17587]: Class ANGLESwapCGLLayer is implemented in both /Applications/AhoiBrowser.app/Contents/Frameworks/libblink_modules.dylib (0x13fb98a50) and /Applications/AhoiBrowser.app/Contents/Frameworks/libgl_init.dylib (0x124c70a50). This may cause spurious casting failures and mysterious crashes. One of the duplicates must be removed or renamed.
objc[17587]: Class CrashpadHTTPBodyStreamTransport is implemented in both /Applications/AhoiBrowser.app/Contents/Frameworks/libbrowser_ui_views.dylib (0x11b880188) and /Applications/AhoiBrowser.app/Contents/Frameworks/libchrome_dll.dylib (0x11486a430). This may cause spurious casting failures and mysterious crashes. One of the duplicates must be removed or renamed.
objc[17588]: Class ANGLESwapCGLLayer is implemented in both /Applications/AhoiBrowser.app/Contents/Frameworks/libblink_modules.dylib (0x14226ca50) and /Applications/AhoiBrowser.app/Contents/Frameworks/libgl_init.dylib (0x127344a50). This may cause spurious casting failures and mysterious crashes. One of the duplicates must be removed or renamed.
objc[17588]: Class CrashpadHTTPBodyStreamTransport is implemented in both /Applications/AhoiBrowser.app/Contents/Frameworks/libbrowser_ui_views.dylib (0x1103d4188) and /Applications/AhoiBrowser.app/Contents/Frameworks/libchrome_dll.dylib (0x116f3e430). This may cause spurious casting failures and mysterious crashes. One of the duplicates must be removed or renamed.
objc[17589]: Class ANGLESwapCGLLayer is implemented in both /Applications/AhoiBrowser.app/Contents/Frameworks/libblink_modules.dylib (0x1442e4a50) and /Applications/AhoiBrowser.app/Contents/Frameworks/libgl_init.dylib (0x1293bca50). This may cause spurious casting failures and mysterious crashes. One of the duplicates must be removed or renamed.
objc[17589]: Class CrashpadHTTPBodyStreamTransport is implemented in both /Applications/AhoiBrowser.app/Contents/Frameworks/libbrowser_ui_views.dylib (0x1209b8188) and /Applications/AhoiBrowser.app/Contents/Frameworks/libchrome_dll.dylib (0x118fb6430). This may cause spurious casting failures and mysterious crashes. One of the duplicates must be removed or renamed.
objc[17590]: Class ANGLESwapCGLLayer is implemented in both /Applications/AhoiBrowser.app/Contents/Frameworks/libblink_modules.dylib (0x1402d4a50) and /Applications/AhoiBrowser.app/Contents/Frameworks/libgl_init.dylib (0x1253aca50). This may cause spurious casting failures and mysterious crashes. One of the duplicates must be removed or renamed.
objc[17590]: Class CrashpadHTTPBodyStreamTransport is implemented in both /Applications/AhoiBrowser.app/Contents/Frameworks/libbrowser_ui_views.dylib (0x10e590188) and /Applications/AhoiBrowser.app/Contents/Frameworks/libchrome_dll.dylib (0x114fa6430). This may cause spurious casting failures and mysterious crashes. One of the duplicates must be removed or renamed.
objc[17592]: Class ANGLESwapCGLLayer is implemented in both /Applications/AhoiBrowser.app/Contents/Frameworks/libblink_modules.dylib (0x141dbca50) and /Applications/AhoiBrowser.app/Contents/Frameworks/libgl_init.dylib (0x126e94a50). This may cause spurious casting failures and mysterious crashes. One of the duplicates must be removed or renamed.
objc[17592]: Class CrashpadHTTPBodyStreamTransport is implemented in both /Applications/AhoiBrowser.app/Contents/Frameworks/libbrowser_ui_views.dylib (0x10ff04188) and /Applications/AhoiBrowser.app/Contents/Frameworks/libchrome_dll.dylib (0x116a8e430). This may cause spurious casting failures and mysterious crashes. One of the duplicates must be removed or renamed.
objc[17600]: Class ANGLESwapCGLLayer is implemented in both /Applications/AhoiBrowser.app/Contents/Frameworks/libblink_modules.dylib (0x13fbbca50) and /Applications/AhoiBrowser.app/Contents/Frameworks/libgl_init.dylib (0x124c94a50). This may cause spurious casting failures and mysterious crashes. One of the duplicates must be removed or renamed.
objc[17600]: Class CrashpadHTTPBodyStreamTransport is implemented in both /Applications/AhoiBrowser.app/Contents/Frameworks/libbrowser_ui_views.dylib (0x10de5c188) and /Applications/AhoiBrowser.app/Contents/Frameworks/libchrome_dll.dylib (0x11488e430). This may cause spurious casting failures and mysterious crashes. One of the duplicates must be removed or renamed.
objc[17601]: Class ANGLESwapCGLLayer is implemented in both /Applications/AhoiBrowser.app/Contents/Frameworks/libblink_modules.dylib (0x141a94a50) and /Applications/AhoiBrowser.app/Contents/Frameworks/libgl_init.dylib (0x126b6ca50). This may cause spurious casting failures and mysterious crashes. One of the duplicates must be removed or renamed.
objc[17601]: Class CrashpadHTTPBodyStreamTransport is implemented in both /Applications/AhoiBrowser.app/Contents/Frameworks/libbrowser_ui_views.dylib (0x11d7ac188) and /Applications/AhoiBrowser.app/Contents/Frameworks/libchrome_dll.dylib (0x116766430). This may cause spurious casting failures and mysterious crashes. One of the duplicates must be removed or renamed.
objc[17781]: Class ANGLESwapCGLLayer is implemented in both /Applications/AhoiBrowser.app/Contents/Frameworks/libblink_modules.dylib (0x1400c0a50) and /Applications/AhoiBrowser.app/Contents/Frameworks/libgl_init.dylib (0x125198a50). This may cause spurious casting failures and mysterious crashes. One of the duplicates must be removed or renamed.
objc[17781]: Class CrashpadHTTPBodyStreamTransport is implemented in both /Applications/AhoiBrowser.app/Contents/Frameworks/libbrowser_ui_views.dylib (0x10e2a8188) and /Applications/AhoiBrowser.app/Contents/Frameworks/libchrome_dll.dylib (0x114d92430). This may cause spurious casting failures and mysterious crashes. One of the duplicates must be removed or renamed.
objc[17783]: Class ANGLESwapCGLLayer is implemented in both /Applications/AhoiBrowser.app/Contents/Frameworks/libblink_modules.dylib (0x1427d8a50) and /Applications/AhoiBrowser.app/Contents/Frameworks/libgl_init.dylib (0x1278b0a50). This may cause spurious casting failures and mysterious crashes. One of the duplicates must be removed or renamed.
objc[17783]: Class CrashpadHTTPBodyStreamTransport is implemented in both /Applications/AhoiBrowser.app/Contents/Frameworks/libbrowser_ui_views.dylib (0x11eeac188) and /Applications/AhoiBrowser.app/Contents/Frameworks/libchrome_dll.dylib (0x1174aa430). This may cause spurious casting failures and mysterious crashes. One of the duplicates must be removed or renamed.
objc[17873]: Class ANGLESwapCGLLayer is implemented in both /Applications/AhoiBrowser.app/Contents/Frameworks/libblink_modules.dylib (0x14471ca50) and /Applications/AhoiBrowser.app/Contents/Frameworks/libgl_init.dylib (0x1297f4a50). This may cause spurious casting failures and mysterious crashes. One of the duplicates must be removed or renamed.
objc[17873]: Class CrashpadHTTPBodyStreamTransport is implemented in both /Applications/AhoiBrowser.app/Contents/Frameworks/libbrowser_ui_views.dylib (0x1129d8188) and /Applications/AhoiBrowser.app/Contents/Frameworks/libchrome_dll.dylib (0x1193ee430). This may cause spurious casting failures and mysterious crashes. One of the duplicates must be removed or renamed.
objc[17959]: Class ANGLESwapCGLLayer is implemented in both /Applications/AhoiBrowser.app/Contents/Frameworks/libblink_modules.dylib (0x13fd50a50) and /Applications/AhoiBrowser.app/Contents/Frameworks/libgl_init.dylib (0x124e28a50). This may cause spurious casting failures and mysterious crashes. One of the duplicates must be removed or renamed.
objc[17959]: Class CrashpadHTTPBodyStreamTransport is implemented in both /Applications/AhoiBrowser.app/Contents/Frameworks/libbrowser_ui_views.dylib (0x10e00c188) and /Applications/AhoiBrowser.app/Contents/Frameworks/libchrome_dll.dylib (0x114a22430). This may cause spurious casting failures and mysterious crashes. One of the duplicates must be removed or renamed.
[17587:30137552:0926/005140.754891:ERROR:components/viz/service/surfaces/surface_manager.cc:479] Old/orphaned temporary reference to SurfaceId(FrameSinkId[DelegatedFrameHost](6, 3), LocalSurfaceId(2, 3, 5907...))
[17587:30137552:0926/005140.756098:ERROR:components/viz/service/surfaces/surface_manager.cc:479] Old/orphaned temporary reference to SurfaceId(FrameSinkId[DelegatedFrameHost](6, 3), LocalSurfaceId(2, 2, 5907...))
[17587:30137552:0926/005140.756157:ERROR:components/viz/service/surfaces/surface_manager.cc:479] Old/orphaned temporary reference to SurfaceId(FrameSinkId[DelegatedFrameHost](6, 6), LocalSurfaceId(2, 3, 819D...))
[17587:30137552:0926/005140.756198:ERROR:components/viz/service/surfaces/surface_manager.cc:479] Old/orphaned temporary reference to SurfaceId(FrameSinkId[DelegatedFrameHost](6, 6), LocalSurfaceId(2, 2, 819D...))
[17587:30137552:0926/005150.756067:ERROR:components/viz/service/surfaces/surface_manager.cc:479] Old/orphaned temporary reference to SurfaceId(FrameSinkId[DelegatedFrameHost](6, 3), LocalSurfaceId(3, 5, 5907...))
[17587:30137552:0926/005150.756248:ERROR:components/viz/service/surfaces/surface_manager.cc:479] Old/orphaned temporary reference to SurfaceId(FrameSinkId[DelegatedFrameHost](6, 6), LocalSurfaceId(3, 4, 819D...))
[17587:30137552:0926/005150.756312:ERROR:components/viz/service/surfaces/surface_manager.cc:479] Old/orphaned temporary reference to SurfaceId(FrameSinkId[DelegatedFrameHost](6, 6), LocalSurfaceId(3, 3, 819D...))
[17587:30137552:0926/005150.756354:ERROR:components/viz/service/surfaces/surface_manager.cc:479] Old/orphaned temporary reference to SurfaceId(FrameSinkId[DelegatedFrameHost](6, 3), LocalSurfaceId(3, 4, 5907...))
[17521:30137076:0926/005202.330006:ERROR:base/process/kill_posix.cc:33] waitpid(17588): No child processes (10)
