objc[81323]: Class ANGLESwapCGLLayer is implemented in both /Applications/AhoiBrowser.app/Contents/Frameworks/libblink_modules.dylib (0x141fd8a50) and /Applications/AhoiBrowser.app/Contents/Frameworks/libgl_init.dylib (0x1270b0a50). This may cause spurious casting failures and mysterious crashes. One of the duplicates must be removed or renamed.
objc[81323]: Class CrashpadHTTPBodyStreamTransport is implemented in both /Applications/AhoiBrowser.app/Contents/Frameworks/libbrowser_ui_views.dylib (0x110114188) and /Applications/AhoiBrowser.app/Contents/Frameworks/libchrome_dll.dylib (0x116ca2430). This may cause spurious casting failures and mysterious crashes. One of the duplicates must be removed or renamed.
[81323:31377537:0926/033521.615667:ERROR:chrome/browser/mac/code_sign_clone_manager.mm:98] error removing quarantine attribute "/var/folders/zn/wn74lz2s2bsfp734gbqytmpr0000gn/X/"
[81323:31377537:0926/033521.638631:ERROR:chrome/browser/mac/code_sign_clone_manager.mm:98] error removing quarantine attribute "/var/folders/zn/wn74lz2s2bsfp734gbqytmpr0000gn/X/"

DevTools listening on ws://127.0.0.1:9379/devtools/browser/96b3938d-d9d9-4014-bb3a-37ae1f7c87b2
[81323:31377427:0926/033521.921402:ERROR:ahoi/browser/updater/sparkle_runtime_mac.mm:148] Ahoi updater disabled (fail closed): missing-feed-url
objc[81339]: Class ANGLESwapCGLLayer is implemented in both /Applications/AhoiBrowser.app/Contents/Frameworks/libblink_modules.dylib (0x140264a50) and /Applications/AhoiBrowser.app/Contents/Frameworks/libgl_init.dylib (0x12533ca50). This may cause spurious casting failures and mysterious crashes. One of the duplicates must be removed or renamed.
objc[81339]: Class CrashpadHTTPBodyStreamTransport is implemented in both /Applications/AhoiBrowser.app/Contents/Frameworks/libbrowser_ui_views.dylib (0x11c9c0188) and /Applications/AhoiBrowser.app/Contents/Frameworks/libchrome_dll.dylib (0x114f2e430). This may cause spurious casting failures and mysterious crashes. One of the duplicates must be removed or renamed.
objc[81340]: Class ANGLESwapCGLLayer is implemented in both /Applications/AhoiBrowser.app/Contents/Frameworks/libblink_modules.dylib (0x142410a50) and /Applications/AhoiBrowser.app/Contents/Frameworks/libgl_init.dylib (0x1274e8a50). This may cause spurious casting failures and mysterious crashes. One of the duplicates must be removed or renamed.
objc[81340]: Class CrashpadHTTPBodyStreamTransport is implemented in both /Applications/AhoiBrowser.app/Contents/Frameworks/libbrowser_ui_views.dylib (0x11e128188) and /Applications/AhoiBrowser.app/Contents/Frameworks/libchrome_dll.dylib (0x1170da430). This may cause spurious casting failures and mysterious crashes. One of the duplicates must be removed or renamed.
objc[81341]: Class ANGLESwapCGLLayer is implemented in both /Applications/AhoiBrowser.app/Contents/Frameworks/libblink_modules.dylib (0x13fd08a50) and /Applications/AhoiBrowser.app/Contents/Frameworks/libgl_init.dylib (0x124de0a50). This may cause spurious casting failures and mysterious crashes. One of the duplicates must be removed or renamed.
objc[81341]: Class CrashpadHTTPBodyStreamTransport is implemented in both /Applications/AhoiBrowser.app/Contents/Frameworks/libbrowser_ui_views.dylib (0x11b9a4188) and /Applications/AhoiBrowser.app/Contents/Frameworks/libchrome_dll.dylib (0x1149d2430). This may cause spurious casting failures and mysterious crashes. One of the duplicates must be removed or renamed.
objc[81342]: Class ANGLESwapCGLLayer is implemented in both /Applications/AhoiBrowser.app/Contents/Frameworks/libblink_modules.dylib (0x1429c0a50) and /Applications/AhoiBrowser.app/Contents/Frameworks/libgl_init.dylib (0x127a98a50). This may cause spurious casting failures and mysterious crashes. One of the duplicates must be removed or renamed.
objc[81342]: Class CrashpadHTTPBodyStreamTransport is implemented in both /Applications/AhoiBrowser.app/Contents/Frameworks/libbrowser_ui_views.dylib (0x110b08188) and /Applications/AhoiBrowser.app/Contents/Frameworks/libchrome_dll.dylib (0x11768a430). This may cause spurious casting failures and mysterious crashes. One of the duplicates must be removed or renamed.
objc[81344]: Class ANGLESwapCGLLayer is implemented in both /Applications/AhoiBrowser.app/Contents/Frameworks/libblink_modules.dylib (0x144534a50) and /Applications/AhoiBrowser.app/Contents/Frameworks/libgl_init.dylib (0x12960ca50). This may cause spurious casting failures and mysterious crashes. One of the duplicates must be removed or renamed.
objc[81344]: Class CrashpadHTTPBodyStreamTransport is implemented in both /Applications/AhoiBrowser.app/Contents/Frameworks/libbrowser_ui_views.dylib (0x1201d0188) and /Applications/AhoiBrowser.app/Contents/Frameworks/libchrome_dll.dylib (0x1191fe430). This may cause spurious casting failures and mysterious crashes. One of the duplicates must be removed or renamed.
objc[81346]: Class ANGLESwapCGLLayer is implemented in both /Applications/AhoiBrowser.app/Contents/Frameworks/libblink_modules.dylib (0x140228a50) and /Applications/AhoiBrowser.app/Contents/Frameworks/libgl_init.dylib (0x125300a50). This may cause spurious casting failures and mysterious crashes. One of the duplicates must be removed or renamed.
objc[81346]: Class CrashpadHTTPBodyStreamTransport is implemented in both /Applications/AhoiBrowser.app/Contents/Frameworks/libbrowser_ui_views.dylib (0x11bec4188) and /Applications/AhoiBrowser.app/Contents/Frameworks/libchrome_dll.dylib (0x114ef2430). This may cause spurious casting failures and mysterious crashes. One of the duplicates must be removed or renamed.
objc[81347]: Class ANGLESwapCGLLayer is implemented in both /Applications/AhoiBrowser.app/Contents/Frameworks/libblink_modules.dylib (0x142778a50) and /Applications/AhoiBrowser.app/Contents/Frameworks/libgl_init.dylib (0x127850a50). This may cause spurious casting failures and mysterious crashes. One of the duplicates must be removed or renamed.
objc[81347]: Class CrashpadHTTPBodyStreamTransport is implemented in both /Applications/AhoiBrowser.app/Contents/Frameworks/libbrowser_ui_views.dylib (0x11097c188) and /Applications/AhoiBrowser.app/Contents/Frameworks/libchrome_dll.dylib (0x117442430). This may cause spurious casting failures and mysterious crashes. One of the duplicates must be removed or renamed.
[81323:31377427:0926/033527.450562:ERROR:chrome/browser/ui/webui/ntp/new_tab_ui.cc:54] Requested load of chrome://newtab/ for incorrect profile type.
objc[81414]: Class ANGLESwapCGLLayer is implemented in both /Applications/AhoiBrowser.app/Contents/Frameworks/libblink_modules.dylib (0x14431ca50) and /Applications/AhoiBrowser.app/Contents/Frameworks/libgl_init.dylib (0x1293f4a50). This may cause spurious casting failures and mysterious crashes. One of the duplicates must be removed or renamed.
objc[81414]: Class CrashpadHTTPBodyStreamTransport is implemented in both /Applications/AhoiBrowser.app/Contents/Frameworks/libbrowser_ui_views.dylib (0x11ffb8188) and /Applications/AhoiBrowser.app/Contents/Frameworks/libchrome_dll.dylib (0x118fe6430). This may cause spurious casting failures and mysterious crashes. One of the duplicates must be removed or renamed.
objc[81416]: Class ANGLESwapCGLLayer is implemented in both /Applications/AhoiBrowser.app/Contents/Frameworks/libblink_modules.dylib (0x1428d8a50) and /Applications/AhoiBrowser.app/Contents/Frameworks/libgl_init.dylib (0x1279b0a50). This may cause spurious casting failures and mysterious crashes. One of the duplicates must be removed or renamed.
objc[81416]: Class CrashpadHTTPBodyStreamTransport is implemented in both /Applications/AhoiBrowser.app/Contents/Frameworks/libbrowser_ui_views.dylib (0x110b08188) and /Applications/AhoiBrowser.app/Contents/Frameworks/libchrome_dll.dylib (0x1175a2430). This may cause spurious casting failures and mysterious crashes. One of the duplicates must be removed or renamed.
objc[81456]: Class ANGLESwapCGLLayer is implemented in both /Applications/AhoiBrowser.app/Contents/Frameworks/libblink_modules.dylib (0x14078ca50) and /Applications/AhoiBrowser.app/Contents/Frameworks/libgl_init.dylib (0x125864a50). This may cause spurious casting failures and mysterious crashes. One of the duplicates must be removed or renamed.
objc[81456]: Class CrashpadHTTPBodyStreamTransport is implemented in both /Applications/AhoiBrowser.app/Contents/Frameworks/libbrowser_ui_views.dylib (0x11c824188) and /Applications/AhoiBrowser.app/Contents/Frameworks/libchrome_dll.dylib (0x115456430). This may cause spurious casting failures and mysterious crashes. One of the duplicates must be removed or renamed.
objc[81473]: Class ANGLESwapCGLLayer is implemented in both /Applications/AhoiBrowser.app/Contents/Frameworks/libblink_modules.dylib (0x143a7ca50) and /Applications/AhoiBrowser.app/Contents/Frameworks/libgl_init.dylib (0x128b54a50). This may cause spurious casting failures and mysterious crashes. One of the duplicates must be removed or renamed.
objc[81473]: Class CrashpadHTTPBodyStreamTransport is implemented in both /Applications/AhoiBrowser.app/Contents/Frameworks/libbrowser_ui_views.dylib (0x120150188) and /Applications/AhoiBrowser.app/Contents/Frameworks/libchrome_dll.dylib (0x118746430). This may cause spurious casting failures and mysterious crashes. One of the duplicates must be removed or renamed.
[81339:31377784:0926/033543.641883:ERROR:components/viz/service/surfaces/surface_manager.cc:479] Old/orphaned temporary reference to SurfaceId(FrameSinkId[DelegatedFrameHost](6, 6), LocalSurfaceId(2, 3, A4CA...))
[81339:31377784:0926/033543.642119:ERROR:components/viz/service/surfaces/surface_manager.cc:479] Old/orphaned temporary reference to SurfaceId(FrameSinkId[DelegatedFrameHost](6, 3), LocalSurfaceId(2, 3, 6336...))
[81339:31377784:0926/033543.642131:ERROR:components/viz/service/surfaces/surface_manager.cc:479] Old/orphaned temporary reference to SurfaceId(FrameSinkId[DelegatedFrameHost](6, 6), LocalSurfaceId(2, 2, A4CA...))
[81339:31377784:0926/033543.642139:ERROR:components/viz/service/surfaces/surface_manager.cc:479] Old/orphaned temporary reference to SurfaceId(FrameSinkId[DelegatedFrameHost](6, 3), LocalSurfaceId(2, 2, 6336...))
[81339:31377784:0926/033553.644022:ERROR:components/viz/service/surfaces/surface_manager.cc:479] Old/orphaned temporary reference to SurfaceId(FrameSinkId[DelegatedFrameHost](6, 3), LocalSurfaceId(3, 5, 6336...))
[81339:31377784:0926/033553.644091:ERROR:components/viz/service/surfaces/surface_manager.cc:479] Old/orphaned temporary reference to SurfaceId(FrameSinkId[DelegatedFrameHost](6, 6), LocalSurfaceId(3, 4, A4CA...))
[81339:31377784:0926/033553.644104:ERROR:components/viz/service/surfaces/surface_manager.cc:479] Old/orphaned temporary reference to SurfaceId(FrameSinkId[DelegatedFrameHost](6, 3), LocalSurfaceId(3, 4, 6336...))
[81339:31377784:0926/033553.644113:ERROR:components/viz/service/surfaces/surface_manager.cc:479] Old/orphaned temporary reference to SurfaceId(FrameSinkId[DelegatedFrameHost](6, 6), LocalSurfaceId(3, 3, A4CA...))
objc[82086]: Class ANGLESwapCGLLayer is implemented in both /Applications/AhoiBrowser.app/Contents/Frameworks/libblink_modules.dylib (0x141714a50) and /Applications/AhoiBrowser.app/Contents/Frameworks/libgl_init.dylib (0x1267eca50). This may cause spurious casting failures and mysterious crashes. One of the duplicates must be removed or renamed.
objc[82085]: Class ANGLESwapCGLLayer is implemented in both /Applications/AhoiBrowser.app/Contents/Frameworks/libblink_modules.dylib (0x141e80a50) and /Applications/AhoiBrowser.app/Contents/Frameworks/libgl_init.dylib (0x126f58a50). This may cause spurious casting failures and mysterious crashes. One of the duplicates must be removed or renamed.
objc[82086]: Class CrashpadHTTPBodyStreamTransport is implemented in both /Applications/AhoiBrowser.app/Contents/Frameworks/libbrowser_ui_views.dylib (0x11d4b4188) and /Applications/AhoiBrowser.app/Contents/Frameworks/libchrome_dll.dylib (0x1163de430). This may cause spurious casting failures and mysterious crashes. One of the duplicates must be removed or renamed.
objc[82085]: Class CrashpadHTTPBodyStreamTransport is implemented in both /Applications/AhoiBrowser.app/Contents/Frameworks/libbrowser_ui_views.dylib (0x11e554188) and /Applications/AhoiBrowser.app/Contents/Frameworks/libchrome_dll.dylib (0x116b4a430). This may cause spurious casting failures and mysterious crashes. One of the duplicates must be removed or renamed.
[81323:31377427:0926/033603.683551:ERROR:base/process/kill_posix.cc:33] waitpid(81340): No child processes (10)
