objc[94290]: Class ANGLESwapCGLLayer is implemented in both /Applications/AhoiBrowser.app/Contents/Frameworks/libblink_modules.dylib (0x1449dca50) and /Applications/AhoiBrowser.app/Contents/Frameworks/libgl_init.dylib (0x129ab4a50). This may cause spurious casting failures and mysterious crashes. One of the duplicates must be removed or renamed.
objc[94290]: Class CrashpadHTTPBodyStreamTransport is implemented in both /Applications/AhoiBrowser.app/Contents/Frameworks/libbrowser_ui_views.dylib (0x112b40188) and /Applications/AhoiBrowser.app/Contents/Frameworks/libchrome_dll.dylib (0x1196a6430). This may cause spurious casting failures and mysterious crashes. One of the duplicates must be removed or renamed.
[94290:30986281:0926/023414.987769:ERROR:chrome/browser/mac/code_sign_clone_manager.mm:98] error removing quarantine attribute "/var/folders/zn/wn74lz2s2bsfp734gbqytmpr0000gn/X/"
[94290:30986281:0926/023415.018284:ERROR:chrome/browser/mac/code_sign_clone_manager.mm:98] error removing quarantine attribute "/var/folders/zn/wn74lz2s2bsfp734gbqytmpr0000gn/X/"
[94290:30986088:0926/023415.144436:WARNING:chrome/browser/signin/account_consistency_mode_manager.cc:74] Desktop Identity Consistency cannot be enabled as no OAuth client ID and client secret have been configured.

DevTools listening on ws://127.0.0.1:9381/devtools/browser/d526129e-0b3d-4e80-a454-4b4553a5382b
[94290:30986088:0926/023415.736235:ERROR:ahoi/browser/updater/sparkle_runtime_mac.mm:148] Ahoi updater disabled (fail closed): missing-feed-url
objc[94332]: Class ANGLESwapCGLLayer is implemented in both /Applications/AhoiBrowser.app/Contents/Frameworks/libblink_modules.dylib (0x14198ca50) and /Applications/AhoiBrowser.app/Contents/Frameworks/libgl_init.dylib (0x126a64a50). This may cause spurious casting failures and mysterious crashes. One of the duplicates must be removed or renamed.
objc[94332]: Class CrashpadHTTPBodyStreamTransport is implemented in both /Applications/AhoiBrowser.app/Contents/Frameworks/libbrowser_ui_views.dylib (0x10fb64188) and /Applications/AhoiBrowser.app/Contents/Frameworks/libchrome_dll.dylib (0x116656430). This may cause spurious casting failures and mysterious crashes. One of the duplicates must be removed or renamed.
objc[94333]: Class ANGLESwapCGLLayer is implemented in both /Applications/AhoiBrowser.app/Contents/Frameworks/libblink_modules.dylib (0x141ceca50) and /Applications/AhoiBrowser.app/Contents/Frameworks/libgl_init.dylib (0x126dc4a50). This may cause spurious casting failures and mysterious crashes. One of the duplicates must be removed or renamed.
objc[94333]: Class CrashpadHTTPBodyStreamTransport is implemented in both /Applications/AhoiBrowser.app/Contents/Frameworks/libbrowser_ui_views.dylib (0x11da04188) and /Applications/AhoiBrowser.app/Contents/Frameworks/libchrome_dll.dylib (0x1169b6430). This may cause spurious casting failures and mysterious crashes. One of the duplicates must be removed or renamed.
objc[94335]: Class ANGLESwapCGLLayer is implemented in both /Applications/AhoiBrowser.app/Contents/Frameworks/libblink_modules.dylib (0x144344a50) and /Applications/AhoiBrowser.app/Contents/Frameworks/libgl_init.dylib (0x12941ca50). This may cause spurious casting failures and mysterious crashes. One of the duplicates must be removed or renamed.
objc[94335]: Class CrashpadHTTPBodyStreamTransport is implemented in both /Applications/AhoiBrowser.app/Contents/Frameworks/libbrowser_ui_views.dylib (0x120a18188) and /Applications/AhoiBrowser.app/Contents/Frameworks/libchrome_dll.dylib (0x11900e430). This may cause spurious casting failures and mysterious crashes. One of the duplicates must be removed or renamed.
objc[94334]: Class ANGLESwapCGLLayer is implemented in both /Applications/AhoiBrowser.app/Contents/Frameworks/libblink_modules.dylib (0x143964a50) and /Applications/AhoiBrowser.app/Contents/Frameworks/libgl_init.dylib (0x128a3ca50). This may cause spurious casting failures and mysterious crashes. One of the duplicates must be removed or renamed.
objc[94334]: Class CrashpadHTTPBodyStreamTransport is implemented in both /Applications/AhoiBrowser.app/Contents/Frameworks/libbrowser_ui_views.dylib (0x120038188) and /Applications/AhoiBrowser.app/Contents/Frameworks/libchrome_dll.dylib (0x11862e430). This may cause spurious casting failures and mysterious crashes. One of the duplicates must be removed or renamed.
objc[94336]: Class ANGLESwapCGLLayer is implemented in both /Applications/AhoiBrowser.app/Contents/Frameworks/libblink_modules.dylib (0x142528a50) and /Applications/AhoiBrowser.app/Contents/Frameworks/libgl_init.dylib (0x127600a50). This may cause spurious casting failures and mysterious crashes. One of the duplicates must be removed or renamed.
objc[94336]: Class CrashpadHTTPBodyStreamTransport is implemented in both /Applications/AhoiBrowser.app/Contents/Frameworks/libbrowser_ui_views.dylib (0x1107cc188) and /Applications/AhoiBrowser.app/Contents/Frameworks/libchrome_dll.dylib (0x1171f2430). This may cause spurious casting failures and mysterious crashes. One of the duplicates must be removed or renamed.
objc[94339]: Class ANGLESwapCGLLayer is implemented in both /Applications/AhoiBrowser.app/Contents/Frameworks/libblink_modules.dylib (0x1443c0a50) and /Applications/AhoiBrowser.app/Contents/Frameworks/libgl_init.dylib (0x129498a50). This may cause spurious casting failures and mysterious crashes. One of the duplicates must be removed or renamed.
objc[94339]: Class CrashpadHTTPBodyStreamTransport is implemented in both /Applications/AhoiBrowser.app/Contents/Frameworks/libbrowser_ui_views.dylib (0x112510188) and /Applications/AhoiBrowser.app/Contents/Frameworks/libchrome_dll.dylib (0x11908a430). This may cause spurious casting failures and mysterious crashes. One of the duplicates must be removed or renamed.
objc[94338]: Class ANGLESwapCGLLayer is implemented in both /Applications/AhoiBrowser.app/Contents/Frameworks/libblink_modules.dylib (0x13ff04a50) and /Applications/AhoiBrowser.app/Contents/Frameworks/libgl_init.dylib (0x124fdca50). This may cause spurious casting failures and mysterious crashes. One of the duplicates must be removed or renamed.
objc[94338]: Class CrashpadHTTPBodyStreamTransport is implemented in both /Applications/AhoiBrowser.app/Contents/Frameworks/libbrowser_ui_views.dylib (0x10e0a8188) and /Applications/AhoiBrowser.app/Contents/Frameworks/libchrome_dll.dylib (0x114bce430). This may cause spurious casting failures and mysterious crashes. One of the duplicates must be removed or renamed.
objc[94355]: Class ANGLESwapCGLLayer is implemented in both /Applications/AhoiBrowser.app/Contents/Frameworks/libblink_modules.dylib (0x141ce4a50) and /Applications/AhoiBrowser.app/Contents/Frameworks/libgl_init.dylib (0x126dbca50). This may cause spurious casting failures and mysterious crashes. One of the duplicates must be removed or renamed.
objc[94355]: Class CrashpadHTTPBodyStreamTransport is implemented in both /Applications/AhoiBrowser.app/Contents/Frameworks/libbrowser_ui_views.dylib (0x11e3b8188) and /Applications/AhoiBrowser.app/Contents/Frameworks/libchrome_dll.dylib (0x1169ae430). This may cause spurious casting failures and mysterious crashes. One of the duplicates must be removed or renamed.
[94290:30986088:0926/023420.723093:VERBOSE1:ahoi/browser/session/session_bridge_observers.cc:69] Ahoi track window: first Workspace until restore metadata
[94290:30986088:0926/023420.723706:VERBOSE1:ahoi/browser/session/session_bridge_session.cc:549] Ahoi persist window metadata: workspace=83699047-edf8-580d-948d-9c37acc35cb6 service=1 window_id_valid=1
[94290:30986088:0926/023420.726262:VERBOSE1:ahoi/browser/session/session_bridge_session.cc:465] Ahoi last-used record: index 0 url=chrome://newtab/
[94290:30986088:0926/023420.728164:VERBOSE1:ahoi/browser/session/session_bridge_session.cc:465] Ahoi last-used record: index 0 url=chrome://newtab/
[94290:30986088:0926/023420.728262:VERBOSE1:ahoi/browser/session/session_bridge_session.cc:549] Ahoi persist window metadata: workspace=83699047-edf8-580d-948d-9c37acc35cb6 service=1 window_id_valid=1
[94290:30986088:0926/023425.564761:ERROR:chrome/browser/ui/webui/ntp/new_tab_ui.cc:54] Requested load of chrome://newtab/ for incorrect profile type.
[94290:30986088:0926/023425.565648:ERROR:chrome/browser/ui/webui/ntp/new_tab_ui.cc:54] Requested load of chrome://newtab/ for incorrect profile type.
[94290:30986088:0926/023425.571274:VERBOSE1:ahoi/browser/session/session_bridge_session.cc:465] Ahoi last-used record: index 1 url=http://127.0.0.1:8803/alpha.html
[94290:30986088:0926/023425.578453:VERBOSE1:ahoi/browser/session/session_bridge_session.cc:465] Ahoi last-used record: index 1 url=http://127.0.0.1:8803/alpha.html
[94290:30986088:0926/023425.579120:VERBOSE1:ahoi/browser/session/session_bridge_session.cc:465] Ahoi last-used record: index 1 url=http://127.0.0.1:8803/alpha.html
[94290:30986088:0926/023425.589679:VERBOSE1:ahoi/browser/session/session_bridge_session.cc:465] Ahoi last-used record: index 1 url=http://127.0.0.1:8803/alpha.html
[94290:30986088:0926/023425.597577:VERBOSE1:ahoi/browser/session/session_bridge_session.cc:465] Ahoi last-used record: index 1 url=http://127.0.0.1:8803/alpha.html
objc[94487]: Class ANGLESwapCGLLayer is implemented in both /Applications/AhoiBrowser.app/Contents/Frameworks/libblink_modules.dylib (0x140408a50) and /Applications/AhoiBrowser.app/Contents/Frameworks/libgl_init.dylib (0x1254e0a50). This may cause spurious casting failures and mysterious crashes. One of the duplicates must be removed or renamed.
objc[94487]: Class CrashpadHTTPBodyStreamTransport is implemented in both /Applications/AhoiBrowser.app/Contents/Frameworks/libbrowser_ui_views.dylib (0x11c1a8188) and /Applications/AhoiBrowser.app/Contents/Frameworks/libchrome_dll.dylib (0x1150d2430). This may cause spurious casting failures and mysterious crashes. One of the duplicates must be removed or renamed.
[94290:30986088:0926/023433.086959:VERBOSE1:ahoi/browser/session/session_bridge_session.cc:549] Ahoi persist window metadata: workspace=60f532bc-5957-43b3-bbc9-b198e451092b service=1 window_id_valid=1
[94332:30986648:0926/023437.757759:ERROR:components/viz/service/surfaces/surface_manager.cc:479] Old/orphaned temporary reference to SurfaceId(FrameSinkId[DelegatedFrameHost](6, 3), LocalSurfaceId(2, 2, 30BD...))
[94290:30986088:0926/023438.397846:VERBOSE1:ahoi/browser/session/session_bridge_session.cc:465] Ahoi last-used record: index 2 url=http://127.0.0.1:8803/beta.html
[94290:30986088:0926/023438.406353:VERBOSE1:ahoi/browser/session/session_bridge_session.cc:465] Ahoi last-used record: index 2 url=http://127.0.0.1:8803/beta.html
[94290:30986088:0926/023438.407024:VERBOSE1:ahoi/browser/session/session_bridge_session.cc:465] Ahoi last-used record: index 2 url=http://127.0.0.1:8803/beta.html
[94290:30986088:0926/023438.416961:VERBOSE1:ahoi/browser/session/session_bridge_session.cc:465] Ahoi last-used record: index 2 url=http://127.0.0.1:8803/beta.html
[94290:30986088:0926/023438.422916:VERBOSE1:ahoi/browser/session/session_bridge_session.cc:465] Ahoi last-used record: index 2 url=http://127.0.0.1:8803/beta.html
objc[94847]: Class ANGLESwapCGLLayer is implemented in both /Applications/AhoiBrowser.app/Contents/Frameworks/libblink_modules.dylib (0x1424aca50) and /Applications/AhoiBrowser.app/Contents/Frameworks/libgl_init.dylib (0x127584a50). This may cause spurious casting failures and mysterious crashes. One of the duplicates must be removed or renamed.
objc[94847]: Class CrashpadHTTPBodyStreamTransport is implemented in both /Applications/AhoiBrowser.app/Contents/Frameworks/libbrowser_ui_views.dylib (0x11e148188) and /Applications/AhoiBrowser.app/Contents/Frameworks/libchrome_dll.dylib (0x117176430). This may cause spurious casting failures and mysterious crashes. One of the duplicates must be removed or renamed.
[94290:30986088:0926/023446.151552:VERBOSE1:ahoi/browser/session/session_bridge_session.cc:465] Ahoi last-used record: index 3 url=http://127.0.0.1:8803/gamma.html
[94290:30986088:0926/023446.163311:VERBOSE1:ahoi/browser/session/session_bridge_session.cc:465] Ahoi last-used record: index 3 url=http://127.0.0.1:8803/gamma.html
[94290:30986088:0926/023446.163984:VERBOSE1:ahoi/browser/session/session_bridge_session.cc:465] Ahoi last-used record: index 3 url=http://127.0.0.1:8803/gamma.html
[94290:30986088:0926/023446.174522:VERBOSE1:ahoi/browser/session/session_bridge_session.cc:465] Ahoi last-used record: index 3 url=http://127.0.0.1:8803/gamma.html
[94290:30986088:0926/023446.178418:VERBOSE1:ahoi/browser/session/session_bridge_session.cc:465] Ahoi last-used record: index 3 url=http://127.0.0.1:8803/gamma.html
objc[95000]: Class ANGLESwapCGLLayer is implemented in both /Applications/AhoiBrowser.app/Contents/Frameworks/libblink_modules.dylib (0x140628a50) and /Applications/AhoiBrowser.app/Contents/Frameworks/libgl_init.dylib (0x125700a50). This may cause spurious casting failures and mysterious crashes. One of the duplicates must be removed or renamed.
objc[95000]: Class CrashpadHTTPBodyStreamTransport is implemented in both /Applications/AhoiBrowser.app/Contents/Frameworks/libbrowser_ui_views.dylib (0x10e7dc188) and /Applications/AhoiBrowser.app/Contents/Frameworks/libchrome_dll.dylib (0x1152f2430). This may cause spurious casting failures and mysterious crashes. One of the duplicates must be removed or renamed.
[94290:30986088:0926/023451.734789:VERBOSE1:ahoi/browser/session/session_restore_integration.cc:85] Ahoi rebuild window extra data: provider=1 workspace=60f532bc-5957-43b3-bbc9-b198e451092b
[94290:30986088:0926/023451.878014:ERROR:base/process/kill_posix.cc:33] waitpid(94333): No child processes (10)
objc[95089]: Class ANGLESwapCGLLayer is implemented in both /Applications/AhoiBrowser.app/Contents/Frameworks/libblink_modules.dylib (0x14479ca50) and /Applications/AhoiBrowser.app/Contents/Frameworks/libgl_init.dylib (0x129874a50). This may cause spurious casting failures and mysterious crashes. One of the duplicates must be removed or renamed.
objc[95089]: Class CrashpadHTTPBodyStreamTransport is implemented in both /Applications/AhoiBrowser.app/Contents/Frameworks/libbrowser_ui_views.dylib (0x112974188) and /Applications/AhoiBrowser.app/Contents/Frameworks/libchrome_dll.dylib (0x119466430). This may cause spurious casting failures and mysterious crashes. One of the duplicates must be removed or renamed.
[95089:30989946:0926/023456.750535:ERROR:chrome/browser/mac/code_sign_clone_manager.mm:98] error removing quarantine attribute "/var/folders/zn/wn74lz2s2bsfp734gbqytmpr0000gn/X/"
[95089:30989946:0926/023456.776389:ERROR:chrome/browser/mac/code_sign_clone_manager.mm:98] error removing quarantine attribute "/var/folders/zn/wn74lz2s2bsfp734gbqytmpr0000gn/X/"
[95089:30989769:0926/023456.798531:WARNING:chrome/browser/signin/account_consistency_mode_manager.cc:74] Desktop Identity Consistency cannot be enabled as no OAuth client ID and client secret have been configured.
[95089:30989769:0926/023457.066567:ERROR:ahoi/browser/updater/sparkle_runtime_mac.mm:148] Ahoi updater disabled (fail closed): missing-feed-url
[95089:30989769:0926/023457.158343:ERROR:chrome/browser/ui/webui/ntp/new_tab_ui.cc:54] Requested load of chrome://newtab/ for incorrect profile type.
[95089:30989769:0926/023457.159409:ERROR:chrome/browser/ui/webui/ntp/new_tab_ui.cc:54] Requested load of chrome://newtab/ for incorrect profile type.
objc[95139]: Class ANGLESwapCGLLayer is implemented in both /Applications/AhoiBrowser.app/Contents/Frameworks/libblink_modules.dylib (0x1406b8a50) and /Applications/AhoiBrowser.app/Contents/Frameworks/libgl_init.dylib (0x125790a50). This may cause spurious casting failures and mysterious crashes. One of the duplicates must be removed or renamed.
objc[95139]: Class CrashpadHTTPBodyStreamTransport is implemented in both /Applications/AhoiBrowser.app/Contents/Frameworks/libbrowser_ui_views.dylib (0x11ce14188) and /Applications/AhoiBrowser.app/Contents/Frameworks/libchrome_dll.dylib (0x115382430). This may cause spurious casting failures and mysterious crashes. One of the duplicates must be removed or renamed.
objc[95142]: Class ANGLESwapCGLLayer is implemented in both /Applications/AhoiBrowser.app/Contents/Frameworks/libblink_modules.dylib (0x141f3ca50) and /Applications/AhoiBrowser.app/Contents/Frameworks/libgl_init.dylib (0x127014a50). This may cause spurious casting failures and mysterious crashes. One of the duplicates must be removed or renamed.
objc[95142]: Class CrashpadHTTPBodyStreamTransport is implemented in both /Applications/AhoiBrowser.app/Contents/Frameworks/libbrowser_ui_views.dylib (0x11021c188) and /Applications/AhoiBrowser.app/Contents/Frameworks/libchrome_dll.dylib (0x116c06430). This may cause spurious casting failures and mysterious crashes. One of the duplicates must be removed or renamed.
objc[95141]: Class ANGLESwapCGLLayer is implemented in both /Applications/AhoiBrowser.app/Contents/Frameworks/libblink_modules.dylib (0x1447f0a50) and /Applications/AhoiBrowser.app/Contents/Frameworks/libgl_init.dylib (0x1298c8a50). This may cause spurious casting failures and mysterious crashes. One of the duplicates must be removed or renamed.
objc[95141]: Class CrashpadHTTPBodyStreamTransport is implemented in both /Applications/AhoiBrowser.app/Contents/Frameworks/libbrowser_ui_views.dylib (0x112910188) and /Applications/AhoiBrowser.app/Contents/Frameworks/libchrome_dll.dylib (0x1194ba430). This may cause spurious casting failures and mysterious crashes. One of the duplicates must be removed or renamed.
objc[95140]: Class ANGLESwapCGLLayer is implemented in both /Applications/AhoiBrowser.app/Contents/Frameworks/libblink_modules.dylib (0x141dd0a50) and /Applications/AhoiBrowser.app/Contents/Frameworks/libgl_init.dylib (0x126ea8a50). This may cause spurious casting failures and mysterious crashes. One of the duplicates must be removed or renamed.
objc[95140]: Class CrashpadHTTPBodyStreamTransport is implemented in both /Applications/AhoiBrowser.app/Contents/Frameworks/libbrowser_ui_views.dylib (0x10ffdc188) and /Applications/AhoiBrowser.app/Contents/Frameworks/libchrome_dll.dylib (0x116a9a430). This may cause spurious casting failures and mysterious crashes. One of the duplicates must be removed or renamed.
objc[95145]: Class ANGLESwapCGLLayer is implemented in both /Applications/AhoiBrowser.app/Contents/Frameworks/libblink_modules.dylib (0x142554a50) and /Applications/AhoiBrowser.app/Contents/Frameworks/libgl_init.dylib (0x12762ca50). This may cause spurious casting failures and mysterious crashes. One of the duplicates must be removed or renamed.
objc[95145]: Class CrashpadHTTPBodyStreamTransport is implemented in both /Applications/AhoiBrowser.app/Contents/Frameworks/libbrowser_ui_views.dylib (0x110834188) and /Applications/AhoiBrowser.app/Contents/Frameworks/libchrome_dll.dylib (0x11721e430). This may cause spurious casting failures and mysterious crashes. One of the duplicates must be removed or renamed.
objc[95159]: Class ANGLESwapCGLLayer is implemented in both /Applications/AhoiBrowser.app/Contents/Frameworks/libblink_modules.dylib (0x1421c8a50) and /Applications/AhoiBrowser.app/Contents/Frameworks/libgl_init.dylib (0x1272a0a50). This may cause spurious casting failures and mysterious crashes. One of the duplicates must be removed or renamed.
objc[95159]: Class CrashpadHTTPBodyStreamTransport is implemented in both /Applications/AhoiBrowser.app/Contents/Frameworks/libbrowser_ui_views.dylib (0x11deb0188) and /Applications/AhoiBrowser.app/Contents/Frameworks/libchrome_dll.dylib (0x116e92430). This may cause spurious casting failures and mysterious crashes. One of the duplicates must be removed or renamed.
objc[95161]: Class ANGLESwapCGLLayer is implemented in both /Applications/AhoiBrowser.app/Contents/Frameworks/libblink_modules.dylib (0x144378a50) and /Applications/AhoiBrowser.app/Contents/Frameworks/libgl_init.dylib (0x129450a50). This may cause spurious casting failures and mysterious crashes. One of the duplicates must be removed or renamed.
objc[95161]: Class CrashpadHTTPBodyStreamTransport is implemented in both /Applications/AhoiBrowser.app/Contents/Frameworks/libbrowser_ui_views.dylib (0x120ad4188) and /Applications/AhoiBrowser.app/Contents/Frameworks/libchrome_dll.dylib (0x119042430). This may cause spurious casting failures and mysterious crashes. One of the duplicates must be removed or renamed.
objc[95158]: Class ANGLESwapCGLLayer is implemented in both /Applications/AhoiBrowser.app/Contents/Frameworks/libblink_modules.dylib (0x13fe9ca50) and /Applications/AhoiBrowser.app/Contents/Frameworks/libgl_init.dylib (0x124f74a50). This may cause spurious casting failures and mysterious crashes. One of the duplicates must be removed or renamed.
objc[95158]: Class CrashpadHTTPBodyStreamTransport is implemented in both /Applications/AhoiBrowser.app/Contents/Frameworks/libbrowser_ui_views.dylib (0x11c5f8188) and /Applications/AhoiBrowser.app/Contents/Frameworks/libchrome_dll.dylib (0x114b66430). This may cause spurious casting failures and mysterious crashes. One of the duplicates must be removed or renamed.
objc[95160]: Class ANGLESwapCGLLayer is implemented in both /Applications/AhoiBrowser.app/Contents/Frameworks/libblink_modules.dylib (0x141ce4a50) and /Applications/AhoiBrowser.app/Contents/Frameworks/libgl_init.dylib (0x126dbca50). This may cause spurious casting failures and mysterious crashes. One of the duplicates must be removed or renamed.
objc[95160]: Class CrashpadHTTPBodyStreamTransport is implemented in both /Applications/AhoiBrowser.app/Contents/Frameworks/libbrowser_ui_views.dylib (0x10ff1c188) and /Applications/AhoiBrowser.app/Contents/Frameworks/libchrome_dll.dylib (0x1169ae430). This may cause spurious casting failures and mysterious crashes. One of the duplicates must be removed or renamed.
objc[95157]: Class ANGLESwapCGLLayer is implemented in both /Applications/AhoiBrowser.app/Contents/Frameworks/libblink_modules.dylib (0x141ed8a50) and /Applications/AhoiBrowser.app/Contents/Frameworks/libgl_init.dylib (0x126fb0a50). This may cause spurious casting failures and mysterious crashes. One of the duplicates must be removed or renamed.
objc[95157]: Class CrashpadHTTPBodyStreamTransport is implemented in both /Applications/AhoiBrowser.app/Contents/Frameworks/libbrowser_ui_views.dylib (0x110054188) and /Applications/AhoiBrowser.app/Contents/Frameworks/libchrome_dll.dylib (0x116ba2430). This may cause spurious casting failures and mysterious crashes. One of the duplicates must be removed or renamed.
[95089:30989769:0926/023501.501545:VERBOSE1:ahoi/browser/session/session_bridge_observers.cc:69] Ahoi track window: first Workspace until restore metadata
[95089:30989769:0926/023501.502666:VERBOSE1:ahoi/browser/session/session_bridge_session.cc:549] Ahoi persist window metadata: workspace=83699047-edf8-580d-948d-9c37acc35cb6 service=1 window_id_valid=1
[95089:30989769:0926/023501.503651:VERBOSE1:ahoi/browser/session/session_bridge_session.cc:465] Ahoi last-used record: index 3 url=http://127.0.0.1:8803/gamma.html
[95089:30989769:0926/023501.513755:VERBOSE1:ahoi/browser/session/session_bridge_session.cc:465] Ahoi last-used record: index 1 url=http://127.0.0.1:8803/alpha.html
[95089:30989769:0926/023501.515783:VERBOSE1:ahoi/browser/session/session_bridge_session.cc:549] Ahoi persist window metadata: workspace=83699047-edf8-580d-948d-9c37acc35cb6 service=1 window_id_valid=1
objc[95252]: Class ANGLESwapCGLLayer is implemented in both /Applications/AhoiBrowser.app/Contents/Frameworks/libblink_modules.dylib (0x143cd8a50) and /Applications/AhoiBrowser.app/Contents/Frameworks/libgl_init.dylib (0x128db0a50). This may cause spurious casting failures and mysterious crashes. One of the duplicates must be removed or renamed.
objc[95252]: Class CrashpadHTTPBodyStreamTransport is implemented in both /Applications/AhoiBrowser.app/Contents/Frameworks/libbrowser_ui_views.dylib (0x11f9c0188) and /Applications/AhoiBrowser.app/Contents/Frameworks/libchrome_dll.dylib (0x1189a2430). This may cause spurious casting failures and mysterious crashes. One of the duplicates must be removed or renamed.
[95089:30989769:0926/023509.879610:VERBOSE1:ahoi/browser/session/session_restore_integration.cc:85] Ahoi rebuild window extra data: provider=1 workspace=83699047-edf8-580d-948d-9c37acc35cb6
[95140:30990383:0926/023509.977036:WARNING:net/extras/sqlite/sqlite_persistent_store_backend_base.cc:181] Failed to post task from FlushAndNotifyInBackground@net/extras/sqlite/sqlite_persistent_store_backend_base.cc:231 to client_task_runner_.
[95140:30990383:0926/023509.977240:WARNING:net/extras/sqlite/sqlite_persistent_store_backend_base.cc:181] Failed to post task from FlushAndNotifyInBackground@net/extras/sqlite/sqlite_persistent_store_backend_base.cc:231 to client_task_runner_.
[95089:30989769:0926/023509.992047:ERROR:base/process/kill_posix.cc:33] waitpid(95140): No child processes (10)
objc[95446]: Class ANGLESwapCGLLayer is implemented in both /Applications/AhoiBrowser.app/Contents/Frameworks/libblink_modules.dylib (0x142108a50) and /Applications/AhoiBrowser.app/Contents/Frameworks/libgl_init.dylib (0x1271e0a50). This may cause spurious casting failures and mysterious crashes. One of the duplicates must be removed or renamed.
objc[95446]: Class CrashpadHTTPBodyStreamTransport is implemented in both /Applications/AhoiBrowser.app/Contents/Frameworks/libbrowser_ui_views.dylib (0x110268188) and /Applications/AhoiBrowser.app/Contents/Frameworks/libchrome_dll.dylib (0x116dd2430). This may cause spurious casting failures and mysterious crashes. One of the duplicates must be removed or renamed.
[95446:30991604:0926/023514.738755:ERROR:chrome/browser/mac/code_sign_clone_manager.mm:98] error removing quarantine attribute "/var/folders/zn/wn74lz2s2bsfp734gbqytmpr0000gn/X/"
[95446:30991604:0926/023514.764161:ERROR:chrome/browser/mac/code_sign_clone_manager.mm:98] error removing quarantine attribute "/var/folders/zn/wn74lz2s2bsfp734gbqytmpr0000gn/X/"
[95446:30991516:0926/023514.792274:WARNING:chrome/browser/signin/account_consistency_mode_manager.cc:74] Desktop Identity Consistency cannot be enabled as no OAuth client ID and client secret have been configured.
[95446:30991516:0926/023515.065117:ERROR:ahoi/browser/updater/sparkle_runtime_mac.mm:148] Ahoi updater disabled (fail closed): missing-feed-url
[95446:30991516:0926/023515.167362:ERROR:chrome/browser/ui/webui/ntp/new_tab_ui.cc:54] Requested load of chrome://newtab/ for incorrect profile type.
[95446:30991516:0926/023515.168858:ERROR:chrome/browser/ui/webui/ntp/new_tab_ui.cc:54] Requested load of chrome://newtab/ for incorrect profile type.
objc[95468]: Class ANGLESwapCGLLayer is implemented in both /Applications/AhoiBrowser.app/Contents/Frameworks/libblink_modules.dylib (0x1403dca50) and /Applications/AhoiBrowser.app/Contents/Frameworks/libgl_init.dylib (0x1254b4a50). This may cause spurious casting failures and mysterious crashes. One of the duplicates must be removed or renamed.
objc[95468]: Class CrashpadHTTPBodyStreamTransport is implemented in both /Applications/AhoiBrowser.app/Contents/Frameworks/libbrowser_ui_views.dylib (0x11cb38188) and /Applications/AhoiBrowser.app/Contents/Frameworks/libchrome_dll.dylib (0x1150a6430). This may cause spurious casting failures and mysterious crashes. One of the duplicates must be removed or renamed.
objc[95469]: Class ANGLESwapCGLLayer is implemented in both /Applications/AhoiBrowser.app/Contents/Frameworks/libblink_modules.dylib (0x13f8cca50) and /Applications/AhoiBrowser.app/Contents/Frameworks/libgl_init.dylib (0x1249a4a50). This may cause spurious casting failures and mysterious crashes. One of the duplicates must be removed or renamed.
objc[95469]: Class CrashpadHTTPBodyStreamTransport is implemented in both /Applications/AhoiBrowser.app/Contents/Frameworks/libbrowser_ui_views.dylib (0x11b964188) and /Applications/AhoiBrowser.app/Contents/Frameworks/libchrome_dll.dylib (0x114596430). This may cause spurious casting failures and mysterious crashes. One of the duplicates must be removed or renamed.
objc[95470]: Class ANGLESwapCGLLayer is implemented in both /Applications/AhoiBrowser.app/Contents/Frameworks/libblink_modules.dylib (0x1429a4a50) and /Applications/AhoiBrowser.app/Contents/Frameworks/libgl_init.dylib (0x127a7ca50). This may cause spurious casting failures and mysterious crashes. One of the duplicates must be removed or renamed.
objc[95470]: Class CrashpadHTTPBodyStreamTransport is implemented in both /Applications/AhoiBrowser.app/Contents/Frameworks/libbrowser_ui_views.dylib (0x110af4188) and /Applications/AhoiBrowser.app/Contents/Frameworks/libchrome_dll.dylib (0x11766e430). This may cause spurious casting failures and mysterious crashes. One of the duplicates must be removed or renamed.
objc[95471]: Class ANGLESwapCGLLayer is implemented in both /Applications/AhoiBrowser.app/Contents/Frameworks/libblink_modules.dylib (0x13f950a50) and /Applications/AhoiBrowser.app/Contents/Frameworks/libgl_init.dylib (0x124a28a50). This may cause spurious casting failures and mysterious crashes. One of the duplicates must be removed or renamed.
objc[95471]: Class CrashpadHTTPBodyStreamTransport is implemented in both /Applications/AhoiBrowser.app/Contents/Frameworks/libbrowser_ui_views.dylib (0x11b5a0188) and /Applications/AhoiBrowser.app/Contents/Frameworks/libchrome_dll.dylib (0x11461a430). This may cause spurious casting failures and mysterious crashes. One of the duplicates must be removed or renamed.
objc[95472]: Class ANGLESwapCGLLayer is implemented in both /Applications/AhoiBrowser.app/Contents/Frameworks/libblink_modules.dylib (0x140284a50) and /Applications/AhoiBrowser.app/Contents/Frameworks/libgl_init.dylib (0x12535ca50). This may cause spurious casting failures and mysterious crashes. One of the duplicates must be removed or renamed.
objc[95472]: Class CrashpadHTTPBodyStreamTransport is implemented in both /Applications/AhoiBrowser.app/Contents/Frameworks/libbrowser_ui_views.dylib (0x11bf20188) and /Applications/AhoiBrowser.app/Contents/Frameworks/libchrome_dll.dylib (0x114f4e430). This may cause spurious casting failures and mysterious crashes. One of the duplicates must be removed or renamed.
objc[95478]: Class ANGLESwapCGLLayer is implemented in both /Applications/AhoiBrowser.app/Contents/Frameworks/libblink_modules.dylib (0x1446c4a50) and /Applications/AhoiBrowser.app/Contents/Frameworks/libgl_init.dylib (0x12979ca50). This may cause spurious casting failures and mysterious crashes. One of the duplicates must be removed or renamed.
objc[95478]: Class CrashpadHTTPBodyStreamTransport is implemented in both /Applications/AhoiBrowser.app/Contents/Frameworks/libbrowser_ui_views.dylib (0x1128d0188) and /Applications/AhoiBrowser.app/Contents/Frameworks/libchrome_dll.dylib (0x11938e430). This may cause spurious casting failures and mysterious crashes. One of the duplicates must be removed or renamed.
objc[95479]: Class ANGLESwapCGLLayer is implemented in both /Applications/AhoiBrowser.app/Contents/Frameworks/libblink_modules.dylib (0x14275ca50) and /Applications/AhoiBrowser.app/Contents/Frameworks/libgl_init.dylib (0x127834a50). This may cause spurious casting failures and mysterious crashes. One of the duplicates must be removed or renamed.
objc[95479]: Class CrashpadHTTPBodyStreamTransport is implemented in both /Applications/AhoiBrowser.app/Contents/Frameworks/libbrowser_ui_views.dylib (0x1109e4188) and /Applications/AhoiBrowser.app/Contents/Frameworks/libchrome_dll.dylib (0x117426430). This may cause spurious casting failures and mysterious crashes. One of the duplicates must be removed or renamed.
objc[95480]: Class ANGLESwapCGLLayer is implemented in both /Applications/AhoiBrowser.app/Contents/Frameworks/libblink_modules.dylib (0x144198a50) and /Applications/AhoiBrowser.app/Contents/Frameworks/libgl_init.dylib (0x129270a50). This may cause spurious casting failures and mysterious crashes. One of the duplicates must be removed or renamed.
objc[95480]: Class CrashpadHTTPBodyStreamTransport is implemented in both /Applications/AhoiBrowser.app/Contents/Frameworks/libbrowser_ui_views.dylib (0x1123d0188) and /Applications/AhoiBrowser.app/Contents/Frameworks/libchrome_dll.dylib (0x118e62430). This may cause spurious casting failures and mysterious crashes. One of the duplicates must be removed or renamed.
objc[95481]: Class ANGLESwapCGLLayer is implemented in both /Applications/AhoiBrowser.app/Contents/Frameworks/libblink_modules.dylib (0x1404f0a50) and /Applications/AhoiBrowser.app/Contents/Frameworks/libgl_init.dylib (0x1255c8a50). This may cause spurious casting failures and mysterious crashes. One of the duplicates must be removed or renamed.
objc[95481]: Class CrashpadHTTPBodyStreamTransport is implemented in both /Applications/AhoiBrowser.app/Contents/Frameworks/libbrowser_ui_views.dylib (0x10e794188) and /Applications/AhoiBrowser.app/Contents/Frameworks/libchrome_dll.dylib (0x1151ba430). This may cause spurious casting failures and mysterious crashes. One of the duplicates must be removed or renamed.
objc[95477]: Class ANGLESwapCGLLayer is implemented in both /Applications/AhoiBrowser.app/Contents/Frameworks/libblink_modules.dylib (0x141c30a50) and /Applications/AhoiBrowser.app/Contents/Frameworks/libgl_init.dylib (0x126d08a50). This may cause spurious casting failures and mysterious crashes. One of the duplicates must be removed or renamed.
objc[95477]: Class CrashpadHTTPBodyStreamTransport is implemented in both /Applications/AhoiBrowser.app/Contents/Frameworks/libbrowser_ui_views.dylib (0x11d9d0188) and /Applications/AhoiBrowser.app/Contents/Frameworks/libchrome_dll.dylib (0x1168fa430). This may cause spurious casting failures and mysterious crashes. One of the duplicates must be removed or renamed.
[95446:30991516:0926/023519.640131:VERBOSE1:ahoi/browser/session/session_bridge_observers.cc:69] Ahoi track window: first Workspace until restore metadata
[95446:30991516:0926/023519.641145:VERBOSE1:ahoi/browser/session/session_bridge_session.cc:549] Ahoi persist window metadata: workspace=83699047-edf8-580d-948d-9c37acc35cb6 service=1 window_id_valid=1
[95446:30991516:0926/023519.643472:VERBOSE1:ahoi/browser/session/session_bridge_session.cc:465] Ahoi last-used record: index 1 url=http://127.0.0.1:8803/alpha.html
[95446:30991516:0926/023519.646956:VERBOSE1:ahoi/browser/session/session_bridge_session.cc:549] Ahoi persist window metadata: workspace=83699047-edf8-580d-948d-9c37acc35cb6 service=1 window_id_valid=1
objc[95496]: Class ANGLESwapCGLLayer is implemented in both /Applications/AhoiBrowser.app/Contents/Frameworks/libblink_modules.dylib (0x143e50a50) and /Applications/AhoiBrowser.app/Contents/Frameworks/libgl_init.dylib (0x128f28a50). This may cause spurious casting failures and mysterious crashes. One of the duplicates must be removed or renamed.
objc[95496]: Class CrashpadHTTPBodyStreamTransport is implemented in both /Applications/AhoiBrowser.app/Contents/Frameworks/libbrowser_ui_views.dylib (0x11fbf0188) and /Applications/AhoiBrowser.app/Contents/Frameworks/libchrome_dll.dylib (0x118b1a430). This may cause spurious casting failures and mysterious crashes. One of the duplicates must be removed or renamed.
[95446:30991516:0926/023528.480748:VERBOSE1:ahoi/browser/session/session_restore_integration.cc:85] Ahoi rebuild window extra data: provider=1 workspace=83699047-edf8-580d-948d-9c37acc35cb6
[95469:30991910:0926/023528.586628:WARNING:net/extras/sqlite/sqlite_persistent_store_backend_base.cc:181] Failed to post task from FlushAndNotifyInBackground@net/extras/sqlite/sqlite_persistent_store_backend_base.cc:231 to client_task_runner_.
[95469:30991910:0926/023528.586945:WARNING:net/extras/sqlite/sqlite_persistent_store_backend_base.cc:181] Failed to post task from FlushAndNotifyInBackground@net/extras/sqlite/sqlite_persistent_store_backend_base.cc:231 to client_task_runner_.
[95446:30991516:0926/023528.599323:ERROR:base/process/kill_posix.cc:33] waitpid(95469): No child processes (10)
objc[95634]: Class ANGLESwapCGLLayer is implemented in both /Applications/AhoiBrowser.app/Contents/Frameworks/libblink_modules.dylib (0x143e18a50) and /Applications/AhoiBrowser.app/Contents/Frameworks/libgl_init.dylib (0x128ef0a50). This may cause spurious casting failures and mysterious crashes. One of the duplicates must be removed or renamed.
objc[95634]: Class CrashpadHTTPBodyStreamTransport is implemented in both /Applications/AhoiBrowser.app/Contents/Frameworks/libbrowser_ui_views.dylib (0x111ff0188) and /Applications/AhoiBrowser.app/Contents/Frameworks/libchrome_dll.dylib (0x118ae2430). This may cause spurious casting failures and mysterious crashes. One of the duplicates must be removed or renamed.
[95634:30992944:0926/023533.316553:ERROR:chrome/browser/mac/code_sign_clone_manager.mm:98] error removing quarantine attribute "/var/folders/zn/wn74lz2s2bsfp734gbqytmpr0000gn/X/"
[95634:30992944:0926/023533.341044:ERROR:chrome/browser/mac/code_sign_clone_manager.mm:98] error removing quarantine attribute "/var/folders/zn/wn74lz2s2bsfp734gbqytmpr0000gn/X/"
[95634:30992824:0926/023533.364068:WARNING:chrome/browser/signin/account_consistency_mode_manager.cc:74] Desktop Identity Consistency cannot be enabled as no OAuth client ID and client secret have been configured.
[95634:30992824:0926/023533.630597:ERROR:ahoi/browser/updater/sparkle_runtime_mac.mm:148] Ahoi updater disabled (fail closed): missing-feed-url
[95634:30992824:0926/023533.714168:ERROR:chrome/browser/ui/webui/ntp/new_tab_ui.cc:54] Requested load of chrome://newtab/ for incorrect profile type.
[95634:30992824:0926/023533.715240:ERROR:chrome/browser/ui/webui/ntp/new_tab_ui.cc:54] Requested load of chrome://newtab/ for incorrect profile type.
objc[95660]: Class ANGLESwapCGLLayer is implemented in both /Applications/AhoiBrowser.app/Contents/Frameworks/libblink_modules.dylib (0x140568a50) and /Applications/AhoiBrowser.app/Contents/Frameworks/libgl_init.dylib (0x125640a50). This may cause spurious casting failures and mysterious crashes. One of the duplicates must be removed or renamed.
objc[95660]: Class CrashpadHTTPBodyStreamTransport is implemented in both /Applications/AhoiBrowser.app/Contents/Frameworks/libbrowser_ui_views.dylib (0x11cc3c188) and /Applications/AhoiBrowser.app/Contents/Frameworks/libchrome_dll.dylib (0x115232430). This may cause spurious casting failures and mysterious crashes. One of the duplicates must be removed or renamed.
objc[95663]: Class ANGLESwapCGLLayer is implemented in both /Applications/AhoiBrowser.app/Contents/Frameworks/libblink_modules.dylib (0x13fd98a50) and /Applications/AhoiBrowser.app/Contents/Frameworks/libgl_init.dylib (0x124e70a50). This may cause spurious casting failures and mysterious crashes. One of the duplicates must be removed or renamed.
objc[95663]: Class CrashpadHTTPBodyStreamTransport is implemented in both /Applications/AhoiBrowser.app/Contents/Frameworks/libbrowser_ui_views.dylib (0x11c46c188) and /Applications/AhoiBrowser.app/Contents/Frameworks/libchrome_dll.dylib (0x114a62430). This may cause spurious casting failures and mysterious crashes. One of the duplicates must be removed or renamed.
objc[95661]: Class ANGLESwapCGLLayer is implemented in both /Applications/AhoiBrowser.app/Contents/Frameworks/libblink_modules.dylib (0x140278a50) and /Applications/AhoiBrowser.app/Contents/Frameworks/libgl_init.dylib (0x125350a50). This may cause spurious casting failures and mysterious crashes. One of the duplicates must be removed or renamed.
objc[95662]: Class ANGLESwapCGLLayer is implemented in both /Applications/AhoiBrowser.app/Contents/Frameworks/libblink_modules.dylib (0x144108a50) and /Applications/AhoiBrowser.app/Contents/Frameworks/libgl_init.dylib (0x1291e0a50). This may cause spurious casting failures and mysterious crashes. One of the duplicates must be removed or renamed.
objc[95662]: Class CrashpadHTTPBodyStreamTransport is implemented in both /Applications/AhoiBrowser.app/Contents/Frameworks/libbrowser_ui_views.dylib (0x120864188) and /Applications/AhoiBrowser.app/Contents/Frameworks/libchrome_dll.dylib (0x118dd2430). This may cause spurious casting failures and mysterious crashes. One of the duplicates must be removed or renamed.
objc[95661]: Class CrashpadHTTPBodyStreamTransport is implemented in both /Applications/AhoiBrowser.app/Contents/Frameworks/libbrowser_ui_views.dylib (0x10e4bc188) and /Applications/AhoiBrowser.app/Contents/Frameworks/libchrome_dll.dylib (0x114f42430). This may cause spurious casting failures and mysterious crashes. One of the duplicates must be removed or renamed.
objc[95664]: Class ANGLESwapCGLLayer is implemented in both /Applications/AhoiBrowser.app/Contents/Frameworks/libblink_modules.dylib (0x13ffc8a50) and /Applications/AhoiBrowser.app/Contents/Frameworks/libgl_init.dylib (0x1250a0a50). This may cause spurious casting failures and mysterious crashes. One of the duplicates must be removed or renamed.
objc[95664]: Class CrashpadHTTPBodyStreamTransport is implemented in both /Applications/AhoiBrowser.app/Contents/Frameworks/libbrowser_ui_views.dylib (0x11bce0188) and /Applications/AhoiBrowser.app/Contents/Frameworks/libchrome_dll.dylib (0x114c92430). This may cause spurious casting failures and mysterious crashes. One of the duplicates must be removed or renamed.
objc[95673]: Class ANGLESwapCGLLayer is implemented in both /Applications/AhoiBrowser.app/Contents/Frameworks/libblink_modules.dylib (0x143734a50) and /Applications/AhoiBrowser.app/Contents/Frameworks/libgl_init.dylib (0x12880ca50). This may cause spurious casting failures and mysterious crashes. One of the duplicates must be removed or renamed.
objc[95673]: Class CrashpadHTTPBodyStreamTransport is implemented in both /Applications/AhoiBrowser.app/Contents/Frameworks/libbrowser_ui_views.dylib (0x11f3d0188) and /Applications/AhoiBrowser.app/Contents/Frameworks/libchrome_dll.dylib (0x1183fe430). This may cause spurious casting failures and mysterious crashes. One of the duplicates must be removed or renamed.
objc[95675]: Class ANGLESwapCGLLayer is implemented in both /Applications/AhoiBrowser.app/Contents/Frameworks/libblink_modules.dylib (0x1400c8a50) and /Applications/AhoiBrowser.app/Contents/Frameworks/libgl_init.dylib (0x1251a0a50). This may cause spurious casting failures and mysterious crashes. One of the duplicates must be removed or renamed.
objc[95674]: Class ANGLESwapCGLLayer is implemented in both /Applications/AhoiBrowser.app/Contents/Frameworks/libblink_modules.dylib (0x140244a50) and /Applications/AhoiBrowser.app/Contents/Frameworks/libgl_init.dylib (0x12531ca50). This may cause spurious casting failures and mysterious crashes. One of the duplicates must be removed or renamed.
objc[95674]: Class CrashpadHTTPBodyStreamTransport is implemented in both /Applications/AhoiBrowser.app/Contents/Frameworks/libbrowser_ui_views.dylib (0x11bf2c188) and /Applications/AhoiBrowser.app/Contents/Frameworks/libchrome_dll.dylib (0x114f0e430). This may cause spurious casting failures and mysterious crashes. One of the duplicates must be removed or renamed.
objc[95675]: Class CrashpadHTTPBodyStreamTransport is implemented in both /Applications/AhoiBrowser.app/Contents/Frameworks/libbrowser_ui_views.dylib (0x11c824188) and /Applications/AhoiBrowser.app/Contents/Frameworks/libchrome_dll.dylib (0x114d92430). This may cause spurious casting failures and mysterious crashes. One of the duplicates must be removed or renamed.
objc[95672]: Class ANGLESwapCGLLayer is implemented in both /Applications/AhoiBrowser.app/Contents/Frameworks/libblink_modules.dylib (0x1400b8a50) and /Applications/AhoiBrowser.app/Contents/Frameworks/libgl_init.dylib (0x125190a50). This may cause spurious casting failures and mysterious crashes. One of the duplicates must be removed or renamed.
objc[95671]: Class ANGLESwapCGLLayer is implemented in both /Applications/AhoiBrowser.app/Contents/Frameworks/libblink_modules.dylib (0x143df8a50) and /Applications/AhoiBrowser.app/Contents/Frameworks/libgl_init.dylib (0x128ed0a50). This may cause spurious casting failures and mysterious crashes. One of the duplicates must be removed or renamed.
objc[95671]: Class CrashpadHTTPBodyStreamTransport is implemented in both /Applications/AhoiBrowser.app/Contents/Frameworks/libbrowser_ui_views.dylib (0x111f28188) and /Applications/AhoiBrowser.app/Contents/Frameworks/libchrome_dll.dylib (0x118ac2430). This may cause spurious casting failures and mysterious crashes. One of the duplicates must be removed or renamed.
objc[95672]: Class CrashpadHTTPBodyStreamTransport is implemented in both /Applications/AhoiBrowser.app/Contents/Frameworks/libbrowser_ui_views.dylib (0x10e340188) and /Applications/AhoiBrowser.app/Contents/Frameworks/libchrome_dll.dylib (0x114d82430). This may cause spurious casting failures and mysterious crashes. One of the duplicates must be removed or renamed.
[95634:30992824:0926/023538.082920:VERBOSE1:ahoi/browser/session/session_bridge_observers.cc:69] Ahoi track window: first Workspace until restore metadata
[95634:30992824:0926/023538.086181:VERBOSE1:ahoi/browser/session/session_bridge_session.cc:549] Ahoi persist window metadata: workspace=83699047-edf8-580d-948d-9c37acc35cb6 service=1 window_id_valid=1
[95634:30992824:0926/023538.086757:VERBOSE1:ahoi/browser/session/session_bridge_session.cc:465] Ahoi last-used record: index 1 url=http://127.0.0.1:8803/alpha.html
[95634:30992824:0926/023538.090185:VERBOSE1:ahoi/browser/session/session_bridge_session.cc:549] Ahoi persist window metadata: workspace=83699047-edf8-580d-948d-9c37acc35cb6 service=1 window_id_valid=1
objc[95694]: Class ANGLESwapCGLLayer is implemented in both /Applications/AhoiBrowser.app/Contents/Frameworks/libblink_modules.dylib (0x141d68a50) and /Applications/AhoiBrowser.app/Contents/Frameworks/libgl_init.dylib (0x126e40a50). This may cause spurious casting failures and mysterious crashes. One of the duplicates must be removed or renamed.
objc[95694]: Class CrashpadHTTPBodyStreamTransport is implemented in both /Applications/AhoiBrowser.app/Contents/Frameworks/libbrowser_ui_views.dylib (0x10ff14188) and /Applications/AhoiBrowser.app/Contents/Frameworks/libchrome_dll.dylib (0x116a32430). This may cause spurious casting failures and mysterious crashes. One of the duplicates must be removed or renamed.
[95634:30992824:0926/023545.691223:VERBOSE1:ahoi/browser/session/session_restore_integration.cc:85] Ahoi rebuild window extra data: provider=1 workspace=83699047-edf8-580d-948d-9c37acc35cb6
[95661:30993259:0926/023545.792598:WARNING:net/extras/sqlite/sqlite_persistent_store_backend_base.cc:181] Failed to post task from FlushAndNotifyInBackground@net/extras/sqlite/sqlite_persistent_store_backend_base.cc:231 to client_task_runner_.
[95661:30993259:0926/023545.792806:WARNING:net/extras/sqlite/sqlite_persistent_store_backend_base.cc:181] Failed to post task from FlushAndNotifyInBackground@net/extras/sqlite/sqlite_persistent_store_backend_base.cc:231 to client_task_runner_.
[95634:30992824:0926/023545.808426:ERROR:base/process/kill_posix.cc:33] waitpid(95661): No child processes (10)
objc[95825]: Class ANGLESwapCGLLayer is implemented in both /Applications/AhoiBrowser.app/Contents/Frameworks/libblink_modules.dylib (0x13ff58a50) and /Applications/AhoiBrowser.app/Contents/Frameworks/libgl_init.dylib (0x125030a50). This may cause spurious casting failures and mysterious crashes. One of the duplicates must be removed or renamed.
objc[95825]: Class CrashpadHTTPBodyStreamTransport is implemented in both /Applications/AhoiBrowser.app/Contents/Frameworks/libbrowser_ui_views.dylib (0x10e128188) and /Applications/AhoiBrowser.app/Contents/Frameworks/libchrome_dll.dylib (0x114c22430). This may cause spurious casting failures and mysterious crashes. One of the duplicates must be removed or renamed.
[95825:30994222:0926/023550.529533:ERROR:chrome/browser/mac/code_sign_clone_manager.mm:98] error removing quarantine attribute "/var/folders/zn/wn74lz2s2bsfp734gbqytmpr0000gn/X/"
[95825:30994222:0926/023550.560588:ERROR:chrome/browser/mac/code_sign_clone_manager.mm:98] error removing quarantine attribute "/var/folders/zn/wn74lz2s2bsfp734gbqytmpr0000gn/X/"
[95825:30994128:0926/023550.577188:WARNING:chrome/browser/signin/account_consistency_mode_manager.cc:74] Desktop Identity Consistency cannot be enabled as no OAuth client ID and client secret have been configured.
[95825:30994128:0926/023550.836101:ERROR:ahoi/browser/updater/sparkle_runtime_mac.mm:148] Ahoi updater disabled (fail closed): missing-feed-url
[95825:30994128:0926/023550.917732:ERROR:chrome/browser/ui/webui/ntp/new_tab_ui.cc:54] Requested load of chrome://newtab/ for incorrect profile type.
[95825:30994128:0926/023550.918775:ERROR:chrome/browser/ui/webui/ntp/new_tab_ui.cc:54] Requested load of chrome://newtab/ for incorrect profile type.
objc[95851]: Class ANGLESwapCGLLayer is implemented in both /Applications/AhoiBrowser.app/Contents/Frameworks/libblink_modules.dylib (0x1421bca50) and /Applications/AhoiBrowser.app/Contents/Frameworks/libgl_init.dylib (0x127294a50). This may cause spurious casting failures and mysterious crashes. One of the duplicates must be removed or renamed.
objc[95851]: Class CrashpadHTTPBodyStreamTransport is implemented in both /Applications/AhoiBrowser.app/Contents/Frameworks/libbrowser_ui_views.dylib (0x11de58188) and /Applications/AhoiBrowser.app/Contents/Frameworks/libchrome_dll.dylib (0x116e86430). This may cause spurious casting failures and mysterious crashes. One of the duplicates must be removed or renamed.
objc[95848]: Class ANGLESwapCGLLayer is implemented in both /Applications/AhoiBrowser.app/Contents/Frameworks/libblink_modules.dylib (0x143db0a50) and /Applications/AhoiBrowser.app/Contents/Frameworks/libgl_init.dylib (0x128e88a50). This may cause spurious casting failures and mysterious crashes. One of the duplicates must be removed or renamed.
objc[95848]: Class CrashpadHTTPBodyStreamTransport is implemented in both /Applications/AhoiBrowser.app/Contents/Frameworks/libbrowser_ui_views.dylib (0x12050c188) and /Applications/AhoiBrowser.app/Contents/Frameworks/libchrome_dll.dylib (0x118a7a430). This may cause spurious casting failures and mysterious crashes. One of the duplicates must be removed or renamed.
objc[95850]: Class ANGLESwapCGLLayer is implemented in both /Applications/AhoiBrowser.app/Contents/Frameworks/libblink_modules.dylib (0x140200a50) and /Applications/AhoiBrowser.app/Contents/Frameworks/libgl_init.dylib (0x1252d8a50). This may cause spurious casting failures and mysterious crashes. One of the duplicates must be removed or renamed.
objc[95850]: Class CrashpadHTTPBodyStreamTransport is implemented in both /Applications/AhoiBrowser.app/Contents/Frameworks/libbrowser_ui_views.dylib (0x10e488188) and /Applications/AhoiBrowser.app/Contents/Frameworks/libchrome_dll.dylib (0x114eca430). This may cause spurious casting failures and mysterious crashes. One of the duplicates must be removed or renamed.
objc[95849]: Class ANGLESwapCGLLayer is implemented in both /Applications/AhoiBrowser.app/Contents/Frameworks/libblink_modules.dylib (0x1436d0a50) and /Applications/AhoiBrowser.app/Contents/Frameworks/libgl_init.dylib (0x1287a8a50). This may cause spurious casting failures and mysterious crashes. One of the duplicates must be removed or renamed.
objc[95849]: Class CrashpadHTTPBodyStreamTransport is implemented in both /Applications/AhoiBrowser.app/Contents/Frameworks/libbrowser_ui_views.dylib (0x11f39c188) and /Applications/AhoiBrowser.app/Contents/Frameworks/libchrome_dll.dylib (0x11839a430). This may cause spurious casting failures and mysterious crashes. One of the duplicates must be removed or renamed.
objc[95852]: Class ANGLESwapCGLLayer is implemented in both /Applications/AhoiBrowser.app/Contents/Frameworks/libblink_modules.dylib (0x141c9ca50) and /Applications/AhoiBrowser.app/Contents/Frameworks/libgl_init.dylib (0x126d74a50). This may cause spurious casting failures and mysterious crashes. One of the duplicates must be removed or renamed.
objc[95852]: Class CrashpadHTTPBodyStreamTransport is implemented in both /Applications/AhoiBrowser.app/Contents/Frameworks/libbrowser_ui_views.dylib (0x11dd34188) and /Applications/AhoiBrowser.app/Contents/Frameworks/libchrome_dll.dylib (0x116966430). This may cause spurious casting failures and mysterious crashes. One of the duplicates must be removed or renamed.
objc[95857]: Class ANGLESwapCGLLayer is implemented in both /Applications/AhoiBrowser.app/Contents/Frameworks/libblink_modules.dylib (0x140064a50) and /Applications/AhoiBrowser.app/Contents/Frameworks/libgl_init.dylib (0x12513ca50). This may cause spurious casting failures and mysterious crashes. One of the duplicates must be removed or renamed.
objc[95857]: Class CrashpadHTTPBodyStreamTransport is implemented in both /Applications/AhoiBrowser.app/Contents/Frameworks/libbrowser_ui_views.dylib (0x11c7c0188) and /Applications/AhoiBrowser.app/Contents/Frameworks/libchrome_dll.dylib (0x114d2e430). This may cause spurious casting failures and mysterious crashes. One of the duplicates must be removed or renamed.
objc[95859]: Class ANGLESwapCGLLayer is implemented in both /Applications/AhoiBrowser.app/Contents/Frameworks/libblink_modules.dylib (0x141f68a50) and /Applications/AhoiBrowser.app/Contents/Frameworks/libgl_init.dylib (0x127040a50). This may cause spurious casting failures and mysterious crashes. One of the duplicates must be removed or renamed.
objc[95859]: Class CrashpadHTTPBodyStreamTransport is implemented in both /Applications/AhoiBrowser.app/Contents/Frameworks/libbrowser_ui_views.dylib (0x11dc04188) and /Applications/AhoiBrowser.app/Contents/Frameworks/libchrome_dll.dylib (0x116c32430). This may cause spurious casting failures and mysterious crashes. One of the duplicates must be removed or renamed.
objc[95862]: Class ANGLESwapCGLLayer is implemented in both /Applications/AhoiBrowser.app/Contents/Frameworks/libblink_modules.dylib (0x140680a50) and /Applications/AhoiBrowser.app/Contents/Frameworks/libgl_init.dylib (0x125758a50). This may cause spurious casting failures and mysterious crashes. One of the duplicates must be removed or renamed.
objc[95862]: Class CrashpadHTTPBodyStreamTransport is implemented in both /Applications/AhoiBrowser.app/Contents/Frameworks/libbrowser_ui_views.dylib (0x11cddc188) and /Applications/AhoiBrowser.app/Contents/Frameworks/libchrome_dll.dylib (0x11534a430). This may cause spurious casting failures and mysterious crashes. One of the duplicates must be removed or renamed.
objc[95860]: Class ANGLESwapCGLLayer is implemented in both /Applications/AhoiBrowser.app/Contents/Frameworks/libblink_modules.dylib (0x1404b8a50) and /Applications/AhoiBrowser.app/Contents/Frameworks/libgl_init.dylib (0x125590a50). This may cause spurious casting failures and mysterious crashes. One of the duplicates must be removed or renamed.
objc[95860]: Class CrashpadHTTPBodyStreamTransport is implemented in both /Applications/AhoiBrowser.app/Contents/Frameworks/libbrowser_ui_views.dylib (0x10e66c188) and /Applications/AhoiBrowser.app/Contents/Frameworks/libchrome_dll.dylib (0x115182430). This may cause spurious casting failures and mysterious crashes. One of the duplicates must be removed or renamed.
objc[95861]: Class ANGLESwapCGLLayer is implemented in both /Applications/AhoiBrowser.app/Contents/Frameworks/libblink_modules.dylib (0x141be8a50) and /Applications/AhoiBrowser.app/Contents/Frameworks/libgl_init.dylib (0x126cc0a50). This may cause spurious casting failures and mysterious crashes. One of the duplicates must be removed or renamed.
objc[95861]: Class CrashpadHTTPBodyStreamTransport is implemented in both /Applications/AhoiBrowser.app/Contents/Frameworks/libbrowser_ui_views.dylib (0x11d884188) and /Applications/AhoiBrowser.app/Contents/Frameworks/libchrome_dll.dylib (0x1168b2430). This may cause spurious casting failures and mysterious crashes. One of the duplicates must be removed or renamed.
[95825:30994128:0926/023555.383469:VERBOSE1:ahoi/browser/session/session_bridge_observers.cc:69] Ahoi track window: first Workspace until restore metadata
[95825:30994128:0926/023555.384555:VERBOSE1:ahoi/browser/session/session_bridge_session.cc:549] Ahoi persist window metadata: workspace=83699047-edf8-580d-948d-9c37acc35cb6 service=1 window_id_valid=1
[95825:30994128:0926/023555.386038:VERBOSE1:ahoi/browser/session/session_bridge_session.cc:465] Ahoi last-used record: index 1 url=http://127.0.0.1:8803/alpha.html
[95825:30994128:0926/023555.389164:VERBOSE1:ahoi/browser/session/session_bridge_session.cc:549] Ahoi persist window metadata: workspace=83699047-edf8-580d-948d-9c37acc35cb6 service=1 window_id_valid=1
objc[95879]: Class ANGLESwapCGLLayer is implemented in both /Applications/AhoiBrowser.app/Contents/Frameworks/libblink_modules.dylib (0x1421fca50) and /Applications/AhoiBrowser.app/Contents/Frameworks/libgl_init.dylib (0x1272d4a50). This may cause spurious casting failures and mysterious crashes. One of the duplicates must be removed or renamed.
objc[95879]: Class CrashpadHTTPBodyStreamTransport is implemented in both /Applications/AhoiBrowser.app/Contents/Frameworks/libbrowser_ui_views.dylib (0x11031c188) and /Applications/AhoiBrowser.app/Contents/Frameworks/libchrome_dll.dylib (0x116ec6430). This may cause spurious casting failures and mysterious crashes. One of the duplicates must be removed or renamed.
[95825:30994128:0926/023603.145841:VERBOSE1:ahoi/browser/session/session_restore_integration.cc:85] Ahoi rebuild window extra data: provider=1 workspace=83699047-edf8-580d-948d-9c37acc35cb6
[95849:30994562:0926/023603.243413:WARNING:net/extras/sqlite/sqlite_persistent_store_backend_base.cc:181] Failed to post task from FlushAndNotifyInBackground@net/extras/sqlite/sqlite_persistent_store_backend_base.cc:231 to client_task_runner_.
[95849:30994562:0926/023603.243647:WARNING:net/extras/sqlite/sqlite_persistent_store_backend_base.cc:181] Failed to post task from FlushAndNotifyInBackground@net/extras/sqlite/sqlite_persistent_store_backend_base.cc:231 to client_task_runner_.
[95825:30994128:0926/023603.254319:ERROR:base/process/kill_posix.cc:33] waitpid(95849): No child processes (10)
objc[96003]: Class ANGLESwapCGLLayer is implemented in both /Applications/AhoiBrowser.app/Contents/Frameworks/libblink_modules.dylib (0x1422e0a50) and /Applications/AhoiBrowser.app/Contents/Frameworks/libgl_init.dylib (0x1273b8a50). This may cause spurious casting failures and mysterious crashes. One of the duplicates must be removed or renamed.
objc[96003]: Class CrashpadHTTPBodyStreamTransport is implemented in both /Applications/AhoiBrowser.app/Contents/Frameworks/libbrowser_ui_views.dylib (0x1103dc188) and /Applications/AhoiBrowser.app/Contents/Frameworks/libchrome_dll.dylib (0x116faa430). This may cause spurious casting failures and mysterious crashes. One of the duplicates must be removed or renamed.
[96003:30995558:0926/023608.004994:ERROR:chrome/browser/mac/code_sign_clone_manager.mm:98] error removing quarantine attribute "/var/folders/zn/wn74lz2s2bsfp734gbqytmpr0000gn/X/"
[96003:30995558:0926/023608.036791:ERROR:chrome/browser/mac/code_sign_clone_manager.mm:98] error removing quarantine attribute "/var/folders/zn/wn74lz2s2bsfp734gbqytmpr0000gn/X/"
[96003:30995421:0926/023608.054096:WARNING:chrome/browser/signin/account_consistency_mode_manager.cc:74] Desktop Identity Consistency cannot be enabled as no OAuth client ID and client secret have been configured.
[96003:30995421:0926/023608.321924:ERROR:ahoi/browser/updater/sparkle_runtime_mac.mm:148] Ahoi updater disabled (fail closed): missing-feed-url
[96003:30995421:0926/023608.407901:ERROR:chrome/browser/ui/webui/ntp/new_tab_ui.cc:54] Requested load of chrome://newtab/ for incorrect profile type.
[96003:30995421:0926/023608.408954:ERROR:chrome/browser/ui/webui/ntp/new_tab_ui.cc:54] Requested load of chrome://newtab/ for incorrect profile type.
objc[96039]: Class ANGLESwapCGLLayer is implemented in both /Applications/AhoiBrowser.app/Contents/Frameworks/libblink_modules.dylib (0x1426c4a50) and /Applications/AhoiBrowser.app/Contents/Frameworks/libgl_init.dylib (0x12779ca50). This may cause spurious casting failures and mysterious crashes. One of the duplicates must be removed or renamed.
objc[96039]: Class CrashpadHTTPBodyStreamTransport is implemented in both /Applications/AhoiBrowser.app/Contents/Frameworks/libbrowser_ui_views.dylib (0x110868188) and /Applications/AhoiBrowser.app/Contents/Frameworks/libchrome_dll.dylib (0x11738e430). This may cause spurious casting failures and mysterious crashes. One of the duplicates must be removed or renamed.
objc[96037]: Class ANGLESwapCGLLayer is implemented in both /Applications/AhoiBrowser.app/Contents/Frameworks/libblink_modules.dylib (0x140050a50) and /Applications/AhoiBrowser.app/Contents/Frameworks/libgl_init.dylib (0x125128a50). This may cause spurious casting failures and mysterious crashes. One of the duplicates must be removed or renamed.
objc[96037]: Class CrashpadHTTPBodyStreamTransport is implemented in both /Applications/AhoiBrowser.app/Contents/Frameworks/libbrowser_ui_views.dylib (0x11bd68188) and /Applications/AhoiBrowser.app/Contents/Frameworks/libchrome_dll.dylib (0x114d1a430). This may cause spurious casting failures and mysterious crashes. One of the duplicates must be removed or renamed.
objc[96038]: Class ANGLESwapCGLLayer is implemented in both /Applications/AhoiBrowser.app/Contents/Frameworks/libblink_modules.dylib (0x1440bca50) and /Applications/AhoiBrowser.app/Contents/Frameworks/libgl_init.dylib (0x129194a50). This may cause spurious casting failures and mysterious crashes. One of the duplicates must be removed or renamed.
objc[96038]: Class CrashpadHTTPBodyStreamTransport is implemented in both /Applications/AhoiBrowser.app/Contents/Frameworks/libbrowser_ui_views.dylib (0x11fd88188) and /Applications/AhoiBrowser.app/Contents/Frameworks/libchrome_dll.dylib (0x118d86430). This may cause spurious casting failures and mysterious crashes. One of the duplicates must be removed or renamed.
objc[96040]: Class ANGLESwapCGLLayer is implemented in both /Applications/AhoiBrowser.app/Contents/Frameworks/libblink_modules.dylib (0x142254a50) and /Applications/AhoiBrowser.app/Contents/Frameworks/libgl_init.dylib (0x12732ca50). This may cause spurious casting failures and mysterious crashes. One of the duplicates must be removed or renamed.
objc[96040]: Class CrashpadHTTPBodyStreamTransport is implemented in both /Applications/AhoiBrowser.app/Contents/Frameworks/libbrowser_ui_views.dylib (0x1104e8188) and /Applications/AhoiBrowser.app/Contents/Frameworks/libchrome_dll.dylib (0x116f1e430). This may cause spurious casting failures and mysterious crashes. One of the duplicates must be removed or renamed.
objc[96041]: Class ANGLESwapCGLLayer is implemented in both /Applications/AhoiBrowser.app/Contents/Frameworks/libblink_modules.dylib (0x13fd3ca50) and /Applications/AhoiBrowser.app/Contents/Frameworks/libgl_init.dylib (0x124e14a50). This may cause spurious casting failures and mysterious crashes. One of the duplicates must be removed or renamed.
objc[96041]: Class CrashpadHTTPBodyStreamTransport is implemented in both /Applications/AhoiBrowser.app/Contents/Frameworks/libbrowser_ui_views.dylib (0x11b9d8188) and /Applications/AhoiBrowser.app/Contents/Frameworks/libchrome_dll.dylib (0x114a06430). This may cause spurious casting failures and mysterious crashes. One of the duplicates must be removed or renamed.
objc[96046]: Class ANGLESwapCGLLayer is implemented in both /Applications/AhoiBrowser.app/Contents/Frameworks/libblink_modules.dylib (0x143a20a50) and /Applications/AhoiBrowser.app/Contents/Frameworks/libgl_init.dylib (0x128af8a50). This may cause spurious casting failures and mysterious crashes. One of the duplicates must be removed or renamed.
objc[96047]: Class ANGLESwapCGLLayer is implemented in both /Applications/AhoiBrowser.app/Contents/Frameworks/libblink_modules.dylib (0x140430a50) and /Applications/AhoiBrowser.app/Contents/Frameworks/libgl_init.dylib (0x125508a50). This may cause spurious casting failures and mysterious crashes. One of the duplicates must be removed or renamed.
objc[96047]: Class CrashpadHTTPBodyStreamTransport is implemented in both /Applications/AhoiBrowser.app/Contents/Frameworks/libbrowser_ui_views.dylib (0x10e5e4188) and /Applications/AhoiBrowser.app/Contents/Frameworks/libchrome_dll.dylib (0x1150fa430). This may cause spurious casting failures and mysterious crashes. One of the duplicates must be removed or renamed.
objc[96046]: Class CrashpadHTTPBodyStreamTransport is implemented in both /Applications/AhoiBrowser.app/Contents/Frameworks/libbrowser_ui_views.dylib (0x111bc4188) and /Applications/AhoiBrowser.app/Contents/Frameworks/libchrome_dll.dylib (0x1186ea430). This may cause spurious casting failures and mysterious crashes. One of the duplicates must be removed or renamed.
objc[96048]: Class ANGLESwapCGLLayer is implemented in both /Applications/AhoiBrowser.app/Contents/Frameworks/libblink_modules.dylib (0x144460a50) and /Applications/AhoiBrowser.app/Contents/Frameworks/libgl_init.dylib (0x129538a50). This may cause spurious casting failures and mysterious crashes. One of the duplicates must be removed or renamed.
objc[96048]: Class CrashpadHTTPBodyStreamTransport is implemented in both /Applications/AhoiBrowser.app/Contents/Frameworks/libbrowser_ui_views.dylib (0x120b34188) and /Applications/AhoiBrowser.app/Contents/Frameworks/libchrome_dll.dylib (0x11912a430). This may cause spurious casting failures and mysterious crashes. One of the duplicates must be removed or renamed.
objc[96049]: Class ANGLESwapCGLLayer is implemented in both /Applications/AhoiBrowser.app/Contents/Frameworks/libblink_modules.dylib (0x13fae8a50) and /Applications/AhoiBrowser.app/Contents/Frameworks/libgl_init.dylib (0x124bc0a50). This may cause spurious casting failures and mysterious crashes. One of the duplicates must be removed or renamed.
objc[96049]: Class CrashpadHTTPBodyStreamTransport is implemented in both /Applications/AhoiBrowser.app/Contents/Frameworks/libbrowser_ui_views.dylib (0x10dc8c188) and /Applications/AhoiBrowser.app/Contents/Frameworks/libchrome_dll.dylib (0x1147b2430). This may cause spurious casting failures and mysterious crashes. One of the duplicates must be removed or renamed.
objc[96050]: Class ANGLESwapCGLLayer is implemented in both /Applications/AhoiBrowser.app/Contents/Frameworks/libblink_modules.dylib (0x13fb70a50) and /Applications/AhoiBrowser.app/Contents/Frameworks/libgl_init.dylib (0x124c48a50). This may cause spurious casting failures and mysterious crashes. One of the duplicates must be removed or renamed.
objc[96050]: Class CrashpadHTTPBodyStreamTransport is implemented in both /Applications/AhoiBrowser.app/Contents/Frameworks/libbrowser_ui_views.dylib (0x11c244188) and /Applications/AhoiBrowser.app/Contents/Frameworks/libchrome_dll.dylib (0x11483a430). This may cause spurious casting failures and mysterious crashes. One of the duplicates must be removed or renamed.
[96003:30995421:0926/023612.859682:VERBOSE1:ahoi/browser/session/session_bridge_observers.cc:69] Ahoi track window: first Workspace until restore metadata
[96003:30995421:0926/023612.860978:VERBOSE1:ahoi/browser/session/session_bridge_session.cc:549] Ahoi persist window metadata: workspace=83699047-edf8-580d-948d-9c37acc35cb6 service=1 window_id_valid=1
[96003:30995421:0926/023612.862291:VERBOSE1:ahoi/browser/session/session_bridge_session.cc:465] Ahoi last-used record: index 1 url=http://127.0.0.1:8803/alpha.html
[96003:30995421:0926/023612.865260:VERBOSE1:ahoi/browser/session/session_bridge_session.cc:549] Ahoi persist window metadata: workspace=83699047-edf8-580d-948d-9c37acc35cb6 service=1 window_id_valid=1
objc[96063]: Class ANGLESwapCGLLayer is implemented in both /Applications/AhoiBrowser.app/Contents/Frameworks/libblink_modules.dylib (0x143bb4a50) and /Applications/AhoiBrowser.app/Contents/Frameworks/libgl_init.dylib (0x128c8ca50). This may cause spurious casting failures and mysterious crashes. One of the duplicates must be removed or renamed.
objc[96063]: Class CrashpadHTTPBodyStreamTransport is implemented in both /Applications/AhoiBrowser.app/Contents/Frameworks/libbrowser_ui_views.dylib (0x120288188) and /Applications/AhoiBrowser.app/Contents/Frameworks/libchrome_dll.dylib (0x11887e430). This may cause spurious casting failures and mysterious crashes. One of the duplicates must be removed or renamed.
[96003:30995421:0926/023621.593281:VERBOSE1:ahoi/browser/session/session_restore_integration.cc:85] Ahoi rebuild window extra data: provider=1 workspace=83699047-edf8-580d-948d-9c37acc35cb6
[96038:30995860:0926/023621.693271:WARNING:net/extras/sqlite/sqlite_persistent_store_backend_base.cc:181] Failed to post task from FlushAndNotifyInBackground@net/extras/sqlite/sqlite_persistent_store_backend_base.cc:231 to client_task_runner_.
[96038:30995860:0926/023621.693519:WARNING:net/extras/sqlite/sqlite_persistent_store_backend_base.cc:181] Failed to post task from FlushAndNotifyInBackground@net/extras/sqlite/sqlite_persistent_store_backend_base.cc:231 to client_task_runner_.
[96003:30995421:0926/023621.713812:ERROR:base/process/kill_posix.cc:33] waitpid(96038): No child processes (10)
