ready origins 8793 8794 proxy 8797
{"role": "origin", "method": "GET", "route": "/__health", "status": 200, "authorization": false}
{"role": "origin", "method": "GET", "route": "/a/", "status": 401, "authorization": false}
{"role": "origin", "method": "GET", "route": "/a/", "status": 401, "authorization": true}
{"role": "origin", "method": "GET", "route": "/a/", "status": 200, "authorization": true}
{"role": "origin", "method": "GET", "route": "/favicon.ico", "status": 200, "authorization": false}
{"role": "origin", "method": "GET", "route": "/a/", "status": 401, "authorization": false}
{"role": "origin", "method": "GET", "route": "/a/", "status": 200, "authorization": true}
{"role": "origin", "method": "GET", "route": "/favicon.ico", "status": 200, "authorization": false}
{"role": "origin", "method": "GET", "route": "/a/sub/observe", "status": 200, "authorization": true}
{"role": "origin", "method": "GET", "route": "/favicon.ico", "status": 200, "authorization": false}
{"role": "origin", "method": "GET", "route": "/__seen", "status": 200, "authorization": false}
{"role": "origin", "method": "GET", "route": "/__seen", "status": 200, "authorization": false}
{"role": "origin", "method": "GET", "route": "/pub/observe", "status": 200, "authorization": false}
{"role": "origin", "method": "GET", "route": "/favicon.ico", "status": 200, "authorization": false}
{"role": "origin", "method": "GET", "route": "/__seen", "status": 200, "authorization": false}
{"role": "origin", "method": "GET", "route": "/__seen", "status": 200, "authorization": false}
{"role": "origin", "method": "GET", "route": "/a/redirect-cross", "status": 302, "authorization": true}
{"role": "origin", "method": "GET", "route": "/pub/observe", "status": 200, "authorization": false}
{"role": "origin", "method": "GET", "route": "/favicon.ico", "status": 200, "authorization": false}
{"role": "origin", "method": "GET", "route": "/__seen", "status": 200, "authorization": false}
{"role": "origin", "method": "GET", "route": "/__seen", "status": 200, "authorization": false}
{"role": "origin", "method": "GET", "route": "/b/", "status": 401, "authorization": false}
{"role": "origin", "method": "GET", "route": "/b/", "status": 401, "authorization": false}
{"role": "origin", "method": "GET", "route": "/favicon.ico", "status": 200, "authorization": false}
{"role": "origin", "method": "GET", "route": "/b/", "status": 401, "authorization": false}
{"role": "origin", "method": "GET", "route": "/b/", "status": 200, "authorization": true}
{"role": "origin", "method": "GET", "route": "/favicon.ico", "status": 200, "authorization": false}
{"role": "origin", "method": "GET", "route": "/a/", "status": 401, "authorization": false}
{"role": "origin", "method": "GET", "route": "/a/", "status": 401, "authorization": false}
{"role": "origin", "method": "GET", "route": "/favicon.ico", "status": 200, "authorization": false}
{"role": "origin", "method": "GET", "route": "/__rotate", "status": 200, "authorization": false}
{"role": "origin", "method": "GET", "route": "/a/", "status": 401, "authorization": false}
{"role": "origin", "method": "GET", "route": "/z/", "status": 401, "authorization": false}
{"role": "origin", "method": "GET", "route": "/z/", "status": 401, "authorization": false}
{"role": "origin", "method": "GET", "route": "/favicon.ico", "status": 200, "authorization": false}
{"role": "origin", "method": "GET", "route": "/pub/img.html", "status": 200, "authorization": false}
{"role": "origin", "method": "GET", "route": "/s/pixel.svg", "status": 401, "authorization": false}
{"role": "origin", "method": "GET", "route": "/favicon.ico", "status": 200, "authorization": false}
{"role": "origin", "method": "GET", "route": "/pub/img-cross.html", "status": 200, "authorization": false}
{"role": "origin", "method": "GET", "route": "/s/pixel.svg", "status": 401, "authorization": false}
{"role": "origin", "method": "GET", "route": "/favicon.ico", "status": 200, "authorization": false}
{"role": "origin", "method": "GET", "route": "/a/dg/", "status": 401, "authorization": false}
{"role": "origin", "method": "GET", "route": "/a/dg/", "status": 401, "authorization": false}
{"role": "origin", "method": "GET", "route": "/favicon.ico", "status": 200, "authorization": false}
{"role": "origin", "method": "GET", "route": "/a/", "status": 401, "authorization": false}
{"role": "origin", "method": "GET", "route": "/a/", "status": 401, "authorization": false}
{"role": "origin", "method": "GET", "route": "/favicon.ico", "status": 200, "authorization": false}
{"role": "origin", "method": "GET", "route": "/a/", "status": 401, "authorization": false}
{"role": "origin", "method": "GET", "route": "/a/", "status": 401, "authorization": true}
{"role": "origin", "method": "GET", "route": "/a/", "status": 401, "authorization": false}
{"role": "origin", "method": "GET", "route": "/a/", "status": 401, "authorization": true}
{"role": "origin", "method": "GET", "route": "/a/", "status": 401, "authorization": false}
{"role": "origin", "method": "GET", "route": "/a/", "status": 401, "authorization": false}
{"role": "origin", "method": "GET", "route": "/favicon.ico", "status": 200, "authorization": false}
{"role": "origin", "method": "GET", "route": "/a/", "status": 401, "authorization": false}
{"role": "origin", "method": "GET", "route": "/a/", "status": 401, "authorization": true}
{"role": "origin", "method": "GET", "route": "/a/", "status": 200, "authorization": true}
{"role": "origin", "method": "GET", "route": "/favicon.ico", "status": 200, "authorization": false}
{"role": "origin", "method": "GET", "route": "/a/", "status": 200, "authorization": true}
{"role": "origin", "method": "GET", "route": "/favicon.ico", "status": 200, "authorization": false}
{"role": "origin", "method": "GET", "route": "/a/", "status": 401, "authorization": false}
{"role": "origin", "method": "GET", "route": "/a/", "status": 200, "authorization": true}
{"role": "origin", "method": "GET", "route": "/favicon.ico", "status": 200, "authorization": false}
{"role": "origin", "method": "GET", "route": "/a/", "status": 401, "authorization": false}
{"role": "origin", "method": "GET", "route": "/a/", "status": 401, "authorization": false}
{"role": "origin", "method": "GET", "route": "/favicon.ico", "status": 200, "authorization": false}
{"role": "proxy", "method": "GET", "route": "/pub/observe", "status": 407, "authorization": false}
{"role": "origin", "method": "GET", "route": "/pub/observe", "status": 200, "authorization": false}
{"role": "proxy", "method": "GET", "route": "/pub/observe", "status": 200, "authorization": true}
{"role": "origin", "method": "GET", "route": "/favicon.ico", "status": 200, "authorization": false}
{"role": "proxy", "method": "GET", "route": "/favicon.ico", "status": 200, "authorization": true}
{"role": "origin", "method": "GET", "route": "/a/", "status": 401, "authorization": false}
{"role": "proxy", "method": "GET", "route": "/a/", "status": 401, "authorization": true}
{"role": "origin", "method": "GET", "route": "/a/", "status": 401, "authorization": false}
{"role": "proxy", "method": "GET", "route": "/a/", "status": 401, "authorization": true}
{"role": "origin", "method": "GET", "route": "/favicon.ico", "status": 200, "authorization": false}
{"role": "proxy", "method": "GET", "route": "/favicon.ico", "status": 200, "authorization": true}
{"role": "origin", "method": "GET", "route": "/__proxy-report", "status": 200, "authorization": false}
