objc[12852]: Class ANGLESwapCGLLayer is implemented in both /Applications/AhoiBrowser.app/Contents/Frameworks/libblink_modules.dylib (0x143b2ca50) and /Applications/AhoiBrowser.app/Contents/Frameworks/libgl_init.dylib (0x128c04a50). This may cause spurious casting failures and mysterious crashes. One of the duplicates must be removed or renamed.
objc[12852]: Class CrashpadHTTPBodyStreamTransport is implemented in both /Applications/AhoiBrowser.app/Contents/Frameworks/libbrowser_ui_views.dylib (0x111c9c188) and /Applications/AhoiBrowser.app/Contents/Frameworks/libchrome_dll.dylib (0x1187fe430). This may cause spurious casting failures and mysterious crashes. One of the duplicates must be removed or renamed.
[12852:30115404:0926/004545.708889:ERROR:chrome/browser/mac/code_sign_clone_manager.mm:98] error removing quarantine attribute "/var/folders/zn/wn74lz2s2bsfp734gbqytmpr0000gn/X/"
[12852:30115404:0926/004545.761413:ERROR:chrome/browser/mac/code_sign_clone_manager.mm:98] error removing quarantine attribute "/var/folders/zn/wn74lz2s2bsfp734gbqytmpr0000gn/X/"

DevTools listening on ws://127.0.0.1:9383/devtools/browser/c34b989f-e959-4345-a9f6-c5780820141e
[12852:30115006:0926/004546.659764:ERROR:ahoi/browser/updater/sparkle_runtime_mac.mm:148] Ahoi updater disabled (fail closed): missing-feed-url
objc[12933]: Class ANGLESwapCGLLayer is implemented in both /Applications/AhoiBrowser.app/Contents/Frameworks/libblink_modules.dylib (0x1424eca50) and /Applications/AhoiBrowser.app/Contents/Frameworks/libgl_init.dylib (0x1275c4a50). This may cause spurious casting failures and mysterious crashes. One of the duplicates must be removed or renamed.
objc[12933]: Class CrashpadHTTPBodyStreamTransport is implemented in both /Applications/AhoiBrowser.app/Contents/Frameworks/libbrowser_ui_views.dylib (0x110720188) and /Applications/AhoiBrowser.app/Contents/Frameworks/libchrome_dll.dylib (0x1171be430). This may cause spurious casting failures and mysterious crashes. One of the duplicates must be removed or renamed.
objc[12934]: Class ANGLESwapCGLLayer is implemented in both /Applications/AhoiBrowser.app/Contents/Frameworks/libblink_modules.dylib (0x140578a50) and /Applications/AhoiBrowser.app/Contents/Frameworks/libgl_init.dylib (0x125650a50). This may cause spurious casting failures and mysterious crashes. One of the duplicates must be removed or renamed.
objc[12934]: Class CrashpadHTTPBodyStreamTransport is implemented in both /Applications/AhoiBrowser.app/Contents/Frameworks/libbrowser_ui_views.dylib (0x11cc4c188) and /Applications/AhoiBrowser.app/Contents/Frameworks/libchrome_dll.dylib (0x11524a430). This may cause spurious casting failures and mysterious crashes. One of the duplicates must be removed or renamed.
objc[12937]: Class ANGLESwapCGLLayer is implemented in both /Applications/AhoiBrowser.app/Contents/Frameworks/libblink_modules.dylib (0x1421a0a50) and /Applications/AhoiBrowser.app/Contents/Frameworks/libgl_init.dylib (0x127278a50). This may cause spurious casting failures and mysterious crashes. One of the duplicates must be removed or renamed.
objc[12937]: Class CrashpadHTTPBodyStreamTransport is implemented in both /Applications/AhoiBrowser.app/Contents/Frameworks/libbrowser_ui_views.dylib (0x11e2c0188) and /Applications/AhoiBrowser.app/Contents/Frameworks/libchrome_dll.dylib (0x116e72430). This may cause spurious casting failures and mysterious crashes. One of the duplicates must be removed or renamed.
objc[12938]: Class ANGLESwapCGLLayer is implemented in both /Applications/AhoiBrowser.app/Contents/Frameworks/libblink_modules.dylib (0x143e74a50) and /Applications/AhoiBrowser.app/Contents/Frameworks/libgl_init.dylib (0x128f4ca50). This may cause spurious casting failures and mysterious crashes. One of the duplicates must be removed or renamed.
objc[12938]: Class CrashpadHTTPBodyStreamTransport is implemented in both /Applications/AhoiBrowser.app/Contents/Frameworks/libbrowser_ui_views.dylib (0x11fb5c188) and /Applications/AhoiBrowser.app/Contents/Frameworks/libchrome_dll.dylib (0x118b46430). This may cause spurious casting failures and mysterious crashes. One of the duplicates must be removed or renamed.
objc[12940]: Class ANGLESwapCGLLayer is implemented in both /Applications/AhoiBrowser.app/Contents/Frameworks/libblink_modules.dylib (0x141824a50) and /Applications/AhoiBrowser.app/Contents/Frameworks/libgl_init.dylib (0x1268fca50). This may cause spurious casting failures and mysterious crashes. One of the duplicates must be removed or renamed.
objc[12940]: Class CrashpadHTTPBodyStreamTransport is implemented in both /Applications/AhoiBrowser.app/Contents/Frameworks/libbrowser_ui_views.dylib (0x11d4c0188) and /Applications/AhoiBrowser.app/Contents/Frameworks/libchrome_dll.dylib (0x1164f6430). This may cause spurious casting failures and mysterious crashes. One of the duplicates must be removed or renamed.
objc[12943]: Class ANGLESwapCGLLayer is implemented in both /Applications/AhoiBrowser.app/Contents/Frameworks/libblink_modules.dylib (0x142368a50) and /Applications/AhoiBrowser.app/Contents/Frameworks/libgl_init.dylib (0x127440a50). This may cause spurious casting failures and mysterious crashes. One of the duplicates must be removed or renamed.
objc[12943]: Class CrashpadHTTPBodyStreamTransport is implemented in both /Applications/AhoiBrowser.app/Contents/Frameworks/libbrowser_ui_views.dylib (0x11ea3c188) and /Applications/AhoiBrowser.app/Contents/Frameworks/libchrome_dll.dylib (0x11703a430). This may cause spurious casting failures and mysterious crashes. One of the duplicates must be removed or renamed.
objc[12944]: Class ANGLESwapCGLLayer is implemented in both /Applications/AhoiBrowser.app/Contents/Frameworks/libblink_modules.dylib (0x140804a50) and /Applications/AhoiBrowser.app/Contents/Frameworks/libgl_init.dylib (0x1258dca50). This may cause spurious casting failures and mysterious crashes. One of the duplicates must be removed or renamed.
objc[12944]: Class CrashpadHTTPBodyStreamTransport is implemented in both /Applications/AhoiBrowser.app/Contents/Frameworks/libbrowser_ui_views.dylib (0x11ced8188) and /Applications/AhoiBrowser.app/Contents/Frameworks/libchrome_dll.dylib (0x1154d6430). This may cause spurious casting failures and mysterious crashes. One of the duplicates must be removed or renamed.
objc[12977]: Class ANGLESwapCGLLayer is implemented in both /Applications/AhoiBrowser.app/Contents/Frameworks/libblink_modules.dylib (0x143ef0a50) and /Applications/AhoiBrowser.app/Contents/Frameworks/libgl_init.dylib (0x128fc8a50). This may cause spurious casting failures and mysterious crashes. One of the duplicates must be removed or renamed.
objc[12977]: Class CrashpadHTTPBodyStreamTransport is implemented in both /Applications/AhoiBrowser.app/Contents/Frameworks/libbrowser_ui_views.dylib (0x1120d8188) and /Applications/AhoiBrowser.app/Contents/Frameworks/libchrome_dll.dylib (0x118bc2430). This may cause spurious casting failures and mysterious crashes. One of the duplicates must be removed or renamed.
objc[12979]: Class ANGLESwapCGLLayer is implemented in both /Applications/AhoiBrowser.app/Contents/Frameworks/libblink_modules.dylib (0x141a40a50) and /Applications/AhoiBrowser.app/Contents/Frameworks/libgl_init.dylib (0x126b18a50). This may cause spurious casting failures and mysterious crashes. One of the duplicates must be removed or renamed.
objc[12979]: Class CrashpadHTTPBodyStreamTransport is implemented in both /Applications/AhoiBrowser.app/Contents/Frameworks/libbrowser_ui_views.dylib (0x10fcfc188) and /Applications/AhoiBrowser.app/Contents/Frameworks/libchrome_dll.dylib (0x116712430). This may cause spurious casting failures and mysterious crashes. One of the duplicates must be removed or renamed.
objc[13009]: Class ANGLESwapCGLLayer is implemented in both /Applications/AhoiBrowser.app/Contents/Frameworks/libblink_modules.dylib (0x144174a50) and /Applications/AhoiBrowser.app/Contents/Frameworks/libgl_init.dylib (0x12924ca50). This may cause spurious casting failures and mysterious crashes. One of the duplicates must be removed or renamed.
objc[13009]: Class CrashpadHTTPBodyStreamTransport is implemented in both /Applications/AhoiBrowser.app/Contents/Frameworks/libbrowser_ui_views.dylib (0x1122dc188) and /Applications/AhoiBrowser.app/Contents/Frameworks/libchrome_dll.dylib (0x118e46430). This may cause spurious casting failures and mysterious crashes. One of the duplicates must be removed or renamed.
objc[13109]: Class ANGLESwapCGLLayer is implemented in both /Applications/AhoiBrowser.app/Contents/Frameworks/libblink_modules.dylib (0x140128a50) and /Applications/AhoiBrowser.app/Contents/Frameworks/libgl_init.dylib (0x125200a50). This may cause spurious casting failures and mysterious crashes. One of the duplicates must be removed or renamed.
objc[13109]: Class CrashpadHTTPBodyStreamTransport is implemented in both /Applications/AhoiBrowser.app/Contents/Frameworks/libbrowser_ui_views.dylib (0x11c7fc188) and /Applications/AhoiBrowser.app/Contents/Frameworks/libchrome_dll.dylib (0x114dfa430). This may cause spurious casting failures and mysterious crashes. One of the duplicates must be removed or renamed.
objc[13141]: Class ANGLESwapCGLLayer is implemented in both /Applications/AhoiBrowser.app/Contents/Frameworks/libblink_modules.dylib (0x141ff0a50) and /Applications/AhoiBrowser.app/Contents/Frameworks/libgl_init.dylib (0x1270c8a50). This may cause spurious casting failures and mysterious crashes. One of the duplicates must be removed or renamed.
objc[13141]: Class CrashpadHTTPBodyStreamTransport is implemented in both /Applications/AhoiBrowser.app/Contents/Frameworks/libbrowser_ui_views.dylib (0x11e110188) and /Applications/AhoiBrowser.app/Contents/Frameworks/libchrome_dll.dylib (0x116cc2430). This may cause spurious casting failures and mysterious crashes. One of the duplicates must be removed or renamed.
objc[13143]: Class ANGLESwapCGLLayer is implemented in both /Applications/AhoiBrowser.app/Contents/Frameworks/libblink_modules.dylib (0x141f3ca50) and /Applications/AhoiBrowser.app/Contents/Frameworks/libgl_init.dylib (0x127014a50). This may cause spurious casting failures and mysterious crashes. One of the duplicates must be removed or renamed.
objc[13143]: Class CrashpadHTTPBodyStreamTransport is implemented in both /Applications/AhoiBrowser.app/Contents/Frameworks/libbrowser_ui_views.dylib (0x11dfd4188) and /Applications/AhoiBrowser.app/Contents/Frameworks/libchrome_dll.dylib (0x116c0e430). This may cause spurious casting failures and mysterious crashes. One of the duplicates must be removed or renamed.
objc[13172]: Class ANGLESwapCGLLayer is implemented in both /Applications/AhoiBrowser.app/Contents/Frameworks/libblink_modules.dylib (0x13ff10a50) and /Applications/AhoiBrowser.app/Contents/Frameworks/libgl_init.dylib (0x124fe8a50). This may cause spurious casting failures and mysterious crashes. One of the duplicates must be removed or renamed.
objc[13172]: Class CrashpadHTTPBodyStreamTransport is implemented in both /Applications/AhoiBrowser.app/Contents/Frameworks/libbrowser_ui_views.dylib (0x10e0a4188) and /Applications/AhoiBrowser.app/Contents/Frameworks/libchrome_dll.dylib (0x114be2430). This may cause spurious casting failures and mysterious crashes. One of the duplicates must be removed or renamed.
objc[13199]: Class ANGLESwapCGLLayer is implemented in both /Applications/AhoiBrowser.app/Contents/Frameworks/libblink_modules.dylib (0x143ad4a50) and /Applications/AhoiBrowser.app/Contents/Frameworks/libgl_init.dylib (0x128baca50). This may cause spurious casting failures and mysterious crashes. One of the duplicates must be removed or renamed.
objc[13199]: Class CrashpadHTTPBodyStreamTransport is implemented in both /Applications/AhoiBrowser.app/Contents/Frameworks/libbrowser_ui_views.dylib (0x11f874188) and /Applications/AhoiBrowser.app/Contents/Frameworks/libchrome_dll.dylib (0x1187a6430). This may cause spurious casting failures and mysterious crashes. One of the duplicates must be removed or renamed.
[12933:30115803:0926/004609.072623:ERROR:components/viz/service/surfaces/surface_manager.cc:479] Old/orphaned temporary reference to SurfaceId(FrameSinkId[DelegatedFrameHost](6, 6), LocalSurfaceId(4, 4, 50FF...))
[12933:30115803:0926/004609.074133:ERROR:components/viz/service/surfaces/surface_manager.cc:479] Old/orphaned temporary reference to SurfaceId(FrameSinkId[DelegatedFrameHost](6, 6), LocalSurfaceId(3, 3, 50FF...))
[12933:30115803:0926/004609.074256:ERROR:components/viz/service/surfaces/surface_manager.cc:479] Old/orphaned temporary reference to SurfaceId(FrameSinkId[DelegatedFrameHost](6, 6), LocalSurfaceId(2, 2, 50FF...))
[12933:30115803:0926/004609.074318:ERROR:components/viz/service/surfaces/surface_manager.cc:479] Old/orphaned temporary reference to SurfaceId(FrameSinkId[DelegatedFrameHost](6, 6), LocalSurfaceId(2, 3, 50FF...))
[12933:30115803:0926/004609.074360:ERROR:components/viz/service/surfaces/surface_manager.cc:479] Old/orphaned temporary reference to SurfaceId(FrameSinkId[DelegatedFrameHost](6, 3), LocalSurfaceId(2, 3, 249C...))
[12933:30115803:0926/004609.074401:ERROR:components/viz/service/surfaces/surface_manager.cc:479] Old/orphaned temporary reference to SurfaceId(FrameSinkId[DelegatedFrameHost](6, 3), LocalSurfaceId(2, 2, 249C...))
[12852:30115006:0926/004613.441611:ERROR:ui/events/cocoa/events_mac.mm:88] Not implemented reached in EventType ui::EventTypeFromNative(const PlatformEvent &). 21
[12852:30115006:0926/004613.441668:ERROR:ui/events/cocoa/events_mac.mm:88] Not implemented reached in EventType ui::EventTypeFromNative(const PlatformEvent &). 21
[12852:30115006:0926/004613.472147:ERROR:ui/events/cocoa/events_mac.mm:88] Not implemented reached in EventType ui::EventTypeFromNative(const PlatformEvent &). 21
[12852:30115006:0926/004613.472222:ERROR:ui/events/cocoa/events_mac.mm:88] Not implemented reached in EventType ui::EventTypeFromNative(const PlatformEvent &). 21
[12852:30115006:0926/004614.933048:ERROR:base/process/kill_posix.cc:33] waitpid(12934): No child processes (10)
