objc[41172]: Class ANGLESwapCGLLayer is implemented in both /Applications/AhoiBrowser.app/Contents/Frameworks/libblink_modules.dylib (0x142264a50) and /Applications/AhoiBrowser.app/Contents/Frameworks/libgl_init.dylib (0x12733ca50). This may cause spurious casting failures and mysterious crashes. One of the duplicates must be removed or renamed.
objc[41172]: Class CrashpadHTTPBodyStreamTransport is implemented in both /Applications/AhoiBrowser.app/Contents/Frameworks/libbrowser_ui_views.dylib (0x110414188) and /Applications/AhoiBrowser.app/Contents/Frameworks/libchrome_dll.dylib (0x116f26430). This may cause spurious casting failures and mysterious crashes. One of the duplicates must be removed or renamed.
[41172:9370069:0929/070241.862837:ERROR:chrome/browser/mac/code_sign_clone_manager.mm:98] error removing quarantine attribute "/var/folders/zn/wn74lz2s2bsfp734gbqytmpr0000gn/X/"
[41172:9370069:0929/070241.915971:ERROR:chrome/browser/mac/code_sign_clone_manager.mm:98] error removing quarantine attribute "/var/folders/zn/wn74lz2s2bsfp734gbqytmpr0000gn/X/"
[41172:9369647:0929/070242.034136:WARNING:chrome/browser/signin/account_consistency_mode_manager.cc:74] Desktop Identity Consistency cannot be enabled as no OAuth client ID and client secret have been configured.

DevTools listening on ws://127.0.0.1:9345/devtools/browser/649f2e4e-488a-4f4c-ac39-3dbe1a186518
[41172:9369647:0929/070242.436751:VERBOSE1:ahoi/browser/navigation/keyboard_shortcut_registration.cc:57] Ahoi shortcut registered: ctrl+alt+9
[41172:9369647:0929/070242.436788:VERBOSE1:ahoi/browser/navigation/keyboard_shortcut_registration.cc:57] Ahoi shortcut registered: cmd+alt+37
[41172:9369647:0929/070242.436798:VERBOSE1:ahoi/browser/navigation/keyboard_shortcut_registration.cc:57] Ahoi shortcut registered: cmd+alt+39
[41172:9369647:0929/070242.436804:VERBOSE1:ahoi/browser/navigation/keyboard_shortcut_registration.cc:57] Ahoi shortcut registered: ctrl+49
[41172:9369647:0929/070242.436810:VERBOSE1:ahoi/browser/navigation/keyboard_shortcut_registration.cc:57] Ahoi shortcut registered: ctrl+50
[41172:9369647:0929/070242.436816:VERBOSE1:ahoi/browser/navigation/keyboard_shortcut_registration.cc:57] Ahoi shortcut registered: ctrl+51
[41172:9369647:0929/070242.436821:VERBOSE1:ahoi/browser/navigation/keyboard_shortcut_registration.cc:57] Ahoi shortcut registered: ctrl+52
[41172:9369647:0929/070242.436828:VERBOSE1:ahoi/browser/navigation/keyboard_shortcut_registration.cc:57] Ahoi shortcut registered: ctrl+53
[41172:9369647:0929/070242.436833:VERBOSE1:ahoi/browser/navigation/keyboard_shortcut_registration.cc:57] Ahoi shortcut registered: ctrl+54
[41172:9369647:0929/070242.436838:VERBOSE1:ahoi/browser/navigation/keyboard_shortcut_registration.cc:57] Ahoi shortcut registered: ctrl+55
[41172:9369647:0929/070242.436842:VERBOSE1:ahoi/browser/navigation/keyboard_shortcut_registration.cc:57] Ahoi shortcut registered: ctrl+56
[41172:9369647:0929/070242.436847:VERBOSE1:ahoi/browser/navigation/keyboard_shortcut_registration.cc:57] Ahoi shortcut registered: ctrl+57
[41172:9369647:0929/070242.436851:VERBOSE1:ahoi/browser/navigation/keyboard_shortcut_registration.cc:57] Ahoi shortcut registered: cmd+shift+83
[41172:9369647:0929/070242.436855:VERBOSE1:ahoi/browser/navigation/keyboard_shortcut_registration.cc:57] Ahoi shortcut registered: cmd+shift+72
[41172:9369647:0929/070242.436860:VERBOSE1:ahoi/browser/navigation/keyboard_shortcut_registration.cc:57] Ahoi shortcut registered: cmd+shift+70
[41172:9369647:0929/070242.436864:VERBOSE1:ahoi/browser/navigation/keyboard_shortcut_registration.cc:57] Ahoi shortcut registered: cmd+ctrl+49
[41172:9369647:0929/070242.436869:VERBOSE1:ahoi/browser/navigation/keyboard_shortcut_registration.cc:57] Ahoi shortcut registered: cmd+ctrl+50
[41172:9369647:0929/070242.436873:VERBOSE1:ahoi/browser/navigation/keyboard_shortcut_registration.cc:57] Ahoi shortcut registered: cmd+ctrl+51
[41172:9369647:0929/070242.436878:VERBOSE1:ahoi/browser/navigation/keyboard_shortcut_registration.cc:57] Ahoi shortcut registered: cmd+ctrl+52
[41172:9369647:0929/070242.436883:VERBOSE1:ahoi/browser/navigation/keyboard_shortcut_registration.cc:57] Ahoi shortcut registered: cmd+ctrl+shift+37
[41172:9369647:0929/070242.436896:VERBOSE1:ahoi/browser/navigation/keyboard_shortcut_registration.cc:57] Ahoi shortcut registered: cmd+ctrl+shift+39
[41172:9369647:0929/070242.436900:VERBOSE1:ahoi/browser/navigation/keyboard_shortcut_registration.cc:57] Ahoi shortcut registered: cmd+ctrl+37
[41172:9369647:0929/070242.436904:VERBOSE1:ahoi/browser/navigation/keyboard_shortcut_registration.cc:57] Ahoi shortcut registered: cmd+ctrl+39
[41172:9369647:0929/070242.436907:VERBOSE1:ahoi/browser/navigation/keyboard_shortcut_registration.cc:57] Ahoi shortcut registered: cmd+ctrl+76
[41172:9369647:0929/070242.436911:VERBOSE1:ahoi/browser/navigation/keyboard_shortcut_registration.cc:57] Ahoi shortcut registered: cmd+ctrl+48
[41172:9369647:0929/070242.436914:VERBOSE1:ahoi/browser/navigation/keyboard_shortcut_registration.cc:57] Ahoi shortcut registered: cmd+ctrl+87
[41172:9369647:0929/070242.581066:ERROR:ahoi/browser/updater/sparkle_runtime_mac.mm:148] Ahoi updater disabled (fail closed): missing-feed-url
objc[41286]: Class ANGLESwapCGLLayer is implemented in both /Applications/AhoiBrowser.app/Contents/Frameworks/libblink_modules.dylib (0x1421e0a50) and /Applications/AhoiBrowser.app/Contents/Frameworks/libgl_init.dylib (0x1272b8a50). This may cause spurious casting failures and mysterious crashes. One of the duplicates must be removed or renamed.
objc[41286]: Class CrashpadHTTPBodyStreamTransport is implemented in both /Applications/AhoiBrowser.app/Contents/Frameworks/libbrowser_ui_views.dylib (0x11e3c8188) and /Applications/AhoiBrowser.app/Contents/Frameworks/libchrome_dll.dylib (0x116ea2430). This may cause spurious casting failures and mysterious crashes. One of the duplicates must be removed or renamed.
objc[41287]: Class ANGLESwapCGLLayer is implemented in both /Applications/AhoiBrowser.app/Contents/Frameworks/libblink_modules.dylib (0x1426a4a50) and /Applications/AhoiBrowser.app/Contents/Frameworks/libgl_init.dylib (0x12777ca50). This may cause spurious casting failures and mysterious crashes. One of the duplicates must be removed or renamed.
objc[41287]: Class CrashpadHTTPBodyStreamTransport is implemented in both /Applications/AhoiBrowser.app/Contents/Frameworks/libbrowser_ui_views.dylib (0x1108c0188) and /Applications/AhoiBrowser.app/Contents/Frameworks/libchrome_dll.dylib (0x117366430). This may cause spurious casting failures and mysterious crashes. One of the duplicates must be removed or renamed.
objc[41288]: Class ANGLESwapCGLLayer is implemented in both /Applications/AhoiBrowser.app/Contents/Frameworks/libblink_modules.dylib (0x142908a50) and /Applications/AhoiBrowser.app/Contents/Frameworks/libgl_init.dylib (0x1279e0a50). This may cause spurious casting failures and mysterious crashes. One of the duplicates must be removed or renamed.
objc[41288]: Class CrashpadHTTPBodyStreamTransport is implemented in both /Applications/AhoiBrowser.app/Contents/Frameworks/libbrowser_ui_views.dylib (0x110aec188) and /Applications/AhoiBrowser.app/Contents/Frameworks/libchrome_dll.dylib (0x1175ca430). This may cause spurious casting failures and mysterious crashes. One of the duplicates must be removed or renamed.
objc[41289]: Class ANGLESwapCGLLayer is implemented in both /Applications/AhoiBrowser.app/Contents/Frameworks/libblink_modules.dylib (0x141d0ca50) and /Applications/AhoiBrowser.app/Contents/Frameworks/libgl_init.dylib (0x126de4a50). This may cause spurious casting failures and mysterious crashes. One of the duplicates must be removed or renamed.
objc[41289]: Class CrashpadHTTPBodyStreamTransport is implemented in both /Applications/AhoiBrowser.app/Contents/Frameworks/libbrowser_ui_views.dylib (0x11d9f4188) and /Applications/AhoiBrowser.app/Contents/Frameworks/libchrome_dll.dylib (0x1169ce430). This may cause spurious casting failures and mysterious crashes. One of the duplicates must be removed or renamed.
objc[41290]: Class ANGLESwapCGLLayer is implemented in both /Applications/AhoiBrowser.app/Contents/Frameworks/libblink_modules.dylib (0x143c58a50) and /Applications/AhoiBrowser.app/Contents/Frameworks/libgl_init.dylib (0x128d30a50). This may cause spurious casting failures and mysterious crashes. One of the duplicates must be removed or renamed.
objc[41290]: Class CrashpadHTTPBodyStreamTransport is implemented in both /Applications/AhoiBrowser.app/Contents/Frameworks/libbrowser_ui_views.dylib (0x111dd4188) and /Applications/AhoiBrowser.app/Contents/Frameworks/libchrome_dll.dylib (0x11891a430). This may cause spurious casting failures and mysterious crashes. One of the duplicates must be removed or renamed.
objc[41295]: Class ANGLESwapCGLLayer is implemented in both /Applications/AhoiBrowser.app/Contents/Frameworks/libblink_modules.dylib (0x142544a50) and /Applications/AhoiBrowser.app/Contents/Frameworks/libgl_init.dylib (0x12761ca50). This may cause spurious casting failures and mysterious crashes. One of the duplicates must be removed or renamed.
objc[41295]: Class CrashpadHTTPBodyStreamTransport is implemented in both /Applications/AhoiBrowser.app/Contents/Frameworks/libbrowser_ui_views.dylib (0x11ec18188) and /Applications/AhoiBrowser.app/Contents/Frameworks/libchrome_dll.dylib (0x117206430). This may cause spurious casting failures and mysterious crashes. One of the duplicates must be removed or renamed.
objc[41296]: Class ANGLESwapCGLLayer is implemented in both /Applications/AhoiBrowser.app/Contents/Frameworks/libblink_modules.dylib (0x1423e8a50) and /Applications/AhoiBrowser.app/Contents/Frameworks/libgl_init.dylib (0x1274c0a50). This may cause spurious casting failures and mysterious crashes. One of the duplicates must be removed or renamed.
objc[41296]: Class CrashpadHTTPBodyStreamTransport is implemented in both /Applications/AhoiBrowser.app/Contents/Frameworks/libbrowser_ui_views.dylib (0x11e554188) and /Applications/AhoiBrowser.app/Contents/Frameworks/libchrome_dll.dylib (0x1170aa430). This may cause spurious casting failures and mysterious crashes. One of the duplicates must be removed or renamed.
[41172:9369647:0929/070246.526120:VERBOSE1:ahoi/browser/session/session_bridge_session.cc:549] Ahoi persist window metadata: workspace=83699047-edf8-580d-948d-9c37acc35cb6 service=1 window_id_valid=1
[41172:9369647:0929/070246.528783:VERBOSE1:ahoi/browser/session/session_bridge_session.cc:465] Ahoi last-used record: index 0 url=about:blank
[41172:9369647:0929/070246.531856:VERBOSE1:ahoi/browser/session/session_bridge_session.cc:465] Ahoi last-used record: index 0 url=about:blank
[41172:9369647:0929/070246.532005:VERBOSE1:ahoi/browser/session/session_bridge_session.cc:549] Ahoi persist window metadata: workspace=83699047-edf8-580d-948d-9c37acc35cb6 service=1 window_id_valid=1
[41172:9369647:0929/070253.608547:VERBOSE1:ahoi/browser/session/session_bridge_session.cc:465] Ahoi last-used record: index 1 url=http://127.0.0.1:8792/alpha.html
[41172:9369647:0929/070253.613448:VERBOSE1:ahoi/browser/session/session_bridge_session.cc:465] Ahoi last-used record: index 1 url=http://127.0.0.1:8792/alpha.html
[41172:9369647:0929/070253.614066:VERBOSE1:ahoi/browser/session/session_bridge_session.cc:465] Ahoi last-used record: index 1 url=http://127.0.0.1:8792/alpha.html
[41287:9370426:0929/070253.616868:WARNING:net/disk_cache/simple/simple_synchronous_entry.cc:1507] Could not open platform files for entry.
[41172:9369647:0929/070253.634551:VERBOSE1:ahoi/browser/session/session_bridge_session.cc:465] Ahoi last-used record: index 1 url=http://127.0.0.1:8792/alpha.html
[41172:9369647:0929/070253.643248:VERBOSE1:ahoi/browser/session/session_bridge_session.cc:465] Ahoi last-used record: index 1 url=http://127.0.0.1:8792/alpha.html
objc[41662]: Class ANGLESwapCGLLayer is implemented in both /Applications/AhoiBrowser.app/Contents/Frameworks/libblink_modules.dylib (0x144558a50) and /Applications/AhoiBrowser.app/Contents/Frameworks/libgl_init.dylib (0x129630a50). This may cause spurious casting failures and mysterious crashes. One of the duplicates must be removed or renamed.
objc[41662]: Class CrashpadHTTPBodyStreamTransport is implemented in both /Applications/AhoiBrowser.app/Contents/Frameworks/libbrowser_ui_views.dylib (0x1127d4188) and /Applications/AhoiBrowser.app/Contents/Frameworks/libchrome_dll.dylib (0x11921a430). This may cause spurious casting failures and mysterious crashes. One of the duplicates must be removed or renamed.
[41172:9369647:0929/070301.441121:VERBOSE1:ahoi/browser/session/session_bridge_session.cc:465] Ahoi last-used record: index 2 url=http://127.0.0.1:8792/beta.html
[41172:9369647:0929/070301.450294:VERBOSE1:ahoi/browser/session/session_bridge_session.cc:465] Ahoi last-used record: index 2 url=http://127.0.0.1:8792/beta.html
[41172:9369647:0929/070301.450900:VERBOSE1:ahoi/browser/session/session_bridge_session.cc:465] Ahoi last-used record: index 2 url=http://127.0.0.1:8792/beta.html
[41172:9369647:0929/070301.454368:VERBOSE1:ahoi/browser/session/session_bridge_session.cc:465] Ahoi last-used record: index 2 url=http://127.0.0.1:8792/beta.html
[41172:9369647:0929/070301.465122:VERBOSE1:ahoi/browser/session/session_bridge_session.cc:465] Ahoi last-used record: index 2 url=http://127.0.0.1:8792/beta.html
objc[41911]: Class ANGLESwapCGLLayer is implemented in both /Applications/AhoiBrowser.app/Contents/Frameworks/libblink_modules.dylib (0x143d4ca50) and /Applications/AhoiBrowser.app/Contents/Frameworks/libgl_init.dylib (0x128e24a50). This may cause spurious casting failures and mysterious crashes. One of the duplicates must be removed or renamed.
objc[41911]: Class CrashpadHTTPBodyStreamTransport is implemented in both /Applications/AhoiBrowser.app/Contents/Frameworks/libbrowser_ui_views.dylib (0x111ea8188) and /Applications/AhoiBrowser.app/Contents/Frameworks/libchrome_dll.dylib (0x118a0e430). This may cause spurious casting failures and mysterious crashes. One of the duplicates must be removed or renamed.
[41286:9370455:0929/070304.564026:ERROR:components/viz/service/surfaces/surface_manager.cc:479] Old/orphaned temporary reference to SurfaceId(FrameSinkId[DelegatedFrameHost](6, 3), LocalSurfaceId(2, 2, 8AB4...))
[41172:9369647:0929/070309.282570:VERBOSE1:ahoi/browser/session/session_bridge_session.cc:465] Ahoi last-used record: index 3 url=http://127.0.0.1:8792/gamma.html
[41172:9369647:0929/070309.292067:VERBOSE1:ahoi/browser/session/session_bridge_session.cc:465] Ahoi last-used record: index 3 url=http://127.0.0.1:8792/gamma.html
[41172:9369647:0929/070309.292819:VERBOSE1:ahoi/browser/session/session_bridge_session.cc:465] Ahoi last-used record: index 3 url=http://127.0.0.1:8792/gamma.html
[41172:9369647:0929/070309.296676:VERBOSE1:ahoi/browser/session/session_bridge_session.cc:465] Ahoi last-used record: index 3 url=http://127.0.0.1:8792/gamma.html
[41172:9369647:0929/070309.308584:VERBOSE1:ahoi/browser/session/session_bridge_session.cc:465] Ahoi last-used record: index 3 url=http://127.0.0.1:8792/gamma.html
objc[42234]: Class ANGLESwapCGLLayer is implemented in both /Applications/AhoiBrowser.app/Contents/Frameworks/libblink_modules.dylib (0x13fd88a50) and /Applications/AhoiBrowser.app/Contents/Frameworks/libgl_init.dylib (0x124e60a50). This may cause spurious casting failures and mysterious crashes. One of the duplicates must be removed or renamed.
objc[42234]: Class CrashpadHTTPBodyStreamTransport is implemented in both /Applications/AhoiBrowser.app/Contents/Frameworks/libbrowser_ui_views.dylib (0x11bf9c188) and /Applications/AhoiBrowser.app/Contents/Frameworks/libchrome_dll.dylib (0x114a4a430). This may cause spurious casting failures and mysterious crashes. One of the duplicates must be removed or renamed.
[41172:9369647:0929/070312.601844:VERBOSE1:chrome/browser/ui/views/frame/browser_view.cc:3736] Ahoi key trace: PreHandleKeyboardEvent tab modifiers=12 registered=1
[41172:9369647:0929/070312.602029:VERBOSE1:ahoi/browser/session/session_bridge_session.cc:498] Ahoi last-used tab: index 0 tracked=1 same_model=1 workspace=83699047-edf8-580d-948d-9c37acc35cb6 active=83699047-edf8-580d-948d-9c37acc35cb6
[41172:9369647:0929/070312.602040:VERBOSE1:ahoi/browser/session/session_bridge_session.cc:498] Ahoi last-used tab: index 1 tracked=1 same_model=1 workspace=83699047-edf8-580d-948d-9c37acc35cb6 active=83699047-edf8-580d-948d-9c37acc35cb6
[41172:9369647:0929/070312.602060:VERBOSE1:ahoi/browser/session/session_bridge_session.cc:498] Ahoi last-used tab: index 2 tracked=1 same_model=1 workspace=83699047-edf8-580d-948d-9c37acc35cb6 active=83699047-edf8-580d-948d-9c37acc35cb6
[41172:9369647:0929/070312.602067:VERBOSE1:ahoi/browser/session/session_bridge_session.cc:498] Ahoi last-used tab: index 3 tracked=1 same_model=1 workspace=83699047-edf8-580d-948d-9c37acc35cb6 active=83699047-edf8-580d-948d-9c37acc35cb6
[41172:9369647:0929/070312.602072:VERBOSE1:ahoi/browser/session/session_bridge_session.cc:518] Ahoi last-used tab: mru=4 eligible=4 target=1
[41172:9369647:0929/070312.602078:VERBOSE1:ahoi/browser/session/session_bridge_session.cc:525] Ahoi last-used tab: activate index 2 from 3 url=http://127.0.0.1:8792/beta.html
[41172:9369647:0929/070312.608928:VERBOSE1:ahoi/browser/session/session_bridge_session.cc:465] Ahoi last-used record: index 2 url=http://127.0.0.1:8792/beta.html
[41172:9369647:0929/070312.609344:VERBOSE1:ahoi/browser/session/session_bridge_session.cc:531] Ahoi last-used tab: active index now 2
[41172:9369647:0929/070312.609359:VERBOSE1:chrome/browser/ui/views/frame/browser_view.cc:6127] Ahoi shortcut tab.last-used handled
[41172:9369647:0929/070314.446238:VERBOSE1:chrome/browser/ui/views/frame/browser_view.cc:3736] Ahoi key trace: PreHandleKeyboardEvent tab modifiers=12 registered=1
[41172:9369647:0929/070314.446441:VERBOSE1:ahoi/browser/session/session_bridge_session.cc:498] Ahoi last-used tab: index 0 tracked=1 same_model=1 workspace=83699047-edf8-580d-948d-9c37acc35cb6 active=83699047-edf8-580d-948d-9c37acc35cb6
[41172:9369647:0929/070314.446456:VERBOSE1:ahoi/browser/session/session_bridge_session.cc:498] Ahoi last-used tab: index 1 tracked=1 same_model=1 workspace=83699047-edf8-580d-948d-9c37acc35cb6 active=83699047-edf8-580d-948d-9c37acc35cb6
[41172:9369647:0929/070314.446463:VERBOSE1:ahoi/browser/session/session_bridge_session.cc:498] Ahoi last-used tab: index 2 tracked=1 same_model=1 workspace=83699047-edf8-580d-948d-9c37acc35cb6 active=83699047-edf8-580d-948d-9c37acc35cb6
[41172:9369647:0929/070314.446469:VERBOSE1:ahoi/browser/session/session_bridge_session.cc:498] Ahoi last-used tab: index 3 tracked=1 same_model=1 workspace=83699047-edf8-580d-948d-9c37acc35cb6 active=83699047-edf8-580d-948d-9c37acc35cb6
[41172:9369647:0929/070314.446475:VERBOSE1:ahoi/browser/session/session_bridge_session.cc:518] Ahoi last-used tab: mru=4 eligible=4 target=1
[41172:9369647:0929/070314.446481:VERBOSE1:ahoi/browser/session/session_bridge_session.cc:525] Ahoi last-used tab: activate index 3 from 2 url=http://127.0.0.1:8792/gamma.html
[41172:9369647:0929/070314.453712:VERBOSE1:ahoi/browser/session/session_bridge_session.cc:465] Ahoi last-used record: index 3 url=http://127.0.0.1:8792/gamma.html
[41172:9369647:0929/070314.454119:VERBOSE1:ahoi/browser/session/session_bridge_session.cc:531] Ahoi last-used tab: active index now 3
[41172:9369647:0929/070314.454135:VERBOSE1:chrome/browser/ui/views/frame/browser_view.cc:6127] Ahoi shortcut tab.last-used handled
[41172:9369647:0929/070316.286321:VERBOSE1:ahoi/browser/session/session_bridge_session.cc:465] Ahoi last-used record: index 0 url=about:blank
[41172:9369647:0929/070319.600141:VERBOSE1:ahoi/browser/session/session_bridge_session.cc:498] Ahoi last-used tab: index 0 tracked=1 same_model=1 workspace=83699047-edf8-580d-948d-9c37acc35cb6 active=83699047-edf8-580d-948d-9c37acc35cb6
[41172:9369647:0929/070319.600176:VERBOSE1:ahoi/browser/session/session_bridge_session.cc:498] Ahoi last-used tab: index 1 tracked=1 same_model=1 workspace=83699047-edf8-580d-948d-9c37acc35cb6 active=83699047-edf8-580d-948d-9c37acc35cb6
[41172:9369647:0929/070319.600184:VERBOSE1:ahoi/browser/session/session_bridge_session.cc:498] Ahoi last-used tab: index 2 tracked=1 same_model=1 workspace=83699047-edf8-580d-948d-9c37acc35cb6 active=83699047-edf8-580d-948d-9c37acc35cb6
[41172:9369647:0929/070319.600190:VERBOSE1:ahoi/browser/session/session_bridge_session.cc:498] Ahoi last-used tab: index 3 tracked=1 same_model=1 workspace=83699047-edf8-580d-948d-9c37acc35cb6 active=83699047-edf8-580d-948d-9c37acc35cb6
[41172:9369647:0929/070319.600203:VERBOSE1:ahoi/browser/session/session_bridge_session.cc:518] Ahoi last-used tab: mru=4 eligible=4 target=1
[41172:9369647:0929/070319.600209:VERBOSE1:ahoi/browser/session/session_bridge_session.cc:525] Ahoi last-used tab: activate index 3 from 0 url=http://127.0.0.1:8792/gamma.html
[41172:9369647:0929/070319.606784:VERBOSE1:ahoi/browser/session/session_bridge_session.cc:465] Ahoi last-used record: index 3 url=http://127.0.0.1:8792/gamma.html
[41172:9369647:0929/070319.607192:VERBOSE1:ahoi/browser/session/session_bridge_session.cc:531] Ahoi last-used tab: active index now 3
[41172:9369647:0929/070319.607208:VERBOSE1:chrome/browser/ui/views/frame/browser_view.cc:6127] Ahoi shortcut tab.last-used handled
[41172:9369647:0929/070326.011976:VERBOSE1:ahoi/browser/session/session_bridge_session.cc:549] Ahoi persist window metadata: workspace=71065079-860b-47af-997a-6717d394544b service=1 window_id_valid=1
[41172:9369647:0929/070332.168459:VERBOSE1:ahoi/browser/session/session_bridge_session.cc:465] Ahoi last-used record: index 4 url=http://127.0.0.1:8792/delta.html
[41172:9369647:0929/070332.173358:VERBOSE1:ahoi/browser/session/session_bridge_session.cc:465] Ahoi last-used record: index 4 url=http://127.0.0.1:8792/delta.html
[41172:9369647:0929/070332.174101:VERBOSE1:ahoi/browser/session/session_bridge_session.cc:465] Ahoi last-used record: index 4 url=http://127.0.0.1:8792/delta.html
[41172:9369647:0929/070332.178174:VERBOSE1:ahoi/browser/session/session_bridge_session.cc:465] Ahoi last-used record: index 4 url=http://127.0.0.1:8792/delta.html
[41172:9369647:0929/070332.188700:VERBOSE1:ahoi/browser/session/session_bridge_session.cc:465] Ahoi last-used record: index 4 url=http://127.0.0.1:8792/delta.html
objc[43952]: Class ANGLESwapCGLLayer is implemented in both /Applications/AhoiBrowser.app/Contents/Frameworks/libblink_modules.dylib (0x141f9ca50) and /Applications/AhoiBrowser.app/Contents/Frameworks/libgl_init.dylib (0x127074a50). This may cause spurious casting failures and mysterious crashes. One of the duplicates must be removed or renamed.
objc[43952]: Class CrashpadHTTPBodyStreamTransport is implemented in both /Applications/AhoiBrowser.app/Contents/Frameworks/libbrowser_ui_views.dylib (0x110158188) and /Applications/AhoiBrowser.app/Contents/Frameworks/libchrome_dll.dylib (0x116c5e430). This may cause spurious casting failures and mysterious crashes. One of the duplicates must be removed or renamed.
[41172:9369647:0929/070335.016766:VERBOSE1:chrome/browser/ui/views/frame/browser_view.cc:3736] Ahoi key trace: PreHandleKeyboardEvent tab modifiers=12 registered=1
[41172:9369647:0929/070335.016968:VERBOSE1:ahoi/browser/session/session_bridge_session.cc:498] Ahoi last-used tab: index 0 tracked=1 same_model=1 workspace=83699047-edf8-580d-948d-9c37acc35cb6 active=71065079-860b-47af-997a-6717d394544b
[41172:9369647:0929/070335.016984:VERBOSE1:ahoi/browser/session/session_bridge_session.cc:498] Ahoi last-used tab: index 1 tracked=1 same_model=1 workspace=83699047-edf8-580d-948d-9c37acc35cb6 active=71065079-860b-47af-997a-6717d394544b
[41172:9369647:0929/070335.016990:VERBOSE1:ahoi/browser/session/session_bridge_session.cc:498] Ahoi last-used tab: index 2 tracked=1 same_model=1 workspace=83699047-edf8-580d-948d-9c37acc35cb6 active=71065079-860b-47af-997a-6717d394544b
[41172:9369647:0929/070335.016995:VERBOSE1:ahoi/browser/session/session_bridge_session.cc:498] Ahoi last-used tab: index 3 tracked=1 same_model=1 workspace=83699047-edf8-580d-948d-9c37acc35cb6 active=71065079-860b-47af-997a-6717d394544b
[41172:9369647:0929/070335.017000:VERBOSE1:ahoi/browser/session/session_bridge_session.cc:498] Ahoi last-used tab: index 4 tracked=1 same_model=1 workspace=71065079-860b-47af-997a-6717d394544b active=71065079-860b-47af-997a-6717d394544b
[41172:9369647:0929/070335.017004:VERBOSE1:ahoi/browser/session/session_bridge_session.cc:518] Ahoi last-used tab: mru=5 eligible=1 target=0
[41172:9369647:0929/070335.017021:VERBOSE1:chrome/browser/ui/views/frame/browser_view.cc:6127] Ahoi shortcut tab.last-used not applicable
[41172:9369647:0929/070335.017898:VERBOSE1:ahoi/browser/session/session_bridge_session.cc:498] Ahoi last-used tab: index 0 tracked=1 same_model=1 workspace=83699047-edf8-580d-948d-9c37acc35cb6 active=71065079-860b-47af-997a-6717d394544b
[41172:9369647:0929/070335.017912:VERBOSE1:ahoi/browser/session/session_bridge_session.cc:498] Ahoi last-used tab: index 1 tracked=1 same_model=1 workspace=83699047-edf8-580d-948d-9c37acc35cb6 active=71065079-860b-47af-997a-6717d394544b
[41172:9369647:0929/070335.017917:VERBOSE1:ahoi/browser/session/session_bridge_session.cc:498] Ahoi last-used tab: index 2 tracked=1 same_model=1 workspace=83699047-edf8-580d-948d-9c37acc35cb6 active=71065079-860b-47af-997a-6717d394544b
[41172:9369647:0929/070335.017922:VERBOSE1:ahoi/browser/session/session_bridge_session.cc:498] Ahoi last-used tab: index 3 tracked=1 same_model=1 workspace=83699047-edf8-580d-948d-9c37acc35cb6 active=71065079-860b-47af-997a-6717d394544b
[41172:9369647:0929/070335.017926:VERBOSE1:ahoi/browser/session/session_bridge_session.cc:498] Ahoi last-used tab: index 4 tracked=1 same_model=1 workspace=71065079-860b-47af-997a-6717d394544b active=71065079-860b-47af-997a-6717d394544b
[41172:9369647:0929/070335.017931:VERBOSE1:ahoi/browser/session/session_bridge_session.cc:518] Ahoi last-used tab: mru=5 eligible=1 target=0
[41172:9369647:0929/070335.017935:VERBOSE1:chrome/browser/ui/views/frame/browser_view.cc:6127] Ahoi shortcut tab.last-used not applicable
[41172:9369647:0929/070335.020621:VERBOSE1:ahoi/browser/session/session_bridge_session.cc:498] Ahoi last-used tab: index 0 tracked=1 same_model=1 workspace=83699047-edf8-580d-948d-9c37acc35cb6 active=71065079-860b-47af-997a-6717d394544b
[41172:9369647:0929/070335.020641:VERBOSE1:ahoi/browser/session/session_bridge_session.cc:498] Ahoi last-used tab: index 1 tracked=1 same_model=1 workspace=83699047-edf8-580d-948d-9c37acc35cb6 active=71065079-860b-47af-997a-6717d394544b
[41172:9369647:0929/070335.020648:VERBOSE1:ahoi/browser/session/session_bridge_session.cc:498] Ahoi last-used tab: index 2 tracked=1 same_model=1 workspace=83699047-edf8-580d-948d-9c37acc35cb6 active=71065079-860b-47af-997a-6717d394544b
[41172:9369647:0929/070335.020653:VERBOSE1:ahoi/browser/session/session_bridge_session.cc:498] Ahoi last-used tab: index 3 tracked=1 same_model=1 workspace=83699047-edf8-580d-948d-9c37acc35cb6 active=71065079-860b-47af-997a-6717d394544b
[41172:9369647:0929/070335.020658:VERBOSE1:ahoi/browser/session/session_bridge_session.cc:498] Ahoi last-used tab: index 4 tracked=1 same_model=1 workspace=71065079-860b-47af-997a-6717d394544b active=71065079-860b-47af-997a-6717d394544b
[41172:9369647:0929/070335.020663:VERBOSE1:ahoi/browser/session/session_bridge_session.cc:518] Ahoi last-used tab: mru=5 eligible=1 target=0
[41172:9369647:0929/070335.020668:VERBOSE1:chrome/browser/ui/views/frame/browser_view.cc:6127] Ahoi shortcut tab.last-used not applicable
[41172:9369647:0929/070335.020841:VERBOSE1:ahoi/browser/session/session_bridge_session.cc:498] Ahoi last-used tab: index 0 tracked=1 same_model=1 workspace=83699047-edf8-580d-948d-9c37acc35cb6 active=71065079-860b-47af-997a-6717d394544b
[41172:9369647:0929/070335.020849:VERBOSE1:ahoi/browser/session/session_bridge_session.cc:498] Ahoi last-used tab: index 1 tracked=1 same_model=1 workspace=83699047-edf8-580d-948d-9c37acc35cb6 active=71065079-860b-47af-997a-6717d394544b
[41172:9369647:0929/070335.020854:VERBOSE1:ahoi/browser/session/session_bridge_session.cc:498] Ahoi last-used tab: index 2 tracked=1 same_model=1 workspace=83699047-edf8-580d-948d-9c37acc35cb6 active=71065079-860b-47af-997a-6717d394544b
[41172:9369647:0929/070335.020858:VERBOSE1:ahoi/browser/session/session_bridge_session.cc:498] Ahoi last-used tab: index 3 tracked=1 same_model=1 workspace=83699047-edf8-580d-948d-9c37acc35cb6 active=71065079-860b-47af-997a-6717d394544b
[41172:9369647:0929/070335.020861:VERBOSE1:ahoi/browser/session/session_bridge_session.cc:498] Ahoi last-used tab: index 4 tracked=1 same_model=1 workspace=71065079-860b-47af-997a-6717d394544b active=71065079-860b-47af-997a-6717d394544b
[41172:9369647:0929/070335.020876:VERBOSE1:ahoi/browser/session/session_bridge_session.cc:518] Ahoi last-used tab: mru=5 eligible=1 target=0
[41172:9369647:0929/070335.020880:VERBOSE1:chrome/browser/ui/views/frame/browser_view.cc:6127] Ahoi shortcut tab.last-used not applicable
[41172:9369647:0929/070335.021036:VERBOSE1:ahoi/browser/session/session_bridge_session.cc:498] Ahoi last-used tab: index 0 tracked=1 same_model=1 workspace=83699047-edf8-580d-948d-9c37acc35cb6 active=71065079-860b-47af-997a-6717d394544b
[41172:9369647:0929/070335.021044:VERBOSE1:ahoi/browser/session/session_bridge_session.cc:498] Ahoi last-used tab: index 1 tracked=1 same_model=1 workspace=83699047-edf8-580d-948d-9c37acc35cb6 active=71065079-860b-47af-997a-6717d394544b
[41172:9369647:0929/070335.021049:VERBOSE1:ahoi/browser/session/session_bridge_session.cc:498] Ahoi last-used tab: index 2 tracked=1 same_model=1 workspace=83699047-edf8-580d-948d-9c37acc35cb6 active=71065079-860b-47af-997a-6717d394544b
[41172:9369647:0929/070335.021052:VERBOSE1:ahoi/browser/session/session_bridge_session.cc:498] Ahoi last-used tab: index 3 tracked=1 same_model=1 workspace=83699047-edf8-580d-948d-9c37acc35cb6 active=71065079-860b-47af-997a-6717d394544b
[41172:9369647:0929/070335.021056:VERBOSE1:ahoi/browser/session/session_bridge_session.cc:498] Ahoi last-used tab: index 4 tracked=1 same_model=1 workspace=71065079-860b-47af-997a-6717d394544b active=71065079-860b-47af-997a-6717d394544b
[41172:9369647:0929/070335.021061:VERBOSE1:ahoi/browser/session/session_bridge_session.cc:518] Ahoi last-used tab: mru=5 eligible=1 target=0
[41172:9369647:0929/070335.021065:VERBOSE1:chrome/browser/ui/views/frame/browser_view.cc:6127] Ahoi shortcut tab.last-used not applicable
[41172:9369647:0929/070335.021243:VERBOSE1:ahoi/browser/session/session_bridge_session.cc:498] Ahoi last-used tab: index 0 tracked=1 same_model=1 workspace=83699047-edf8-580d-948d-9c37acc35cb6 active=71065079-860b-47af-997a-6717d394544b
[41172:9369647:0929/070335.021249:VERBOSE1:ahoi/browser/session/session_bridge_session.cc:498] Ahoi last-used tab: index 1 tracked=1 same_model=1 workspace=83699047-edf8-580d-948d-9c37acc35cb6 active=71065079-860b-47af-997a-6717d394544b
[41172:9369647:0929/070335.021254:VERBOSE1:ahoi/browser/session/session_bridge_session.cc:498] Ahoi last-used tab: index 2 tracked=1 same_model=1 workspace=83699047-edf8-580d-948d-9c37acc35cb6 active=71065079-860b-47af-997a-6717d394544b
[41172:9369647:0929/070335.021257:VERBOSE1:ahoi/browser/session/session_bridge_session.cc:498] Ahoi last-used tab: index 3 tracked=1 same_model=1 workspace=83699047-edf8-580d-948d-9c37acc35cb6 active=71065079-860b-47af-997a-6717d394544b
[41172:9369647:0929/070335.021261:VERBOSE1:ahoi/browser/session/session_bridge_session.cc:498] Ahoi last-used tab: index 4 tracked=1 same_model=1 workspace=71065079-860b-47af-997a-6717d394544b active=71065079-860b-47af-997a-6717d394544b
[41172:9369647:0929/070335.021266:VERBOSE1:ahoi/browser/session/session_bridge_session.cc:518] Ahoi last-used tab: mru=5 eligible=1 target=0
[41172:9369647:0929/070335.021269:VERBOSE1:chrome/browser/ui/views/frame/browser_view.cc:6127] Ahoi shortcut tab.last-used not applicable
[41172:9369647:0929/070335.045642:VERBOSE1:chrome/browser/ui/views/frame/browser_view.cc:3736] Ahoi key trace: PreHandleKeyboardEvent tab modifiers=12 registered=0
[41172:9369647:0929/070340.845435:VERBOSE1:ahoi/browser/session/session_bridge_session.cc:465] Ahoi last-used record: index 3 url=http://127.0.0.1:8792/gamma.html
[41172:9369647:0929/070340.845947:VERBOSE1:ahoi/browser/session/session_bridge_session.cc:549] Ahoi persist window metadata: workspace=83699047-edf8-580d-948d-9c37acc35cb6 service=1 window_id_valid=1
objc[46811]: Class ANGLESwapCGLLayer is implemented in both /Applications/AhoiBrowser.app/Contents/Frameworks/libblink_modules.dylib (0x1418d0a50) and /Applications/AhoiBrowser.app/Contents/Frameworks/libgl_init.dylib (0x1269a8a50). This may cause spurious casting failures and mysterious crashes. One of the duplicates must be removed or renamed.
objc[46811]: Class CrashpadHTTPBodyStreamTransport is implemented in both /Applications/AhoiBrowser.app/Contents/Frameworks/libbrowser_ui_views.dylib (0x11d520188) and /Applications/AhoiBrowser.app/Contents/Frameworks/libchrome_dll.dylib (0x116592430). This may cause spurious casting failures and mysterious crashes. One of the duplicates must be removed or renamed.
objc[47329]: Class ANGLESwapCGLLayer is implemented in both /Applications/AhoiBrowser.app/Contents/Frameworks/libblink_modules.dylib (0x140220a50) and /Applications/AhoiBrowser.app/Contents/Frameworks/libgl_init.dylib (0x1252f8a50). This may cause spurious casting failures and mysterious crashes. One of the duplicates must be removed or renamed.
objc[47329]: Class CrashpadHTTPBodyStreamTransport is implemented in both /Applications/AhoiBrowser.app/Contents/Frameworks/libbrowser_ui_views.dylib (0x10e3d0188) and /Applications/AhoiBrowser.app/Contents/Frameworks/libchrome_dll.dylib (0x114ee2430). This may cause spurious casting failures and mysterious crashes. One of the duplicates must be removed or renamed.
[41172:9369647:0929/070346.540636:VERBOSE1:ahoi/browser/session/session_bridge_session.cc:465] Ahoi last-used record: index 5 url=chrome://settings/ahoi
[41172:9369647:0929/070346.550216:VERBOSE1:ahoi/browser/session/session_bridge_session.cc:465] Ahoi last-used record: index 5 url=chrome://settings/ahoi
[41172:9369647:0929/070346.551456:VERBOSE1:ahoi/browser/session/session_bridge_session.cc:465] Ahoi last-used record: index 5 url=chrome://settings/ahoi
[41172:9369647:0929/070346.566292:VERBOSE1:ahoi/browser/session/session_bridge_session.cc:465] Ahoi last-used record: index 5 url=chrome://settings/ahoi
[41172:9369647:0929/070346.570262:VERBOSE1:ahoi/browser/session/session_bridge_session.cc:465] Ahoi last-used record: index 5 url=chrome://settings/ahoi
[41172:9369647:0929/070346.699267:VERBOSE1:ahoi/browser/session/session_bridge_session.cc:465] Ahoi last-used record: index 5 url=chrome://settings/ahoi
objc[47404]: Class ANGLESwapCGLLayer is implemented in both /Applications/AhoiBrowser.app/Contents/Frameworks/libblink_modules.dylib (0x143fbca50) and /Applications/AhoiBrowser.app/Contents/Frameworks/libgl_init.dylib (0x129094a50). This may cause spurious casting failures and mysterious crashes. One of the duplicates must be removed or renamed.
objc[47404]: Class CrashpadHTTPBodyStreamTransport is implemented in both /Applications/AhoiBrowser.app/Contents/Frameworks/libbrowser_ui_views.dylib (0x112238188) and /Applications/AhoiBrowser.app/Contents/Frameworks/libchrome_dll.dylib (0x118c7e430). This may cause spurious casting failures and mysterious crashes. One of the duplicates must be removed or renamed.
objc[47413]: Class ANGLESwapCGLLayer is implemented in both /Applications/AhoiBrowser.app/Contents/Frameworks/libblink_modules.dylib (0x141a20a50) and /Applications/AhoiBrowser.app/Contents/Frameworks/libgl_init.dylib (0x126af8a50). This may cause spurious casting failures and mysterious crashes. One of the duplicates must be removed or renamed.
objc[47413]: Class CrashpadHTTPBodyStreamTransport is implemented in both /Applications/AhoiBrowser.app/Contents/Frameworks/libbrowser_ui_views.dylib (0x10fcd8188) and /Applications/AhoiBrowser.app/Contents/Frameworks/libchrome_dll.dylib (0x1166e2430). This may cause spurious casting failures and mysterious crashes. One of the duplicates must be removed or renamed.
objc[47454]: Class ANGLESwapCGLLayer is implemented in both /Applications/AhoiBrowser.app/Contents/Frameworks/libblink_modules.dylib (0x144474a50) and /Applications/AhoiBrowser.app/Contents/Frameworks/libgl_init.dylib (0x12954ca50). This may cause spurious casting failures and mysterious crashes. One of the duplicates must be removed or renamed.
objc[47454]: Class CrashpadHTTPBodyStreamTransport is implemented in both /Applications/AhoiBrowser.app/Contents/Frameworks/libbrowser_ui_views.dylib (0x1205e0188) and /Applications/AhoiBrowser.app/Contents/Frameworks/libchrome_dll.dylib (0x119136430). This may cause spurious casting failures and mysterious crashes. One of the duplicates must be removed or renamed.
objc[47509]: Class ANGLESwapCGLLayer is implemented in both /Applications/AhoiBrowser.app/Contents/Frameworks/libblink_modules.dylib (0x144094a50) and /Applications/AhoiBrowser.app/Contents/Frameworks/libgl_init.dylib (0x12916ca50). This may cause spurious casting failures and mysterious crashes. One of the duplicates must be removed or renamed.
objc[47509]: Class CrashpadHTTPBodyStreamTransport is implemented in both /Applications/AhoiBrowser.app/Contents/Frameworks/libbrowser_ui_views.dylib (0x120200188) and /Applications/AhoiBrowser.app/Contents/Frameworks/libchrome_dll.dylib (0x118d56430). This may cause spurious casting failures and mysterious crashes. One of the duplicates must be removed or renamed.
[41172:9369647:0929/070353.822281:VERBOSE1:ahoi/browser/navigation/keyboard_shortcut_registration.cc:51] Ahoi shortcut unregistered: ctrl+alt+9
[41172:9369647:0929/070353.822321:VERBOSE1:ahoi/browser/navigation/keyboard_shortcut_registration.cc:57] Ahoi shortcut registered: cmd+alt+75
[41172:9369647:0929/070401.383409:VERBOSE1:chrome/browser/ui/views/frame/browser_view.cc:3736] Ahoi key trace: PreHandleKeyboardEvent tab modifiers=12 registered=0
[41172:9369647:0929/070401.421134:VERBOSE1:chrome/browser/ui/views/frame/browser_view.cc:3736] Ahoi key trace: PreHandleKeyboardEvent tab modifiers=12 registered=0
objc[48411]: Class ANGLESwapCGLLayer is implemented in both /Applications/AhoiBrowser.app/Contents/Frameworks/libblink_modules.dylib (0x1437fca50) and /Applications/AhoiBrowser.app/Contents/Frameworks/libgl_init.dylib (0x1288d4a50). This may cause spurious casting failures and mysterious crashes. One of the duplicates must be removed or renamed.
objc[48411]: Class CrashpadHTTPBodyStreamTransport is implemented in both /Applications/AhoiBrowser.app/Contents/Frameworks/libbrowser_ui_views.dylib (0x11f968188) and /Applications/AhoiBrowser.app/Contents/Frameworks/libchrome_dll.dylib (0x1184be430). This may cause spurious casting failures and mysterious crashes. One of the duplicates must be removed or renamed.
[41172:9369647:0929/070404.960542:VERBOSE1:ahoi/browser/session/session_bridge_session.cc:498] Ahoi last-used tab: index 0 tracked=1 same_model=1 workspace=83699047-edf8-580d-948d-9c37acc35cb6 active=83699047-edf8-580d-948d-9c37acc35cb6
[41172:9369647:0929/070404.960593:VERBOSE1:ahoi/browser/session/session_bridge_session.cc:498] Ahoi last-used tab: index 1 tracked=1 same_model=1 workspace=83699047-edf8-580d-948d-9c37acc35cb6 active=83699047-edf8-580d-948d-9c37acc35cb6
[41172:9369647:0929/070404.960602:VERBOSE1:ahoi/browser/session/session_bridge_session.cc:498] Ahoi last-used tab: index 2 tracked=1 same_model=1 workspace=83699047-edf8-580d-948d-9c37acc35cb6 active=83699047-edf8-580d-948d-9c37acc35cb6
[41172:9369647:0929/070404.960608:VERBOSE1:ahoi/browser/session/session_bridge_session.cc:498] Ahoi last-used tab: index 3 tracked=1 same_model=1 workspace=83699047-edf8-580d-948d-9c37acc35cb6 active=83699047-edf8-580d-948d-9c37acc35cb6
[41172:9369647:0929/070404.960613:VERBOSE1:ahoi/browser/session/session_bridge_session.cc:498] Ahoi last-used tab: index 4 tracked=1 same_model=1 workspace=71065079-860b-47af-997a-6717d394544b active=83699047-edf8-580d-948d-9c37acc35cb6
[41172:9369647:0929/070404.960617:VERBOSE1:ahoi/browser/session/session_bridge_session.cc:498] Ahoi last-used tab: index 5 tracked=1 same_model=1 workspace=83699047-edf8-580d-948d-9c37acc35cb6 active=83699047-edf8-580d-948d-9c37acc35cb6
[41172:9369647:0929/070404.960622:VERBOSE1:ahoi/browser/session/session_bridge_session.cc:518] Ahoi last-used tab: mru=6 eligible=5 target=1
[41172:9369647:0929/070404.960627:VERBOSE1:ahoi/browser/session/session_bridge_session.cc:525] Ahoi last-used tab: activate index 3 from 5 url=http://127.0.0.1:8792/gamma.html
[41172:9369647:0929/070404.968105:VERBOSE1:ahoi/browser/session/session_bridge_session.cc:465] Ahoi last-used record: index 3 url=http://127.0.0.1:8792/gamma.html
[41172:9369647:0929/070404.968616:VERBOSE1:ahoi/browser/session/session_bridge_session.cc:531] Ahoi last-used tab: active index now 3
[41172:9369647:0929/070404.968639:VERBOSE1:chrome/browser/ui/views/frame/browser_view.cc:6127] Ahoi shortcut tab.last-used handled
[41172:9369647:0929/070408.632406:ERROR:base/process/kill_posix.cc:33] waitpid(41287): No child processes (10)
objc[48737]: Class ANGLESwapCGLLayer is implemented in both /Applications/AhoiBrowser.app/Contents/Frameworks/libblink_modules.dylib (0x142678a50) and /Applications/AhoiBrowser.app/Contents/Frameworks/libgl_init.dylib (0x127750a50). This may cause spurious casting failures and mysterious crashes. One of the duplicates must be removed or renamed.
objc[48737]: Class CrashpadHTTPBodyStreamTransport is implemented in both /Applications/AhoiBrowser.app/Contents/Frameworks/libbrowser_ui_views.dylib (0x110780188) and /Applications/AhoiBrowser.app/Contents/Frameworks/libchrome_dll.dylib (0x11733a430). This may cause spurious casting failures and mysterious crashes. One of the duplicates must be removed or renamed.
[48737:9390719:0929/070411.439034:ERROR:chrome/browser/mac/code_sign_clone_manager.mm:98] error removing quarantine attribute "/var/folders/zn/wn74lz2s2bsfp734gbqytmpr0000gn/X/"
[48737:9390719:0929/070411.463235:ERROR:chrome/browser/mac/code_sign_clone_manager.mm:98] error removing quarantine attribute "/var/folders/zn/wn74lz2s2bsfp734gbqytmpr0000gn/X/"
[48737:9390492:0929/070411.477839:WARNING:chrome/browser/signin/account_consistency_mode_manager.cc:74] Desktop Identity Consistency cannot be enabled as no OAuth client ID and client secret have been configured.

DevTools listening on ws://127.0.0.1:9345/devtools/browser/0bb49397-eec2-4b63-8e6d-5c77e498ed0c
[48737:9390492:0929/070411.632459:VERBOSE1:ahoi/browser/navigation/keyboard_shortcut_registration.cc:57] Ahoi shortcut registered: cmd+alt+75
[48737:9390492:0929/070411.632493:VERBOSE1:ahoi/browser/navigation/keyboard_shortcut_registration.cc:57] Ahoi shortcut registered: cmd+alt+37
[48737:9390492:0929/070411.632500:VERBOSE1:ahoi/browser/navigation/keyboard_shortcut_registration.cc:57] Ahoi shortcut registered: cmd+alt+39
[48737:9390492:0929/070411.632506:VERBOSE1:ahoi/browser/navigation/keyboard_shortcut_registration.cc:57] Ahoi shortcut registered: ctrl+49
[48737:9390492:0929/070411.632510:VERBOSE1:ahoi/browser/navigation/keyboard_shortcut_registration.cc:57] Ahoi shortcut registered: ctrl+50
[48737:9390492:0929/070411.632515:VERBOSE1:ahoi/browser/navigation/keyboard_shortcut_registration.cc:57] Ahoi shortcut registered: ctrl+51
[48737:9390492:0929/070411.632519:VERBOSE1:ahoi/browser/navigation/keyboard_shortcut_registration.cc:57] Ahoi shortcut registered: ctrl+52
[48737:9390492:0929/070411.632523:VERBOSE1:ahoi/browser/navigation/keyboard_shortcut_registration.cc:57] Ahoi shortcut registered: ctrl+53
[48737:9390492:0929/070411.632527:VERBOSE1:ahoi/browser/navigation/keyboard_shortcut_registration.cc:57] Ahoi shortcut registered: ctrl+54
[48737:9390492:0929/070411.632532:VERBOSE1:ahoi/browser/navigation/keyboard_shortcut_registration.cc:57] Ahoi shortcut registered: ctrl+55
[48737:9390492:0929/070411.632537:VERBOSE1:ahoi/browser/navigation/keyboard_shortcut_registration.cc:57] Ahoi shortcut registered: ctrl+56
[48737:9390492:0929/070411.632542:VERBOSE1:ahoi/browser/navigation/keyboard_shortcut_registration.cc:57] Ahoi shortcut registered: ctrl+57
[48737:9390492:0929/070411.632547:VERBOSE1:ahoi/browser/navigation/keyboard_shortcut_registration.cc:57] Ahoi shortcut registered: cmd+shift+83
[48737:9390492:0929/070411.632553:VERBOSE1:ahoi/browser/navigation/keyboard_shortcut_registration.cc:57] Ahoi shortcut registered: cmd+shift+72
[48737:9390492:0929/070411.632557:VERBOSE1:ahoi/browser/navigation/keyboard_shortcut_registration.cc:57] Ahoi shortcut registered: cmd+shift+70
[48737:9390492:0929/070411.632562:VERBOSE1:ahoi/browser/navigation/keyboard_shortcut_registration.cc:57] Ahoi shortcut registered: cmd+ctrl+49
[48737:9390492:0929/070411.632579:VERBOSE1:ahoi/browser/navigation/keyboard_shortcut_registration.cc:57] Ahoi shortcut registered: cmd+ctrl+50
[48737:9390492:0929/070411.632583:VERBOSE1:ahoi/browser/navigation/keyboard_shortcut_registration.cc:57] Ahoi shortcut registered: cmd+ctrl+51
[48737:9390492:0929/070411.632587:VERBOSE1:ahoi/browser/navigation/keyboard_shortcut_registration.cc:57] Ahoi shortcut registered: cmd+ctrl+52
[48737:9390492:0929/070411.632591:VERBOSE1:ahoi/browser/navigation/keyboard_shortcut_registration.cc:57] Ahoi shortcut registered: cmd+ctrl+shift+37
[48737:9390492:0929/070411.632595:VERBOSE1:ahoi/browser/navigation/keyboard_shortcut_registration.cc:57] Ahoi shortcut registered: cmd+ctrl+shift+39
[48737:9390492:0929/070411.632599:VERBOSE1:ahoi/browser/navigation/keyboard_shortcut_registration.cc:57] Ahoi shortcut registered: cmd+ctrl+37
[48737:9390492:0929/070411.632602:VERBOSE1:ahoi/browser/navigation/keyboard_shortcut_registration.cc:57] Ahoi shortcut registered: cmd+ctrl+39
[48737:9390492:0929/070411.632606:VERBOSE1:ahoi/browser/navigation/keyboard_shortcut_registration.cc:57] Ahoi shortcut registered: cmd+ctrl+76
[48737:9390492:0929/070411.632610:VERBOSE1:ahoi/browser/navigation/keyboard_shortcut_registration.cc:57] Ahoi shortcut registered: cmd+ctrl+48
[48737:9390492:0929/070411.632613:VERBOSE1:ahoi/browser/navigation/keyboard_shortcut_registration.cc:57] Ahoi shortcut registered: cmd+ctrl+87
[48737:9390492:0929/070411.729537:ERROR:ahoi/browser/updater/sparkle_runtime_mac.mm:148] Ahoi updater disabled (fail closed): missing-feed-url
objc[48802]: Class ANGLESwapCGLLayer is implemented in both /Applications/AhoiBrowser.app/Contents/Frameworks/libblink_modules.dylib (0x143f04a50) and /Applications/AhoiBrowser.app/Contents/Frameworks/libgl_init.dylib (0x128fdca50). This may cause spurious casting failures and mysterious crashes. One of the duplicates must be removed or renamed.
objc[48802]: Class CrashpadHTTPBodyStreamTransport is implemented in both /Applications/AhoiBrowser.app/Contents/Frameworks/libbrowser_ui_views.dylib (0x112180188) and /Applications/AhoiBrowser.app/Contents/Frameworks/libchrome_dll.dylib (0x118bc6430). This may cause spurious casting failures and mysterious crashes. One of the duplicates must be removed or renamed.
objc[48800]: Class ANGLESwapCGLLayer is implemented in both /Applications/AhoiBrowser.app/Contents/Frameworks/libblink_modules.dylib (0x1402b0a50) and /Applications/AhoiBrowser.app/Contents/Frameworks/libgl_init.dylib (0x125388a50). This may cause spurious casting failures and mysterious crashes. One of the duplicates must be removed or renamed.
objc[48800]: Class CrashpadHTTPBodyStreamTransport is implemented in both /Applications/AhoiBrowser.app/Contents/Frameworks/libbrowser_ui_views.dylib (0x10e43c188) and /Applications/AhoiBrowser.app/Contents/Frameworks/libchrome_dll.dylib (0x114f72430). This may cause spurious casting failures and mysterious crashes. One of the duplicates must be removed or renamed.
objc[48803]: Class ANGLESwapCGLLayer is implemented in both /Applications/AhoiBrowser.app/Contents/Frameworks/libblink_modules.dylib (0x142300a50) and /Applications/AhoiBrowser.app/Contents/Frameworks/libgl_init.dylib (0x1273d8a50). This may cause spurious casting failures and mysterious crashes. One of the duplicates must be removed or renamed.
objc[48803]: Class CrashpadHTTPBodyStreamTransport is implemented in both /Applications/AhoiBrowser.app/Contents/Frameworks/libbrowser_ui_views.dylib (0x11e4e8188) and /Applications/AhoiBrowser.app/Contents/Frameworks/libchrome_dll.dylib (0x116fc2430). This may cause spurious casting failures and mysterious crashes. One of the duplicates must be removed or renamed.
objc[48804]: Class ANGLESwapCGLLayer is implemented in both /Applications/AhoiBrowser.app/Contents/Frameworks/libblink_modules.dylib (0x142160a50) and /Applications/AhoiBrowser.app/Contents/Frameworks/libgl_init.dylib (0x127238a50). This may cause spurious casting failures and mysterious crashes. One of the duplicates must be removed or renamed.
objc[48804]: Class CrashpadHTTPBodyStreamTransport is implemented in both /Applications/AhoiBrowser.app/Contents/Frameworks/libbrowser_ui_views.dylib (0x11e374188) and /Applications/AhoiBrowser.app/Contents/Frameworks/libchrome_dll.dylib (0x116e22430). This may cause spurious casting failures and mysterious crashes. One of the duplicates must be removed or renamed.
objc[48805]: Class ANGLESwapCGLLayer is implemented in both /Applications/AhoiBrowser.app/Contents/Frameworks/libblink_modules.dylib (0x13fd1ca50) and /Applications/AhoiBrowser.app/Contents/Frameworks/libgl_init.dylib (0x124df4a50). This may cause spurious casting failures and mysterious crashes. One of the duplicates must be removed or renamed.
objc[48805]: Class CrashpadHTTPBodyStreamTransport is implemented in both /Applications/AhoiBrowser.app/Contents/Frameworks/libbrowser_ui_views.dylib (0x11bf30188) and /Applications/AhoiBrowser.app/Contents/Frameworks/libchrome_dll.dylib (0x1149de430). This may cause spurious casting failures and mysterious crashes. One of the duplicates must be removed or renamed.
objc[48809]: Class ANGLESwapCGLLayer is implemented in both /Applications/AhoiBrowser.app/Contents/Frameworks/libblink_modules.dylib (0x143a38a50) and /Applications/AhoiBrowser.app/Contents/Frameworks/libgl_init.dylib (0x128b10a50). This may cause spurious casting failures and mysterious crashes. One of the duplicates must be removed or renamed.
objc[48809]: Class CrashpadHTTPBodyStreamTransport is implemented in both /Applications/AhoiBrowser.app/Contents/Frameworks/libbrowser_ui_views.dylib (0x11fba4188) and /Applications/AhoiBrowser.app/Contents/Frameworks/libchrome_dll.dylib (0x1186fa430). This may cause spurious casting failures and mysterious crashes. One of the duplicates must be removed or renamed.
objc[48808]: Class ANGLESwapCGLLayer is implemented in both /Applications/AhoiBrowser.app/Contents/Frameworks/libblink_modules.dylib (0x14019ca50) and /Applications/AhoiBrowser.app/Contents/Frameworks/libgl_init.dylib (0x125274a50). This may cause spurious casting failures and mysterious crashes. One of the duplicates must be removed or renamed.
objc[48808]: Class CrashpadHTTPBodyStreamTransport is implemented in both /Applications/AhoiBrowser.app/Contents/Frameworks/libbrowser_ui_views.dylib (0x10e3b8188) and /Applications/AhoiBrowser.app/Contents/Frameworks/libchrome_dll.dylib (0x114e5e430). This may cause spurious casting failures and mysterious crashes. One of the duplicates must be removed or renamed.
[48737:9390492:0929/070415.438221:VERBOSE1:ahoi/browser/session/session_bridge_session.cc:549] Ahoi persist window metadata: workspace=83699047-edf8-580d-948d-9c37acc35cb6 service=1 window_id_valid=1
[48737:9390492:0929/070415.440930:VERBOSE1:ahoi/browser/session/session_bridge_session.cc:465] Ahoi last-used record: index 0 url=about:blank
[48737:9390492:0929/070415.441771:VERBOSE1:ahoi/browser/session/session_bridge_session.cc:465] Ahoi last-used record: index 0 url=about:blank
[48737:9390492:0929/070415.442013:VERBOSE1:ahoi/browser/session/session_bridge_session.cc:549] Ahoi persist window metadata: workspace=83699047-edf8-580d-948d-9c37acc35cb6 service=1 window_id_valid=1
[48737:9390492:0929/070421.793989:VERBOSE1:ahoi/browser/session/session_bridge_session.cc:465] Ahoi last-used record: index 1 url=chrome://settings/ahoi
[48737:9390492:0929/070421.802703:VERBOSE1:ahoi/browser/session/session_bridge_session.cc:465] Ahoi last-used record: index 1 url=chrome://settings/ahoi
[48737:9390492:0929/070421.803657:VERBOSE1:ahoi/browser/session/session_bridge_session.cc:465] Ahoi last-used record: index 1 url=chrome://settings/ahoi
[48737:9390492:0929/070421.807393:VERBOSE1:ahoi/browser/session/session_bridge_session.cc:465] Ahoi last-used record: index 1 url=chrome://settings/ahoi
[48737:9390492:0929/070421.818751:VERBOSE1:ahoi/browser/session/session_bridge_session.cc:465] Ahoi last-used record: index 1 url=chrome://settings/ahoi
[48737:9390492:0929/070421.938707:VERBOSE1:ahoi/browser/session/session_bridge_session.cc:465] Ahoi last-used record: index 1 url=chrome://settings/ahoi
objc[49342]: Class ANGLESwapCGLLayer is implemented in both /Applications/AhoiBrowser.app/Contents/Frameworks/libblink_modules.dylib (0x143cf0a50) and /Applications/AhoiBrowser.app/Contents/Frameworks/libgl_init.dylib (0x128dc8a50). This may cause spurious casting failures and mysterious crashes. One of the duplicates must be removed or renamed.
objc[49342]: Class CrashpadHTTPBodyStreamTransport is implemented in both /Applications/AhoiBrowser.app/Contents/Frameworks/libbrowser_ui_views.dylib (0x111f6c188) and /Applications/AhoiBrowser.app/Contents/Frameworks/libchrome_dll.dylib (0x1189b2430). This may cause spurious casting failures and mysterious crashes. One of the duplicates must be removed or renamed.
objc[49351]: Class ANGLESwapCGLLayer is implemented in both /Applications/AhoiBrowser.app/Contents/Frameworks/libblink_modules.dylib (0x1445a0a50) and /Applications/AhoiBrowser.app/Contents/Frameworks/libgl_init.dylib (0x129678a50). This may cause spurious casting failures and mysterious crashes. One of the duplicates must be removed or renamed.
objc[49351]: Class CrashpadHTTPBodyStreamTransport is implemented in both /Applications/AhoiBrowser.app/Contents/Frameworks/libbrowser_ui_views.dylib (0x1127b0188) and /Applications/AhoiBrowser.app/Contents/Frameworks/libchrome_dll.dylib (0x119262430). This may cause spurious casting failures and mysterious crashes. One of the duplicates must be removed or renamed.
[48737:9390492:0929/070427.434580:VERBOSE1:ahoi/browser/navigation/keyboard_shortcut_registration.cc:51] Ahoi shortcut unregistered: cmd+alt+75
[48737:9390492:0929/070427.434634:VERBOSE1:ahoi/browser/navigation/keyboard_shortcut_registration.cc:57] Ahoi shortcut registered: ctrl+alt+9
[48737:9390492:0929/070430.738917:ERROR:base/process/kill_posix.cc:33] waitpid(48802): No child processes (10)
