objc[51800]: Class ANGLESwapCGLLayer is implemented in both /Applications/AhoiBrowser.app/Contents/Frameworks/libblink_modules.dylib (0x140540a50) and /Applications/AhoiBrowser.app/Contents/Frameworks/libgl_init.dylib (0x12545ca50). This may cause spurious casting failures and mysterious crashes. One of the duplicates must be removed or renamed.
objc[51800]: Class CrashpadHTTPBodyStreamTransport is implemented in both /Applications/AhoiBrowser.app/Contents/Frameworks/libbrowser_ui_views.dylib (0x11db3c188) and /Applications/AhoiBrowser.app/Contents/Frameworks/libchrome_dll.dylib (0x114f3e780). This may cause spurious casting failures and mysterious crashes. One of the duplicates must be removed or renamed.
[51800:3132363:1001/213619.398123:ERROR:chrome/browser/mac/code_sign_clone_manager.mm:98] error removing quarantine attribute "/var/folders/zn/wn74lz2s2bsfp734gbqytmpr0000gn/X/"
[51800:3132363:1001/213619.418432:ERROR:chrome/browser/mac/code_sign_clone_manager.mm:98] error removing quarantine attribute "/var/folders/zn/wn74lz2s2bsfp734gbqytmpr0000gn/X/"

DevTools listening on ws://127.0.0.1:9413/devtools/browser/aa2e0e8d-97eb-46f5-8887-f839aea96798
[51800:3132253:1001/213620.736195:ERROR:ahoi/browser/updater/sparkle_runtime_mac.mm:148] Ahoi updater disabled (fail closed): missing-feed-url
objc[51810]: Class ANGLESwapCGLLayer is implemented in both /Applications/AhoiBrowser.app/Contents/Frameworks/libblink_modules.dylib (0x143fb8a50) and /Applications/AhoiBrowser.app/Contents/Frameworks/libgl_init.dylib (0x128ccca50). This may cause spurious casting failures and mysterious crashes. One of the duplicates must be removed or renamed.
objc[51810]: Class CrashpadHTTPBodyStreamTransport is implemented in both /Applications/AhoiBrowser.app/Contents/Frameworks/libbrowser_ui_views.dylib (0x1219f0188) and /Applications/AhoiBrowser.app/Contents/Frameworks/libchrome_dll.dylib (0x1187ae780). This may cause spurious casting failures and mysterious crashes. One of the duplicates must be removed or renamed.
objc[51811]: Class ANGLESwapCGLLayer is implemented in both /Applications/AhoiBrowser.app/Contents/Frameworks/libblink_modules.dylib (0x140e98a50) and /Applications/AhoiBrowser.app/Contents/Frameworks/libgl_init.dylib (0x125baca50). This may cause spurious casting failures and mysterious crashes. One of the duplicates must be removed or renamed.
objc[51811]: Class CrashpadHTTPBodyStreamTransport is implemented in both /Applications/AhoiBrowser.app/Contents/Frameworks/libbrowser_ui_views.dylib (0x11e28c188) and /Applications/AhoiBrowser.app/Contents/Frameworks/libchrome_dll.dylib (0x11568e780). This may cause spurious casting failures and mysterious crashes. One of the duplicates must be removed or renamed.
[51810:3132389:1001/213621.768983:ERROR:ui/display/mac/cv_display_link_mac.mm:188] CVDisplayLinkCreateWithCGDisplay failed. CVReturn: -6670
[51810:3132629:1001/213621.772026:ERROR:ui/display/mac/cv_display_link_mac.mm:188] CVDisplayLinkCreateWithCGDisplay failed. CVReturn: -6670
[51810:3132389:1001/213621.774215:ERROR:ui/display/mac/cv_display_link_mac.mm:188] CVDisplayLinkCreateWithCGDisplay failed. CVReturn: -6670
[51810:3132629:1001/213621.774272:ERROR:ui/display/mac/cv_display_link_mac.mm:188] CVDisplayLinkCreateWithCGDisplay failed. CVReturn: -6670
[51810:3132389:1001/213621.774494:ERROR:ui/display/mac/cv_display_link_mac.mm:188] CVDisplayLinkCreateWithCGDisplay failed. CVReturn: -6670
[51810:3132629:1001/213621.774550:ERROR:ui/display/mac/cv_display_link_mac.mm:188] CVDisplayLinkCreateWithCGDisplay failed. CVReturn: -6670
[51810:3132389:1001/213621.774762:ERROR:ui/display/mac/cv_display_link_mac.mm:188] CVDisplayLinkCreateWithCGDisplay failed. CVReturn: -6670
[51810:3132629:1001/213621.774802:ERROR:ui/display/mac/cv_display_link_mac.mm:188] CVDisplayLinkCreateWithCGDisplay failed. CVReturn: -6670
[51810:3132389:1001/213621.775004:ERROR:ui/display/mac/cv_display_link_mac.mm:188] CVDisplayLinkCreateWithCGDisplay failed. CVReturn: -6670
[51810:3132629:1001/213621.775042:ERROR:ui/display/mac/cv_display_link_mac.mm:188] CVDisplayLinkCreateWithCGDisplay failed. CVReturn: -6670
objc[51816]: Class ANGLESwapCGLLayer is implemented in both /Applications/AhoiBrowser.app/Contents/Frameworks/libblink_modules.dylib (0x142c28a50) and /Applications/AhoiBrowser.app/Contents/Frameworks/libgl_init.dylib (0x12793ca50). This may cause spurious casting failures and mysterious crashes. One of the duplicates must be removed or renamed.
objc[51816]: Class CrashpadHTTPBodyStreamTransport is implemented in both /Applications/AhoiBrowser.app/Contents/Frameworks/libbrowser_ui_views.dylib (0x12001c188) and /Applications/AhoiBrowser.app/Contents/Frameworks/libchrome_dll.dylib (0x11741e780). This may cause spurious casting failures and mysterious crashes. One of the duplicates must be removed or renamed.
objc[51815]: Class ANGLESwapCGLLayer is implemented in both /Applications/AhoiBrowser.app/Contents/Frameworks/libblink_modules.dylib (0x14519ca50) and /Applications/AhoiBrowser.app/Contents/Frameworks/libgl_init.dylib (0x129eb0a50). This may cause spurious casting failures and mysterious crashes. One of the duplicates must be removed or renamed.
objc[51815]: Class CrashpadHTTPBodyStreamTransport is implemented in both /Applications/AhoiBrowser.app/Contents/Frameworks/libbrowser_ui_views.dylib (0x122590188) and /Applications/AhoiBrowser.app/Contents/Frameworks/libchrome_dll.dylib (0x119992780). This may cause spurious casting failures and mysterious crashes. One of the duplicates must be removed or renamed.
objc[51818]: Class ANGLESwapCGLLayer is implemented in both /Applications/AhoiBrowser.app/Contents/Frameworks/libblink_modules.dylib (0x143058a50) and /Applications/AhoiBrowser.app/Contents/Frameworks/libgl_init.dylib (0x127d6ca50). This may cause spurious casting failures and mysterious crashes. One of the duplicates must be removed or renamed.
objc[51818]: Class CrashpadHTTPBodyStreamTransport is implemented in both /Applications/AhoiBrowser.app/Contents/Frameworks/libbrowser_ui_views.dylib (0x12044c188) and /Applications/AhoiBrowser.app/Contents/Frameworks/libchrome_dll.dylib (0x11784e780). This may cause spurious casting failures and mysterious crashes. One of the duplicates must be removed or renamed.
objc[51822]: Class ANGLESwapCGLLayer is implemented in both /Applications/AhoiBrowser.app/Contents/Frameworks/libblink_modules.dylib (0x142e70a50) and /Applications/AhoiBrowser.app/Contents/Frameworks/libgl_init.dylib (0x127b84a50). This may cause spurious casting failures and mysterious crashes. One of the duplicates must be removed or renamed.
objc[51822]: Class CrashpadHTTPBodyStreamTransport is implemented in both /Applications/AhoiBrowser.app/Contents/Frameworks/libbrowser_ui_views.dylib (0x120264188) and /Applications/AhoiBrowser.app/Contents/Frameworks/libchrome_dll.dylib (0x117666780). This may cause spurious casting failures and mysterious crashes. One of the duplicates must be removed or renamed.
objc[51821]: Class ANGLESwapCGLLayer is implemented in both /Applications/AhoiBrowser.app/Contents/Frameworks/libblink_modules.dylib (0x144278a50) and /Applications/AhoiBrowser.app/Contents/Frameworks/libgl_init.dylib (0x128f8ca50). This may cause spurious casting failures and mysterious crashes. One of the duplicates must be removed or renamed.
objc[51821]: Class CrashpadHTTPBodyStreamTransport is implemented in both /Applications/AhoiBrowser.app/Contents/Frameworks/libbrowser_ui_views.dylib (0x12166c188) and /Applications/AhoiBrowser.app/Contents/Frameworks/libchrome_dll.dylib (0x118a6e780). This may cause spurious casting failures and mysterious crashes. One of the duplicates must be removed or renamed.
objc[51836]: Class ANGLESwapCGLLayer is implemented in both /Applications/AhoiBrowser.app/Contents/Frameworks/libblink_modules.dylib (0x1422aca50) and /Applications/AhoiBrowser.app/Contents/Frameworks/libgl_init.dylib (0x126fc0a50). This may cause spurious casting failures and mysterious crashes. One of the duplicates must be removed or renamed.
objc[51836]: Class CrashpadHTTPBodyStreamTransport is implemented in both /Applications/AhoiBrowser.app/Contents/Frameworks/libbrowser_ui_views.dylib (0x11f6a0188) and /Applications/AhoiBrowser.app/Contents/Frameworks/libchrome_dll.dylib (0x116aa2780). This may cause spurious casting failures and mysterious crashes. One of the duplicates must be removed or renamed.
objc[51843]: Class ANGLESwapCGLLayer is implemented in both /Applications/AhoiBrowser.app/Contents/Frameworks/libblink_modules.dylib (0x1406a0a50) and /Applications/AhoiBrowser.app/Contents/Frameworks/libgl_init.dylib (0x1253b4a50). This may cause spurious casting failures and mysterious crashes. One of the duplicates must be removed or renamed.
objc[51843]: Class CrashpadHTTPBodyStreamTransport is implemented in both /Applications/AhoiBrowser.app/Contents/Frameworks/libbrowser_ui_views.dylib (0x11da94188) and /Applications/AhoiBrowser.app/Contents/Frameworks/libchrome_dll.dylib (0x114e96780). This may cause spurious casting failures and mysterious crashes. One of the duplicates must be removed or renamed.
[51800:3132364:1001/213631.774429:ERROR:components/os_crypt/common/keychain_password_mac.mm:86] Keychain add failed: Error Domain=NSOSStatusErrorDomain Code=-60006 "errAuthorizationCanceled: The authorization was cancelled by the user." (-60006)
[51800:3132366:1001/213631.790562:ERROR:components/password_manager/core/browser/password_store/login_database_async_helper.cc:99] Encryption is not available.
[51800:3132364:1001/213631.791193:ERROR:components/password_manager/core/browser/password_store/login_database_async_helper.cc:99] Encryption is not available.
[51800:3132253:1001/213641.957927:ERROR:base/process/kill_posix.cc:33] waitpid(51811): No child processes (10)
