objc[55681]: Class ANGLESwapCGLLayer is implemented in both /Applications/AhoiBrowser.app/Contents/Frameworks/libblink_modules.dylib (0x144e3ca50) and /Applications/AhoiBrowser.app/Contents/Frameworks/libgl_init.dylib (0x129b50a50). This may cause spurious casting failures and mysterious crashes. One of the duplicates must be removed or renamed.
objc[55681]: Class CrashpadHTTPBodyStreamTransport is implemented in both /Applications/AhoiBrowser.app/Contents/Frameworks/libbrowser_ui_views.dylib (0x122368188) and /Applications/AhoiBrowser.app/Contents/Frameworks/libchrome_dll.dylib (0x119632780). This may cause spurious casting failures and mysterious crashes. One of the duplicates must be removed or renamed.
[55681:3143477:1001/213843.089446:ERROR:chrome/browser/mac/code_sign_clone_manager.mm:98] error removing quarantine attribute "/var/folders/zn/wn74lz2s2bsfp734gbqytmpr0000gn/X/"
[55681:3143477:1001/213843.107591:ERROR:chrome/browser/mac/code_sign_clone_manager.mm:98] error removing quarantine attribute "/var/folders/zn/wn74lz2s2bsfp734gbqytmpr0000gn/X/"

DevTools listening on ws://127.0.0.1:9413/devtools/browser/2ce70abe-88de-4038-9a6e-6efa1a8bafd2
[55681:3143127:1001/213844.323894:ERROR:ahoi/browser/updater/sparkle_runtime_mac.mm:148] Ahoi updater disabled (fail closed): missing-feed-url
[55681:3143478:1001/213845.752815:ERROR:components/os_crypt/common/keychain_password_mac.mm:86] Keychain add failed: Error Domain=NSOSStatusErrorDomain Code=-60006 "errAuthorizationCanceled: The authorization was cancelled by the user." (-60006)
[55681:3143478:1001/213845.758862:ERROR:components/password_manager/core/browser/password_store/login_database_async_helper.cc:99] Encryption is not available.
[55681:3143480:1001/213845.771540:ERROR:components/password_manager/core/browser/password_store/login_database_async_helper.cc:99] Encryption is not available.
objc[55769]: Class ANGLESwapCGLLayer is implemented in both /Applications/AhoiBrowser.app/Contents/Frameworks/libblink_modules.dylib (0x142f6ca50) and /Applications/AhoiBrowser.app/Contents/Frameworks/libgl_init.dylib (0x127c80a50). This may cause spurious casting failures and mysterious crashes. One of the duplicates must be removed or renamed.
objc[55769]: Class CrashpadHTTPBodyStreamTransport is implemented in both /Applications/AhoiBrowser.app/Contents/Frameworks/libbrowser_ui_views.dylib (0x120360188) and /Applications/AhoiBrowser.app/Contents/Frameworks/libchrome_dll.dylib (0x117762780). This may cause spurious casting failures and mysterious crashes. One of the duplicates must be removed or renamed.
objc[55768]: Class ANGLESwapCGLLayer is implemented in both /Applications/AhoiBrowser.app/Contents/Frameworks/libblink_modules.dylib (0x144294a50) and /Applications/AhoiBrowser.app/Contents/Frameworks/libgl_init.dylib (0x128fa8a50). This may cause spurious casting failures and mysterious crashes. One of the duplicates must be removed or renamed.
objc[55768]: Class CrashpadHTTPBodyStreamTransport is implemented in both /Applications/AhoiBrowser.app/Contents/Frameworks/libbrowser_ui_views.dylib (0x121688188) and /Applications/AhoiBrowser.app/Contents/Frameworks/libchrome_dll.dylib (0x118a8a780). This may cause spurious casting failures and mysterious crashes. One of the duplicates must be removed or renamed.
objc[55772]: Class ANGLESwapCGLLayer is implemented in both /Applications/AhoiBrowser.app/Contents/Frameworks/libblink_modules.dylib (0x142b10a50) and /Applications/AhoiBrowser.app/Contents/Frameworks/libgl_init.dylib (0x127824a50). This may cause spurious casting failures and mysterious crashes. One of the duplicates must be removed or renamed.
objc[55772]: Class CrashpadHTTPBodyStreamTransport is implemented in both /Applications/AhoiBrowser.app/Contents/Frameworks/libbrowser_ui_views.dylib (0x120548188) and /Applications/AhoiBrowser.app/Contents/Frameworks/libchrome_dll.dylib (0x117306780). This may cause spurious casting failures and mysterious crashes. One of the duplicates must be removed or renamed.
objc[55771]: Class ANGLESwapCGLLayer is implemented in both /Applications/AhoiBrowser.app/Contents/Frameworks/libblink_modules.dylib (0x1410e8a50) and /Applications/AhoiBrowser.app/Contents/Frameworks/libgl_init.dylib (0x125dfca50). This may cause spurious casting failures and mysterious crashes. One of the duplicates must be removed or renamed.
objc[55771]: Class CrashpadHTTPBodyStreamTransport is implemented in both /Applications/AhoiBrowser.app/Contents/Frameworks/libbrowser_ui_views.dylib (0x11e4dc188) and /Applications/AhoiBrowser.app/Contents/Frameworks/libchrome_dll.dylib (0x1158de780). This may cause spurious casting failures and mysterious crashes. One of the duplicates must be removed or renamed.
[55768:3143502:1001/213845.947851:ERROR:ui/display/mac/cv_display_link_mac.mm:188] CVDisplayLinkCreateWithCGDisplay failed. CVReturn: -6670
[55768:3143844:1001/213845.948115:ERROR:ui/display/mac/cv_display_link_mac.mm:188] CVDisplayLinkCreateWithCGDisplay failed. CVReturn: -6670
[55768:3143502:1001/213845.952968:ERROR:ui/display/mac/cv_display_link_mac.mm:188] CVDisplayLinkCreateWithCGDisplay failed. CVReturn: -6670
[55768:3143844:1001/213845.953057:ERROR:ui/display/mac/cv_display_link_mac.mm:188] CVDisplayLinkCreateWithCGDisplay failed. CVReturn: -6670
[55768:3143502:1001/213845.953369:ERROR:ui/display/mac/cv_display_link_mac.mm:188] CVDisplayLinkCreateWithCGDisplay failed. CVReturn: -6670
[55768:3143844:1001/213845.953473:ERROR:ui/display/mac/cv_display_link_mac.mm:188] CVDisplayLinkCreateWithCGDisplay failed. CVReturn: -6670
[55768:3143502:1001/213845.953692:ERROR:ui/display/mac/cv_display_link_mac.mm:188] CVDisplayLinkCreateWithCGDisplay failed. CVReturn: -6670
[55768:3143844:1001/213845.953739:ERROR:ui/display/mac/cv_display_link_mac.mm:188] CVDisplayLinkCreateWithCGDisplay failed. CVReturn: -6670
[55768:3143502:1001/213845.953958:ERROR:ui/display/mac/cv_display_link_mac.mm:188] CVDisplayLinkCreateWithCGDisplay failed. CVReturn: -6670
[55768:3143844:1001/213845.954004:ERROR:ui/display/mac/cv_display_link_mac.mm:188] CVDisplayLinkCreateWithCGDisplay failed. CVReturn: -6670
objc[55778]: Class ANGLESwapCGLLayer is implemented in both /Applications/AhoiBrowser.app/Contents/Frameworks/libblink_modules.dylib (0x144540a50) and /Applications/AhoiBrowser.app/Contents/Frameworks/libgl_init.dylib (0x129254a50). This may cause spurious casting failures and mysterious crashes. One of the duplicates must be removed or renamed.
objc[55778]: Class CrashpadHTTPBodyStreamTransport is implemented in both /Applications/AhoiBrowser.app/Contents/Frameworks/libbrowser_ui_views.dylib (0x121934188) and /Applications/AhoiBrowser.app/Contents/Frameworks/libchrome_dll.dylib (0x118d36780). This may cause spurious casting failures and mysterious crashes. One of the duplicates must be removed or renamed.
objc[55789]: Class ANGLESwapCGLLayer is implemented in both /Applications/AhoiBrowser.app/Contents/Frameworks/libblink_modules.dylib (0x144508a50) and /Applications/AhoiBrowser.app/Contents/Frameworks/libgl_init.dylib (0x12921ca50). This may cause spurious casting failures and mysterious crashes. One of the duplicates must be removed or renamed.
objc[55789]: Class CrashpadHTTPBodyStreamTransport is implemented in both /Applications/AhoiBrowser.app/Contents/Frameworks/libbrowser_ui_views.dylib (0x1218fc188) and /Applications/AhoiBrowser.app/Contents/Frameworks/libchrome_dll.dylib (0x118cfe780). This may cause spurious casting failures and mysterious crashes. One of the duplicates must be removed or renamed.
objc[55788]: Class ANGLESwapCGLLayer is implemented in both /Applications/AhoiBrowser.app/Contents/Frameworks/libblink_modules.dylib (0x142cfca50) and /Applications/AhoiBrowser.app/Contents/Frameworks/libgl_init.dylib (0x127a10a50). This may cause spurious casting failures and mysterious crashes. One of the duplicates must be removed or renamed.
objc[55788]: Class CrashpadHTTPBodyStreamTransport is implemented in both /Applications/AhoiBrowser.app/Contents/Frameworks/libbrowser_ui_views.dylib (0x120734188) and /Applications/AhoiBrowser.app/Contents/Frameworks/libchrome_dll.dylib (0x1174f2780). This may cause spurious casting failures and mysterious crashes. One of the duplicates must be removed or renamed.
objc[55842]: Class ANGLESwapCGLLayer is implemented in both /Applications/AhoiBrowser.app/Contents/Frameworks/libblink_modules.dylib (0x144cd8a50) and /Applications/AhoiBrowser.app/Contents/Frameworks/libgl_init.dylib (0x1299eca50). This may cause spurious casting failures and mysterious crashes. One of the duplicates must be removed or renamed.
objc[55842]: Class CrashpadHTTPBodyStreamTransport is implemented in both /Applications/AhoiBrowser.app/Contents/Frameworks/libbrowser_ui_views.dylib (0x1220cc188) and /Applications/AhoiBrowser.app/Contents/Frameworks/libchrome_dll.dylib (0x1194ce780). This may cause spurious casting failures and mysterious crashes. One of the duplicates must be removed or renamed.
objc[55845]: Class ANGLESwapCGLLayer is implemented in both /Applications/AhoiBrowser.app/Contents/Frameworks/libblink_modules.dylib (0x142728a50) and /Applications/AhoiBrowser.app/Contents/Frameworks/libgl_init.dylib (0x12743ca50). This may cause spurious casting failures and mysterious crashes. One of the duplicates must be removed or renamed.
objc[55845]: Class CrashpadHTTPBodyStreamTransport is implemented in both /Applications/AhoiBrowser.app/Contents/Frameworks/libbrowser_ui_views.dylib (0x11fc54188) and /Applications/AhoiBrowser.app/Contents/Frameworks/libchrome_dll.dylib (0x116f1e780). This may cause spurious casting failures and mysterious crashes. One of the duplicates must be removed or renamed.
[55681:3143127:1001/213909.014704:ERROR:base/process/kill_posix.cc:33] waitpid(55769): No child processes (10)
